~~~
Java HotSpot(TM) 64-Bit Server VM (25.201-b09) for linux-amd64 JRE (1.8.0_201-b09), built on Dec 15 2018 11:35:59 by "java_re" with gcc 7.3.0
Memory: 4k page, physical 3882052k(1339332k free), swap 8388604k(7179124k free)
CommandLine flags: -XX:InitialHeapSize=62112832 -XX:MaxHeapSize=993805312 -XX:+PrintGC -XX:+PrintGCTimeStamps -XX:+UseCompressedClassPointers -XX:+UseCompressedOops -XX:+UseParallelGC 
0.260: [GC (Allocation Failure)  15360K->1672K(58880K), 0.0030522 secs]
0.384: [GC (Allocation Failure)  17032K->2048K(74240K), 0.0025498 secs]
0.506: [GC (Allocation Failure)  32768K->2536K(74240K), 0.0053215 secs]
0.606: [GC (Allocation Failure)  33256K->3120K(104960K), 0.0034285 secs]
0.749: [GC (Allocation Failure)  64560K->4232K(104960K), 0.0132094 secs]
0.936: [GC (Allocation Failure)  65672K->5504K(167424K), 0.0058117 secs]
0.993: [GC (GCLocker Initiated GC)  42105K->5442K(167936K), 0.0047392 secs]
1.023: [GC (Metadata GC Threshold)  10843K->5505K(290304K), 0.0042260 secs]
1.027: [Full GC (Metadata GC Threshold)  5505K->5017K(279552K), 0.0791735 secs]
2.138: [GC (Allocation Failure)  249753K->16918K(279552K), 0.0219355 secs]
4.105: [GC (Allocation Failure)  261427K->26232K(339456K), 0.0103127 secs]
5.361: [GC (Allocation Failure)  326886K->38080K(342528K), 0.0113008 secs]
5.373: [Full GC (Ergonomics)  38080K->30009K(387072K), 0.0636355 secs]
6.248: [GC (Allocation Failure)  330927K->48570K(380928K), 0.0044153 secs]
6.925: [GC (Allocation Failure)  343248K->59834K(384000K), 0.0043142 secs]
7.485: [GC (Allocation Failure)  354575K->70586K(375808K), 0.0051261 secs]
7.995: [GC (Allocation Failure)  357161K->83387K(379904K), 0.0069806 secs]
8.002: [Full GC (Ergonomics)  83387K->42103K(413184K), 0.0740687 secs]
8.512: [GC (Allocation Failure)  328725K->71896K(402944K), 0.0043161 secs]
8.947: [GC (Allocation Failure)  348335K->86264K(408064K), 0.0046234 secs]
9.356: [GC (Allocation Failure)  362403K->97529K(394752K), 0.0056556 secs]
9.715: [GC (Allocation Failure)  360225K->110329K(401408K), 0.0055023 secs]
10.075: [GC (Allocation Failure)  373182K->118521K(384000K), 0.0062785 secs]
10.387: [GC (Allocation Failure)  363839K->128250K(392704K), 0.0055096 secs]
10.683: [GC (Allocation Failure)  373521K->130810K(370176K), 0.0062841 secs]
10.949: [GC (Allocation Failure)  353888K->134906K(374272K), 0.0060767 secs]
11.192: [GC (Allocation Failure)  357864K->135930K(367104K), 0.0060844 secs]
11.426: [GC (Allocation Failure)  339506K->137466K(357376K), 0.0057613 secs]
11.642: [GC (Allocation Failure)  341023K->137978K(360448K), 0.0057205 secs]
11.846: [GC (Allocation Failure)  326269K->139514K(344064K), 0.0063977 secs]
12.044: [GC (Allocation Failure)  327930K->140538K(355840K), 0.0061509 secs]
12.209: [GC (Allocation Failure)  317206K->141090K(334336K), 0.0059595 secs]
12.380: [GC (Allocation Failure)  317799K->142082K(352256K), 0.0060033 secs]
12.547: [GC (Allocation Failure)  310967K->143138K(328192K), 0.0064023 secs]
12.717: [GC (Allocation Failure)  311958K->143682K(350720K), 0.0071354 secs]
12.866: [GC (Allocation Failure)  307293K->144226K(324096K), 0.0061491 secs]
13.018: [GC (Allocation Failure)  307818K->144258K(349696K), 0.0066261 secs]
13.157: [GC (Allocation Failure)  304729K->144290K(350208K), 0.0065625 secs]
13.300: [GC (Allocation Failure)  304746K->144314K(349184K), 0.0060204 secs]
13.442: [GC (Allocation Failure)  304788K->144338K(349696K), 0.0065697 secs]
13.591: [GC (Allocation Failure)  304812K->144330K(349696K), 0.0067289 secs]
13.729: [GC (Allocation Failure)  306370K->144386K(350208K), 0.0065264 secs]
13.866: [GC (Allocation Failure)  306406K->143906K(350208K), 0.0061846 secs]
14.003: [GC (Allocation Failure)  308525K->144450K(350720K), 0.0065796 secs]
14.136: [GC (Allocation Failure)  309096K->144482K(352256K), 0.0068198 secs]
14.274: [GC (Allocation Failure)  313283K->144474K(352768K), 0.0065055 secs]
14.414: [GC (Allocation Failure)  313264K->144538K(354304K), 0.0066245 secs]
14.553: [GC (Allocation Failure)  317542K->144522K(354816K), 0.0058676 secs]
14.701: [GC (Allocation Failure)  317505K->144570K(356352K), 0.0065662 secs]
14.842: [GC (Allocation Failure)  321234K->144594K(356864K), 0.0058744 secs]
14.978: [GC (Allocation Failure)  321247K->144626K(358912K), 0.0060923 secs]
15.122: [GC (Allocation Failure)  325997K->144586K(358912K), 0.0058773 secs]
15.260: [GC (Allocation Failure)  325935K->144666K(361472K), 0.0059149 secs]
15.392: [GC (Allocation Failure)  330703K->144106K(361472K), 0.0073034 secs]
15.542: [GC (Allocation Failure)  330171K->144674K(363520K), 0.0061228 secs]
15.682: [GC (Allocation Failure)  334897K->144690K(363520K), 0.0061889 secs]
15.817: [GC (Allocation Failure)  334896K->144682K(365056K), 0.0067038 secs]
15.957: [GC (Allocation Failure)  338567K->144210K(365568K), 0.0067815 secs]
16.093: [GC (Allocation Failure)  338079K->144714K(367616K), 0.0064204 secs]
16.233: [GC (Allocation Failure)  342263K->144762K(367616K), 0.0065000 secs]
16.373: [GC (Allocation Failure)  342286K->145258K(368640K), 0.0063144 secs]
16.509: [GC (Allocation Failure)  344861K->144794K(368640K), 0.0057345 secs]
16.648: [GC (Allocation Failure)  344420K->145290K(369664K), 0.0053954 secs]
16.789: [GC (Allocation Failure)  346991K->145346K(369664K), 0.0052818 secs]
16.924: [GC (Allocation Failure)  347062K->144330K(370176K), 0.0055477 secs]
17.056: [GC (Allocation Failure)  348127K->145330K(370688K), 0.0056423 secs]
17.190: [GC (Allocation Failure)  349123K->145346K(372224K), 0.0053565 secs]
17.324: [GC (Allocation Failure)  351762K->145354K(372736K), 0.0065597 secs]
17.455: [GC (Allocation Failure)  351760K->144858K(373760K), 0.0067042 secs]
17.589: [GC (Allocation Failure)  352824K->145418K(373760K), 0.0055613 secs]
17.718: [GC (Allocation Failure)  353378K->145394K(373760K), 0.0066244 secs]
17.850: [GC (Allocation Failure)  353895K->144450K(373760K), 0.0070390 secs]
17.980: [GC (Allocation Failure)  352938K->145386K(374272K), 0.0066667 secs]
18.108: [GC (Allocation Failure)  355440K->144962K(374272K), 0.0066704 secs]
18.232: [GC (Allocation Failure)  355030K->144978K(374784K), 0.0062400 secs]
18.360: [GC (Allocation Failure)  356603K->145002K(375296K), 0.0062361 secs]
18.483: [GC (Allocation Failure)  356619K->145018K(376320K), 0.0066573 secs]
18.601: [GC (Allocation Failure)  358195K->145522K(376320K), 0.0062785 secs]
18.727: [GC (Allocation Failure)  358720K->145058K(375808K), 0.0056989 secs]
18.856: [GC (Allocation Failure)  358759K->145010K(376320K), 0.0065434 secs]
18.987: [GC (Allocation Failure)  358710K->145058K(376320K), 0.0061982 secs]
19.116: [GC (Allocation Failure)  359799K->145074K(376832K), 0.0067298 secs]
19.241: [GC (Allocation Failure)  359837K->145122K(377856K), 0.0067954 secs]
19.367: [GC (Allocation Failure)  360919K->145138K(376320K), 0.0070185 secs]
19.483: [GC (Allocation Failure)  360924K->145602K(377344K), 0.0064984 secs]
19.610: [GC (Allocation Failure)  361385K->145650K(377344K), 0.0066855 secs]
19.729: [GC (Allocation Failure)  361448K->145690K(377856K), 0.0070022 secs]
19.848: [GC (Allocation Failure)  361476K->145650K(377856K), 0.0067399 secs]
19.970: [GC (Allocation Failure)  361430K->145226K(376832K), 0.0069963 secs]
20.088: [GC (Allocation Failure)  361001K->144698K(377344K), 0.0070859 secs]
20.206: [GC (Allocation Failure)  360473K->145738K(378368K), 0.0071548 secs]
20.322: [GC (Allocation Failure)  362583K->145282K(378368K), 0.0082817 secs]
20.438: [GC (Allocation Failure)  362108K->143762K(378368K), 0.0068892 secs]
20.559: [GC (Allocation Failure)  360589K->144802K(378368K), 0.0126695 secs]
20.676: [GC (Allocation Failure)  361630K->145778K(378368K), 0.0081080 secs]
20.792: [GC (Allocation Failure)  362593K->145858K(377856K), 0.0071774 secs]
20.908: [GC (Allocation Failure)  362663K->145874K(377856K), 0.0070165 secs]
21.016: [GC (Allocation Failure)  361638K->145858K(377856K), 0.0067880 secs]
21.124: [GC (Allocation Failure)  361718K->145386K(376832K), 0.0072127 secs]
21.235: [GC (Allocation Failure)  361167K->144866K(377344K), 0.0065720 secs]
21.345: [GC (Allocation Failure)  360643K->145394K(378368K), 0.0062346 secs]
21.455: [GC (Allocation Failure)  362213K->145954K(378368K), 0.0068802 secs]
21.563: [GC (Allocation Failure)  362769K->145962K(378368K), 0.0063982 secs]
21.676: [GC (Allocation Failure)  362767K->145474K(378368K), 0.0065772 secs]
21.786: [GC (Allocation Failure)  362280K->145970K(378368K), 0.0079268 secs]
21.892: [GC (Allocation Failure)  362779K->145978K(378368K), 0.0061921 secs]
21.997: [GC (Allocation Failure)  362783K->145522K(378368K), 0.0067489 secs]
22.104: [GC (Allocation Failure)  362121K->144994K(378368K), 0.0059562 secs]
22.211: [GC (Allocation Failure)  361802K->145586K(378368K), 0.0068853 secs]
22.320: [GC (Allocation Failure)  362422K->146122K(378368K), 0.0060241 secs]
22.425: [GC (Allocation Failure)  362942K->146066K(378368K), 0.0063740 secs]
22.532: [GC (Allocation Failure)  362880K->145610K(378368K), 0.0062190 secs]
22.634: [GC (Allocation Failure)  362417K->146106K(378368K), 0.0070823 secs]
22.731: [GC (Allocation Failure)  362914K->145610K(378368K), 0.0063765 secs]
22.837: [GC (Allocation Failure)  362416K->145626K(378368K), 0.0059405 secs]
22.945: [GC (Allocation Failure)  362430K->145642K(378368K), 0.0070824 secs]
23.048: [GC (Allocation Failure)  362448K->145690K(377344K), 0.0059407 secs]
23.139: [GC (Allocation Failure)  362491K->145698K(377856K), 0.0064688 secs]
23.245: [GC (Allocation Failure)  362500K->145722K(378880K), 0.0073003 secs]
23.347: [GC (Allocation Failure)  363567K->146218K(378880K), 0.0064193 secs]
23.448: [GC (Allocation Failure)  364063K->145730K(378880K), 0.0057671 secs]
23.547: [GC (Allocation Failure)  363575K->146258K(378880K), 0.0065489 secs]
23.643: [GC (Allocation Failure)  364103K->145794K(378880K), 0.0058549 secs]
23.744: [GC (Allocation Failure)  363635K->145810K(378880K), 0.0069475 secs]
23.839: [GC (Allocation Failure)  363655K->145826K(378880K), 0.0057932 secs]
23.939: [GC (Allocation Failure)  363670K->145850K(378880K), 0.0069015 secs]
24.038: [GC (Allocation Failure)  363694K->145834K(378880K), 0.0058533 secs]
24.136: [GC (Allocation Failure)  363677K->145842K(378880K), 0.0058989 secs]
24.234: [GC (Allocation Failure)  363685K->145858K(378880K), 0.0065787 secs]
24.329: [GC (Allocation Failure)  363702K->145898K(378880K), 0.0065237 secs]
24.425: [GC (Allocation Failure)  363741K->146394K(378880K), 0.0061717 secs]
24.521: [GC (Allocation Failure)  364210K->145890K(378880K), 0.0059707 secs]
24.613: [GC (Allocation Failure)  363721K->146354K(378880K), 0.0090352 secs]
24.710: [GC (Allocation Failure)  364192K->145938K(378880K), 0.0067359 secs]
24.804: [GC (Allocation Failure)  363753K->146426K(378880K), 0.0068482 secs]
24.897: [GC (Allocation Failure)  364301K->146994K(378880K), 0.0066612 secs]
24.986: [GC (Allocation Failure)  364783K->147562K(378880K), 0.0067750 secs]
25.078: [GC (Allocation Failure)  365407K->147482K(378880K), 0.0071341 secs]
25.170: [GC (Allocation Failure)  365319K->148066K(378880K), 0.0067255 secs]
25.256: [GC (Allocation Failure)  365913K->147538K(378880K), 0.0069218 secs]
25.346: [GC (Allocation Failure)  365349K->148058K(378880K), 0.0066054 secs]
25.437: [GC (Allocation Failure)  365905K->149098K(378880K), 0.0066705 secs]
25.529: [GC (Allocation Failure)  366941K->149154K(378880K), 0.0073428 secs]
25.622: [GC (Allocation Failure)  367013K->149170K(378880K), 0.0070362 secs]
25.716: [GC (Allocation Failure)  366965K->149602K(378880K), 0.0067759 secs]
25.802: [GC (Allocation Failure)  367340K->149154K(375808K), 0.0060354 secs]
25.893: [GC (Allocation Failure)  367000K->151730K(378368K), 0.0060090 secs]
25.980: [GC (Allocation Failure)  368441K->151754K(378368K), 0.0066660 secs]
26.073: [GC (Allocation Failure)  368566K->151762K(378368K), 0.0062106 secs]
26.159: [GC (Allocation Failure)  368531K->151778K(378368K), 0.0062048 secs]
26.247: [GC (Allocation Failure)  368574K->152778K(378368K), 0.0068111 secs]
26.334: [GC (Allocation Failure)  369587K->153850K(376832K), 0.0074500 secs]
26.421: [GC (Allocation Failure)  370557K->153386K(377344K), 0.0068420 secs]
26.512: [GC (Allocation Failure)  369534K->154834K(377856K), 0.0074640 secs]
26.600: [GC (Allocation Failure)  371053K->155922K(378368K), 0.0071724 secs]
26.607: [Full GC (Ergonomics)  155922K->66254K(399872K), 0.0408360 secs]
26.708: [GC (Allocation Failure)  283086K->117040K(397824K), 0.0068639 secs]
26.794: [GC (Allocation Failure)  333996K->117576K(399360K), 0.0074208 secs]
26.884: [GC (Allocation Failure)  334558K->117056K(399360K), 0.0070395 secs]
26.967: [GC (Allocation Failure)  334096K->118136K(400384K), 0.0072502 secs]
27.051: [GC (Allocation Failure)  335848K->119144K(400384K), 0.0068331 secs]
27.137: [GC (Allocation Failure)  336934K->120656K(400384K), 0.0080572 secs]
27.227: [GC (Allocation Failure)  338396K->122272K(400384K), 0.0081749 secs]
27.311: [GC (Allocation Failure)  340006K->123216K(400384K), 0.0066653 secs]
27.396: [GC (Allocation Failure)  341001K->124368K(398336K), 0.0067022 secs]
27.479: [GC (Allocation Failure)  342068K->125848K(399872K), 0.0070995 secs]
27.562: [GC (Allocation Failure)  343592K->125856K(399872K), 0.0061661 secs]
27.642: [GC (Allocation Failure)  343554K->127920K(400384K), 0.0085858 secs]
27.724: [GC (Allocation Failure)  345708K->130496K(400384K), 0.0079581 secs]
27.812: [GC (Allocation Failure)  348402K->134544K(399360K), 0.0066172 secs]
27.898: [GC (Allocation Failure)  351214K->135088K(399872K), 0.0077685 secs]
27.980: [GC (Allocation Failure)  351781K->136744K(399872K), 0.0072596 secs]
28.060: [GC (Allocation Failure)  353984K->138744K(399872K), 0.0071888 secs]
28.146: [GC (Allocation Failure)  356014K->141864K(400384K), 0.0074206 secs]
28.221: [GC (Allocation Failure)  359566K->143896K(400384K), 0.0067383 secs]
28.308: [GC (Allocation Failure)  361749K->146417K(399360K), 0.0071014 secs]
28.384: [GC (Allocation Failure)  364113K->147505K(399872K), 0.0071692 secs]
28.468: [GC (Allocation Failure)  365326K->149049K(400896K), 0.0072719 secs]
28.550: [GC (Allocation Failure)  367754K->150121K(398336K), 0.0071835 secs]
28.632: [GC (Allocation Failure)  368982K->152121K(400384K), 0.0072700 secs]
28.714: [GC (Allocation Failure)  370907K->154153K(400384K), 0.0071332 secs]
28.790: [GC (Allocation Failure)  372912K->156809K(401408K), 0.0072620 secs]
28.875: [GC (Allocation Failure)  376732K->159353K(401408K), 0.0071887 secs]
28.955: [GC (Allocation Failure)  379097K->160905K(401408K), 0.0075983 secs]
29.035: [GC (Allocation Failure)  380711K->163449K(401408K), 0.0085565 secs]
29.111: [GC (Allocation Failure)  383256K->163945K(401408K), 0.0076084 secs]
29.188: [GC (Allocation Failure)  383717K->166569K(401408K), 0.0093713 secs]
29.265: [GC (Allocation Failure)  386434K->169689K(401408K), 0.0073465 secs]
29.345: [GC (Allocation Failure)  389560K->170697K(401408K), 0.0083476 secs]
29.422: [GC (Allocation Failure)  390546K->172721K(401408K), 0.0072587 secs]
29.430: [Full GC (Ergonomics)  172721K->65755K(408576K), 0.0449807 secs]
29.523: [GC (Allocation Failure)  285836K->116029K(408576K), 0.0069556 secs]
29.609: [GC (Allocation Failure)  335969K->115949K(407552K), 0.0063113 secs]
29.685: [GC (Allocation Failure)  334881K->116013K(408064K), 0.0086185 secs]
29.761: [GC (Allocation Failure)  335137K->119101K(408064K), 0.0068462 secs]
29.833: [GC (Allocation Failure)  338183K->119149K(408064K), 0.0069671 secs]
29.913: [GC (Allocation Failure)  337895K->122661K(408064K), 0.0069257 secs]
29.990: [GC (Allocation Failure)  341382K->125317K(408064K), 0.0058878 secs]
30.070: [GC (Allocation Failure)  344013K->126837K(408064K), 0.0069583 secs]
30.144: [GC (Allocation Failure)  345654K->129885K(408064K), 0.0082973 secs]
30.224: [GC (Allocation Failure)  348634K->133005K(407040K), 0.0076769 secs]
30.301: [GC (Allocation Failure)  351812K->136037K(407552K), 0.0062022 secs]
30.376: [GC (Allocation Failure)  354788K->137157K(408576K), 0.0085082 secs]
30.449: [GC (Allocation Failure)  356960K->140245K(404480K), 0.0081161 secs]
30.525: [GC (Allocation Failure)  360095K->141765K(408064K), 0.0068957 secs]
30.608: [GC (Allocation Failure)  361595K->143253K(408064K), 0.0077868 secs]
30.683: [GC (Allocation Failure)  363086K->145877K(408064K), 0.0067605 secs]
30.759: [GC (Allocation Failure)  366784K->146877K(408576K), 0.0075216 secs]
30.827: [GC (Allocation Failure)  367636K->147438K(409088K), 0.0077680 secs]
30.901: [GC (Allocation Failure)  369331K->150478K(409600K), 0.0073440 secs]
30.974: [GC (Allocation Failure)  372440K->154126K(408576K), 0.0071853 secs]
31.049: [GC (Allocation Failure)  375947K->155166K(409088K), 0.0065579 secs]
31.121: [GC (Allocation Failure)  377374K->157742K(410112K), 0.0061240 secs]
31.194: [GC (Allocation Failure)  380801K->160774K(410112K), 0.0056460 secs]
31.268: [GC (Allocation Failure)  383624K->163910K(410112K), 0.0054950 secs]
31.344: [GC (Allocation Failure)  386961K->168558K(410112K), 0.0066837 secs]
31.416: [GC (Allocation Failure)  391425K->172582K(410112K), 0.0078847 secs]
31.487: [GC (Allocation Failure)  395537K->176774K(404992K), 0.0073013 secs]
31.495: [Full GC (Ergonomics)  176774K->62986K(409600K), 0.0391145 secs]
31.583: [GC (Allocation Failure)  285708K->110156K(413696K), 0.0078235 secs]
31.660: [GC (Allocation Failure)  332453K->109692K(414208K), 0.0073312 secs]
31.730: [GC (Allocation Failure)  332237K->113804K(414720K), 0.0068238 secs]
31.804: [GC (Allocation Failure)  336852K->116796K(414720K), 0.0072908 secs]
31.877: [GC (Allocation Failure)  340001K->120988K(414720K), 0.0080446 secs]
31.952: [GC (Allocation Failure)  344150K->125572K(408064K), 0.0079725 secs]
32.027: [GC (Allocation Failure)  348696K->128692K(414208K), 0.0083832 secs]
32.099: [GC (Allocation Failure)  351709K->131172K(414208K), 0.0068006 secs]
32.174: [GC (Allocation Failure)  354112K->135877K(414208K), 0.0067386 secs]
32.243: [GC (Allocation Failure)  359754K->138421K(414720K), 0.0064573 secs]
32.314: [GC (Allocation Failure)  362235K->142989K(414720K), 0.0073281 secs]
32.385: [GC (Allocation Failure)  367937K->148205K(415232K), 0.0080461 secs]
32.458: [GC (Allocation Failure)  373079K->152789K(416256K), 0.0071661 secs]
32.529: [GC (Allocation Failure)  378819K->158981K(416256K), 0.0071095 secs]
32.602: [GC (Allocation Failure)  385049K->160949K(415232K), 0.0061356 secs]
32.673: [GC (Allocation Failure)  387017K->165653K(415744K), 0.0069991 secs]
32.747: [GC (Allocation Failure)  391843K->168710K(415744K), 0.0066563 secs]
32.819: [GC (Allocation Failure)  395730K->171742K(416256K), 0.0069151 secs]
32.895: [GC (Allocation Failure)  398787K->173310K(416256K), 0.0062600 secs]
32.965: [GC (Allocation Failure)  401387K->176390K(416768K), 0.0085854 secs]
32.973: [Full GC (Ergonomics)  176390K->61674K(421376K), 0.0427020 secs]
33.059: [GC (Allocation Failure)  289626K->107820K(420864K), 0.0055575 secs]
33.128: [GC (Allocation Failure)  334861K->107388K(421376K), 0.0067901 secs]
33.203: [GC (Allocation Failure)  334658K->108804K(420352K), 0.0056735 secs]
33.274: [GC (Allocation Failure)  336031K->111940K(420864K), 0.0059400 secs]
33.346: [GC (Allocation Failure)  338858K->116084K(420864K), 0.0064958 secs]
33.417: [GC (Allocation Failure)  344436K->118052K(421376K), 0.0071008 secs]
33.484: [GC (Allocation Failure)  345979K->123716K(421888K), 0.0076401 secs]
33.557: [GC (Allocation Failure)  352357K->127348K(421888K), 0.0052280 secs]
33.627: [GC (Allocation Failure)  355838K->132997K(422400K), 0.0071732 secs]
33.697: [GC (Allocation Failure)  362146K->138581K(422400K), 0.0057481 secs]
33.767: [GC (Allocation Failure)  367656K->141717K(422400K), 0.0051202 secs]
33.836: [GC (Allocation Failure)  370831K->147357K(416256K), 0.0051272 secs]
33.905: [GC (Allocation Failure)  376409K->151917K(421888K), 0.0052954 secs]
33.979: [GC (Allocation Failure)  381137K->160205K(421888K), 0.0053256 secs]
34.047: [GC (Allocation Failure)  389396K->162750K(421888K), 0.0057010 secs]
34.116: [GC (Allocation Failure)  392890K->166286K(422400K), 0.0054895 secs]
34.186: [GC (Allocation Failure)  396457K->169422K(423424K), 0.0052168 secs]
34.258: [GC (Allocation Failure)  400567K->170974K(423424K), 0.0049683 secs]
34.325: [GC (Allocation Failure)  402213K->177606K(423424K), 0.0056991 secs]
34.395: [GC (Allocation Failure)  408749K->182206K(419328K), 0.0061609 secs]
34.401: [Full GC (Ergonomics)  182206K->60424K(424960K), 0.0430683 secs]
34.483: [GC (Allocation Failure)  291530K->104041K(428032K), 0.0062353 secs]
34.553: [GC (Allocation Failure)  334656K->105057K(428544K), 0.0063529 secs]
34.623: [GC (Allocation Failure)  335802K->107665K(429056K), 0.0089929 secs]
34.692: [GC (Allocation Failure)  338586K->114233K(423936K), 0.0057106 secs]
34.758: [GC (Allocation Failure)  345280K->118905K(428544K), 0.0063828 secs]
34.825: [GC (Allocation Failure)  350048K->121449K(428544K), 0.0058559 secs]
34.895: [GC (Allocation Failure)  352582K->125026K(429056K), 0.0057226 secs]
34.967: [GC (Allocation Failure)  357250K->127138K(429056K), 0.0062475 secs]
35.038: [GC (Allocation Failure)  359425K->130226K(429056K), 0.0064501 secs]
35.104: [GC (Allocation Failure)  363304K->133250K(429568K), 0.0097431 secs]
35.170: [GC (Allocation Failure)  366530K->137922K(429568K), 0.0061769 secs]
35.242: [GC (Allocation Failure)  371186K->145106K(430080K), 0.0087820 secs]
35.312: [GC (Allocation Failure)  378460K->149162K(430080K), 0.0061962 secs]
35.382: [GC (Allocation Failure)  382966K->152842K(430080K), 0.0073689 secs]
35.452: [GC (Allocation Failure)  386428K->154906K(430080K), 0.0060649 secs]
35.522: [GC (Allocation Failure)  388683K->159491K(430080K), 0.0080743 secs]
35.588: [GC (Allocation Failure)  393338K->163027K(430592K), 0.0059607 secs]
35.657: [GC (Allocation Failure)  397275K->168755K(430592K), 0.0055883 secs]
35.726: [GC (Allocation Failure)  403155K->175899K(430592K), 0.0067166 secs]
35.790: [GC (Allocation Failure)  410054K->181995K(425472K), 0.0056742 secs]
35.796: [Full GC (Ergonomics)  181995K->59918K(431104K), 0.0354823 secs]
35.877: [GC (Allocation Failure)  294123K->102511K(434688K), 0.0048384 secs]
35.941: [GC (Allocation Failure)  335678K->104031K(435712K), 0.0056372 secs]
36.006: [GC (Allocation Failure)  337321K->106543K(435200K), 0.0059841 secs]
36.072: [GC (Allocation Failure)  340019K->111759K(435712K), 0.0059541 secs]
36.138: [GC (Allocation Failure)  345265K->117920K(436224K), 0.0048251 secs]
36.208: [GC (Allocation Failure)  352073K->120912K(431616K), 0.0049374 secs]
36.275: [GC (Allocation Failure)  355078K->125616K(435712K), 0.0061408 secs]
36.341: [GC (Allocation Failure)  359897K->131224K(435712K), 0.0070954 secs]
36.408: [GC (Allocation Failure)  365292K->139360K(436224K), 0.0072625 secs]
36.474: [GC (Allocation Failure)  374140K->144512K(436224K), 0.0071998 secs]
36.539: [GC (Allocation Failure)  379272K->150225K(436224K), 0.0054724 secs]
36.606: [GC (Allocation Failure)  386008K->155265K(436224K), 0.0049969 secs]
36.671: [GC (Allocation Failure)  391133K->159457K(437760K), 0.0048493 secs]
36.736: [GC (Allocation Failure)  396714K->166609K(437760K), 0.0061338 secs]
36.802: [GC (Allocation Failure)  403911K->173737K(436736K), 0.0053612 secs]
36.871: [GC (Allocation Failure)  411161K->179977K(437248K), 0.0051010 secs]
36.934: [GC (Allocation Failure)  417491K->184602K(438272K), 0.0049731 secs]
37.004: [GC (Allocation Failure)  423130K->191178K(437248K), 0.0064037 secs]
37.010: [Full GC (Ergonomics)  191178K->60435K(442880K), 0.0348696 secs]
37.084: [GC (Allocation Failure)  298737K->101492K(442368K), 0.0047138 secs]
37.151: [GC (Allocation Failure)  337669K->104581K(442368K), 0.0054304 secs]
37.216: [GC (Allocation Failure)  340800K->106037K(441344K), 0.0051501 secs]
37.279: [GC (Allocation Failure)  340529K->113813K(441856K), 0.0048829 secs]
37.344: [GC (Allocation Failure)  347861K->119965K(441856K), 0.0064756 secs]
37.414: [GC (Allocation Failure)  354644K->126037K(441856K), 0.0070786 secs]
37.481: [GC (Allocation Failure)  360612K->132245K(441856K), 0.0062356 secs]
37.549: [GC (Allocation Failure)  367589K->139462K(441856K), 0.0060826 secs]
37.608: [GC (Allocation Failure)  374570K->141430K(442368K), 0.0057285 secs]
37.673: [GC (Allocation Failure)  375995K->145622K(441856K), 0.0057131 secs]
37.738: [GC (Allocation Failure)  380403K->153838K(441856K), 0.0064679 secs]
37.799: [GC (Allocation Failure)  389084K->158374K(441856K), 0.0076956 secs]
37.867: [GC (Allocation Failure)  393623K->165606K(441856K), 0.0070536 secs]
37.927: [GC (Allocation Failure)  401995K->170743K(442368K), 0.0078514 secs]
37.992: [GC (Allocation Failure)  406980K->176319K(443392K), 0.0061036 secs]
38.059: [GC (Allocation Failure)  414216K->182015K(443392K), 0.0070154 secs]
38.121: [GC (Allocation Failure)  419877K->188679K(443904K), 0.0055345 secs]
38.184: [GC (Allocation Failure)  427012K->192719K(440320K), 0.0061229 secs]
38.190: [Full GC (Ergonomics)  192719K->58904K(444416K), 0.0359413 secs]
38.264: [GC (Allocation Failure)  297244K->99418K(446976K), 0.0080483 secs]
38.331: [GC (Allocation Failure)  337178K->101994K(447488K), 0.0054921 secs]
38.395: [GC (Allocation Failure)  339884K->103994K(447488K), 0.0070323 secs]
38.460: [GC (Allocation Failure)  341127K->110202K(447488K), 0.0082770 secs]
38.522: [GC (Allocation Failure)  347277K->118914K(447488K), 0.0058103 secs]
38.582: [GC (Allocation Failure)  356100K->124506K(441344K), 0.0066668 secs]
38.647: [GC (Allocation Failure)  361847K->131739K(446976K), 0.0051679 secs]
38.709: [GC (Allocation Failure)  368881K->136811K(446976K), 0.0050315 secs]
38.770: [GC (Allocation Failure)  374194K->145067K(446976K), 0.0056878 secs]
38.829: [GC (Allocation Failure)  382227K->149171K(447488K), 0.0058725 secs]
38.887: [GC (Allocation Failure)  386544K->154251K(446464K), 0.0058892 secs]
38.954: [GC (Allocation Failure)  392244K->160972K(446976K), 0.0055926 secs]
39.014: [GC (Allocation Failure)  398565K->165532K(448512K), 0.0072171 secs]
39.078: [GC (Allocation Failure)  405035K->171260K(444928K), 0.0056817 secs]
39.142: [GC (Allocation Failure)  410600K->176356K(448000K), 0.0049059 secs]
39.207: [GC (Allocation Failure)  415646K->181428K(448000K), 0.0052111 secs]
39.269: [GC (Allocation Failure)  420954K->189716K(448000K), 0.0050327 secs]
39.333: [GC (Allocation Failure)  429230K->194309K(448512K), 0.0058238 secs]
39.399: [GC (Allocation Failure)  433731K->197845K(447488K), 0.0051088 secs]
39.459: [GC (Allocation Failure)  436081K->200469K(448000K), 0.0056842 secs]
39.465: [Full GC (Ergonomics)  200469K->58910K(453632K), 0.0339660 secs]
39.530: [GC (Allocation Failure)  297081K->98911K(452608K), 0.0050641 secs]
39.599: [GC (Allocation Failure)  336000K->102456K(453120K), 0.0051369 secs]
39.659: [GC (Allocation Failure)  339876K->108664K(452608K), 0.0053940 secs]
39.723: [GC (Allocation Failure)  346232K->111784K(453120K), 0.0054018 secs]
39.783: [GC (Allocation Failure)  349312K->117848K(452608K), 0.0070613 secs]
39.845: [GC (Allocation Failure)  355064K->126648K(453120K), 0.0053674 secs]
39.905: [GC (Allocation Failure)  363860K->131696K(452096K), 0.0047746 secs]
39.965: [GC (Allocation Failure)  369331K->136913K(452608K), 0.0048198 secs]
40.025: [GC (Allocation Failure)  374553K->146105K(453632K), 0.0069932 secs]
40.085: [GC (Allocation Failure)  384839K->152201K(453632K), 0.0055778 secs]
40.145: [GC (Allocation Failure)  391051K->161993K(453120K), 0.0055817 secs]
40.206: [GC (Allocation Failure)  400301K->166554K(453632K), 0.0064811 secs]
40.265: [GC (Allocation Failure)  404758K->172794K(453632K), 0.0048367 secs]
40.325: [GC (Allocation Failure)  411728K->181994K(453632K), 0.0095944 secs]
40.391: [GC (Allocation Failure)  420817K->186042K(453632K), 0.0074556 secs]
40.449: [GC (Allocation Failure)  424304K->195322K(453632K), 0.0082522 secs]
40.515: [GC (Allocation Failure)  433762K->200907K(452608K), 0.0092611 secs]
40.524: [Full GC (Ergonomics)  200907K->59427K(459776K), 0.0399967 secs]
40.594: [GC (Allocation Failure)  297724K->99428K(460288K), 0.0053172 secs]
40.660: [GC (Allocation Failure)  337977K->102516K(460800K), 0.0055245 secs]
40.718: [GC (Allocation Failure)  340338K->108612K(455680K), 0.0058373 secs]
40.780: [GC (Allocation Failure)  346548K->114820K(460288K), 0.0061904 secs]
40.839: [GC (Allocation Failure)  352908K->119949K(459776K), 0.0052039 secs]
40.898: [GC (Allocation Failure)  358046K->127581K(461312K), 0.0052927 secs]
40.958: [GC (Allocation Failure)  367424K->131773K(461312K), 0.0058762 secs]
41.018: [GC (Allocation Failure)  371530K->135789K(461312K), 0.0067226 secs]
41.079: [GC (Allocation Failure)  375464K->142029K(461312K), 0.0053501 secs]
41.138: [GC (Allocation Failure)  381966K->149693K(461824K), 0.0056685 secs]
41.198: [GC (Allocation Failure)  390021K->154774K(461824K), 0.0055919 secs]
41.256: [GC (Allocation Failure)  395017K->163542K(460800K), 0.0051346 secs]
41.317: [GC (Allocation Failure)  402796K->167078K(461312K), 0.0048578 secs]
41.371: [GC (Allocation Failure)  406314K->176390K(460288K), 0.0049354 secs]
41.431: [GC (Allocation Failure)  415785K->183575K(460800K), 0.0048869 secs]
41.489: [GC (Allocation Failure)  422901K->189119K(461824K), 0.0071736 secs]
41.543: [GC (Allocation Failure)  429846K->196351K(461824K), 0.0049576 secs]
41.603: [GC (Allocation Failure)  437192K->201935K(461312K), 0.0081271 secs]
41.611: [Full GC (Ergonomics)  201935K->57896K(465408K), 0.0357966 secs]
41.676: [GC (Allocation Failure)  298863K->97897K(465408K), 0.0046774 secs]
41.740: [GC (Allocation Failure)  339029K->100497K(465408K), 0.0047864 secs]
41.799: [GC (Allocation Failure)  339645K->105537K(459264K), 0.0053723 secs]
41.856: [GC (Allocation Failure)  345027K->112801K(464896K), 0.0054951 secs]
41.914: [GC (Allocation Failure)  352280K->120401K(464896K), 0.0057884 secs]
41.973: [GC (Allocation Failure)  359571K->127122K(465408K), 0.0048055 secs]
42.034: [GC (Allocation Failure)  367865K->133314K(465408K), 0.0071972 secs]
42.094: [GC (Allocation Failure)  374277K->142962K(466432K), 0.0070644 secs]
42.151: [GC (Allocation Failure)  384334K->146098K(461824K), 0.0047405 secs]
42.205: [GC (Allocation Failure)  387322K->152194K(465408K), 0.0055492 secs]
42.263: [GC (Allocation Failure)  392968K->161475K(465920K), 0.0069096 secs]
42.323: [GC (Allocation Failure)  402243K->168107K(466432K), 0.0076401 secs]
42.381: [GC (Allocation Failure)  409938K->175771K(466432K), 0.0047933 secs]
42.441: [GC (Allocation Failure)  417648K->180475K(465920K), 0.0069050 secs]
42.498: [GC (Allocation Failure)  422921K->186548K(466432K), 0.0052429 secs]
42.555: [GC (Allocation Failure)  428966K->191220K(466432K), 0.0067555 secs]
42.614: [GC (Allocation Failure)  434587K->197316K(466944K), 0.0049454 secs]
42.672: [GC (Allocation Failure)  440806K->207652K(467456K), 0.0048258 secs]
42.730: [GC (Allocation Failure)  451577K->213812K(467456K), 0.0050710 secs]
42.736: [Full GC (Ergonomics)  213812K->57389K(473088K), 0.0336028 secs]
42.799: [GC (Allocation Failure)  301277K->97326K(471552K), 0.0045965 secs]
42.863: [GC (Allocation Failure)  339952K->99438K(472576K), 0.0068604 secs]
42.921: [GC (Allocation Failure)  341963K->107638K(472576K), 0.0050088 secs]
42.981: [GC (Allocation Failure)  350316K->115783K(466944K), 0.0047626 secs]
43.038: [GC (Allocation Failure)  358282K->123047K(472576K), 0.0046953 secs]
43.094: [GC (Allocation Failure)  365913K->128599K(472064K), 0.0050653 secs]
43.151: [GC (Allocation Failure)  371365K->136343K(473088K), 0.0052475 secs]
43.210: [GC (Allocation Failure)  380710K->142440K(473088K), 0.0047383 secs]
43.270: [GC (Allocation Failure)  386825K->149192K(473088K), 0.0053767 secs]
43.324: [GC (Allocation Failure)  394249K->158392K(473600K), 0.0047677 secs]
43.383: [GC (Allocation Failure)  403253K->163984K(473088K), 0.0058632 secs]
43.440: [GC (Allocation Failure)  409381K->171216K(473600K), 0.0058223 secs]
43.499: [GC (Allocation Failure)  416693K->178857K(473600K), 0.0050406 secs]
43.555: [GC (Allocation Failure)  425321K->185577K(474112K), 0.0051865 secs]
43.612: [GC (Allocation Failure)  432020K->193721K(475136K), 0.0069163 secs]
43.672: [GC (Allocation Failure)  441317K->203033K(475136K), 0.0071633 secs]
43.728: [GC (Allocation Failure)  450737K->211170K(474112K), 0.0058763 secs]
43.789: [GC (Allocation Failure)  458642K->217810K(474624K), 0.0061840 secs]
43.795: [Full GC (Ergonomics)  217810K->55857K(478720K), 0.0378534 secs]
43.862: [GC (Allocation Failure)  303652K->93842K(478720K), 0.0044647 secs]
43.930: [GC (Allocation Failure)  341637K->96891K(479232K), 0.0067479 secs]
43.988: [GC (Allocation Failure)  344404K->103507K(479232K), 0.0047539 secs]
44.044: [GC (Allocation Failure)  351098K->113811K(479232K), 0.0046328 secs]
44.099: [GC (Allocation Failure)  361536K->120427K(478208K), 0.0052797 secs]
44.155: [GC (Allocation Failure)  367794K->127179K(478720K), 0.0063025 secs]
44.212: [GC (Allocation Failure)  374658K->134276K(479744K), 0.0054862 secs]
44.270: [GC (Allocation Failure)  382741K->143588K(479232K), 0.0068275 secs]
44.328: [GC (Allocation Failure)  392099K->147220K(479232K), 0.0065015 secs]
44.385: [GC (Allocation Failure)  394666K->153764K(479232K), 0.0052474 secs]
44.443: [GC (Allocation Failure)  401235K->162565K(479232K), 0.0052744 secs]
44.500: [GC (Allocation Failure)  410021K->167093K(475136K), 0.0046933 secs]
44.557: [GC (Allocation Failure)  414611K->173813K(478720K), 0.0056008 secs]
44.615: [GC (Allocation Failure)  421419K->177861K(478720K), 0.0109799 secs]
44.672: [GC (Allocation Failure)  425467K->186149K(479232K), 0.0046133 secs]
44.729: [GC (Allocation Failure)  433588K->189685K(479232K), 0.0065275 secs]
44.785: [GC (Allocation Failure)  437153K->198886K(479232K), 0.0054338 secs]
44.843: [GC (Allocation Failure)  446419K->205638K(473088K), 0.0053954 secs]
44.897: [GC (Allocation Failure)  453149K->213238K(478720K), 0.0065623 secs]
44.955: [GC (Allocation Failure)  460711K->220470K(478720K), 0.0066803 secs]
44.961: [Full GC (Ergonomics)  220470K->54839K(483328K), 0.0333257 secs]
45.022: [GC (Allocation Failure)  302401K->89752K(483328K), 0.0042082 secs]
45.086: [GC (Allocation Failure)  337884K->93256K(483840K), 0.0053973 secs]
45.141: [GC (Allocation Failure)  341287K->102536K(483328K), 0.0056631 secs]
45.198: [GC (Allocation Failure)  350883K->109152K(483840K), 0.0045263 secs]
45.253: [GC (Allocation Failure)  357795K->115904K(484864K), 0.0073758 secs]
45.306: [GC (Allocation Failure)  365276K->126073K(484864K), 0.0065003 secs]
45.362: [GC (Allocation Failure)  375641K->133305K(483840K), 0.0064300 secs]
45.419: [GC (Allocation Failure)  382849K->138897K(484352K), 0.0054790 secs]
45.474: [GC (Allocation Failure)  388747K->148145K(485376K), 0.0062042 secs]
45.531: [GC (Allocation Failure)  398860K->155906K(485376K), 0.0046410 secs]
45.589: [GC (Allocation Failure)  406450K->166610K(485376K), 0.0045934 secs]
45.646: [GC (Allocation Failure)  417246K->175898K(485376K), 0.0051650 secs]
45.702: [GC (Allocation Failure)  426596K->181450K(485376K), 0.0065651 secs]
45.758: [GC (Allocation Failure)  432025K->187179K(482816K), 0.0046124 secs]
45.814: [GC (Allocation Failure)  437811K->192219K(485376K), 0.0053543 secs]
45.873: [GC (Allocation Failure)  442272K->198459K(480256K), 0.0058593 secs]
45.927: [GC (Allocation Failure)  448350K->205091K(484352K), 0.0065505 secs]
45.983: [GC (Allocation Failure)  455132K->211187K(484352K), 0.0054760 secs]
46.036: [GC (Allocation Failure)  461248K->219956K(484864K), 0.0114840 secs]
46.048: [Full GC (Ergonomics)  219956K->54332K(492032K), 0.0338287 secs]
46.109: [GC (Allocation Failure)  305159K->90173K(492544K), 0.0043832 secs]
46.172: [GC (Allocation Failure)  340891K->91805K(490496K), 0.0082416 secs]
46.230: [GC (Allocation Failure)  340362K->101989K(491520K), 0.0050114 secs]
46.282: [GC (Allocation Failure)  350663K->107605K(490496K), 0.0045014 secs]
46.340: [GC (Allocation Failure)  355954K->116886K(491008K), 0.0075664 secs]
46.393: [GC (Allocation Failure)  365219K->122990K(492032K), 0.0052232 secs]
46.450: [GC (Allocation Failure)  372493K->132238K(487424K), 0.0067568 secs]
46.505: [GC (Allocation Failure)  381736K->138878K(492032K), 0.0067221 secs]
46.559: [GC (Allocation Failure)  388809K->146622K(491520K), 0.0051603 secs]
46.614: [GC (Allocation Failure)  396654K->154775K(492544K), 0.0094433 secs]
46.670: [GC (Allocation Failure)  405887K->164087K(492544K), 0.0069656 secs]
46.729: [GC (Allocation Failure)  415049K->170247K(492544K), 0.0054184 secs]
46.781: [GC (Allocation Failure)  421893K->179383K(492544K), 0.0057280 secs]
46.836: [GC (Allocation Failure)  431002K->189688K(493568K), 0.0070253 secs]
46.888: [GC (Allocation Failure)  442338K->195792K(493568K), 0.0085531 secs]
46.942: [GC (Allocation Failure)  448280K->203600K(492544K), 0.0051699 secs]
46.995: [GC (Allocation Failure)  456198K->209640K(493056K), 0.0066498 secs]
47.050: [GC (Allocation Failure)  462296K->218953K(493568K), 0.0055028 secs]
47.102: [GC (Allocation Failure)  471578K->224001K(493568K), 0.0053539 secs]
47.108: [Full GC (Ergonomics)  224001K->53312K(499200K), 0.0338187 secs]
47.169: [GC (Allocation Failure)  305921K->87681K(497152K), 0.0043682 secs]
47.230: [GC (Allocation Failure)  338353K->90737K(498176K), 0.0045056 secs]
47.280: [GC (Allocation Failure)  341357K->99937K(497152K), 0.0044862 secs]
47.337: [GC (Allocation Failure)  350755K->107682K(497664K), 0.0047213 secs]
47.392: [GC (Allocation Failure)  358438K->115314K(498688K), 0.0104886 secs]
47.447: [GC (Allocation Failure)  367347K->120562K(498688K), 0.0045479 secs]
47.501: [GC (Allocation Failure)  372859K->124546K(497664K), 0.0106972 secs]
47.557: [GC (Allocation Failure)  375051K->137923K(498176K), 0.0057571 secs]
47.612: [GC (Allocation Failure)  388326K->142483K(498176K), 0.0049954 secs]
47.663: [GC (Allocation Failure)  392945K->151251K(498176K), 0.0045193 secs]
47.717: [GC (Allocation Failure)  401648K->159915K(497152K), 0.0050924 secs]
47.771: [GC (Allocation Failure)  410519K->168172K(497664K), 0.0067463 secs]
47.825: [GC (Allocation Failure)  418700K->176388K(497664K), 0.0045765 secs]
47.880: [GC (Allocation Failure)  428465K->184532K(498176K), 0.0068004 secs]
47.932: [GC (Allocation Failure)  436645K->191796K(499712K), 0.0062796 secs]
47.987: [GC (Allocation Failure)  445945K->201965K(498176K), 0.0046469 secs]
48.042: [GC (Allocation Failure)  456118K->206125K(499712K), 0.0068180 secs]
48.098: [GC (Allocation Failure)  459139K->215805K(493056K), 0.0046451 secs]
48.153: [GC (Allocation Failure)  469008K->224093K(498688K), 0.0104438 secs]
48.205: [GC (Allocation Failure)  477210K->230157K(498688K), 0.0069181 secs]
48.212: [Full GC (Ergonomics)  230157K->52293K(504320K), 0.0377229 secs]
48.275: [GC (Allocation Failure)  305560K->83590K(505344K), 0.0051252 secs]
48.337: [GC (Allocation Failure)  337300K->88758K(505344K), 0.0064666 secs]
48.390: [GC (Allocation Failure)  342369K->98414K(504320K), 0.0054001 secs]
48.444: [GC (Allocation Failure)  352067K->105615K(504832K), 0.0113015 secs]
48.496: [GC (Allocation Failure)  359512K->111743K(505856K), 0.0061790 secs]
48.552: [GC (Allocation Failure)  366275K->121535K(505856K), 0.0062306 secs]
48.605: [GC (Allocation Failure)  376101K->127119K(504832K), 0.0044796 secs]
48.660: [GC (Allocation Failure)  381748K->136399K(505344K), 0.0063467 secs]
48.714: [GC (Allocation Failure)  390983K->141976K(506368K), 0.0066910 secs]
48.770: [GC (Allocation Failure)  397738K->147672K(506368K), 0.0045915 secs]
48.822: [GC (Allocation Failure)  403315K->157888K(506368K), 0.0045320 secs]
48.875: [GC (Allocation Failure)  413569K->167600K(506368K), 0.0063136 secs]
48.930: [GC (Allocation Failure)  423234K->173809K(506368K), 0.0100472 secs]
48.982: [GC (Allocation Failure)  429307K->180425K(496640K), 0.0044695 secs]
49.034: [GC (Allocation Failure)  436082K->193289K(506368K), 0.0094652 secs]
49.088: [GC (Allocation Failure)  448682K->200417K(505856K), 0.0045923 secs]
49.138: [GC (Allocation Failure)  455466K->205602K(505856K), 0.0065200 secs]
49.194: [GC (Allocation Failure)  460263K->215794K(505856K), 0.0053577 secs]
49.246: [GC (Allocation Failure)  470533K->221490K(504832K), 0.0045732 secs]
49.299: [GC (Allocation Failure)  474987K->227074K(505344K), 0.0055753 secs]
49.352: [GC (Allocation Failure)  480739K->237347K(504320K), 0.0076028 secs]
49.360: [Full GC (Ergonomics)  237347K->52298K(512512K), 0.0349643 secs]
49.419: [GC (Allocation Failure)  306022K->84555K(513024K), 0.0042404 secs]
49.477: [GC (Allocation Failure)  338211K->88747K(512512K), 0.0043816 secs]
49.525: [GC (Allocation Failure)  341203K->92859K(513024K), 0.0048612 secs]
49.576: [GC (Allocation Failure)  345464K->102004K(513024K), 0.0104110 secs]
49.628: [GC (Allocation Failure)  354727K->112820K(506880K), 0.0053492 secs]
49.682: [GC (Allocation Failure)  365646K->119436K(513024K), 0.0075977 secs]
49.734: [GC (Allocation Failure)  372696K->126669K(512512K), 0.0045389 secs]
49.785: [GC (Allocation Failure)  380068K->135837K(513536K), 0.0062889 secs]
49.838: [GC (Allocation Failure)  390812K->143037K(513024K), 0.0064769 secs]
49.892: [GC (Allocation Failure)  397629K->149677K(514048K), 0.0044465 secs]
49.941: [GC (Allocation Failure)  405362K->154861K(514560K), 0.0062908 secs]
49.992: [GC (Allocation Failure)  410466K->161478K(514560K), 0.0061935 secs]
50.044: [GC (Allocation Failure)  417561K->171302K(514560K), 0.0065016 secs]
50.096: [GC (Allocation Failure)  427578K->178902K(514560K), 0.0064350 secs]
50.148: [GC (Allocation Failure)  435464K->187126K(514560K), 0.0063185 secs]
50.201: [GC (Allocation Failure)  443774K->195311K(515072K), 0.0059372 secs]
50.252: [GC (Allocation Failure)  453055K->203535K(515072K), 0.0045218 secs]
50.302: [GC (Allocation Failure)  461161K->208127K(515584K), 0.0062881 secs]
50.356: [GC (Allocation Failure)  465700K->214879K(515584K), 0.0103948 secs]
50.411: [GC (Allocation Failure)  472702K->224527K(514560K), 0.0057230 secs]
50.465: [GC (Allocation Failure)  482178K->232752K(515072K), 0.0105536 secs]
50.514: [GC (Allocation Failure)  490573K->241432K(516096K), 0.0117079 secs]
50.571: [GC (Allocation Failure)  500145K->248664K(512512K), 0.0078284 secs]
50.579: [Full GC (Ergonomics)  248664K->52304K(515584K), 0.0366934 secs]
50.640: [GC (Allocation Failure)  311225K->85649K(517632K), 0.0099307 secs]
50.700: [GC (Allocation Failure)  343421K->89697K(518656K), 0.0052756 secs]
50.748: [GC (Allocation Failure)  347413K->100545K(517632K), 0.0072378 secs]
50.801: [GC (Allocation Failure)  357326K->105585K(518144K), 0.0049091 secs]
50.853: [GC (Allocation Failure)  362515K->114865K(517120K), 0.0050054 secs]
50.902: [GC (Allocation Failure)  371840K->123522K(517632K), 0.0062807 secs]
50.954: [GC (Allocation Failure)  380375K->132834K(518656K), 0.0044907 secs]
51.007: [GC (Allocation Failure)  390422K->140434K(518656K), 0.0045160 secs]
51.055: [GC (Allocation Failure)  398443K->150227K(517632K), 0.0062831 secs]
51.105: [GC (Allocation Failure)  407927K->158371K(518144K), 0.0045781 secs]
51.155: [GC (Allocation Failure)  415916K->171235K(518656K), 0.0061626 secs]
51.208: [GC (Allocation Failure)  428956K->178347K(512512K), 0.0062660 secs]
51.263: [GC (Allocation Failure)  436166K->187628K(518144K), 0.0103503 secs]
51.312: [GC (Allocation Failure)  445371K->197316K(518144K), 0.0056941 secs]
51.363: [GC (Allocation Failure)  455312K->204036K(518144K), 0.0045593 secs]
51.417: [GC (Allocation Failure)  462867K->213212K(518656K), 0.0046086 secs]
51.468: [GC (Allocation Failure)  471789K->223037K(518656K), 0.0045895 secs]
51.520: [GC (Allocation Failure)  482652K->233261K(519168K), 0.0045390 secs]
51.572: [GC (Allocation Failure)  492976K->237341K(518144K), 0.0105560 secs]
51.625: [GC (Allocation Failure)  494925K->249158K(518656K), 0.0075319 secs]
51.633: [Full GC (Ergonomics)  249158K->51284K(527360K), 0.0388110 secs]
51.692: [GC (Allocation Failure)  309158K->83029K(525824K), 0.0059422 secs]
51.753: [GC (Allocation Failure)  339655K->86198K(526848K), 0.0051089 secs]
51.798: [GC (Allocation Failure)  342752K->96878K(525824K), 0.0049807 secs]
51.847: [GC (Allocation Failure)  353645K->106190K(526336K), 0.0062413 secs]
51.898: [GC (Allocation Failure)  363069K->113790K(527360K), 0.0104500 secs]
51.949: [GC (Allocation Failure)  372240K->123583K(527360K), 0.0063813 secs]
51.998: [GC (Allocation Failure)  382011K->132231K(527360K), 0.0051213 secs]
52.048: [GC (Allocation Failure)  390909K->139943K(527360K), 0.0108868 secs]
52.098: [GC (Allocation Failure)  398548K->148631K(527872K), 0.0060988 secs]
52.150: [GC (Allocation Failure)  408665K->158968K(527872K), 0.0043904 secs]
52.200: [GC (Allocation Failure)  418705K->170664K(528896K), 0.0051084 secs]
52.251: [GC (Allocation Failure)  431333K->177928K(524288K), 0.0080894 secs]
52.303: [GC (Allocation Failure)  438637K->186561K(528384K), 0.0076753 secs]
52.356: [GC (Allocation Failure)  447195K->194305K(528384K), 0.0062600 secs]
52.405: [GC (Allocation Failure)  455002K->201433K(529408K), 0.0064166 secs]
52.455: [GC (Allocation Failure)  463568K->212793K(529408K), 0.0065550 secs]
52.506: [GC (Allocation Failure)  474676K->221418K(528384K), 0.0063685 secs]
52.555: [GC (Allocation Failure)  483057K->231242K(528896K), 0.0048697 secs]
52.605: [GC (Allocation Failure)  492982K->241914K(528896K), 0.0063037 secs]
52.658: [GC (Allocation Failure)  503580K->249658K(529408K), 0.0047494 secs]
52.663: [Full GC (Ergonomics)  249658K->51513K(537088K), 0.0368835 secs]
52.721: [GC (Allocation Failure)  313619K->83290K(535552K), 0.0058229 secs]
52.781: [GC (Allocation Failure)  344078K->88402K(536576K), 0.0063543 secs]
52.831: [GC (Allocation Failure)  349101K->100242K(536576K), 0.0059606 secs]
52.882: [GC (Allocation Failure)  361069K->110442K(536576K), 0.0055845 secs]
52.933: [GC (Allocation Failure)  371322K->118667K(535552K), 0.0044622 secs]
52.984: [GC (Allocation Failure)  378655K->124803K(536064K), 0.0084089 secs]
53.034: [GC (Allocation Failure)  384406K->133571K(535040K), 0.0044574 secs]
53.086: [GC (Allocation Failure)  393697K->142747K(535552K), 0.0045569 secs]
53.136: [GC (Allocation Failure)  403355K->147964K(536064K), 0.0044279 secs]
53.184: [GC (Allocation Failure)  407998K->155052K(530432K), 0.0063029 secs]
53.237: [GC (Allocation Failure)  414758K->164332K(535552K), 0.0044394 secs]
53.285: [GC (Allocation Failure)  424416K->170436K(535552K), 0.0066574 secs]
53.334: [GC (Allocation Failure)  430067K->181253K(536064K), 0.0061755 secs]
53.384: [GC (Allocation Failure)  441350K->189405K(536064K), 0.0044888 secs]
53.435: [GC (Allocation Failure)  449584K->200701K(535552K), 0.0048369 secs]
53.481: [GC (Allocation Failure)  461435K->209389K(536064K), 0.0104174 secs]
53.535: [GC (Allocation Failure)  470088K->216110K(536064K), 0.0061808 secs]
53.584: [GC (Allocation Failure)  478189K->224262K(536576K), 0.0051396 secs]
53.633: [GC (Allocation Failure)  485970K->235622K(536576K), 0.0044821 secs]
53.684: [GC (Allocation Failure)  497302K->242711K(537088K), 0.0092788 secs]
53.733: [GC (Allocation Failure)  504378K->252503K(537088K), 0.0114163 secs]
53.784: [GC (Allocation Failure)  514757K->263215K(537088K), 0.0129968 secs]
53.797: [Full GC (Ergonomics)  263215K->50182K(541696K), 0.0358139 secs]
53.849: [GC (Allocation Failure)  312700K->80967K(540160K), 0.0058579 secs]
53.909: [GC (Allocation Failure)  342082K->85007K(541184K), 0.0060186 secs]
53.953: [GC (Allocation Failure)  345616K->95855K(541184K), 0.0059157 secs]
54.001: [GC (Allocation Failure)  356734K->106528K(536576K), 0.0063050 secs]
54.052: [GC (Allocation Failure)  367423K->114784K(539648K), 0.0062353 secs]
54.100: [GC (Allocation Failure)  374728K->120376K(540672K), 0.0103259 secs]
54.151: [GC (Allocation Failure)  380208K->131224K(540160K), 0.0043479 secs]
54.200: [GC (Allocation Failure)  391673K->139337K(540672K), 0.0050332 secs]
54.249: [GC (Allocation Failure)  399540K->149161K(540160K), 0.0043922 secs]
54.296: [GC (Allocation Failure)  410547K->157793K(540672K), 0.0092415 secs]
54.347: [GC (Allocation Failure)  418978K->171682K(541696K), 0.0051423 secs]
54.398: [GC (Allocation Failure)  433976K->180346K(541696K), 0.0063216 secs]
54.447: [GC (Allocation Failure)  442875K->189626K(541184K), 0.0106691 secs]
54.498: [GC (Allocation Failure)  451882K->195722K(541696K), 0.0094375 secs]
54.548: [GC (Allocation Failure)  457970K->205035K(541184K), 0.0044171 secs]
54.597: [GC (Allocation Failure)  468169K->216731K(541696K), 0.0051917 secs]
54.645: [GC (Allocation Failure)  479493K->226491K(541696K), 0.0067140 secs]
54.695: [GC (Allocation Failure)  489629K->231083K(542208K), 0.0063016 secs]
54.744: [GC (Allocation Failure)  493980K->239852K(542208K), 0.0064732 secs]
54.793: [GC (Allocation Failure)  502941K->251068K(536576K), 0.0064817 secs]
54.840: [GC (Allocation Failure)  513872K->261404K(541696K), 0.0056228 secs]
54.892: [GC (Allocation Failure)  524489K->268997K(541696K), 0.0077946 secs]
54.900: [Full GC (Ergonomics)  268997K->50187K(550400K), 0.0332754 secs]
54.952: [GC (Allocation Failure)  313070K->79948K(548864K), 0.0039129 secs]
55.008: [GC (Allocation Failure)  340995K->83484K(549888K), 0.0042716 secs]
55.051: [GC (Allocation Failure)  344316K->93276K(549888K), 0.0042488 secs]
55.101: [GC (Allocation Failure)  353906K->99372K(549888K), 0.0097386 secs]
55.149: [GC (Allocation Failure)  360289K->109645K(548864K), 0.0047908 secs]
55.198: [GC (Allocation Failure)  370458K->119869K(549376K), 0.0065669 secs]
55.245: [GC (Allocation Failure)  380899K->126589K(549376K), 0.0100582 secs]
55.293: [GC (Allocation Failure)  388605K->134221K(549888K), 0.0062000 secs]
55.340: [GC (Allocation Failure)  396157K->148142K(549376K), 0.0052611 secs]
55.388: [GC (Allocation Failure)  409060K->154718K(549888K), 0.0043263 secs]
55.436: [GC (Allocation Failure)  415764K->167102K(548864K), 0.0044084 secs]
55.482: [GC (Allocation Failure)  428122K->175727K(549376K), 0.0059300 secs]
55.528: [GC (Allocation Failure)  436841K->182959K(550400K), 0.0059662 secs]
55.575: [GC (Allocation Failure)  445571K->194687K(550400K), 0.0060553 secs]
55.623: [GC (Allocation Failure)  456875K->200895K(550400K), 0.0060293 secs]
55.670: [GC (Allocation Failure)  463460K->210072K(550400K), 0.0049085 secs]
55.718: [GC (Allocation Failure)  472613K->219800K(550400K), 0.0048929 secs]
55.768: [GC (Allocation Failure)  482765K->230648K(550400K), 0.0062996 secs]
55.815: [GC (Allocation Failure)  493337K->239273K(550912K), 0.0061205 secs]
55.862: [GC (Allocation Failure)  503420K->249065K(550912K), 0.0044251 secs]
55.907: [GC (Allocation Failure)  513176K->260353K(550912K), 0.0044911 secs]
55.952: [GC (Allocation Failure)  524967K->268033K(551424K), 0.0102367 secs]
56.001: [GC (Allocation Failure)  532342K->277194K(551936K), 0.0054067 secs]
56.007: [Full GC (Ergonomics)  277194K->49168K(558592K), 0.0376846 secs]
56.063: [GC (Allocation Failure)  314562K->75345K(558592K), 0.0083139 secs]
56.122: [GC (Allocation Failure)  340839K->82561K(559104K), 0.0050560 secs]
56.166: [GC (Allocation Failure)  348322K->93233K(555008K), 0.0087601 secs]
56.215: [GC (Allocation Failure)  359092K->102961K(558592K), 0.0043308 secs]
56.263: [GC (Allocation Failure)  368928K->112786K(558592K), 0.0043086 secs]
56.308: [GC (Allocation Failure)  378807K->122434K(558592K), 0.0065079 secs]
56.357: [GC (Allocation Failure)  389112K->129154K(559104K), 0.0059975 secs]
56.404: [GC (Allocation Failure)  395724K->138314K(558592K), 0.0083178 secs]
56.450: [GC (Allocation Failure)  405518K->148107K(559104K), 0.0073502 secs]
56.499: [GC (Allocation Failure)  415363K->158299K(560128K), 0.0061578 secs]
56.548: [GC (Allocation Failure)  426576K->166011K(558592K), 0.0043595 secs]
56.594: [GC (Allocation Failure)  433911K->173668K(560128K), 0.0103072 secs]
56.643: [GC (Allocation Failure)  441155K->183972K(559616K), 0.0063962 secs]
56.690: [GC (Allocation Failure)  451748K->193644K(559616K), 0.0045311 secs]
56.739: [GC (Allocation Failure)  461342K->203948K(559616K), 0.0100154 secs]
56.785: [GC (Allocation Failure)  471350K->214133K(559104K), 0.0063348 secs]
56.835: [GC (Allocation Failure)  481484K->221877K(559616K), 0.0065693 secs]
56.884: [GC (Allocation Failure)  489602K->233101K(559616K), 0.0064400 secs]
56.932: [GC (Allocation Failure)  500415K->242894K(559616K), 0.0080456 secs]
56.980: [GC (Allocation Failure)  510212K->251038K(559104K), 0.0097026 secs]
57.029: [GC (Allocation Failure)  518903K->260830K(559616K), 0.0062693 secs]
57.079: [GC (Allocation Failure)  528971K->267950K(560128K), 0.0104791 secs]
57.126: [GC (Allocation Failure)  536305K->276719K(560128K), 0.0044628 secs]
57.130: [Full GC (Ergonomics)  276719K->48661K(566272K), 0.0353614 secs]
57.187: [GC (Allocation Failure)  316999K->78358K(565760K), 0.0059274 secs]
57.242: [GC (Allocation Failure)  346308K->83094K(559616K), 0.0047756 secs]
57.284: [GC (Allocation Failure)  351004K->95271K(566272K), 0.0060181 secs]
57.333: [GC (Allocation Failure)  362688K->105575K(565760K), 0.0059772 secs]
57.380: [GC (Allocation Failure)  373174K->110655K(564736K), 0.0046389 secs]
57.426: [GC (Allocation Failure)  376526K->122015K(565248K), 0.0043271 secs]
57.476: [GC (Allocation Failure)  388076K->130648K(565248K), 0.0047384 secs]
57.526: [GC (Allocation Failure)  397287K->139416K(565248K), 0.0049528 secs]
57.574: [GC (Allocation Failure)  406142K->148584K(565248K), 0.0060270 secs]
57.621: [GC (Allocation Failure)  415653K->157352K(565248K), 0.0060757 secs]
57.669: [GC (Allocation Failure)  424490K->167041K(565760K), 0.0059175 secs]
57.715: [GC (Allocation Failure)  435283K->175745K(565760K), 0.0065565 secs]
57.762: [GC (Allocation Failure)  444007K->186561K(566784K), 0.0077059 secs]
57.808: [GC (Allocation Failure)  455863K->195226K(565760K), 0.0043975 secs]
57.853: [GC (Allocation Failure)  464507K->202970K(566272K), 0.0061082 secs]
57.901: [GC (Allocation Failure)  470788K->210602K(566272K), 0.0098267 secs]
57.949: [GC (Allocation Failure)  478624K->221898K(566272K), 0.0101684 secs]
57.997: [GC (Allocation Failure)  490093K->229563K(566272K), 0.0062628 secs]
58.046: [GC (Allocation Failure)  497814K->240411K(566272K), 0.0044758 secs]
58.091: [GC (Allocation Failure)  508615K->249035K(566272K), 0.0062897 secs]
58.138: [GC (Allocation Failure)  516822K->257803K(565248K), 0.0065934 secs]
58.186: [GC (Allocation Failure)  526027K->267484K(565760K), 0.0113333 secs]
58.236: [GC (Allocation Failure)  535302K->278332K(566784K), 0.0068346 secs]
58.284: [GC (Allocation Failure)  547265K->289516K(566272K), 0.0084663 secs]
58.292: [Full GC (Ergonomics)  289516K->49178K(574976K), 0.0396804 secs]
58.351: [GC (Allocation Failure)  318075K->77435K(572928K), 0.0045987 secs]
58.404: [GC (Allocation Failure)  343667K->82483K(564736K), 0.0042758 secs]
58.445: [GC (Allocation Failure)  348214K->96371K(573440K), 0.0042732 secs]
58.492: [GC (Allocation Failure)  361505K->103996K(573440K), 0.0059254 secs]
58.536: [GC (Allocation Failure)  368763K->115292K(573440K), 0.0096425 secs]
58.586: [GC (Allocation Failure)  380322K->127052K(571904K), 0.0065366 secs]
58.631: [GC (Allocation Failure)  391961K->132781K(573440K), 0.0042709 secs]
58.679: [GC (Allocation Failure)  397214K->142429K(572928K), 0.0061307 secs]
58.723: [GC (Allocation Failure)  406850K->150685K(572928K), 0.0059084 secs]
58.769: [GC (Allocation Failure)  415704K->160357K(572928K), 0.0062336 secs]
58.817: [GC (Allocation Failure)  425537K->169574K(572928K), 0.0062713 secs]
58.861: [GC (Allocation Failure)  434519K->175238K(573440K), 0.0061794 secs]
58.909: [GC (Allocation Failure)  440251K->185470K(573440K), 0.0047956 secs]
58.954: [GC (Allocation Failure)  450483K->196286K(567808K), 0.0061069 secs]
58.998: [GC (Allocation Failure)  461226K->205463K(573440K), 0.0090235 secs]
59.047: [GC (Allocation Failure)  471050K->213751K(572928K), 0.0043706 secs]
59.088: [GC (Allocation Failure)  479268K->222887K(573952K), 0.0043826 secs]
59.136: [GC (Allocation Failure)  490010K->233704K(573952K), 0.0063294 secs]
59.183: [GC (Allocation Failure)  500474K->241336K(574464K), 0.0047926 secs]
59.227: [GC (Allocation Failure)  508902K->250104K(574464K), 0.0065322 secs]
59.275: [GC (Allocation Failure)  517867K->260808K(574976K), 0.0063596 secs]
59.321: [GC (Allocation Failure)  528928K->270089K(571392K), 0.0104767 secs]
59.369: [GC (Allocation Failure)  537876K->279257K(574464K), 0.0067299 secs]
59.413: [GC (Allocation Failure)  547392K->290009K(574464K), 0.0118842 secs]
59.459: [GC (Allocation Failure)  558202K->298266K(574464K), 0.0070806 secs]
59.466: [Full GC (Ergonomics)  298266K->49183K(582144K), 0.0404260 secs]
59.526: [GC (Allocation Failure)  317413K->71744K(582656K), 0.0075353 secs]
59.581: [GC (Allocation Failure)  339601K->82488K(581632K), 0.0054965 secs]
59.624: [GC (Allocation Failure)  350694K->92313K(582144K), 0.0098172 secs]
59.673: [GC (Allocation Failure)  360137K->101457K(582144K), 0.0050450 secs]
59.717: [GC (Allocation Failure)  369355K->108625K(582656K), 0.0042234 secs]
59.761: [GC (Allocation Failure)  376605K->120465K(581632K), 0.0076139 secs]
59.807: [GC (Allocation Failure)  387439K->126562K(582144K), 0.0042826 secs]
59.850: [GC (Allocation Failure)  393603K->135362K(582144K), 0.0045753 secs]
59.895: [GC (Allocation Failure)  402194K->147058K(582144K), 0.0042925 secs]
59.938: [GC (Allocation Failure)  414143K->156883K(581120K), 0.0043568 secs]
59.983: [GC (Allocation Failure)  423879K->166027K(581632K), 0.0072395 secs]
60.026: [GC (Allocation Failure)  433175K->178891K(582656K), 0.0059369 secs]
60.069: [GC (Allocation Failure)  447057K->189076K(578048K), 0.0061212 secs]
60.112: [GC (Allocation Failure)  457095K->199828K(582656K), 0.0044491 secs]
60.157: [GC (Allocation Failure)  468487K->210644K(582144K), 0.0101429 secs]
60.203: [GC (Allocation Failure)  479305K->217764K(582656K), 0.0105477 secs]
60.251: [GC (Allocation Failure)  485857K->228581K(579584K), 0.0063048 secs]
60.298: [GC (Allocation Failure)  496703K->237749K(581632K), 0.0103383 secs]
60.343: [GC (Allocation Failure)  505367K->246005K(582144K), 0.0102672 secs]
60.390: [GC (Allocation Failure)  513576K->255174K(582656K), 0.0058663 secs]
60.435: [GC (Allocation Failure)  523739K->263398K(582656K), 0.0105938 secs]
60.476: [GC (Allocation Failure)  532006K->274134K(582144K), 0.0068414 secs]
60.522: [GC (Allocation Failure)  543185K->283926K(582656K), 0.0066114 secs]
60.566: [GC (Allocation Failure)  552990K->293607K(583680K), 0.0062511 secs]
60.610: [GC (Allocation Failure)  563817K->303335K(583680K), 0.0101055 secs]
60.620: [Full GC (Ergonomics)  303335K->48164K(589824K), 0.0406394 secs]
60.680: [GC (Allocation Failure)  318008K->73861K(588800K), 0.0050250 secs]
60.730: [GC (Allocation Failure)  342743K->80533K(588288K), 0.0048069 secs]
60.773: [GC (Allocation Failure)  349678K->87109K(588800K), 0.0058905 secs]
60.820: [GC (Allocation Failure)  354906K->97350K(588800K), 0.0058165 secs]
60.866: [GC (Allocation Failure)  365238K->107654K(587776K), 0.0098068 secs]
60.912: [GC (Allocation Failure)  375431K->115798K(588288K), 0.0057817 secs]
60.955: [GC (Allocation Failure)  383678K->127639K(589312K), 0.0049549 secs]
61.001: [GC (Allocation Failure)  396626K->137823K(589312K), 0.0059126 secs]
61.046: [GC (Allocation Failure)  407016K->150655K(588288K), 0.0053450 secs]
61.090: [GC (Allocation Failure)  418546K->157808K(588800K), 0.0059400 secs]
61.135: [GC (Allocation Failure)  426002K->171184K(586752K), 0.0058763 secs]
61.178: [GC (Allocation Failure)  437080K->177792K(587776K), 0.0043699 secs]
61.221: [GC (Allocation Failure)  443637K->187040K(586240K), 0.0055762 secs]
61.264: [GC (Allocation Failure)  453450K->196753K(587264K), 0.0048174 secs]
61.307: [GC (Allocation Failure)  463251K->205969K(588288K), 0.0058420 secs]
61.351: [GC (Allocation Failure)  474549K->215761K(588800K), 0.0064219 secs]
61.395: [GC (Allocation Failure)  484052K->223906K(588288K), 0.0043142 secs]
61.442: [GC (Allocation Failure)  491916K->228578K(588800K), 0.0061568 secs]
61.483: [GC (Allocation Failure)  496786K->239802K(588800K), 0.0042740 secs]
61.527: [GC (Allocation Failure)  507858K->247546K(588800K), 0.0043231 secs]
61.571: [GC (Allocation Failure)  515660K->258771K(587776K), 0.0098589 secs]
61.617: [GC (Allocation Failure)  526928K->266451K(588288K), 0.0097644 secs]
61.663: [GC (Allocation Failure)  534449K->276243K(589312K), 0.0063735 secs]
61.706: [GC (Allocation Failure)  545360K->283371K(585216K), 0.0060499 secs]
61.750: [GC (Allocation Failure)  552494K->291116K(589312K), 0.0101058 secs]
61.797: [GC (Allocation Failure)  560711K->300796K(588800K), 0.0095161 secs]
61.840: [GC (Allocation Failure)  570381K->306492K(589312K), 0.0084083 secs]
61.849: [Full GC (Ergonomics)  306492K->46634K(595456K), 0.0407918 secs]
61.909: [GC (Allocation Failure)  315865K->72747K(594944K), 0.0051599 secs]
61.958: [GC (Allocation Failure)  341985K->78475K(593920K), 0.0046491 secs]
62.000: [GC (Allocation Failure)  345560K->90691K(594432K), 0.0048996 secs]
62.044: [GC (Allocation Failure)  357833K->98948K(593408K), 0.0048103 secs]
62.086: [GC (Allocation Failure)  366274K->108692K(593920K), 0.0056572 secs]
62.130: [GC (Allocation Failure)  376039K->116932K(595456K), 0.0056596 secs]
62.174: [GC (Allocation Failure)  385804K->126588K(595456K), 0.0056986 secs]
62.220: [GC (Allocation Failure)  395601K->138429K(595456K), 0.0096171 secs]
62.265: [GC (Allocation Failure)  407543K->146565K(589824K), 0.0057536 secs]
62.311: [GC (Allocation Failure)  415627K->156293K(594944K), 0.0057234 secs]
62.356: [GC (Allocation Failure)  425203K->164005K(594944K), 0.0096371 secs]
62.399: [GC (Allocation Failure)  433173K->177302K(593920K), 0.0099873 secs]
62.445: [GC (Allocation Failure)  445473K->183478K(594944K), 0.0097347 secs]
62.491: [GC (Allocation Failure)  451493K->196262K(593920K), 0.0049328 secs]
62.531: [GC (Allocation Failure)  463069K->201959K(594432K), 0.0097187 secs]
62.578: [GC (Allocation Failure)  468872K->212663K(594432K), 0.0093278 secs]
62.622: [GC (Allocation Failure)  479806K->219895K(587264K), 0.0090375 secs]
62.666: [GC (Allocation Failure)  486765K->231112K(594432K), 0.0062580 secs]
62.710: [GC (Allocation Failure)  498595K->240840K(593920K), 0.0048973 secs]
62.752: [GC (Allocation Failure)  508345K->247560K(594944K), 0.0061134 secs]
62.795: [GC (Allocation Failure)  516083K->257752K(594944K), 0.0063731 secs]
62.836: [GC (Allocation Failure)  526148K->266009K(594944K), 0.0095770 secs]
62.881: [GC (Allocation Failure)  535072K->276209K(594944K), 0.0060012 secs]
62.925: [GC (Allocation Failure)  545313K->286001K(595456K), 0.0060182 secs]
62.968: [GC (Allocation Failure)  556449K->294657K(595456K), 0.0059415 secs]
63.011: [GC (Allocation Failure)  565290K->305922K(596992K), 0.0102188 secs]
63.055: [GC (Allocation Failure)  578053K->314658K(591872K), 0.0070087 secs]
63.062: [Full GC (Ergonomics)  314658K->46639K(600576K), 0.0343885 secs]
63.116: [GC (Allocation Failure)  318938K->72752K(604160K), 0.0100470 secs]
63.165: [GC (Allocation Failure)  343832K->79472K(605184K), 0.0095973 secs]
63.208: [GC (Allocation Failure)  350656K->91201K(605184K), 0.0060072 secs]
63.251: [GC (Allocation Failure)  362535K->98401K(599552K), 0.0056576 secs]
63.295: [GC (Allocation Failure)  369692K->108105K(604672K), 0.0098070 secs]
63.339: [GC (Allocation Failure)  379077K->116842K(604672K), 0.0096864 secs]
63.384: [GC (Allocation Failure)  387744K->123994K(605696K), 0.0077561 secs]
63.430: [GC (Allocation Failure)  396180K->132730K(605696K), 0.0095584 secs]
63.475: [GC (Allocation Failure)  404735K->143978K(605696K), 0.0059448 secs]
63.518: [GC (Allocation Failure)  416023K->152171K(605696K), 0.0095682 secs]
63.563: [GC (Allocation Failure)  424316K->162475K(605696K), 0.0060217 secs]
63.605: [GC (Allocation Failure)  434391K->173683K(602624K), 0.0097487 secs]
63.649: [GC (Allocation Failure)  445884K->181459K(604672K), 0.0060541 secs]
63.693: [GC (Allocation Failure)  453055K->193660K(605184K), 0.0112003 secs]
63.738: [GC (Allocation Failure)  465316K->200860K(605696K), 0.0061546 secs]
63.777: [GC (Allocation Failure)  472962K->209036K(600576K), 0.0095556 secs]
63.824: [GC (Allocation Failure)  481149K->219309K(605184K), 0.0097449 secs]
63.867: [GC (Allocation Failure)  491460K->230549K(605184K), 0.0099427 secs]
63.911: [GC (Allocation Failure)  502681K->235157K(605184K), 0.0058503 secs]
63.956: [GC (Allocation Failure)  506190K->245973K(600064K), 0.0061530 secs]
64.001: [GC (Allocation Failure)  517146K->255142K(604160K), 0.0099138 secs]
64.042: [GC (Allocation Failure)  525628K->261318K(604672K), 0.0061004 secs]
64.086: [GC (Allocation Failure)  531895K->269494K(605184K), 0.0061744 secs]
64.128: [GC (Allocation Failure)  541087K->277270K(605184K), 0.0102864 secs]
64.172: [GC (Allocation Failure)  548917K->291015K(604160K), 0.0063338 secs]
64.216: [GC (Allocation Failure)  561233K->295623K(604672K), 0.0060249 secs]
64.258: [GC (Allocation Failure)  565624K->304391K(603648K), 0.0080724 secs]
64.301: [GC (Allocation Failure)  574272K->314064K(604160K), 0.0099679 secs]
64.344: [GC (Allocation Failure)  584219K->321776K(604160K), 0.0112318 secs]
64.356: [Full GC (Ergonomics)  321776K->45109K(609280K), 0.0378822 secs]
64.413: [GC (Allocation Failure)  316146K->66614K(609792K), 0.0074417 secs]
64.460: [GC (Allocation Failure)  337479K->73846K(610816K), 0.0055671 secs]
64.501: [GC (Allocation Failure)  345894K->85070K(606720K), 0.0056533 secs]
64.544: [GC (Allocation Failure)  357424K->93327K(610304K), 0.0056239 secs]
64.586: [GC (Allocation Failure)  365678K->101479K(610304K), 0.0040696 secs]
64.629: [GC (Allocation Failure)  373739K->110759K(610304K), 0.0055350 secs]
64.674: [GC (Allocation Failure)  382708K->116335K(610816K), 0.0089376 secs]
64.717: [GC (Allocation Failure)  388379K->125552K(610816K), 0.0078670 secs]
64.758: [GC (Allocation Failure)  397671K->136336K(606208K), 0.0091951 secs]
64.803: [GC (Allocation Failure)  408646K->144512K(610304K), 0.0094135 secs]
64.847: [GC (Allocation Failure)  416701K->151744K(610304K), 0.0059546 secs]
64.888: [GC (Allocation Failure)  423766K->161945K(610304K), 0.0059064 secs]
64.929: [GC (Allocation Failure)  435048K->169689K(610816K), 0.0091979 secs]
64.973: [GC (Allocation Failure)  442970K->176801K(611840K), 0.0092570 secs]
65.015: [GC (Allocation Failure)  450787K->187041K(607744K), 0.0059187 secs]
65.061: [GC (Allocation Failure)  461166K->195330K(611328K), 0.0059669 secs]
65.102: [GC (Allocation Failure)  469439K->205482K(611328K), 0.0096528 secs]
65.143: [GC (Allocation Failure)  479571K->215818K(611328K), 0.0058605 secs]
65.186: [GC (Allocation Failure)  490996K->224443K(611840K), 0.0060155 secs]
65.229: [GC (Allocation Failure)  499729K->234203K(612352K), 0.0090980 secs]
65.274: [GC (Allocation Failure)  509982K->244939K(612352K), 0.0059031 secs]
65.318: [GC (Allocation Failure)  520520K->253643K(612864K), 0.0059652 secs]
65.359: [GC (Allocation Failure)  529871K->264972K(612864K), 0.0059609 secs]
65.403: [GC (Allocation Failure)  541204K->275156K(611840K), 0.0063051 secs]
65.444: [GC (Allocation Failure)  551301K->283380K(612352K), 0.0097212 secs]
65.487: [GC (Allocation Failure)  559658K->292069K(613376K), 0.0061577 secs]
65.531: [GC (Allocation Failure)  569417K->303365K(613376K), 0.0060444 secs]
65.574: [GC (Allocation Failure)  580514K->311541K(613376K), 0.0097068 secs]
65.618: [GC (Allocation Failure)  588939K->322294K(613376K), 0.0100015 secs]
65.628: [Full GC (Ergonomics)  322294K->44602K(621056K), 0.0410677 secs]
65.687: [GC (Allocation Failure)  321928K->67131K(619008K), 0.0034654 secs]
65.732: [GC (Allocation Failure)  342275K->73339K(620032K), 0.0064867 secs]
65.773: [GC (Allocation Failure)  348479K->82508K(619520K), 0.0054580 secs]
65.818: [GC (Allocation Failure)  358439K->92780K(620032K), 0.0092554 secs]
65.860: [GC (Allocation Failure)  368301K->98924K(620032K), 0.0095146 secs]
65.905: [GC (Allocation Failure)  373994K->110692K(617984K), 0.0040660 secs]
65.948: [GC (Allocation Failure)  386141K->117957K(619520K), 0.0040691 secs]
65.989: [GC (Allocation Failure)  392372K->126069K(619520K), 0.0039684 secs]
66.031: [GC (Allocation Failure)  400134K->138933K(618496K), 0.0091104 secs]
66.073: [GC (Allocation Failure)  412986K->147078K(619008K), 0.0089940 secs]
66.115: [GC (Allocation Failure)  421226K->157318K(617984K), 0.0090785 secs]
66.155: [GC (Allocation Failure)  430276K->163526K(619008K), 0.0059137 secs]
66.197: [GC (Allocation Failure)  436493K->172694K(617472K), 0.0048226 secs]
66.238: [GC (Allocation Failure)  446233K->183479K(618496K), 0.0095983 secs]
66.283: [GC (Allocation Failure)  457109K->190631K(619520K), 0.0060646 secs]
66.324: [GC (Allocation Failure)  465235K->199399K(619520K), 0.0046949 secs]
66.366: [GC (Allocation Failure)  474084K->207031K(620032K), 0.0093912 secs]
66.409: [GC (Allocation Failure)  482043K->217272K(620032K), 0.0044906 secs]
66.452: [GC (Allocation Failure)  492468K->227032K(620032K), 0.0104227 secs]
66.493: [GC (Allocation Failure)  502294K->239808K(617472K), 0.0057052 secs]
66.535: [GC (Allocation Failure)  514806K->247105K(620032K), 0.0041950 secs]
66.576: [GC (Allocation Failure)  521984K->256729K(619520K), 0.0057017 secs]
66.619: [GC (Allocation Failure)  531262K->269017K(619008K), 0.0050564 secs]
66.661: [GC (Allocation Failure)  543077K->274713K(619520K), 0.0092846 secs]
66.701: [GC (Allocation Failure)  548792K->283882K(618496K), 0.0058140 secs]
66.745: [GC (Allocation Failure)  557920K->292170K(619008K), 0.0054798 secs]
66.787: [GC (Allocation Failure)  566196K->302850K(620032K), 0.0042421 secs]
66.828: [GC (Allocation Failure)  578502K->311107K(620032K), 0.0056882 secs]
66.870: [GC (Allocation Failure)  586814K->323339K(620544K), 0.0106569 secs]
66.912: [GC (Allocation Failure)  599431K->332043K(615936K), 0.0354572 secs]
66.947: [Full GC (Ergonomics)  332043K->44096K(622080K), 0.0339542 secs]
67.001: [GC (Allocation Failure)  320202K->66113K(625152K), 0.0047970 secs]
67.045: [GC (Allocation Failure)  341117K->71809K(626176K), 0.0047031 secs]
67.086: [GC (Allocation Failure)  347097K->83537K(625152K), 0.0041595 secs]
67.129: [GC (Allocation Failure)  358823K->92850K(625664K), 0.0053042 secs]
67.168: [GC (Allocation Failure)  367814K->101994K(626688K), 0.0053608 secs]
67.212: [GC (Allocation Failure)  378916K->110186K(626688K), 0.0054138 secs]
67.253: [GC (Allocation Failure)  386788K->119499K(625664K), 0.0055355 secs]
67.296: [GC (Allocation Failure)  395548K->125059K(626688K), 0.0054441 secs]
67.338: [GC (Allocation Failure)  401063K->135331K(626176K), 0.0054979 secs]
67.377: [GC (Allocation Failure)  411995K->141963K(626688K), 0.0094007 secs]
67.419: [GC (Allocation Failure)  418753K->151692K(626176K), 0.0073194 secs]
67.463: [GC (Allocation Failure)  427860K->158444K(626688K), 0.0066650 secs]
67.504: [GC (Allocation Failure)  434660K->169116K(626688K), 0.0042261 secs]
67.546: [GC (Allocation Failure)  445139K->175836K(626688K), 0.0082003 secs]
67.587: [GC (Allocation Failure)  452023K->186029K(626688K), 0.0059450 secs]
67.629: [GC (Allocation Failure)  462117K->195309K(621568K), 0.0057983 secs]
67.670: [GC (Allocation Failure)  471493K->203965K(626176K), 0.0092247 secs]
67.713: [GC (Allocation Failure)  480348K->213693K(626176K), 0.0069173 secs]
67.754: [GC (Allocation Failure)  489770K->224030K(626688K), 0.0061343 secs]
67.795: [GC (Allocation Failure)  501303K->232662K(626688K), 0.0041316 secs]
67.837: [GC (Allocation Failure)  509679K->239382K(627200K), 0.0064385 secs]
67.878: [GC (Allocation Failure)  516721K->249062K(623104K), 0.0056792 secs]
67.922: [GC (Allocation Failure)  526197K->257863K(626688K), 0.0042071 secs]
67.964: [GC (Allocation Failure)  535054K->268023K(626688K), 0.0094472 secs]
68.007: [GC (Allocation Failure)  545184K->276727K(627200K), 0.0094580 secs]
68.047: [GC (Allocation Failure)  555433K->284984K(627200K), 0.0094745 secs]
68.091: [GC (Allocation Failure)  563733K->293120K(627712K), 0.0060070 secs]
68.132: [GC (Allocation Failure)  572524K->304960K(627712K), 0.0092166 secs]
68.176: [GC (Allocation Failure)  584205K->310024K(627712K), 0.0094655 secs]
68.215: [GC (Allocation Failure)  588247K->319753K(625152K), 0.0089608 secs]
68.260: [GC (Allocation Failure)  597993K->327017K(627712K), 0.0114304 secs]
68.301: [GC (Allocation Failure)  604616K->337177K(622592K), 0.0100124 secs]
68.311: [Full GC (Ergonomics)  337177K->43590K(628224K), 0.0411387 secs]
68.372: [GC (Allocation Failure)  321119K->66183K(631296K), 0.0076353 secs]
68.417: [GC (Allocation Failure)  342721K->70743K(632320K), 0.0037895 secs]
68.459: [GC (Allocation Failure)  347300K->84120K(631296K), 0.0045233 secs]
68.500: [GC (Allocation Failure)  359472K->90736K(631808K), 0.0044302 secs]
68.541: [GC (Allocation Failure)  365845K->103088K(631808K), 0.0082772 secs]
68.580: [GC (Allocation Failure)  378060K->110208K(631808K), 0.0052659 secs]
68.621: [GC (Allocation Failure)  385573K->116961K(630784K), 0.0053027 secs]
68.663: [GC (Allocation Failure)  391967K->126105K(631296K), 0.0054052 secs]
68.702: [GC (Allocation Failure)  401100K->135321K(631296K), 0.0046335 secs]
68.744: [GC (Allocation Failure)  411325K->144090K(631808K), 0.0082526 secs]
68.785: [GC (Allocation Failure)  420136K->152234K(632832K), 0.0041898 secs]
68.824: [GC (Allocation Failure)  429894K->161546K(632832K), 0.0053373 secs]
68.867: [GC (Allocation Failure)  439155K->168634K(632832K), 0.0081501 secs]
68.907: [GC (Allocation Failure)  447370K->178363K(632832K), 0.0045939 secs]
68.949: [GC (Allocation Failure)  456983K->185595K(633344K), 0.0052071 secs]
68.991: [GC (Allocation Failure)  465837K->194251K(633856K), 0.0055610 secs]
69.033: [GC (Allocation Failure)  474470K->203051K(634880K), 0.0076098 secs]
69.074: [GC (Allocation Failure)  484308K->213724K(634880K), 0.0089804 secs]
69.119: [GC (Allocation Failure)  494988K->220892K(634880K), 0.0057761 secs]
69.159: [GC (Allocation Failure)  502143K->229180K(631808K), 0.0068497 secs]
69.203: [GC (Allocation Failure)  510492K->237812K(633856K), 0.0062356 secs]
69.243: [GC (Allocation Failure)  518643K->244533K(634368K), 0.0057715 secs]
69.285: [GC (Allocation Failure)  525183K->255237K(634880K), 0.0059419 secs]
69.327: [GC (Allocation Failure)  536454K->263525K(634880K), 0.0085692 secs]
69.369: [GC (Allocation Failure)  544901K->271645K(634880K), 0.0087314 secs]
69.411: [GC (Allocation Failure)  552870K->279838K(634880K), 0.0057248 secs]
69.451: [GC (Allocation Failure)  561139K->290174K(634880K), 0.0057319 secs]
69.493: [GC (Allocation Failure)  571401K->295214K(634880K), 0.0056080 secs]
69.534: [GC (Allocation Failure)  576558K->305518K(634880K), 0.0072590 secs]
69.576: [GC (Allocation Failure)  586895K->315199K(634368K), 0.0093688 secs]
69.616: [GC (Allocation Failure)  596453K->320831K(634368K), 0.0057630 secs]
69.659: [GC (Allocation Failure)  600941K->332127K(634368K), 0.0054412 secs]
69.699: [GC (Allocation Failure)  612424K->341328K(633344K), 0.0048171 secs]
69.704: [Full GC (Ergonomics)  341328K->42573K(641536K), 0.0369278 secs]
69.760: [GC (Allocation Failure)  322103K->60557K(642048K), 0.0067409 secs]
69.808: [GC (Allocation Failure)  339662K->70237K(642048K), 0.0055207 secs]
69.845: [GC (Allocation Failure)  349990K->77982K(642048K), 0.0083769 secs]
69.887: [GC (Allocation Failure)  357817K->86126K(642048K), 0.0155212 secs]
69.927: [GC (Allocation Failure)  366190K->95374K(642048K), 0.0086960 secs]
69.971: [GC (Allocation Failure)  375176K->104583K(642560K), 0.0038750 secs]
70.010: [GC (Allocation Failure)  384671K->113287K(641536K), 0.0039486 secs]
70.050: [GC (Allocation Failure)  393495K->120519K(642048K), 0.0039569 secs]
70.090: [GC (Allocation Failure)  400006K->132767K(641024K), 0.0039162 secs]
70.132: [GC (Allocation Failure)  411944K->138464K(640512K), 0.0042838 secs]
70.169: [GC (Allocation Failure)  415968K->150712K(638976K), 0.0064896 secs]
70.210: [GC (Allocation Failure)  427801K->157880K(640512K), 0.0074604 secs]
70.249: [GC (Allocation Failure)  433918K->167672K(635904K), 0.0087400 secs]
70.286: [GC (Allocation Failure)  443657K->175305K(640000K), 0.0056653 secs]
70.329: [GC (Allocation Failure)  451318K->182057K(640000K), 0.0055430 secs]
70.370: [GC (Allocation Failure)  458107K->191185K(640512K), 0.0047861 secs]
70.410: [GC (Allocation Failure)  468818K->200401K(640512K), 0.0053798 secs]
70.451: [GC (Allocation Failure)  477992K->207154K(641536K), 0.0040618 secs]
70.490: [GC (Allocation Failure)  486174K->213730K(641536K), 0.0039687 secs]
70.526: [GC (Allocation Failure)  492374K->225058K(641024K), 0.0045618 secs]
70.567: [GC (Allocation Failure)  503582K->232690K(641536K), 0.0040639 secs]
70.608: [GC (Allocation Failure)  510811K->242931K(641536K), 0.0045957 secs]
70.648: [GC (Allocation Failure)  521578K->251219K(641536K), 0.0054146 secs]
70.689: [GC (Allocation Failure)  529821K->259843K(642048K), 0.0057278 secs]
70.728: [GC (Allocation Failure)  539243K->266019K(632832K), 0.0091223 secs]
70.771: [GC (Allocation Failure)  545066K->280332K(641024K), 0.0100529 secs]
70.813: [GC (Allocation Failure)  557606K->287500K(634368K), 0.0095128 secs]
70.851: [GC (Allocation Failure)  564601K->299340K(640512K), 0.0059639 secs]
70.893: [GC (Allocation Failure)  576408K->305949K(640512K), 0.0089879 secs]
70.935: [GC (Allocation Failure)  583058K->315773K(640512K), 0.0089861 secs]
70.976: [GC (Allocation Failure)  593921K->325933K(641024K), 0.0095764 secs]
71.016: [GC (Allocation Failure)  603979K->332077K(641024K), 0.0060235 secs]
71.056: [GC (Allocation Failure)  609485K->343918K(638464K), 0.0062268 secs]
71.096: [GC (Allocation Failure)  621377K->348990K(641024K), 0.0061262 secs]
71.102: [Full GC (Ergonomics)  348990K->42579K(650752K), 0.0410807 secs]
71.163: [GC (Allocation Failure)  319451K->63124K(650240K), 0.0034618 secs]
71.198: [GC (Allocation Failure)  339656K->68716K(650240K), 0.0052166 secs]
71.240: [GC (Allocation Failure)  345110K->76972K(644608K), 0.0050079 secs]
71.277: [GC (Allocation Failure)  353194K->84604K(649728K), 0.0084190 secs]
71.318: [GC (Allocation Failure)  360823K->95356K(649728K), 0.0052868 secs]
71.356: [GC (Allocation Failure)  371535K->102109K(649728K), 0.0078461 secs]
71.395: [GC (Allocation Failure)  378939K->112781K(650240K), 0.0082365 secs]
71.435: [GC (Allocation Failure)  389720K->123085K(650752K), 0.0051612 secs]
71.474: [GC (Allocation Failure)  400975K->130198K(650752K), 0.0053283 secs]
71.513: [GC (Allocation Failure)  408101K->139926K(650752K), 0.0083601 secs]
71.553: [GC (Allocation Failure)  418446K->147158K(650752K), 0.0042260 secs]
71.593: [GC (Allocation Failure)  425583K->156326K(650752K), 0.0052941 secs]
71.632: [GC (Allocation Failure)  434896K->163047K(651264K), 0.0053963 secs]
71.672: [GC (Allocation Failure)  442032K->171199K(651776K), 0.0053276 secs]
71.711: [GC (Allocation Failure)  450791K->180415K(651776K), 0.0043604 secs]
71.753: [GC (Allocation Failure)  460113K->186655K(651264K), 0.0081262 secs]
71.794: [GC (Allocation Failure)  466023K->198872K(649728K), 0.0053239 secs]
71.832: [GC (Allocation Failure)  478294K->205112K(651776K), 0.0039120 secs]
71.869: [GC (Allocation Failure)  483761K->213224K(647168K), 0.0084176 secs]
71.911: [GC (Allocation Failure)  491758K->220392K(651264K), 0.0085609 secs]
71.948: [GC (Allocation Failure)  499519K->229161K(650752K), 0.0053544 secs]
71.987: [GC (Allocation Failure)  508683K->237825K(652288K), 0.0054014 secs]
72.025: [GC (Allocation Failure)  518928K->246081K(652288K), 0.0087689 secs]
72.064: [GC (Allocation Failure)  527471K->253705K(652288K), 0.0097977 secs]
72.106: [GC (Allocation Failure)  534873K->260874K(652800K), 0.0087592 secs]
72.149: [GC (Allocation Failure)  542017K->271178K(652800K), 0.0052839 secs]
72.186: [GC (Allocation Failure)  552307K->278298K(652800K), 0.0094468 secs]
72.226: [GC (Allocation Failure)  559524K->288570K(652800K), 0.0098214 secs]
72.265: [GC (Allocation Failure)  569769K->295211K(652800K), 0.0058267 secs]
72.306: [GC (Allocation Failure)  576376K->308011K(652800K), 0.0092877 secs]
72.344: [GC (Allocation Failure)  589593K->316267K(652800K), 0.0060759 secs]
72.383: [GC (Allocation Failure)  597533K->323379K(652800K), 0.0094216 secs]
72.422: [GC (Allocation Failure)  604597K->333684K(647680K), 0.0059127 secs]
72.462: [GC (Allocation Failure)  615259K->344380K(651264K), 0.0094910 secs]
72.502: [GC (Allocation Failure)  624661K->347452K(643584K), 0.0153514 secs]
72.544: [GC (Allocation Failure)  627620K->358237K(652288K), 0.0114422 secs]
72.555: [Full GC (Ergonomics)  358237K->42586K(657408K), 0.0397003 secs]
72.614: [GC (Allocation Failure)  322387K->61018K(656896K), 0.0055054 secs]
72.653: [GC (Allocation Failure)  340803K->69274K(656896K), 0.0039260 secs]
72.695: [GC (Allocation Failure)  348902K->77419K(656896K), 0.0081073 secs]
72.733: [GC (Allocation Failure)  357356K->87723K(656896K), 0.0052511 secs]
72.773: [GC (Allocation Failure)  367857K->94339K(656896K), 0.0037967 secs]
72.810: [GC (Allocation Failure)  374865K->104579K(656896K), 0.0085775 secs]
72.852: [GC (Allocation Failure)  386100K->114372K(657408K), 0.0094223 secs]
72.893: [GC (Allocation Failure)  395923K->120476K(657920K), 0.0067056 secs]
72.932: [GC (Allocation Failure)  401992K->130268K(657920K), 0.0083742 secs]
72.973: [GC (Allocation Failure)  411426K->138420K(656896K), 0.0051918 secs]
73.011: [GC (Allocation Failure)  419512K->147125K(657408K), 0.0043045 secs]
73.048: [GC (Allocation Failure)  428592K->157461K(657920K), 0.0050847 secs]
73.086: [GC (Allocation Failure)  439572K->167109K(657920K), 0.0081727 secs]
73.125: [GC (Allocation Failure)  448722K->176390K(657920K), 0.0088387 secs]
73.166: [GC (Allocation Failure)  457633K->183510K(652288K), 0.0083080 secs]
73.206: [GC (Allocation Failure)  465080K->195286K(656896K), 0.0088535 secs]
73.246: [GC (Allocation Failure)  476344K->204566K(657408K), 0.0089163 secs]
73.288: [GC (Allocation Failure)  485171K->212719K(656896K), 0.0054861 secs]
73.326: [GC (Allocation Failure)  493869K->223535K(657408K), 0.0054466 secs]
73.365: [GC (Allocation Failure)  504734K->228095K(656384K), 0.0051286 secs]
73.404: [GC (Allocation Failure)  507599K->240896K(656896K), 0.0086678 secs]
73.442: [GC (Allocation Failure)  519952K->248160K(655872K), 0.0058387 secs]
73.482: [GC (Allocation Failure)  527671K->257288K(656384K), 0.0090972 secs]
73.522: [GC (Allocation Failure)  536486K->266536K(657408K), 0.0087397 secs]
73.562: [GC (Allocation Failure)  547428K->276753K(657408K), 0.0087851 secs]
73.601: [GC (Allocation Failure)  557398K->285457K(655872K), 0.0061657 secs]
73.640: [GC (Allocation Failure)  564943K->291153K(656896K), 0.0091756 secs]
73.679: [GC (Allocation Failure)  570653K->298785K(656384K), 0.0057905 secs]
73.716: [GC (Allocation Failure)  578842K->308514K(656896K), 0.0092182 secs]
73.754: [GC (Allocation Failure)  588487K->315746K(657408K), 0.0060178 secs]
73.795: [GC (Allocation Failure)  595886K->327474K(657408K), 0.0095787 secs]
73.835: [GC (Allocation Failure)  607616K->335250K(657408K), 0.0089718 secs]
73.874: [GC (Allocation Failure)  615696K->342843K(652800K), 0.0093706 secs]
73.915: [GC (Allocation Failure)  622995K->352059K(656896K), 0.0101484 secs]
73.955: [GC (Allocation Failure)  632129K->360315K(656896K), 0.0092402 secs]
73.993: [GC (Allocation Failure)  640385K->366419K(657920K), 0.0090783 secs]
74.003: [Full GC (Ergonomics)  366419K->42592K(664576K), 0.0391509 secs]
74.062: [GC (Allocation Failure)  323874K->62624K(664064K), 0.0072577 secs]
74.100: [GC (Allocation Failure)  343876K->69753K(664064K), 0.0062359 secs]
74.141: [GC (Allocation Failure)  350147K->76473K(664064K), 0.0059467 secs]
74.177: [GC (Allocation Failure)  356775K->87177K(664064K), 0.0063797 secs]
74.218: [GC (Allocation Failure)  367453K->96393K(659456K), 0.0085397 secs]
74.254: [GC (Allocation Failure)  376818K->105162K(663552K), 0.0085248 secs]
74.293: [GC (Allocation Failure)  385571K->113306K(663552K), 0.0055725 secs]
74.333: [GC (Allocation Failure)  393721K->121594K(664064K), 0.0054352 secs]
74.371: [GC (Allocation Failure)  403138K->131755K(664064K), 0.0083492 secs]
74.409: [GC (Allocation Failure)  412872K->138411K(665088K), 0.0053308 secs]
74.450: [GC (Allocation Failure)  420987K->147691K(661504K), 0.0081399 secs]
74.486: [GC (Allocation Failure)  429804K->157875K(664576K), 0.0088749 secs]
74.525: [GC (Allocation Failure)  440075K->164596K(664576K), 0.0081097 secs]
74.563: [GC (Allocation Failure)  447072K->173260K(664576K), 0.0056709 secs]
74.601: [GC (Allocation Failure)  455916K->179404K(665088K), 0.0055722 secs]
74.638: [GC (Allocation Failure)  462422K->186668K(665088K), 0.0063652 secs]
74.678: [GC (Allocation Failure)  469367K->193756K(665088K), 0.0055381 secs]
74.718: [GC (Allocation Failure)  476479K->204509K(665088K), 0.0073471 secs]
74.757: [GC (Allocation Failure)  486707K->215325K(664064K), 0.0059760 secs]
74.795: [GC (Allocation Failure)  497792K->222957K(665088K), 0.0089731 secs]
74.833: [GC (Allocation Failure)  504572K->230670K(664576K), 0.0089274 secs]
74.871: [GC (Allocation Failure)  512416K->241398K(664064K), 0.0097959 secs]
74.911: [GC (Allocation Failure)  522600K->250102K(662528K), 0.0081548 secs]
74.948: [GC (Allocation Failure)  531554K->257334K(664064K), 0.0057109 secs]
74.988: [GC (Allocation Failure)  537820K->264967K(659456K), 0.0090055 secs]
75.025: [GC (Allocation Failure)  545043K->274759K(663552K), 0.0089736 secs]
75.065: [GC (Allocation Failure)  554869K->283919K(663552K), 0.0096984 secs]
75.104: [GC (Allocation Failure)  564484K->293647K(664064K), 0.0092504 secs]
75.143: [GC (Allocation Failure)  575727K->303408K(664064K), 0.0100857 secs]
75.181: [GC (Allocation Failure)  585468K->310560K(665088K), 0.0097093 secs]
75.220: [GC (Allocation Failure)  593608K->320800K(665088K), 0.0060222 secs]
75.258: [GC (Allocation Failure)  603909K->330081K(665600K), 0.0088156 secs]
75.298: [GC (Allocation Failure)  613238K->337193K(665600K), 0.0098720 secs]
75.338: [GC (Allocation Failure)  620352K->347977K(663552K), 0.0059120 secs]
75.379: [GC (Allocation Failure)  629568K->355649K(664576K), 0.0062890 secs]
75.416: [GC (Allocation Failure)  637038K->362306K(664064K), 0.0089988 secs]
75.455: [GC (Allocation Failure)  643860K->372098K(664576K), 0.0064382 secs]
75.461: [Full GC (Ergonomics)  372098K->42086K(671744K), 0.0400614 secs]
75.520: [GC (Allocation Failure)  323466K->60519K(671232K), 0.0067328 secs]
75.556: [GC (Allocation Failure)  341652K->69287K(671744K), 0.0039440 secs]
75.597: [GC (Allocation Failure)  350724K->74367K(671232K), 0.0046649 secs]
75.631: [GC (Allocation Failure)  355558K->86720K(671744K), 0.0048785 secs]
75.671: [GC (Allocation Failure)  368100K->93840K(670720K), 0.0052768 secs]
75.709: [GC (Allocation Failure)  375127K->102544K(671232K), 0.0082934 secs]
75.747: [GC (Allocation Failure)  384037K->109265K(670720K), 0.0045842 secs]
75.785: [GC (Allocation Failure)  389654K->117921K(671232K), 0.0040163 secs]
75.821: [GC (Allocation Failure)  398402K->127201K(671232K), 0.0088609 secs]
75.859: [GC (Allocation Failure)  408096K->134321K(671232K), 0.0086234 secs]
75.896: [GC (Allocation Failure)  415204K->144562K(671744K), 0.0056714 secs]
75.933: [GC (Allocation Failure)  425651K->149746K(663552K), 0.0052762 secs]
75.970: [GC (Allocation Failure)  431153K->161986K(671232K), 0.0051885 secs]
76.009: [GC (Allocation Failure)  442412K->168642K(667136K), 0.0052856 secs]
76.045: [GC (Allocation Failure)  448970K->175843K(670720K), 0.0052623 secs]
76.082: [GC (Allocation Failure)  456287K->185563K(670720K), 0.0052412 secs]
76.119: [GC (Allocation Failure)  465923K->193243K(671232K), 0.0089897 secs]
76.153: [GC (Allocation Failure)  473341K->198395K(661504K), 0.0055159 secs]
76.191: [GC (Allocation Failure)  478726K->210156K(671232K), 0.0052534 secs]
76.227: [GC (Allocation Failure)  490206K->218924K(670720K), 0.0057870 secs]
76.265: [GC (Allocation Failure)  498879K->226556K(670720K), 0.0090597 secs]
76.301: [GC (Allocation Failure)  506507K->236284K(670720K), 0.0058397 secs]
76.339: [GC (Allocation Failure)  515868K->248637K(669184K), 0.0091055 secs]
76.376: [GC (Allocation Failure)  526919K->254221K(670208K), 0.0088682 secs]
76.414: [GC (Allocation Failure)  532632K->264461K(668672K), 0.0089607 secs]
76.452: [GC (Allocation Failure)  543320K->272685K(669696K), 0.0056285 secs]
76.490: [GC (Allocation Failure)  551589K->284958K(668160K), 0.0075368 secs]
76.526: [GC (Allocation Failure)  562280K->289150K(669696K), 0.0054459 secs]
76.562: [GC (Allocation Failure)  566544K->300334K(668160K), 0.0047545 secs]
76.599: [GC (Allocation Failure)  578059K->307503K(669184K), 0.0040533 secs]
76.633: [GC (Allocation Failure)  585301K->317327K(670208K), 0.0059033 secs]
76.669: [GC (Allocation Failure)  597115K->326463K(670720K), 0.0052442 secs]
76.705: [GC (Allocation Failure)  606497K->336191K(671232K), 0.0089786 secs]
76.743: [GC (Allocation Failure)  617223K->343392K(671232K), 0.0097635 secs]
76.778: [GC (Allocation Failure)  624416K->352592K(671232K), 0.0097267 secs]
76.819: [GC (Allocation Failure)  634183K->364368K(671232K), 0.0057726 secs]
76.856: [GC (Allocation Failure)  645467K->370032K(671232K), 0.0102769 secs]
76.895: [GC (Allocation Failure)  650605K->376673K(671232K), 0.0146494 secs]
76.909: [Full GC (Ergonomics)  376673K->42093K(679936K), 0.0365836 secs]
76.966: [GC (Allocation Failure)  322309K->56493K(679936K), 0.0032935 secs]
77.002: [GC (Allocation Failure)  337023K->68742K(675840K), 0.0052763 secs]
77.039: [GC (Allocation Failure)  349072K->74950K(679424K), 0.0049516 secs]
77.073: [GC (Allocation Failure)  355190K->84622K(679424K), 0.0089018 secs]
77.114: [GC (Allocation Failure)  364839K->92814K(679424K), 0.0045159 secs]
77.151: [GC (Allocation Failure)  374096K->102095K(679936K), 0.0053244 secs]
77.189: [GC (Allocation Failure)  383408K->109735K(680448K), 0.0052667 secs]
77.226: [GC (Allocation Failure)  391542K->119015K(680448K), 0.0051683 secs]
77.262: [GC (Allocation Failure)  400941K->127671K(679936K), 0.0042462 secs]
77.299: [GC (Allocation Failure)  409644K->133815K(680448K), 0.0038236 secs]
77.336: [GC (Allocation Failure)  415729K->143608K(679936K), 0.0038294 secs]
77.374: [GC (Allocation Failure)  426052K->152256K(680448K), 0.0054848 secs]
77.412: [GC (Allocation Failure)  434701K->159424K(680960K), 0.0053422 secs]
77.448: [GC (Allocation Failure)  441868K->170241K(680960K), 0.0053340 secs]
77.484: [GC (Allocation Failure)  452645K->176849K(680960K), 0.0052208 secs]
77.522: [GC (Allocation Failure)  459400K->188177K(676864K), 0.0055471 secs]
77.557: [GC (Allocation Failure)  470725K->197337K(679936K), 0.0086175 secs]
77.594: [GC (Allocation Failure)  479303K->203482K(680448K), 0.0052014 secs]
77.632: [GC (Allocation Failure)  485394K->212250K(680960K), 0.0089584 secs]
77.668: [GC (Allocation Failure)  494932K->225002K(680960K), 0.0058890 secs]
77.704: [GC (Allocation Failure)  507921K->233195K(679936K), 0.0092263 secs]
77.742: [GC (Allocation Failure)  514749K->239435K(680448K), 0.0065270 secs]
77.778: [GC (Allocation Failure)  520808K->248067K(680448K), 0.0085290 secs]
77.818: [GC (Allocation Failure)  530009K->259843K(679936K), 0.0091341 secs]
77.854: [GC (Allocation Failure)  541928K->266052K(680448K), 0.0057548 secs]
77.892: [GC (Allocation Failure)  547029K->275732K(679936K), 0.0062344 secs]
77.931: [GC (Allocation Failure)  556680K->283476K(679936K), 0.0090154 secs]
77.966: [GC (Allocation Failure)  564379K->290076K(679936K), 0.0084231 secs]
78.005: [GC (Allocation Failure)  570845K->299293K(679936K), 0.0056899 secs]
78.041: [GC (Allocation Failure)  580722K->308061K(679936K), 0.0089953 secs]
78.080: [GC (Allocation Failure)  589481K->317741K(680448K), 0.0095849 secs]
78.117: [GC (Allocation Failure)  600208K->326957K(680448K), 0.0058646 secs]
78.153: [GC (Allocation Failure)  609420K->335726K(680960K), 0.0060300 secs]
78.191: [GC (Allocation Failure)  619158K->342854K(680960K), 0.0060465 secs]
78.229: [GC (Allocation Failure)  626332K->353190K(680960K), 0.0058966 secs]
78.266: [GC (Allocation Failure)  636746K->364887K(681472K), 0.0066702 secs]
78.303: [GC (Allocation Failure)  648371K->371031K(680448K), 0.0064581 secs]
78.340: [GC (Allocation Failure)  653498K->379799K(680960K), 0.0107792 secs]
78.376: [GC (Allocation Failure)  662297K->386919K(680960K), 0.0120988 secs]
78.389: [Full GC (Ergonomics)  386919K->42099K(686592K), 0.0426580 secs]
78.452: [GC (Allocation Failure)  324396K->60084K(686592K), 0.0044098 secs]
78.488: [GC (Allocation Failure)  342228K->68236K(686592K), 0.0052903 secs]
78.528: [GC (Allocation Failure)  350650K->75948K(681984K), 0.0037767 secs]
78.562: [GC (Allocation Failure)  358167K->86173K(686080K), 0.0054480 secs]
78.600: [GC (Allocation Failure)  368789K->94429K(686080K), 0.0065991 secs]
78.636: [GC (Allocation Failure)  376706K->102621K(687104K), 0.0084575 secs]
78.672: [GC (Allocation Failure)  385912K->112814K(684032K), 0.0052343 secs]
78.710: [GC (Allocation Failure)  396153K->120494K(686592K), 0.0040592 secs]
78.747: [GC (Allocation Failure)  403891K->130830K(686592K), 0.0040018 secs]
78.783: [GC (Allocation Failure)  414393K->136390K(687104K), 0.0038743 secs]
78.820: [GC (Allocation Failure)  419792K->146119K(687104K), 0.0037739 secs]
78.855: [GC (Allocation Failure)  429546K->154343K(686080K), 0.0053399 secs]
78.890: [GC (Allocation Failure)  437735K->164055K(686592K), 0.0086579 secs]
78.928: [GC (Allocation Failure)  447636K->170295K(687104K), 0.0052284 secs]
78.964: [GC (Allocation Failure)  453741K->182512K(686080K), 0.0053682 secs]
79.003: [GC (Allocation Failure)  465949K->188144K(686592K), 0.0041141 secs]
79.037: [GC (Allocation Failure)  470690K->201488K(686592K), 0.0089197 secs]
79.075: [GC (Allocation Failure)  483976K->206592K(684544K), 0.0053914 secs]
79.112: [GC (Allocation Failure)  486835K->215809K(685568K), 0.0054272 secs]
79.147: [GC (Allocation Failure)  496202K->225057K(685056K), 0.0057877 secs]
79.183: [GC (Allocation Failure)  505813K->235273K(685568K), 0.0089979 secs]
79.220: [GC (Allocation Failure)  516099K->245578K(686080K), 0.0053996 secs]
79.257: [GC (Allocation Failure)  527517K->254778K(686080K), 0.0053203 secs]
79.295: [GC (Allocation Failure)  536765K->262946K(686080K), 0.0096044 secs]
79.332: [GC (Allocation Failure)  545337K->269634K(686080K), 0.0054878 secs]
79.368: [GC (Allocation Failure)  551979K->279859K(687104K), 0.0088385 secs]
79.407: [GC (Allocation Failure)  563404K->284979K(687104K), 0.0052266 secs]
79.443: [GC (Allocation Failure)  568237K->296819K(687104K), 0.0066151 secs]
79.477: [GC (Allocation Failure)  580331K->305475K(687104K), 0.0054604 secs]
79.513: [GC (Allocation Failure)  588882K->313668K(686080K), 0.0060592 secs]
79.549: [GC (Allocation Failure)  597224K->319908K(686592K), 0.0082350 secs]
79.584: [GC (Allocation Failure)  603449K->330068K(687616K), 0.0085214 secs]
79.623: [GC (Allocation Failure)  614602K->338292K(687616K), 0.0101439 secs]
79.661: [GC (Allocation Failure)  622806K->346973K(687616K), 0.0101037 secs]
79.698: [GC (Allocation Failure)  631585K->357725K(683520K), 0.0041150 secs]
79.735: [GC (Allocation Failure)  642116K->366973K(687104K), 0.0086559 secs]
79.770: [GC (Allocation Failure)  651523K->376686K(687104K), 0.0094311 secs]
79.805: [GC (Allocation Failure)  661181K->384366K(687616K), 0.0059898 secs]
79.844: [GC (Allocation Failure)  669284K->392622K(687616K), 0.0178042 secs]
79.862: [Full GC (Ergonomics)  392622K->41394K(694272K), 0.0388365 secs]
79.921: [GC (Allocation Failure)  326173K->59890K(693248K), 0.0044965 secs]
79.954: [GC (Allocation Failure)  343198K->67010K(693760K), 0.0052543 secs]
79.995: [GC (Allocation Failure)  350508K->73667K(693760K), 0.0076341 secs]
80.027: [GC (Allocation Failure)  357288K->86019K(691200K), 0.0156682 secs]
80.066: [GC (Allocation Failure)  369436K->92115K(693760K), 0.0081865 secs]
80.103: [GC (Allocation Failure)  374835K->100819K(693248K), 0.0083027 secs]
80.141: [GC (Allocation Failure)  383660K->110100K(693248K), 0.0084157 secs]
80.177: [GC (Allocation Failure)  393579K->118252K(693248K), 0.0054337 secs]
80.214: [GC (Allocation Failure)  401503K->128492K(693248K), 0.0084797 secs]
80.250: [GC (Allocation Failure)  412863K->136781K(693760K), 0.0083798 secs]
80.286: [GC (Allocation Failure)  421245K->147453K(694272K), 0.0054857 secs]
80.323: [GC (Allocation Failure)  432365K->155709K(694272K), 0.0085320 secs]
80.358: [GC (Allocation Failure)  440704K->164357K(693760K), 0.0084201 secs]
80.396: [GC (Allocation Failure)  449934K->173574K(694272K), 0.0083857 secs]
80.433: [GC (Allocation Failure)  459006K->183366K(695296K), 0.0084718 secs]
80.470: [GC (Allocation Failure)  469911K->190998K(692224K), 0.0083998 secs]
80.507: [GC (Allocation Failure)  477525K->200726K(693760K), 0.0085966 secs]
80.545: [GC (Allocation Failure)  486129K->207991K(694784K), 0.0055774 secs]
80.580: [GC (Allocation Failure)  493619K->217135K(694272K), 0.0056499 secs]
80.616: [GC (Allocation Failure)  503081K->225839K(694784K), 0.0057524 secs]
80.653: [GC (Allocation Failure)  511959K->236688K(695296K), 0.0053539 secs]
80.688: [GC (Allocation Failure)  523152K->243776K(694784K), 0.0054044 secs]
80.724: [GC (Allocation Failure)  530411K->249504K(693760K), 0.0066331 secs]
80.761: [GC (Allocation Failure)  534008K->258640K(694272K), 0.0077724 secs]
80.798: [GC (Allocation Failure)  543167K->267345K(693248K), 0.0081035 secs]
80.834: [GC (Allocation Failure)  551787K->275601K(693760K), 0.0080746 secs]
80.869: [GC (Allocation Failure)  560063K->286313K(693760K), 0.0050731 secs]
80.905: [GC (Allocation Failure)  570597K->292457K(694272K), 0.0082633 secs]
80.941: [GC (Allocation Failure)  576960K->299689K(694272K), 0.0074865 secs]
80.976: [GC (Allocation Failure)  584236K->311922K(693248K), 0.0087081 secs]
81.013: [GC (Allocation Failure)  596329K->317554K(693760K), 0.0084010 secs]
81.049: [GC (Allocation Failure)  600500K->325298K(687616K), 0.0091257 secs]
81.085: [GC (Allocation Failure)  608310K->334467K(692736K), 0.0083970 secs]
81.120: [GC (Allocation Failure)  617353K->346339K(692736K), 0.0054494 secs]
81.155: [GC (Allocation Failure)  629012K->350875K(693760K), 0.0058263 secs]
81.191: [GC (Allocation Failure)  633832K->361115K(693248K), 0.0084988 secs]
81.226: [GC (Allocation Failure)  644129K->367836K(693248K), 0.0086447 secs]
81.263: [GC (Allocation Failure)  650847K->379060K(693248K), 0.0055440 secs]
81.298: [GC (Allocation Failure)  661781K->385716K(693248K), 0.0091351 secs]
81.334: [GC (Allocation Failure)  668165K->392980K(686080K), 0.0124515 secs]
81.346: [Full GC (Ergonomics)  392980K->40455K(693248K), 0.0379460 secs]
81.404: [GC (Allocation Failure)  322583K->56840K(699392K), 0.0034109 secs]
81.433: [GC (Allocation Failure)  338880K->65096K(699904K), 0.0084311 secs]
81.473: [GC (Allocation Failure)  346864K->72216K(699392K), 0.0078867 secs]
81.505: [GC (Allocation Failure)  354762K->78873K(699904K), 0.0049231 secs]
81.541: [GC (Allocation Failure)  361003K->88665K(700928K), 0.0037302 secs]
81.577: [GC (Allocation Failure)  371873K->95785K(700928K), 0.0039709 secs]
81.611: [GC (Allocation Failure)  379046K->104489K(700928K), 0.0081370 secs]
81.645: [GC (Allocation Failure)  387884K->114282K(696832K), 0.0052680 secs]
81.681: [GC (Allocation Failure)  397801K->121402K(700416K), 0.0081512 secs]
81.716: [GC (Allocation Failure)  404802K->130618K(700416K), 0.0071631 secs]
81.752: [GC (Allocation Failure)  413896K->138330K(699392K), 0.0082512 secs]
81.789: [GC (Allocation Failure)  420599K->144451K(700416K), 0.0090241 secs]
81.825: [GC (Allocation Failure)  426833K->153219K(698880K), 0.0083279 secs]
81.860: [GC (Allocation Failure)  436070K->159827K(699904K), 0.0078242 secs]
81.895: [GC (Allocation Failure)  442611K->168531K(700928K), 0.0080340 secs]
81.932: [GC (Allocation Failure)  453495K->178836K(701440K), 0.0087551 secs]
81.968: [GC (Allocation Failure)  463754K->182380K(701440K), 0.0051230 secs]
82.002: [GC (Allocation Failure)  466860K->194156K(701440K), 0.0063339 secs]
82.037: [GC (Allocation Failure)  478560K->200364K(701440K), 0.0082431 secs]
82.073: [GC (Allocation Failure)  484789K->209021K(694784K), 0.0053419 secs]
82.107: [GC (Allocation Failure)  493443K->218237K(701440K), 0.0054874 secs]
82.142: [GC (Allocation Failure)  503216K->224925K(700928K), 0.0081085 secs]
82.178: [GC (Allocation Failure)  509876K->233101K(701952K), 0.0079842 secs]
82.214: [GC (Allocation Failure)  519069K->242830K(701952K), 0.0053639 secs]
82.249: [GC (Allocation Failure)  528818K->250030K(701440K), 0.0090000 secs]
82.288: [GC (Allocation Failure)  536557K->258726K(701952K), 0.0094414 secs]
82.325: [GC (Allocation Failure)  545442K->265446K(701952K), 0.0081148 secs]
82.371: [GC (Allocation Failure)  552929K->275127K(702464K), 0.0086710 secs]
82.400: [GC (Allocation Failure)  562856K->284343K(702464K), 0.0053531 secs]
82.436: [GC (Allocation Failure)  571767K->289527K(702976K), 0.0080446 secs]
82.474: [GC (Allocation Failure)  577043K->298183K(701952K), 0.0083837 secs]
82.509: [GC (Allocation Failure)  585791K->307400K(702464K), 0.0085533 secs]
82.545: [GC (Allocation Failure)  594863K->314600K(703488K), 0.0081916 secs]
82.581: [GC (Allocation Failure)  603111K->323288K(698880K), 0.0084684 secs]
82.617: [GC (Allocation Failure)  611865K->332504K(701952K), 0.0081579 secs]
82.653: [GC (Allocation Failure)  620152K->339225K(702976K), 0.0085719 secs]
82.689: [GC (Allocation Failure)  626720K->348393K(702464K), 0.0084692 secs]
82.726: [GC (Allocation Failure)  636519K->355593K(702976K), 0.0087346 secs]
82.762: [GC (Allocation Failure)  643612K->363777K(703488K), 0.0056449 secs]
82.796: [GC (Allocation Failure)  652408K->370434K(700928K), 0.0086934 secs]
82.833: [GC (Allocation Failure)  659091K->377698K(702976K), 0.0090214 secs]
82.868: [GC (Allocation Failure)  666360K->387346K(702976K), 0.0084646 secs]
82.904: [GC (Allocation Failure)  676015K->395026K(702976K), 0.0051450 secs]
82.939: [GC (Allocation Failure)  683533K->400722K(703488K), 0.0141706 secs]
82.953: [Full GC (Ergonomics)  400722K->38927K(707584K), 0.0409052 secs]
83.014: [GC (Allocation Failure)  327300K->55823K(706560K), 0.0063119 secs]
83.046: [GC (Allocation Failure)  343165K->62031K(707072K), 0.0077927 secs]
83.088: [GC (Allocation Failure)  349618K->69655K(707072K), 0.0073911 secs]
83.120: [GC (Allocation Failure)  357347K->77336K(707072K), 0.0080478 secs]
83.157: [GC (Allocation Failure)  364668K->85592K(706048K), 0.0082780 secs]
83.194: [GC (Allocation Failure)  373043K->92712K(706560K), 0.0083570 secs]
83.228: [GC (Allocation Failure)  380023K->101960K(706560K), 0.0081140 secs]
83.266: [GC (Allocation Failure)  389356K->108097K(707072K), 0.0049518 secs]
83.300: [GC (Allocation Failure)  395468K->115265K(707072K), 0.0073881 secs]
83.334: [GC (Allocation Failure)  403279K->125057K(707072K), 0.0078176 secs]
83.370: [GC (Allocation Failure)  413050K->133201K(706560K), 0.0080720 secs]
83.407: [GC (Allocation Failure)  421881K->139858K(707072K), 0.0077226 secs]
83.442: [GC (Allocation Failure)  428417K->148626K(707072K), 0.0084385 secs]
83.481: [GC (Allocation Failure)  437142K->153706K(707584K), 0.0050057 secs]
83.515: [GC (Allocation Failure)  442136K->161898K(707584K), 0.0050674 secs]
83.551: [GC (Allocation Failure)  450385K->170667K(704512K), 0.0080751 secs]
83.587: [GC (Allocation Failure)  459341K->177779K(707072K), 0.0082374 secs]
83.623: [GC (Allocation Failure)  466342K->186035K(707072K), 0.0081044 secs]
83.659: [GC (Allocation Failure)  474536K->190083K(707584K), 0.0052963 secs]
83.696: [GC (Allocation Failure)  478628K->199811K(707584K), 0.0056402 secs]
83.730: [GC (Allocation Failure)  488294K->208068K(706560K), 0.0081631 secs]
83.765: [GC (Allocation Failure)  496716K->215180K(707072K), 0.0077755 secs]
83.801: [GC (Allocation Failure)  503822K->222860K(708096K), 0.0083082 secs]
83.837: [GC (Allocation Failure)  512484K->230092K(708096K), 0.0077909 secs]
83.872: [GC (Allocation Failure)  519585K->236701K(708096K), 0.0081956 secs]
83.909: [GC (Allocation Failure)  526301K->245405K(708096K), 0.0081481 secs]
83.944: [GC (Allocation Failure)  534965K->254141K(707072K), 0.0083732 secs]
83.981: [GC (Allocation Failure)  542756K->259245K(707584K), 0.0081613 secs]
84.016: [GC (Allocation Failure)  547816K->269998K(707584K), 0.0052690 secs]
84.049: [GC (Allocation Failure)  558442K->276718K(707584K), 0.0080054 secs]
84.084: [GC (Allocation Failure)  565333K->285886K(706560K), 0.0085870 secs]
84.120: [GC (Allocation Failure)  574499K->295678K(707072K), 0.0058040 secs]
84.156: [GC (Allocation Failure)  584158K->299734K(706560K), 0.0052008 secs]
84.190: [GC (Allocation Failure)  587248K->310487K(706048K), 0.0086265 secs]
84.225: [GC (Allocation Failure)  597912K->314615K(706560K), 0.0067495 secs]
84.262: [GC (Allocation Failure)  601047K->325359K(701440K), 0.0046190 secs]
84.295: [GC (Allocation Failure)  611815K->331503K(706048K), 0.0050196 secs]
84.329: [GC (Allocation Failure)  617861K->338736K(706048K), 0.0080392 secs]
84.365: [GC (Allocation Failure)  625220K->344832K(706560K), 0.0082275 secs]
84.401: [GC (Allocation Failure)  632378K->354560K(706560K), 0.0086115 secs]
84.437: [GC (Allocation Failure)  642043K->361280K(707072K), 0.0052054 secs]
84.471: [GC (Allocation Failure)  649298K->367377K(707072K), 0.0080388 secs]
84.506: [GC (Allocation Failure)  655343K->376593K(707584K), 0.0085153 secs]
84.540: [GC (Allocation Failure)  665269K->385361K(707584K), 0.0086415 secs]
84.578: [GC (Allocation Failure)  673787K->393497K(706560K), 0.0088975 secs]
84.613: [GC (Allocation Failure)  681929K->401690K(707072K), 0.0060971 secs]
84.648: [GC (Allocation Failure)  690242K->409946K(707072K), 0.0172103 secs]
84.665: [Full GC (Ergonomics)  409946K->39446K(713728K), 0.0381918 secs]
84.724: [GC (Allocation Failure)  329220K->54359K(714240K), 0.0062798 secs]
84.754: [GC (Allocation Failure)  343726K->62495K(714752K), 0.0050510 secs]
84.793: [GC (Allocation Failure)  351901K->68639K(714752K), 0.0037823 secs]
84.825: [GC (Allocation Failure)  358267K->78911K(713728K), 0.0082031 secs]
84.859: [GC (Allocation Failure)  367214K->85039K(714240K), 0.0078107 secs]
84.896: [GC (Allocation Failure)  373554K->92208K(714240K), 0.0047390 secs]
84.931: [GC (Allocation Failure)  381051K->101008K(714240K), 0.0045203 secs]
84.964: [GC (Allocation Failure)  389900K->108608K(714752K), 0.0044678 secs]
84.999: [GC (Allocation Failure)  397900K->115776K(714752K), 0.0078313 secs]
85.032: [GC (Allocation Failure)  405292K->122977K(713728K), 0.0076227 secs]
85.069: [GC (Allocation Failure)  412664K->132169K(714240K), 0.0082887 secs]
85.104: [GC (Allocation Failure)  421683K->138313K(714240K), 0.0076296 secs]
85.138: [GC (Allocation Failure)  427688K->145577K(714752K), 0.0045351 secs]
85.173: [GC (Allocation Failure)  435194K->153682K(714752K), 0.0082382 secs]
85.207: [GC (Allocation Failure)  443766K->158802K(714752K), 0.0076502 secs]
85.241: [GC (Allocation Failure)  448888K->168594K(714752K), 0.0080998 secs]
85.278: [GC (Allocation Failure)  459246K->175714K(714752K), 0.0077862 secs]
85.313: [GC (Allocation Failure)  466360K->181346K(715264K), 0.0082825 secs]
85.348: [GC (Allocation Failure)  471969K->188547K(715264K), 0.0085116 secs]
85.382: [GC (Allocation Failure)  479189K->194163K(715264K), 0.0075962 secs]
85.417: [GC (Allocation Failure)  484675K->200819K(708096K), 0.0080657 secs]
85.450: [GC (Allocation Failure)  491504K->213139K(712704K), 0.0085399 secs]
85.488: [GC (Allocation Failure)  500466K->218748K(713728K), 0.0090587 secs]
85.521: [GC (Allocation Failure)  506230K->225980K(713216K), 0.0077312 secs]
85.556: [GC (Allocation Failure)  513943K->233092K(713728K), 0.0080348 secs]
85.591: [GC (Allocation Failure)  521097K->242308K(714240K), 0.0088964 secs]
85.624: [GC (Allocation Failure)  531390K->251077K(714240K), 0.0083930 secs]
85.661: [GC (Allocation Failure)  540009K->256661K(714240K), 0.0078519 secs]
85.694: [GC (Allocation Failure)  545751K->266389K(714240K), 0.0086623 secs]
85.729: [GC (Allocation Failure)  555476K->271573K(714240K), 0.0081765 secs]
85.762: [GC (Allocation Failure)  561059K->281253K(714240K), 0.0084677 secs]
85.796: [GC (Allocation Failure)  570860K->287910K(714752K), 0.0085312 secs]
85.831: [GC (Allocation Failure)  577470K->296166K(714752K), 0.0081977 secs]
85.865: [GC (Allocation Failure)  585787K->302766K(714752K), 0.0082806 secs]
85.901: [GC (Allocation Failure)  592297K->311470K(714752K), 0.0085227 secs]
85.936: [GC (Allocation Failure)  601079K->318159K(713728K), 0.0093158 secs]
85.972: [GC (Allocation Failure)  607666K->325311K(714240K), 0.0082694 secs]
86.005: [GC (Allocation Failure)  614959K->334015K(714752K), 0.0053885 secs]
86.041: [GC (Allocation Failure)  623967K->341727K(714752K), 0.0094416 secs]
86.074: [GC (Allocation Failure)  631723K->348872K(714240K), 0.0085211 secs]
86.110: [GC (Allocation Failure)  638410K->355016K(714752K), 0.0057745 secs]
86.145: [GC (Allocation Failure)  644599K->361704K(714752K), 0.0091920 secs]
86.181: [GC (Allocation Failure)  651773K->369872K(714752K), 0.0097429 secs]
86.217: [GC (Allocation Failure)  659946K->376528K(715264K), 0.0094278 secs]
86.252: [GC (Allocation Failure)  667028K->385809K(714752K), 0.0109142 secs]
86.287: [GC (Allocation Failure)  676430K->392417K(713728K), 0.0083781 secs]
86.320: [GC (Allocation Failure)  680816K->399137K(714240K), 0.0048831 secs]
86.357: [GC (Allocation Failure)  687536K->406769K(713216K), 0.0085665 secs]
86.392: [GC (Allocation Failure)  695758K->412913K(713728K), 0.0090740 secs]
86.401: [Full GC (Ergonomics)  412913K->38430K(720896K), 0.0390429 secs]
86.460: [GC (Allocation Failure)  327606K->52830K(721920K), 0.0030976 secs]
86.487: [GC (Allocation Failure)  342298K->60974K(721920K), 0.0037031 secs]
86.530: [GC (Allocation Failure)  350285K->67183K(721920K), 0.0064692 secs]
86.557: [GC (Allocation Failure)  356970K->77375K(719872K), 0.0076951 secs]
86.594: [GC (Allocation Failure)  366684K->84031K(721920K), 0.0075611 secs]
86.627: [GC (Allocation Failure)  372818K->92799K(721408K), 0.0078146 secs]
86.661: [GC (Allocation Failure)  381634K->100944K(721408K), 0.0076878 secs]
86.698: [GC (Allocation Failure)  389832K->108624K(721408K), 0.0055059 secs]
86.730: [GC (Allocation Failure)  397787K->113808K(721408K), 0.0035190 secs]
86.764: [GC (Allocation Failure)  403290K->122976K(721408K), 0.0036868 secs]
86.799: [GC (Allocation Failure)  412333K->130144K(721408K), 0.0072694 secs]
86.832: [GC (Allocation Failure)  420634K->138369K(721920K), 0.0078539 secs]
86.867: [GC (Allocation Failure)  428876K->146553K(722944K), 0.0046634 secs]
86.901: [GC (Allocation Failure)  438082K->154745K(721408K), 0.0078559 secs]
86.935: [GC (Allocation Failure)  446439K->161433K(722432K), 0.0077985 secs]
86.971: [GC (Allocation Failure)  451820K->170634K(722432K), 0.0047743 secs]
87.005: [GC (Allocation Failure)  461040K->175754K(721408K), 0.0077073 secs]
87.037: [GC (Allocation Failure)  465219K->181930K(721920K), 0.0050245 secs]
87.071: [GC (Allocation Failure)  471438K->187546K(721408K), 0.0072390 secs]
87.103: [GC (Allocation Failure)  477129K->196250K(721920K), 0.0076044 secs]
87.139: [GC (Allocation Failure)  485756K->203995K(721408K), 0.0042886 secs]
87.172: [GC (Allocation Failure)  493435K->210603K(720384K), 0.0052021 secs]
87.206: [GC (Allocation Failure)  499977K->215211K(721920K), 0.0076138 secs]
87.238: [GC (Allocation Failure)  504344K->223467K(721408K), 0.0049341 secs]
87.273: [GC (Allocation Failure)  512392K->231108K(721408K), 0.0052234 secs]
87.307: [GC (Allocation Failure)  520048K->238276K(721408K), 0.0081727 secs]
87.342: [GC (Allocation Failure)  527255K->243972K(721920K), 0.0077410 secs]
87.376: [GC (Allocation Failure)  533535K->253140K(718336K), 0.0080919 secs]
87.409: [GC (Allocation Failure)  542610K->261844K(720896K), 0.0083425 secs]
87.443: [GC (Allocation Failure)  550828K->267029K(721408K), 0.0080121 secs]
87.478: [GC (Allocation Failure)  556002K->276189K(721920K), 0.0095577 secs]
87.514: [GC (Allocation Failure)  565615K->281309K(721920K), 0.0075442 secs]
87.547: [GC (Allocation Failure)  570817K->290589K(721920K), 0.0048052 secs]
87.581: [GC (Allocation Failure)  579999K->298222K(721920K), 0.0081491 secs]
87.614: [GC (Allocation Failure)  587592K->304878K(720896K), 0.0081387 secs]
87.649: [GC (Allocation Failure)  594317K->313134K(721408K), 0.0084248 secs]
87.683: [GC (Allocation Failure)  602835K->322294K(721408K), 0.0085587 secs]
87.718: [GC (Allocation Failure)  612695K->329463K(721920K), 0.0082341 secs]
87.754: [GC (Allocation Failure)  620089K->335159K(722944K), 0.0077897 secs]
87.789: [GC (Allocation Failure)  626694K->345895K(721920K), 0.0083965 secs]
87.823: [GC (Allocation Failure)  637441K->352111K(722432K), 0.0054828 secs]
87.854: [GC (Allocation Failure)  642490K->360223K(722432K), 0.0079731 secs]
87.889: [GC (Allocation Failure)  650832K->366368K(722432K), 0.0083630 secs]
87.923: [GC (Allocation Failure)  656822K->374144K(722432K), 0.0042202 secs]
87.957: [GC (Allocation Failure)  664743K->380216K(721408K), 0.0043286 secs]
87.991: [GC (Allocation Failure)  670602K->388408K(721920K), 0.0072148 secs]
88.026: [GC (Allocation Failure)  678902K->395641K(722944K), 0.0052000 secs]
88.058: [GC (Allocation Failure)  687192K->401745K(722944K), 0.0039962 secs]
88.093: [GC (Allocation Failure)  693359K->408913K(721920K), 0.0093533 secs]
88.128: [GC (Allocation Failure)  700527K->417169K(722432K), 0.0102639 secs]
88.139: [Full GC (Ergonomics)  417169K->37926K(728576K), 0.0424730 secs]
88.201: [GC (Allocation Failure)  329633K->52262K(728576K), 0.0031031 secs]
88.227: [GC (Allocation Failure)  343715K->60518K(729088K), 0.0050618 secs]
88.268: [GC (Allocation Failure)  351899K->66103K(729088K), 0.0043426 secs]
88.299: [GC (Allocation Failure)  358346K->75831K(729088K), 0.0076040 secs]
88.335: [GC (Allocation Failure)  367686K->80471K(729088K), 0.0073083 secs]
88.370: [GC (Allocation Failure)  372093K->90175K(727552K), 0.0076527 secs]
88.403: [GC (Allocation Failure)  381656K->97344K(729088K), 0.0076756 secs]
88.437: [GC (Allocation Failure)  388258K->104032K(728576K), 0.0073582 secs]
88.472: [GC (Allocation Failure)  394946K->113224K(728576K), 0.0073286 secs]
88.503: [GC (Allocation Failure)  403635K->121416K(727552K), 0.0082919 secs]
88.538: [GC (Allocation Failure)  411747K->127112K(728064K), 0.0075886 secs]
88.572: [GC (Allocation Failure)  416595K->135249K(728064K), 0.0076196 secs]
88.605: [GC (Allocation Failure)  424695K->142929K(727040K), 0.0074313 secs]
88.640: [GC (Allocation Failure)  432402K->150161K(727552K), 0.0077921 secs]
88.674: [GC (Allocation Failure)  439491K->159329K(726528K), 0.0076793 secs]
88.707: [GC (Allocation Failure)  447746K->164962K(727552K), 0.0049872 secs]
88.741: [GC (Allocation Failure)  453311K->171170K(726016K), 0.0072395 secs]
88.778: [GC (Allocation Failure)  460142K->180330K(727040K), 0.0083791 secs]
88.810: [GC (Allocation Failure)  469215K->186474K(727552K), 0.0074955 secs]
88.844: [GC (Allocation Failure)  477093K->193162K(728064K), 0.0075006 secs]
88.878: [GC (Allocation Failure)  483545K->201331K(729088K), 0.0082652 secs]
88.910: [GC (Allocation Failure)  492859K->211571K(729088K), 0.0096833 secs]
88.946: [GC (Allocation Failure)  503203K->219283K(727040K), 0.0089263 secs]
88.980: [GC (Allocation Failure)  508698K->223355K(728064K), 0.0076712 secs]
89.016: [GC (Allocation Failure)  512718K->232572K(727552K), 0.0085536 secs]
89.049: [GC (Allocation Failure)  522546K->240796K(728064K), 0.0085208 secs]
89.083: [GC (Allocation Failure)  530763K->245900K(727552K), 0.0077839 secs]
89.117: [GC (Allocation Failure)  536471K->253580K(728064K), 0.0083640 secs]
89.152: [GC (Allocation Failure)  543974K->262861K(728064K), 0.0079136 secs]
89.184: [GC (Allocation Failure)  553175K->266917K(728576K), 0.0038290 secs]
89.215: [GC (Allocation Failure)  557372K->274085K(728576K), 0.0074079 secs]
89.250: [GC (Allocation Failure)  564568K->281317K(728576K), 0.0082218 secs]
89.283: [GC (Allocation Failure)  571801K->287405K(727552K), 0.0075899 secs]
89.316: [GC (Allocation Failure)  577810K->295086K(728064K), 0.0082648 secs]
89.349: [GC (Allocation Failure)  585598K->302286K(729088K), 0.0089873 secs]
89.381: [GC (Allocation Failure)  593936K->307390K(729088K), 0.0075940 secs]
89.417: [GC (Allocation Failure)  598783K->317118K(728064K), 0.0080678 secs]
89.450: [GC (Allocation Failure)  608677K->324862K(728576K), 0.0079131 secs]
89.483: [GC (Allocation Failure)  616246K->331471K(729088K), 0.0083809 secs]
89.517: [GC (Allocation Failure)  623019K->336591K(721920K), 0.0053579 secs]
89.551: [GC (Allocation Failure)  628012K->347951K(728576K), 0.0088382 secs]
89.584: [GC (Allocation Failure)  638497K->353495K(720896K), 0.0081765 secs]
89.618: [GC (Allocation Failure)  643916K->362712K(728576K), 0.0074546 secs]
89.650: [GC (Allocation Failure)  652682K->370968K(728064K), 0.0077579 secs]
89.685: [GC (Allocation Failure)  660864K->377056K(727552K), 0.0076433 secs]
89.718: [GC (Allocation Failure)  666508K->383712K(728064K), 0.0082655 secs]
89.752: [GC (Allocation Failure)  673174K->388896K(728064K), 0.0071000 secs]
89.785: [GC (Allocation Failure)  678750K->399097K(727040K), 0.0052569 secs]
89.819: [GC (Allocation Failure)  688977K->404217K(728064K), 0.0051440 secs]
89.853: [GC (Allocation Failure)  693086K->409945K(727552K), 0.0069609 secs]
89.884: [GC (Allocation Failure)  698770K->418577K(727552K), 0.0115199 secs]
89.919: [GC (Allocation Failure)  708044K->426258K(727552K), 0.0148370 secs]
89.934: [Full GC (Ergonomics)  426258K->36909K(733696K), 0.0374527 secs]
89.992: [GC (Allocation Failure)  326505K->50222K(733696K), 0.0040317 secs]
90.017: [GC (Allocation Failure)  340012K->57966K(734208K), 0.0077738 secs]
90.057: [GC (Allocation Failure)  347326K->64638K(733696K), 0.0046359 secs]
90.087: [GC (Allocation Failure)  354252K->71246K(734208K), 0.0040323 secs]
90.120: [GC (Allocation Failure)  360884K->78415K(733184K), 0.0069661 secs]
90.154: [GC (Allocation Failure)  368675K->85679K(733696K), 0.0038018 secs]
90.185: [GC (Allocation Failure)  375766K->94303K(735232K), 0.0072327 secs]
90.219: [GC (Allocation Failure)  385639K->98911K(728576K), 0.0072663 secs]
90.252: [GC (Allocation Failure)  390294K->107647K(734720K), 0.0072326 secs]
90.285: [GC (Allocation Failure)  397983K->113776K(730624K), 0.0077073 secs]
90.318: [GC (Allocation Failure)  404130K->120432K(734208K), 0.0049811 secs]
90.349: [GC (Allocation Failure)  410789K->126640K(734208K), 0.0053120 secs]
90.383: [GC (Allocation Failure)  417085K->132728K(734208K), 0.0072026 secs]
90.415: [GC (Allocation Failure)  424196K->140408K(734720K), 0.0080849 secs]
90.448: [GC (Allocation Failure)  431929K->145561K(735744K), 0.0070035 secs]
90.481: [GC (Allocation Failure)  438060K->154761K(734720K), 0.0076800 secs]
90.515: [GC (Allocation Failure)  447326K->160905K(735232K), 0.0054922 secs]
90.548: [GC (Allocation Failure)  452449K->168617K(730624K), 0.0068981 secs]
90.581: [GC (Allocation Failure)  460073K->176274K(734720K), 0.0080322 secs]
90.615: [GC (Allocation Failure)  467841K->184466K(734720K), 0.0076453 secs]
90.649: [GC (Allocation Failure)  475813K->192722K(735232K), 0.0082035 secs]
90.681: [GC (Allocation Failure)  484107K->198306K(735232K), 0.0078428 secs]
90.717: [GC (Allocation Failure)  489749K->205986K(735232K), 0.0075910 secs]
90.749: [GC (Allocation Failure)  497426K->212163K(732160K), 0.0082530 secs]
90.782: [GC (Allocation Failure)  503612K->219819K(734720K), 0.0080523 secs]
90.817: [GC (Allocation Failure)  511216K->226987K(734720K), 0.0079344 secs]
90.851: [GC (Allocation Failure)  518551K->235211K(734720K), 0.0083570 secs]
90.884: [GC (Allocation Failure)  527624K->241331K(735232K), 0.0082447 secs]
90.918: [GC (Allocation Failure)  533947K->251572K(735744K), 0.0077760 secs]
90.952: [GC (Allocation Failure)  544393K->258772K(735744K), 0.0087708 secs]
90.984: [GC (Allocation Failure)  551177K->263876K(734720K), 0.0071502 secs]
91.018: [GC (Allocation Failure)  556596K->271556K(735232K), 0.0080539 secs]
91.050: [GC (Allocation Failure)  563945K->277253K(735744K), 0.0077257 secs]
91.084: [GC (Allocation Failure)  570263K->283853K(735744K), 0.0076396 secs]
91.119: [GC (Allocation Failure)  576812K->292045K(736256K), 0.0082140 secs]
91.151: [GC (Allocation Failure)  585636K->301293K(736256K), 0.0085329 secs]
91.186: [GC (Allocation Failure)  594891K->306397K(735232K), 0.0079381 secs]
91.221: [GC (Allocation Failure)  598847K->312606K(735744K), 0.0074592 secs]
91.255: [GC (Allocation Failure)  605130K->322278K(733696K), 0.0084961 secs]
91.288: [GC (Allocation Failure)  612595K->327910K(734720K), 0.0057018 secs]
91.321: [GC (Allocation Failure)  618298K->336678K(734208K), 0.0081584 secs]
91.354: [GC (Allocation Failure)  627008K->341743K(734720K), 0.0081718 secs]
91.388: [GC (Allocation Failure)  632185K->350959K(733696K), 0.0094502 secs]
91.421: [GC (Allocation Failure)  641290K->356655K(734208K), 0.0077824 secs]
91.454: [GC (Allocation Failure)  647010K->366335K(734208K), 0.0084134 secs]
91.488: [GC (Allocation Failure)  657097K->371455K(734720K), 0.0092224 secs]
91.519: [GC (Allocation Failure)  661945K->378112K(734720K), 0.0082022 secs]
91.550: [GC (Allocation Failure)  668981K->384288K(734720K), 0.0081431 secs]
91.583: [GC (Allocation Failure)  675285K->389392K(734720K), 0.0080397 secs]
91.618: [GC (Allocation Failure)  680321K->395536K(734720K), 0.0093779 secs]
91.651: [GC (Allocation Failure)  686547K->405328K(735232K), 0.0087123 secs]
91.685: [GC (Allocation Failure)  696771K->408865K(728064K), 0.0076113 secs]
91.718: [GC (Allocation Failure)  700255K->421153K(732672K), 0.0090264 secs]
91.752: [GC (Allocation Failure)  709584K->425313K(733696K), 0.0107338 secs]
91.763: [Full GC (Ergonomics)  425313K->37430K(741376K), 0.0430383 secs]
91.827: [GC (Allocation Failure)  325826K->50870K(741376K), 0.0031514 secs]
91.850: [GC (Allocation Failure)  339638K->58958K(741376K), 0.0047239 secs]
91.892: [GC (Allocation Failure)  347618K->66127K(740352K), 0.0075281 secs]
91.922: [GC (Allocation Failure)  353553K->70287K(740864K), 0.0045575 secs]
91.954: [GC (Allocation Failure)  357838K->78431K(740864K), 0.0049291 secs]
91.985: [GC (Allocation Failure)  366453K->84575K(740864K), 0.0075099 secs]
92.017: [GC (Allocation Failure)  372766K->90719K(740352K), 0.0070552 secs]
92.050: [GC (Allocation Failure)  378966K->97920K(740864K), 0.0066424 secs]
92.083: [GC (Allocation Failure)  386068K->105064K(740352K), 0.0076932 secs]
92.117: [GC (Allocation Failure)  394285K->113768K(740864K), 0.0075532 secs]
92.148: [GC (Allocation Failure)  402625K->121480K(741376K), 0.0077559 secs]
92.183: [GC (Allocation Failure)  411823K->129657K(741888K), 0.0073580 secs]
92.215: [GC (Allocation Failure)  419963K->135801K(742912K), 0.0184288 secs]
92.252: [GC (Allocation Failure)  427336K->142041K(742912K), 0.0049360 secs]
92.289: [GC (Allocation Failure)  433877K->150665K(741888K), 0.0082929 secs]
92.324: [GC (Allocation Failure)  441480K->154793K(742400K), 0.0077714 secs]
92.356: [GC (Allocation Failure)  445540K->160913K(742400K), 0.0073539 secs]
92.391: [GC (Allocation Failure)  452153K->167570K(742400K), 0.0078060 secs]
92.424: [GC (Allocation Failure)  458881K->175346K(741888K), 0.0075947 secs]
92.457: [GC (Allocation Failure)  466685K->181410K(742400K), 0.0076138 secs]
92.490: [GC (Allocation Failure)  472801K->188578K(743424K), 0.0049231 secs]
92.522: [GC (Allocation Failure)  481405K->195843K(740352K), 0.0055722 secs]
92.554: [GC (Allocation Failure)  488660K->201387K(742912K), 0.0073100 secs]
92.585: [GC (Allocation Failure)  493882K->209067K(742912K), 0.0049440 secs]
92.617: [GC (Allocation Failure)  501931K->215211K(743424K), 0.0076536 secs]
92.649: [GC (Allocation Failure)  508636K->225003K(743424K), 0.0054700 secs]
92.681: [GC (Allocation Failure)  518593K->228028K(742912K), 0.0049245 secs]
92.715: [GC (Allocation Failure)  520521K->234684K(743424K), 0.0067279 secs]
92.746: [GC (Allocation Failure)  527178K->244988K(741376K), 0.0088940 secs]
92.779: [GC (Allocation Failure)  535374K->250572K(742400K), 0.0052566 secs]
92.810: [GC (Allocation Failure)  540919K->255692K(741888K), 0.0139694 secs]
92.846: [GC (Allocation Failure)  546707K->262413K(742400K), 0.0082509 secs]
92.879: [GC (Allocation Failure)  553276K->270053K(742400K), 0.0049892 secs]
92.911: [GC (Allocation Failure)  561789K->276197K(742912K), 0.0078995 secs]
92.944: [GC (Allocation Failure)  567671K->283429K(742912K), 0.0065793 secs]
92.976: [GC (Allocation Failure)  574794K->293110K(741376K), 0.0077008 secs]
93.008: [GC (Allocation Failure)  584589K->296694K(742400K), 0.0072502 secs]
93.039: [GC (Allocation Failure)  587420K->303382K(742400K), 0.0064429 secs]
93.072: [GC (Allocation Failure)  593787K->312574K(741376K), 0.0076324 secs]
93.103: [GC (Allocation Failure)  601976K->318718K(741888K), 0.0077242 secs]
93.135: [GC (Allocation Failure)  608470K->324414K(740864K), 0.0052964 secs]
93.167: [GC (Allocation Failure)  613700K->331015K(741376K), 0.0048583 secs]
93.198: [GC (Allocation Failure)  620735K->338183K(742400K), 0.0054990 secs]
93.231: [GC (Allocation Failure)  629104K->346471K(742400K), 0.0089879 secs]
93.263: [GC (Allocation Failure)  637400K->349967K(742912K), 0.0074624 secs]
93.297: [GC (Allocation Failure)  641758K->360208K(742912K), 0.0051098 secs]
93.329: [GC (Allocation Failure)  651648K->363824K(740864K), 0.0054377 secs]
93.360: [GC (Allocation Failure)  653587K->370464K(741888K), 0.0047305 secs]
93.392: [GC (Allocation Failure)  660230K->379168K(740864K), 0.0071727 secs]
93.425: [GC (Allocation Failure)  668552K->385888K(741376K), 0.0076236 secs]
93.457: [GC (Allocation Failure)  675678K->390969K(742400K), 0.0048916 secs]
93.488: [GC (Allocation Failure)  681331K->400697K(740352K), 0.0056261 secs]
93.521: [GC (Allocation Failure)  691103K->406393K(741888K), 0.0051627 secs]
93.551: [GC (Allocation Failure)  695674K->412489K(735232K), 0.0051282 secs]
93.582: [GC (Allocation Failure)  701773K->418633K(741376K), 0.0069464 secs]
93.615: [GC (Allocation Failure)  708396K->427850K(741376K), 0.0050857 secs]
93.644: [GC (Allocation Failure)  717266K->434602K(741888K), 0.0143231 secs]
93.678: [GC (Allocation Failure)  725006K->442714K(741888K), 0.0092919 secs]
93.687: [Full GC (Ergonomics)  442714K->36414K(745984K), 0.0553439 secs]
93.762: [GC (Allocation Failure)  326824K->47230K(745984K), 0.0036218 secs]
93.787: [GC (Allocation Failure)  338598K->56391K(746496K), 0.0075036 secs]
93.826: [GC (Allocation Failure)  348048K->61031K(747008K), 0.0068695 secs]
93.857: [GC (Allocation Failure)  353082K->65623K(747008K), 0.0064298 secs]
93.889: [GC (Allocation Failure)  357652K->73303K(747520K), 0.0073652 secs]
93.921: [GC (Allocation Failure)  366136K->80536K(743936K), 0.0073343 secs]
93.953: [GC (Allocation Failure)  373187K->86632K(747008K), 0.0068027 secs]
93.986: [GC (Allocation Failure)  379380K->93288K(747008K), 0.0070415 secs]
94.016: [GC (Allocation Failure)  385684K->98920K(747520K), 0.0045733 secs]
94.047: [GC (Allocation Failure)  392645K->107176K(747520K), 0.0046263 secs]
94.080: [GC (Allocation Failure)  401053K->111736K(747520K), 0.0034183 secs]
94.111: [GC (Allocation Failure)  405239K->119417K(748032K), 0.0045947 secs]
94.142: [GC (Allocation Failure)  412897K->125113K(747008K), 0.0045362 secs]
94.172: [GC (Allocation Failure)  418835K->131209K(747520K), 0.0045811 secs]
94.203: [GC (Allocation Failure)  424658K->139401K(748544K), 0.0070689 secs]
94.235: [GC (Allocation Failure)  433935K->145609K(748544K), 0.0050873 secs]
94.266: [GC (Allocation Failure)  440066K->150170K(748544K), 0.0045542 secs]
94.299: [GC (Allocation Failure)  444667K->157338K(745472K), 0.0072055 secs]
94.329: [GC (Allocation Failure)  451884K->162554K(747520K), 0.0044869 secs]
94.359: [GC (Allocation Failure)  456894K->171178K(748032K), 0.0069629 secs]
94.392: [GC (Allocation Failure)  465174K->177834K(748032K), 0.0072385 secs]
94.423: [GC (Allocation Failure)  472364K->181451K(748544K), 0.0071516 secs]
94.455: [GC (Allocation Failure)  476005K->186555K(747520K), 0.0069930 secs]
94.488: [GC (Allocation Failure)  481183K->193211K(748032K), 0.0073508 secs]
94.521: [GC (Allocation Failure)  487788K->201467K(749056K), 0.0072997 secs]
94.553: [GC (Allocation Failure)  496903K->208075K(749056K), 0.0073736 secs]
94.585: [GC (Allocation Failure)  504009K->215244K(748032K), 0.0048078 secs]
94.617: [GC (Allocation Failure)  510839K->219852K(748544K), 0.0069383 secs]
94.648: [GC (Allocation Failure)  515368K->228620K(749056K), 0.0071682 secs]
94.682: [GC (Allocation Failure)  524168K->233180K(749056K), 0.0071125 secs]
94.713: [GC (Allocation Failure)  528698K->241372K(749056K), 0.0072138 secs]
94.744: [GC (Allocation Failure)  536905K->247037K(749056K), 0.0072610 secs]
94.778: [GC (Allocation Failure)  542548K->253157K(749056K), 0.0075865 secs]
94.810: [GC (Allocation Failure)  548663K->259301K(749056K), 0.0072387 secs]
94.841: [GC (Allocation Failure)  554885K->265989K(748032K), 0.0074417 secs]
94.874: [GC (Allocation Failure)  560865K->271093K(748544K), 0.0074101 secs]
94.907: [GC (Allocation Failure)  565996K->277238K(748544K), 0.0065149 secs]
94.939: [GC (Allocation Failure)  572054K->284470K(747520K), 0.0050582 secs]
94.970: [GC (Allocation Failure)  578923K->287494K(748544K), 0.0061120 secs]
95.002: [GC (Allocation Failure)  581435K->294150K(748032K), 0.0047719 secs]
95.034: [GC (Allocation Failure)  588079K->299846K(748032K), 0.0066643 secs]
95.066: [GC (Allocation Failure)  593761K->307478K(748032K), 0.0073524 secs]
95.098: [GC (Allocation Failure)  601396K->312087K(748032K), 0.0039026 secs]
95.129: [GC (Allocation Failure)  606069K->318775K(748032K), 0.0073063 secs]
95.160: [GC (Allocation Failure)  612751K->324383K(747520K), 0.0074895 secs]
95.191: [GC (Allocation Failure)  618905K->331551K(748032K), 0.0075360 secs]
95.224: [GC (Allocation Failure)  626035K->337215K(748544K), 0.0079322 secs]
95.256: [GC (Allocation Failure)  631758K->343344K(743424K), 0.0073761 secs]
95.288: [GC (Allocation Failure)  637850K->351024K(747520K), 0.0054622 secs]
95.318: [GC (Allocation Failure)  645381K->356144K(748032K), 0.0077923 secs]
95.349: [GC (Allocation Failure)  650102K->362352K(748544K), 0.0076488 secs]
95.382: [GC (Allocation Failure)  657412K->369472K(748544K), 0.0077288 secs]
95.413: [GC (Allocation Failure)  664870K->374080K(748544K), 0.0087253 secs]
95.445: [GC (Allocation Failure)  668596K->381825K(745472K), 0.0051762 secs]
95.478: [GC (Allocation Failure)  676358K->387913K(748032K), 0.0076160 secs]
95.511: [GC (Allocation Failure)  682372K->395593K(748032K), 0.0090063 secs]
95.541: [GC (Allocation Failure)  690073K->401801K(748032K), 0.0076743 secs]
95.574: [GC (Allocation Failure)  696805K->408410K(748544K), 0.0080804 secs]
95.605: [GC (Allocation Failure)  703789K->415578K(748032K), 0.0079596 secs]
95.636: [GC (Allocation Failure)  710488K->419706K(748544K), 0.0087902 secs]
95.670: [GC (Allocation Failure)  714294K->427362K(747520K), 0.0049420 secs]
95.702: [GC (Allocation Failure)  721772K->432994K(748032K), 0.0088856 secs]
95.734: [GC (Allocation Failure)  727556K->441763K(749056K), 0.0051157 secs]
95.740: [Full GC (Ergonomics)  441763K->34887K(756224K), 0.0511129 secs]
95.810: [GC (Allocation Failure)  330564K->48200K(756224K), 0.0032104 secs]
95.833: [GC (Allocation Failure)  344127K->54920K(755200K), 0.0075657 secs]
95.871: [GC (Allocation Failure)  349769K->60496K(755712K), 0.0065209 secs]
95.900: [GC (Allocation Failure)  355057K->68688K(754688K), 0.0070968 secs]
95.932: [GC (Allocation Failure)  362284K->74897K(755200K), 0.0073587 secs]
95.964: [GC (Allocation Failure)  368580K->80993K(755200K), 0.0041713 secs]
95.996: [GC (Allocation Failure)  375235K->89185K(755200K), 0.0045771 secs]
96.026: [GC (Allocation Failure)  383434K->92289K(754688K), 0.0062636 secs]
96.057: [GC (Allocation Failure)  386223K->100465K(755200K), 0.0064839 secs]
96.092: [GC (Allocation Failure)  394766K->108146K(755712K), 0.0071646 secs]
96.122: [GC (Allocation Failure)  403527K->113842K(755712K), 0.0044477 secs]
96.152: [GC (Allocation Failure)  409235K->120450K(755712K), 0.0044762 secs]
96.184: [GC (Allocation Failure)  416321K->126114K(755712K), 0.0066951 secs]
96.214: [GC (Allocation Failure)  422018K->132738K(755712K), 0.0064850 secs]
96.247: [GC (Allocation Failure)  429211K->139459K(756224K), 0.0045401 secs]
96.277: [GC (Allocation Failure)  435924K->142483K(756224K), 0.0061528 secs]
96.309: [GC (Allocation Failure)  438968K->152723K(755200K), 0.0064358 secs]
96.340: [GC (Allocation Failure)  449223K->158963K(755200K), 0.0044996 secs]
96.371: [GC (Allocation Failure)  453787K->161955K(755712K), 0.0041630 secs]
96.402: [GC (Allocation Failure)  456745K->168100K(755712K), 0.0039836 secs]
96.433: [GC (Allocation Failure)  463007K->176356K(755712K), 0.0066869 secs]
96.464: [GC (Allocation Failure)  470853K->180916K(754688K), 0.0064457 secs]
96.494: [GC (Allocation Failure)  475808K->188596K(755200K), 0.0045384 secs]
96.525: [GC (Allocation Failure)  483036K->192756K(756224K), 0.0063796 secs]
96.555: [GC (Allocation Failure)  488677K->199876K(753152K), 0.0065885 secs]
96.586: [GC (Allocation Failure)  495357K->206021K(755712K), 0.0045104 secs]
96.618: [GC (Allocation Failure)  501507K->212165K(755712K), 0.0044739 secs]
96.649: [GC (Allocation Failure)  507770K->220901K(756736K), 0.0049053 secs]
96.680: [GC (Allocation Failure)  517733K->226005K(756736K), 0.0071075 secs]
96.711: [GC (Allocation Failure)  522576K->232149K(756736K), 0.0047200 secs]
96.742: [GC (Allocation Failure)  528608K->238358K(756736K), 0.0041654 secs]
96.772: [GC (Allocation Failure)  535303K->247014K(756736K), 0.0076918 secs]
96.805: [GC (Allocation Failure)  543587K->252646K(756736K), 0.0079868 secs]
96.837: [GC (Allocation Failure)  549273K->257862K(756736K), 0.0080076 secs]
96.869: [GC (Allocation Failure)  554330K->260334K(756736K), 0.0065085 secs]
96.900: [GC (Allocation Failure)  556783K->269551K(754688K), 0.0075683 secs]
96.931: [GC (Allocation Failure)  564080K->273167K(755712K), 0.0080657 secs]
96.964: [GC (Allocation Failure)  568077K->281847K(754688K), 0.0078212 secs]
96.994: [GC (Allocation Failure)  575226K->286455K(755200K), 0.0081926 secs]
97.026: [GC (Allocation Failure)  580296K->294679K(755200K), 0.0083250 secs]
97.057: [GC (Allocation Failure)  588748K->297215K(755200K), 0.0076861 secs]
97.089: [GC (Allocation Failure)  591117K->305408K(755200K), 0.0068711 secs]
97.120: [GC (Allocation Failure)  599263K->312640K(750592K), 0.0052816 secs]
97.151: [GC (Allocation Failure)  606449K->316680K(755200K), 0.0078670 secs]
97.182: [GC (Allocation Failure)  610623K->324360K(754688K), 0.0073003 secs]
97.213: [GC (Allocation Failure)  618713K->328968K(755712K), 0.0045841 secs]
97.244: [GC (Allocation Failure)  624376K->335657K(755712K), 0.0081403 secs]
97.277: [GC (Allocation Failure)  630735K->342801K(756224K), 0.0086554 secs]
97.308: [GC (Allocation Failure)  638670K->346385K(756224K), 0.0080893 secs]
97.340: [GC (Allocation Failure)  641945K->353073K(756224K), 0.0080973 secs]
97.371: [GC (Allocation Failure)  648506K->359193K(751616K), 0.0079701 secs]
97.404: [GC (Allocation Failure)  655129K->367898K(755200K), 0.0087863 secs]
97.434: [GC (Allocation Failure)  662928K->373050K(755712K), 0.0075710 secs]
97.465: [GC (Allocation Failure)  668472K->378146K(756224K), 0.0082126 secs]
97.498: [GC (Allocation Failure)  674568K->383778K(756224K), 0.0073362 secs]
97.529: [GC (Allocation Failure)  679806K->389474K(756736K), 0.0073733 secs]
97.561: [GC (Allocation Failure)  685948K->395050K(753152K), 0.0080382 secs]
97.593: [GC (Allocation Failure)  691994K->403243K(755712K), 0.0089087 secs]
97.625: [GC (Allocation Failure)  699256K->407915K(756224K), 0.0073530 secs]
97.655: [GC (Allocation Failure)  704258K->411963K(755712K), 0.0071588 secs]
97.687: [GC (Allocation Failure)  708891K->418107K(756224K), 0.0073289 secs]
97.719: [GC (Allocation Failure)  715031K->425787K(756736K), 0.0131111 secs]
97.753: [GC (Allocation Failure)  722973K->432028K(756736K), 0.0048925 secs]
97.783: [GC (Allocation Failure)  729028K->438092K(757248K), 0.0050829 secs]
97.815: [GC (Allocation Failure)  735976K->443212K(757248K), 0.0067919 secs]
97.846: [GC (Allocation Failure)  740840K->450444K(757248K), 0.0104552 secs]
97.857: [Full GC (Ergonomics)  450444K->33873K(762368K), 0.0441885 secs]
97.922: [GC (Allocation Failure)  331616K->44145K(762368K), 0.0053866 secs]
97.948: [GC (Allocation Failure)  342044K->51809K(762368K), 0.0044543 secs]
97.983: [GC (Allocation Failure)  349299K->57442K(762368K), 0.0067904 secs]
98.015: [GC (Allocation Failure)  355057K->62050K(762368K), 0.0067060 secs]
98.044: [GC (Allocation Failure)  359869K->68770K(762368K), 0.0066869 secs]
98.078: [GC (Allocation Failure)  366544K->74346K(761344K), 0.0062440 secs]
98.108: [GC (Allocation Failure)  372139K->80490K(761856K), 0.0051441 secs]
98.139: [GC (Allocation Failure)  378288K->87722K(762880K), 0.0065077 secs]
98.171: [GC (Allocation Failure)  386220K->93307K(762880K), 0.0044465 secs]
98.200: [GC (Allocation Failure)  391808K->99963K(761856K), 0.0069846 secs]
98.231: [GC (Allocation Failure)  397855K->105147K(762368K), 0.0068180 secs]
98.262: [GC (Allocation Failure)  402706K->112259K(762368K), 0.0067279 secs]
98.292: [GC (Allocation Failure)  409782K->117891K(761856K), 0.0070254 secs]
98.324: [GC (Allocation Failure)  415875K->120995K(761856K), 0.0064039 secs]
98.357: [GC (Allocation Failure)  417466K->127124K(761856K), 0.0045443 secs]
98.386: [GC (Allocation Failure)  424030K->133780K(761856K), 0.0048638 secs]
98.417: [GC (Allocation Failure)  430656K->139412K(759296K), 0.0070041 secs]
98.448: [GC (Allocation Failure)  435894K->145620K(761344K), 0.0070312 secs]
98.480: [GC (Allocation Failure)  442528K->151204K(761344K), 0.0064765 secs]
98.510: [GC (Allocation Failure)  448029K->159909K(762368K), 0.0073527 secs]
98.541: [GC (Allocation Failure)  457456K->164613K(762368K), 0.0060337 secs]
98.573: [GC (Allocation Failure)  462558K->172205K(762368K), 0.0073978 secs]
98.604: [GC (Allocation Failure)  470154K->177837K(762368K), 0.0067963 secs]
98.635: [GC (Allocation Failure)  475418K->182541K(762368K), 0.0057294 secs]
98.665: [GC (Allocation Failure)  480032K->188606K(762368K), 0.0070783 secs]
98.697: [GC (Allocation Failure)  486120K->192702K(762368K), 0.0174102 secs]
98.733: [GC (Allocation Failure)  490228K->199934K(762368K), 0.0063715 secs]
98.762: [GC (Allocation Failure)  497417K->203974K(762368K), 0.0075594 secs]
98.795: [GC (Allocation Failure)  501958K->209606K(762368K), 0.0050099 secs]
98.826: [GC (Allocation Failure)  507500K->215814K(762368K), 0.0050815 secs]
98.856: [GC (Allocation Failure)  513731K->222415K(762368K), 0.0071369 secs]
98.887: [GC (Allocation Failure)  520332K->225487K(761344K), 0.0077333 secs]
98.918: [GC (Allocation Failure)  522040K->233679K(761856K), 0.0078225 secs]
98.950: [GC (Allocation Failure)  530522K->237295K(761856K), 0.0103268 secs]
98.981: [GC (Allocation Failure)  533809K->245463K(761344K), 0.0080220 secs]
99.014: [GC (Allocation Failure)  542314K->250071K(761344K), 0.0073488 secs]
99.044: [GC (Allocation Failure)  545976K->257272K(761344K), 0.0070620 secs]
99.075: [GC (Allocation Failure)  553177K->263904K(761344K), 0.0076493 secs]
99.103: [GC (Allocation Failure)  559390K->269536K(757760K), 0.0071737 secs]
99.134: [GC (Allocation Failure)  564963K->276224K(761344K), 0.0081430 secs]
99.167: [GC (Allocation Failure)  572170K->282344K(760832K), 0.0072210 secs]
99.198: [GC (Allocation Failure)  578281K->286953K(761856K), 0.0078180 secs]
99.229: [GC (Allocation Failure)  583922K->291625K(761856K), 0.0063297 secs]
99.260: [GC (Allocation Failure)  589092K->299249K(760320K), 0.0078094 secs]
99.291: [GC (Allocation Failure)  595107K->302833K(761344K), 0.0079503 secs]
99.323: [GC (Allocation Failure)  598695K->309521K(760832K), 0.0081113 secs]
99.352: [GC (Allocation Failure)  605481K->315649K(761344K), 0.0071128 secs]
99.383: [GC (Allocation Failure)  611962K->321794K(761856K), 0.0069938 secs]
99.415: [GC (Allocation Failure)  618774K->325890K(761856K), 0.0065894 secs]
99.443: [GC (Allocation Failure)  623282K->334114K(761344K), 0.0089392 secs]
99.474: [GC (Allocation Failure)  631121K->338194K(761856K), 0.0072409 secs]
99.508: [GC (Allocation Failure)  635565K->342802K(762368K), 0.0078115 secs]
99.536: [GC (Allocation Failure)  640785K->352563K(761856K), 0.0084317 secs]
99.568: [GC (Allocation Failure)  650537K->356635K(759808K), 0.0086751 secs]
99.599: [GC (Allocation Failure)  651518K->360731K(760832K), 0.0086223 secs]
99.631: [GC (Allocation Failure)  655610K->365915K(760832K), 0.0066628 secs]
99.660: [GC (Allocation Failure)  660682K->373027K(756224K), 0.0083621 secs]
99.690: [GC (Allocation Failure)  667727K->377123K(760320K), 0.0072204 secs]
99.721: [GC (Allocation Failure)  671555K->386372K(760320K), 0.0078271 secs]
99.753: [GC (Allocation Failure)  681144K->391468K(760832K), 0.0087155 secs]
99.783: [GC (Allocation Failure)  686392K->396588K(760832K), 0.0080374 secs]
99.814: [GC (Allocation Failure)  691913K->405804K(760320K), 0.0074747 secs]
99.845: [GC (Allocation Failure)  700696K->408428K(760832K), 0.0072361 secs]
99.875: [GC (Allocation Failure)  703309K->414012K(760832K), 0.0071797 secs]
99.907: [GC (Allocation Failure)  709324K->418621K(760832K), 0.0081708 secs]
99.938: [GC (Allocation Failure)  714027K->424797K(760832K), 0.0086041 secs]
99.969: [GC (Allocation Failure)  720722K->428869K(760832K), 0.0082689 secs]
100.002: [GC (Allocation Failure)  724766K->435525K(760832K), 0.0083948 secs]
100.032: [GC (Allocation Failure)  732030K->441701K(761344K), 0.0053722 secs]
100.063: [GC (Allocation Failure)  738554K->446797K(761344K), 0.0085194 secs]
100.096: [GC (Allocation Failure)  744313K->454990K(761856K), 0.0124195 secs]
100.108: [Full GC (Ergonomics)  454990K->34395K(769024K), 0.0436973 secs]
100.172: [GC (Allocation Failure)  331872K->44187K(769536K), 0.0052315 secs]
100.198: [GC (Allocation Failure)  342036K->52331K(769536K), 0.0070254 secs]
100.232: [GC (Allocation Failure)  350315K->56491K(769536K), 0.0060844 secs]
100.263: [GC (Allocation Failure)  354076K->65156K(769024K), 0.0043091 secs]
100.293: [GC (Allocation Failure)  362768K->68228K(768000K), 0.0064253 secs]
100.322: [GC (Allocation Failure)  363999K->78532K(768000K), 0.0065817 secs]
100.353: [GC (Allocation Failure)  374177K->81036K(766976K), 0.0068426 secs]
100.381: [GC (Allocation Failure)  374627K->87692K(767488K), 0.0057198 secs]
100.412: [GC (Allocation Failure)  381373K->95372K(767488K), 0.0066993 secs]
100.443: [GC (Allocation Failure)  389566K->98509K(767488K), 0.0061038 secs]
100.471: [GC (Allocation Failure)  392874K->105629K(766976K), 0.0043088 secs]
100.501: [GC (Allocation Failure)  400466K->109213K(767488K), 0.0043952 secs]
100.529: [GC (Allocation Failure)  403919K->115933K(767488K), 0.0066518 secs]
100.560: [GC (Allocation Failure)  411365K->121005K(768000K), 0.0066489 secs]
100.591: [GC (Allocation Failure)  416821K->125613K(769024K), 0.0065326 secs]
100.620: [GC (Allocation Failure)  422516K->131758K(764928K), 0.0065917 secs]
100.651: [GC (Allocation Failure)  428210K->137454K(768512K), 0.0065667 secs]
100.682: [GC (Allocation Failure)  434282K->146110K(768512K), 0.0068098 secs]
100.713: [GC (Allocation Failure)  442646K->150206K(768512K), 0.0068263 secs]
100.742: [GC (Allocation Failure)  446031K->154366K(768512K), 0.0133536 secs]
100.775: [GC (Allocation Failure)  449791K->160462K(768512K), 0.0069993 secs]
100.806: [GC (Allocation Failure)  456349K->165583K(762880K), 0.0041845 secs]
100.838: [GC (Allocation Failure)  461354K->172815K(767488K), 0.0068276 secs]
100.867: [GC (Allocation Failure)  468185K->178399K(768000K), 0.0067600 secs]
100.895: [GC (Allocation Failure)  473727K->181983K(768512K), 0.0041828 secs]
100.926: [GC (Allocation Failure)  477777K->189247K(766976K), 0.0040873 secs]
100.953: [GC (Allocation Failure)  484676K->193263K(768512K), 0.0069681 secs]
100.983: [GC (Allocation Failure)  488207K->196848K(768000K), 0.0060705 secs]
101.014: [GC (Allocation Failure)  492104K->204016K(768000K), 0.0064002 secs]
101.043: [GC (Allocation Failure)  499379K->210224K(768000K), 0.0063867 secs]
101.073: [GC (Allocation Failure)  505593K->214264K(767488K), 0.0064180 secs]
101.103: [GC (Allocation Failure)  510032K->219384K(768000K), 0.0062927 secs]
101.133: [GC (Allocation Failure)  514843K->227096K(769024K), 0.0075315 secs]
101.165: [GC (Allocation Failure)  523966K->232705K(769024K), 0.0064059 secs]
101.196: [GC (Allocation Failure)  529632K->240385K(769024K), 0.0076724 secs]
101.226: [GC (Allocation Failure)  537318K->246049K(768000K), 0.0075754 secs]
101.258: [GC (Allocation Failure)  542942K->251153K(767488K), 0.0073079 secs]
101.286: [GC (Allocation Failure)  545958K->254737K(768000K), 0.0070942 secs]
101.318: [GC (Allocation Failure)  549474K->259857K(766976K), 0.0063372 secs]
101.347: [GC (Allocation Failure)  554607K->264498K(767488K), 0.0074988 secs]
101.377: [GC (Allocation Failure)  559352K->271130K(767488K), 0.0075502 secs]
101.409: [GC (Allocation Failure)  567023K->276250K(768000K), 0.0053757 secs]
101.439: [GC (Allocation Failure)  572037K->281434K(769024K), 0.0070253 secs]
101.467: [GC (Allocation Failure)  578333K->287530K(769024K), 0.0069029 secs]
101.497: [GC (Allocation Failure)  584445K->291114K(769024K), 0.0069769 secs]
101.529: [GC (Allocation Failure)  588048K->297867K(769024K), 0.0045412 secs]
101.558: [GC (Allocation Failure)  594722K->304443K(768000K), 0.0072409 secs]
101.588: [GC (Allocation Failure)  601347K->309051K(768512K), 0.0071275 secs]
101.621: [GC (Allocation Failure)  605903K->316251K(769536K), 0.0068290 secs]
101.651: [GC (Allocation Failure)  614049K->323403K(769536K), 0.0047248 secs]
101.680: [GC (Allocation Failure)  620905K->328012K(769536K), 0.0046681 secs]
101.710: [GC (Allocation Failure)  625873K->332108K(769536K), 0.0063735 secs]
101.739: [GC (Allocation Failure)  629729K->339340K(768512K), 0.0065695 secs]
101.770: [GC (Allocation Failure)  637277K->343892K(769024K), 0.0064300 secs]
101.799: [GC (Allocation Failure)  641819K->350036K(770048K), 0.0064884 secs]
101.829: [GC (Allocation Failure)  649006K->355700K(770048K), 0.0069314 secs]
101.858: [GC (Allocation Failure)  654666K->360293K(769024K), 0.0045349 secs]
101.888: [GC (Allocation Failure)  659197K->365413K(769536K), 0.0073160 secs]
101.919: [GC (Allocation Failure)  663912K->370533K(770560K), 0.0089977 secs]
101.947: [GC (Allocation Failure)  670167K->378277K(770560K), 0.0052216 secs]
101.982: [GC (Allocation Failure)  678242K->381301K(769536K), 0.0069662 secs]
102.011: [GC (Allocation Failure)  680238K->390005K(770048K), 0.0052737 secs]
102.040: [GC (Allocation Failure)  688557K->395702K(770048K), 0.0073911 secs]
102.071: [GC (Allocation Failure)  694552K->399230K(770048K), 0.0071212 secs]
102.101: [GC (Allocation Failure)  698203K->403838K(770048K), 0.0070119 secs]
102.132: [GC (Allocation Failure)  702797K->409022K(770048K), 0.0065059 secs]
102.163: [GC (Allocation Failure)  707860K->416134K(769024K), 0.0073019 secs]
102.192: [GC (Allocation Failure)  715133K->423302K(769536K), 0.0078651 secs]
102.224: [GC (Allocation Failure)  721820K->426951K(770048K), 0.0075829 secs]
102.253: [GC (Allocation Failure)  725351K->432023K(769536K), 0.0071591 secs]
102.286: [GC (Allocation Failure)  730334K->439191K(769536K), 0.0076987 secs]
102.316: [GC (Allocation Failure)  737628K->444311K(769536K), 0.0077272 secs]
102.345: [GC (Allocation Failure)  742330K->447447K(769024K), 0.0070638 secs]
102.376: [GC (Allocation Failure)  745240K->456103K(768512K), 0.0078033 secs]
102.405: [GC (Allocation Failure)  754082K->459688K(769536K), 0.0090126 secs]
102.436: [GC (Allocation Failure)  757051K->463336K(769024K), 0.0098088 secs]
102.446: [Full GC (Ergonomics)  463336K->32357K(772608K), 0.0428168 secs]
102.509: [GC (Allocation Failure)  329356K->39525K(772608K), 0.0044995 secs]
102.536: [GC (Allocation Failure)  336855K->47270K(772608K), 0.0063814 secs]
102.569: [GC (Allocation Failure)  344610K->51830K(773120K), 0.0064342 secs]
102.597: [GC (Allocation Failure)  349449K->56950K(768512K), 0.0042068 secs]
102.628: [GC (Allocation Failure)  354566K->62646K(772608K), 0.0059598 secs]
102.659: [GC (Allocation Failure)  360173K->68734K(772608K), 0.0065225 secs]
102.688: [GC (Allocation Failure)  366509K->73342K(772608K), 0.0041430 secs]
102.717: [GC (Allocation Failure)  371633K->80511K(773120K), 0.0058741 secs]
102.747: [GC (Allocation Failure)  378852K->84127K(773632K), 0.0063366 secs]
102.779: [GC (Allocation Failure)  382945K->88711K(769536K), 0.0059389 secs]
102.806: [GC (Allocation Failure)  387524K->94855K(772608K), 0.0064432 secs]
102.835: [GC (Allocation Failure)  393317K->98983K(773120K), 0.0062596 secs]
102.865: [GC (Allocation Failure)  397478K->103567K(773632K), 0.0056794 secs]
102.896: [GC (Allocation Failure)  402516K->110736K(772608K), 0.0064539 secs]
102.926: [GC (Allocation Failure)  409528K->114864K(773632K), 0.0067226 secs]
102.955: [GC (Allocation Failure)  413340K->119968K(773120K), 0.0062188 secs]
102.984: [GC (Allocation Failure)  418362K->125600K(773120K), 0.0041133 secs]
103.016: [GC (Allocation Failure)  424464K->132768K(773120K), 0.0063439 secs]
103.045: [GC (Allocation Failure)  431611K->136416K(774144K), 0.0060852 secs]
103.076: [GC (Allocation Failure)  436422K->144561K(772096K), 0.0065891 secs]
103.105: [GC (Allocation Failure)  444373K->150193K(774144K), 0.0069227 secs]
103.135: [GC (Allocation Failure)  449711K->156401K(773632K), 0.0066431 secs]
103.165: [GC (Allocation Failure)  455413K->160969K(773632K), 0.0062806 secs]
103.194: [GC (Allocation Failure)  460442K->166601K(773632K), 0.0065821 secs]
103.224: [GC (Allocation Failure)  465624K->171753K(774144K), 0.0070580 secs]
103.255: [GC (Allocation Failure)  471723K->177874K(773120K), 0.0067115 secs]
103.284: [GC (Allocation Failure)  477860K->182482K(773632K), 0.0076233 secs]
103.314: [GC (Allocation Failure)  481467K->186578K(773632K), 0.0055902 secs]
103.344: [GC (Allocation Failure)  485455K->193266K(772608K), 0.0070126 secs]
103.373: [GC (Allocation Failure)  491814K->198362K(773120K), 0.0071626 secs]
103.405: [GC (Allocation Failure)  497259K->204506K(772096K), 0.0069862 secs]
103.434: [GC (Allocation Failure)  502485K->209659K(773120K), 0.0075849 secs]
103.462: [GC (Allocation Failure)  507535K->215779K(772608K), 0.0073920 secs]
103.493: [GC (Allocation Failure)  514256K->220899K(773120K), 0.0075303 secs]
103.523: [GC (Allocation Failure)  519230K->225539K(773120K), 0.0074110 secs]
103.553: [GC (Allocation Failure)  524023K->230131K(773120K), 0.0064507 secs]
103.582: [GC (Allocation Failure)  528395K->237812K(772608K), 0.0076094 secs]
103.612: [GC (Allocation Failure)  535769K->241396K(773120K), 0.0069096 secs]
103.642: [GC (Allocation Failure)  539276K->247092K(772096K), 0.0063301 secs]
103.671: [GC (Allocation Failure)  544930K->253180K(772608K), 0.0075793 secs]
103.702: [GC (Allocation Failure)  550679K->257788K(773120K), 0.0076564 secs]
103.733: [GC (Allocation Failure)  555636K->264476K(769536K), 0.0072354 secs]
103.762: [GC (Allocation Failure)  562357K->270605K(772608K), 0.0070054 secs]
103.794: [GC (Allocation Failure)  568503K->274701K(772608K), 0.0067781 secs]
103.822: [GC (Allocation Failure)  572211K->280877K(773632K), 0.0072856 secs]
103.852: [GC (Allocation Failure)  579756K->288029K(773632K), 0.0076408 secs]
103.883: [GC (Allocation Failure)  586529K->290077K(772608K), 0.0076537 secs]
103.913: [GC (Allocation Failure)  587965K->296221K(771072K), 0.0077694 secs]
103.941: [GC (Allocation Failure)  594100K->301885K(772608K), 0.0084673 secs]
103.968: [GC (Allocation Failure)  598677K->308006K(768512K), 0.0076846 secs]
104.000: [GC (Allocation Failure)  604794K->314150K(772096K), 0.0071165 secs]
104.030: [GC (Allocation Failure)  611016K->320326K(772096K), 0.0077130 secs]
104.061: [GC (Allocation Failure)  617039K->325430K(773120K), 0.0064727 secs]
104.089: [GC (Allocation Failure)  623206K->331574K(773120K), 0.0069968 secs]
104.117: [GC (Allocation Failure)  629381K->337207K(772096K), 0.0044689 secs]
104.148: [GC (Allocation Failure)  635075K->341847K(772608K), 0.0076366 secs]
104.178: [GC (Allocation Failure)  639749K->345927K(773632K), 0.0069749 secs]
104.206: [GC (Allocation Failure)  644481K->352071K(772608K), 0.0072309 secs]
104.235: [GC (Allocation Failure)  650822K->357223K(773120K), 0.0087490 secs]
104.265: [GC (Allocation Failure)  655109K->361807K(773120K), 0.0071005 secs]
104.295: [GC (Allocation Failure)  659674K->368463K(772096K), 0.0071612 secs]
104.327: [GC (Allocation Failure)  666418K->374640K(772608K), 0.0074814 secs]
104.356: [GC (Allocation Failure)  672475K->378200K(773632K), 0.0077270 secs]
104.385: [GC (Allocation Failure)  677208K->383320K(769536K), 0.0069213 secs]
104.417: [GC (Allocation Failure)  682180K->388952K(773120K), 0.0072607 secs]
104.447: [GC (Allocation Failure)  687803K->395160K(773120K), 0.0073728 secs]
104.476: [GC (Allocation Failure)  694067K->399200K(773632K), 0.0068707 secs]
104.506: [GC (Allocation Failure)  699133K->405857K(773632K), 0.0051760 secs]
104.538: [GC (Allocation Failure)  705760K->410017K(774656K), 0.0169596 secs]
104.581: [GC (Allocation Failure)  711060K->415089K(774656K), 0.0048699 secs]
104.605: [GC (Allocation Failure)  716113K->420209K(774656K), 0.0080241 secs]
104.636: [GC (Allocation Failure)  721017K->427473K(774656K), 0.0044459 secs]
104.666: [GC (Allocation Failure)  728234K->431489K(774656K), 0.0068734 secs]
104.696: [GC (Allocation Failure)  732474K->436610K(774656K), 0.0067766 secs]
104.726: [GC (Allocation Failure)  737558K->443330K(773632K), 0.0068873 secs]
104.756: [GC (Allocation Failure)  743253K->446354K(774144K), 0.0064635 secs]
104.786: [GC (Allocation Failure)  746192K->453010K(774144K), 0.0071927 secs]
104.815: [GC (Allocation Failure)  753001K->457618K(772608K), 0.0074683 secs]
104.846: [GC (Allocation Failure)  757448K->460242K(773632K), 0.0049017 secs]
104.878: [GC (Allocation Failure)  759240K->465818K(770048K), 0.0071551 secs]
104.885: [Full GC (Ergonomics)  465818K->32275K(778240K), 0.0409328 secs]
104.947: [GC (Allocation Failure)  331263K->40019K(781312K), 0.0048330 secs]
104.972: [GC (Allocation Failure)  338776K->48164K(781312K), 0.0067226 secs]
105.004: [GC (Allocation Failure)  347106K->52772K(781824K), 0.0068217 secs]
105.032: [GC (Allocation Failure)  351387K->54884K(781824K), 0.0051200 secs]
105.062: [GC (Allocation Failure)  353403K->62516K(781824K), 0.0063062 secs]
105.093: [GC (Allocation Failure)  361137K->66612K(781824K), 0.0065381 secs]
105.121: [GC (Allocation Failure)  365275K->72308K(781824K), 0.0062399 secs]
105.150: [GC (Allocation Failure)  370994K->75853K(777728K), 0.0043584 secs]
105.177: [GC (Allocation Failure)  374487K->79949K(781312K), 0.0063788 secs]
105.207: [GC (Allocation Failure)  378839K->87117K(781312K), 0.0067093 secs]
105.235: [GC (Allocation Failure)  386021K->92301K(782336K), 0.0067612 secs]
105.266: [GC (Allocation Failure)  392169K->97373K(777728K), 0.0070088 secs]
105.294: [GC (Allocation Failure)  397272K->105053K(781824K), 0.0067557 secs]
105.324: [GC (Allocation Failure)  404990K->110238K(781824K), 0.0065043 secs]
105.352: [GC (Allocation Failure)  410117K->115302K(782848K), 0.0060730 secs]
105.383: [GC (Allocation Failure)  416269K->122982K(781824K), 0.0065918 secs]
105.413: [GC (Allocation Failure)  423919K->125542K(782848K), 0.0061756 secs]
105.442: [GC (Allocation Failure)  425942K->132230K(782336K), 0.0067998 secs]
105.473: [GC (Allocation Failure)  432688K->135286K(782336K), 0.0060379 secs]
105.503: [GC (Allocation Failure)  435547K->142455K(782336K), 0.0067973 secs]
105.533: [GC (Allocation Failure)  442976K->147639K(782848K), 0.0063884 secs]
105.561: [GC (Allocation Failure)  448604K->152711K(782848K), 0.0066418 secs]
105.591: [GC (Allocation Failure)  453536K->155783K(782848K), 0.0055604 secs]
105.621: [GC (Allocation Failure)  456733K->160967K(782848K), 0.0057000 secs]
105.650: [GC (Allocation Failure)  461813K->166551K(782848K), 0.0043204 secs]
105.680: [GC (Allocation Failure)  467505K->172695K(782848K), 0.0058329 secs]
105.708: [GC (Allocation Failure)  473576K->176792K(782848K), 0.0065882 secs]
105.737: [GC (Allocation Failure)  477792K->182456K(780288K), 0.0064456 secs]
105.767: [GC (Allocation Failure)  483294K->185512K(782336K), 0.0059393 secs]
105.796: [GC (Allocation Failure)  486483K->190632K(782336K), 0.0063213 secs]
105.825: [GC (Allocation Failure)  491499K->195816K(783360K), 0.0062613 secs]
105.854: [GC (Allocation Failure)  497895K->199856K(780288K), 0.0062900 secs]
105.884: [GC (Allocation Failure)  501830K->205488K(782336K), 0.0063070 secs]
105.915: [GC (Allocation Failure)  506548K->210097K(782848K), 0.0047157 secs]
105.942: [GC (Allocation Failure)  511594K->213713K(783360K), 0.0069526 secs]
105.971: [GC (Allocation Failure)  515760K->220857K(783360K), 0.0066736 secs]
106.000: [GC (Allocation Failure)  522736K->224441K(783360K), 0.0061877 secs]
106.029: [GC (Allocation Failure)  526358K->230137K(781824K), 0.0053138 secs]
106.059: [GC (Allocation Failure)  532149K->235201K(782848K), 0.0065598 secs]
106.087: [GC (Allocation Failure)  536117K->238785K(782848K), 0.0063868 secs]
106.116: [GC (Allocation Failure)  539647K->243394K(782848K), 0.0055297 secs]
106.146: [GC (Allocation Failure)  544331K->249090K(779264K), 0.0044535 secs]
106.174: [GC (Allocation Failure)  550009K->256714K(781824K), 0.0066241 secs]
106.204: [GC (Allocation Failure)  557189K->259786K(782336K), 0.0042641 secs]
106.234: [GC (Allocation Failure)  560226K->264426K(781824K), 0.0057709 secs]
106.262: [GC (Allocation Failure)  565338K->270554K(782336K), 0.0065493 secs]
106.292: [GC (Allocation Failure)  571471K->276187K(783360K), 0.0039384 secs]
106.320: [GC (Allocation Failure)  578226K->279835K(777728K), 0.0065391 secs]
106.350: [GC (Allocation Failure)  581741K->285451K(783360K), 0.0040533 secs]
106.379: [GC (Allocation Failure)  586951K->290035K(782848K), 0.0043540 secs]
106.409: [GC (Allocation Failure)  591550K->295155K(782848K), 0.0055805 secs]
106.437: [GC (Allocation Failure)  597159K->300851K(782848K), 0.0041897 secs]
106.466: [GC (Allocation Failure)  602931K->306436K(783872K), 0.0054344 secs]
106.496: [GC (Allocation Failure)  609498K->310020K(783872K), 0.0059430 secs]
106.524: [GC (Allocation Failure)  613050K->314148K(782848K), 0.0058886 secs]
106.553: [GC (Allocation Failure)  617107K->320276K(783360K), 0.0044862 secs]
106.583: [GC (Allocation Failure)  623289K->323348K(783872K), 0.0044109 secs]
106.613: [GC (Allocation Failure)  626287K->330004K(783872K), 0.0063116 secs]
106.642: [GC (Allocation Failure)  632699K->333140K(783872K), 0.0034826 secs]
106.671: [GC (Allocation Failure)  636131K->339749K(783872K), 0.0063492 secs]
106.701: [GC (Allocation Failure)  642734K->344869K(783872K), 0.0069637 secs]
106.730: [GC (Allocation Failure)  647469K->347493K(779264K), 0.0042240 secs]
106.759: [GC (Allocation Failure)  650120K->352565K(783872K), 0.0060806 secs]
106.787: [GC (Allocation Failure)  654961K->358709K(783360K), 0.0044566 secs]
106.816: [GC (Allocation Failure)  661217K->361781K(783360K), 0.0037822 secs]
106.846: [GC (Allocation Failure)  663702K->365941K(783360K), 0.0058869 secs]
106.875: [GC (Allocation Failure)  667544K->371014K(782336K), 0.0059874 secs]
106.904: [GC (Allocation Failure)  671933K->375110K(782848K), 0.0067258 secs]
106.935: [GC (Allocation Failure)  676149K->380294K(781824K), 0.0043738 secs]
106.964: [GC (Allocation Failure)  681300K->383318K(782336K), 0.0059980 secs]
106.993: [GC (Allocation Failure)  684189K->389974K(782336K), 0.0059711 secs]
107.021: [GC (Allocation Failure)  690988K->394134K(782848K), 0.0068622 secs]
107.051: [GC (Allocation Failure)  694685K->398182K(782848K), 0.0043531 secs]
107.079: [GC (Allocation Failure)  699670K->404839K(782848K), 0.0068646 secs]
107.109: [GC (Allocation Failure)  706329K->408935K(782848K), 0.0065061 secs]
107.139: [GC (Allocation Failure)  709997K->413095K(782848K), 0.0058096 secs]
107.168: [GC (Allocation Failure)  714575K->421247K(781312K), 0.0044800 secs]
107.196: [GC (Allocation Failure)  721152K->424319K(782336K), 0.0070559 secs]
107.225: [GC (Allocation Failure)  724306K->427935K(781824K), 0.0065260 secs]
107.256: [GC (Allocation Failure)  727969K->434055K(782336K), 0.0070815 secs]
107.286: [GC (Allocation Failure)  734488K->437128K(782848K), 0.0069458 secs]
107.318: [GC (Allocation Failure)  738146K->442248K(778752K), 0.0066034 secs]
107.347: [GC (Allocation Failure)  743241K->447912K(782336K), 0.0071620 secs]
107.376: [GC (Allocation Failure)  748867K->452504K(782336K), 0.0066470 secs]
107.406: [GC (Allocation Failure)  753386K->458136K(782336K), 0.0079643 secs]
107.436: [GC (Allocation Failure)  760120K->461752K(782848K), 0.0081069 secs]
107.465: [GC (Allocation Failure)  763763K->467368K(783360K), 0.0071802 secs]
107.496: [GC (Allocation Failure)  770402K->470953K(783872K), 0.0087970 secs]
107.527: [GC (Allocation Failure)  774004K->475625K(783872K), 0.0105013 secs]
107.538: [Full GC (Ergonomics)  475625K->30852K(788992K), 0.0467995 secs]
107.605: [GC (Allocation Failure)  333472K->39044K(788992K), 0.0047345 secs]
107.631: [GC (Allocation Failure)  341825K->44708K(788992K), 0.0060372 secs]
107.662: [GC (Allocation Failure)  347767K->49300K(788992K), 0.0057053 secs]
107.692: [GC (Allocation Failure)  351896K->54421K(787968K), 0.0055432 secs]
107.720: [GC (Allocation Failure)  357166K->60117K(788480K), 0.0059394 secs]
107.749: [GC (Allocation Failure)  362979K->63685K(788992K), 0.0044345 secs]
107.779: [GC (Allocation Failure)  366961K->68781K(788992K), 0.0030430 secs]
107.808: [GC (Allocation Failure)  372171K->73389K(789504K), 0.0061611 secs]
107.837: [GC (Allocation Failure)  377305K->79597K(789504K), 0.0036388 secs]
107.868: [GC (Allocation Failure)  383529K->82621K(788480K), 0.0057210 secs]
107.895: [GC (Allocation Failure)  385452K->88766K(788992K), 0.0057413 secs]
107.924: [GC (Allocation Failure)  391790K->91902K(788992K), 0.0053020 secs]
107.953: [GC (Allocation Failure)  394928K->94414K(783872K), 0.0049244 secs]
107.981: [GC (Allocation Failure)  397412K->99534K(788992K), 0.0052895 secs]
108.010: [GC (Allocation Failure)  401670K->105166K(788480K), 0.0055989 secs]
108.040: [GC (Allocation Failure)  407674K->109294K(788480K), 0.0054949 secs]
108.069: [GC (Allocation Failure)  411640K->113374K(788480K), 0.0055093 secs]
108.097: [GC (Allocation Failure)  415860K->116447K(788992K), 0.0031073 secs]
108.126: [GC (Allocation Failure)  419549K->121119K(788992K), 0.0036912 secs]
108.156: [GC (Allocation Failure)  424107K->126703K(787968K), 0.0041769 secs]
108.185: [GC (Allocation Failure)  428725K->129263K(788480K), 0.0063189 secs]
108.214: [GC (Allocation Failure)  431257K->132847K(787456K), 0.0054032 secs]
108.243: [GC (Allocation Failure)  434897K->138543K(787968K), 0.0059449 secs]
108.273: [GC (Allocation Failure)  440560K->140535K(788992K), 0.0056879 secs]
108.303: [GC (Allocation Failure)  443605K->147703K(787456K), 0.0063085 secs]
108.332: [GC (Allocation Failure)  450717K->151352K(788992K), 0.0059341 secs]
108.362: [GC (Allocation Failure)  453834K->153352K(788480K), 0.0053176 secs]
108.393: [GC (Allocation Failure)  455884K->158472K(788480K), 0.0057489 secs]
108.422: [GC (Allocation Failure)  461379K->161576K(788480K), 0.0057863 secs]
108.449: [GC (Allocation Failure)  464654K->167192K(788992K), 0.0056203 secs]
108.479: [GC (Allocation Failure)  470252K->170264K(788992K), 0.0057419 secs]
108.510: [GC (Allocation Failure)  473163K->172312K(788992K), 0.0045462 secs]
108.538: [GC (Allocation Failure)  475406K->176472K(785408K), 0.0056055 secs]
108.568: [GC (Allocation Failure)  479459K->182569K(787968K), 0.0059928 secs]
108.597: [GC (Allocation Failure)  485096K->185129K(788480K), 0.0054915 secs]
108.626: [GC (Allocation Failure)  487704K->188745K(787968K), 0.0056603 secs]
108.653: [GC (Allocation Failure)  491370K->193337K(788480K), 0.0059108 secs]
108.682: [GC (Allocation Failure)  496423K->195897K(788992K), 0.0055894 secs]
108.714: [GC (Allocation Failure)  498918K->199481K(785408K), 0.0052940 secs]
108.744: [GC (Allocation Failure)  502087K->203641K(788480K), 0.0055040 secs]
108.773: [GC (Allocation Failure)  506671K->206665K(788480K), 0.0038837 secs]
108.802: [GC (Allocation Failure)  509642K->210761K(788480K), 0.0054816 secs]
108.832: [GC (Allocation Failure)  514843K->215434K(788992K), 0.0035200 secs]
108.863: [GC (Allocation Failure)  519502K->221026K(790016K), 0.0058534 secs]
108.890: [GC (Allocation Failure)  526108K->224098K(790016K), 0.0057219 secs]
108.920: [GC (Allocation Failure)  529130K->230242K(788992K), 0.0057409 secs]
108.950: [GC (Allocation Failure)  534336K->231330K(789504K), 0.0054952 secs]
108.980: [GC (Allocation Failure)  535350K->233842K(789504K), 0.0037129 secs]
109.010: [GC (Allocation Failure)  537770K->239474K(789504K), 0.0052453 secs]
109.038: [GC (Allocation Failure)  543596K->242098K(788480K), 0.0054847 secs]
109.068: [GC (Allocation Failure)  546106K->246658K(788992K), 0.0055166 secs]
109.097: [GC (Allocation Failure)  550770K->249731K(789504K), 0.0058451 secs]
109.126: [GC (Allocation Failure)  553803K->253379K(785408K), 0.0052419 secs]
109.156: [GC (Allocation Failure)  557389K->256915K(788992K), 0.0034162 secs]
109.186: [GC (Allocation Failure)  560558K->259475K(788992K), 0.0058826 secs]
109.213: [GC (Allocation Failure)  563562K->263571K(790016K), 0.0050734 secs]
109.242: [GC (Allocation Failure)  568664K->267763K(787456K), 0.0052422 secs]
109.274: [GC (Allocation Failure)  572479K->271267K(789504K), 0.0059569 secs]
109.302: [GC (Allocation Failure)  575931K->274339K(789504K), 0.0056814 secs]
109.330: [GC (Allocation Failure)  579491K->279523K(789504K), 0.0061717 secs]
109.361: [GC (Allocation Failure)  585248K->282036K(790016K), 0.0056008 secs]
109.391: [GC (Allocation Failure)  588013K->285108K(790528K), 0.0052382 secs]
109.420: [GC (Allocation Failure)  591337K->289716K(790528K), 0.0059848 secs]
109.448: [GC (Allocation Failure)  595949K->292852K(790528K), 0.0060888 secs]
109.481: [GC (Allocation Failure)  598906K->295364K(790528K), 0.0055500 secs]
109.511: [GC (Allocation Failure)  601094K->298948K(789504K), 0.0040129 secs]
109.540: [GC (Allocation Failure)  604654K->304612K(790016K), 0.0060750 secs]
109.571: [GC (Allocation Failure)  610687K->306124K(790016K), 0.0058249 secs]
109.601: [GC (Allocation Failure)  611258K->310220K(786432K), 0.0054921 secs]
109.631: [GC (Allocation Failure)  615240K->314893K(788992K), 0.0058618 secs]
109.661: [GC (Allocation Failure)  619509K->316893K(789504K), 0.0057349 secs]
109.692: [GC (Allocation Failure)  621279K->320477K(788992K), 0.0054568 secs]
109.721: [GC (Allocation Failure)  625477K->324637K(789504K), 0.0049998 secs]
109.749: [GC (Allocation Failure)  629289K->326637K(790016K), 0.0058602 secs]
109.779: [GC (Allocation Failure)  631785K->331757K(790016K), 0.0058509 secs]
109.807: [GC (Allocation Failure)  636876K->334317K(790016K), 0.0052893 secs]
109.838: [GC (Allocation Failure)  639376K->337453K(785920K), 0.0057551 secs]
109.867: [GC (Allocation Failure)  642153K->342013K(789504K), 0.0059103 secs]
109.895: [GC (Allocation Failure)  647025K->345085K(789504K), 0.0042999 secs]
109.927: [GC (Allocation Failure)  650173K->349246K(790528K), 0.0060534 secs]
109.956: [GC (Allocation Failure)  655396K->353294K(786432K), 0.0056923 secs]
109.986: [GC (Allocation Failure)  659393K->359438K(788992K), 0.0058695 secs]
110.017: [GC (Allocation Failure)  664546K->360462K(790016K), 0.0061696 secs]
110.046: [GC (Allocation Failure)  665610K->364622K(789504K), 0.0059982 secs]
110.076: [GC (Allocation Failure)  670088K->367134K(790016K), 0.0060219 secs]
110.105: [GC (Allocation Failure)  672328K->371230K(790528K), 0.0060138 secs]
110.135: [GC (Allocation Failure)  676964K->374910K(788992K), 0.0053122 secs]
110.164: [GC (Allocation Failure)  681048K->376878K(790528K), 0.0061118 secs]
110.193: [GC (Allocation Failure)  682108K->381999K(790016K), 0.0062473 secs]
110.221: [GC (Allocation Failure)  687595K->385103K(790016K), 0.0063443 secs]
110.250: [GC (Allocation Failure)  690170K->388671K(785920K), 0.0061702 secs]
110.280: [GC (Allocation Failure)  693698K->392255K(789504K), 0.0069706 secs]
110.308: [GC (Allocation Failure)  697361K->395839K(789504K), 0.0071519 secs]
110.340: [GC (Allocation Failure)  700517K->396383K(789504K), 0.0064010 secs]
110.368: [GC (Allocation Failure)  702014K->401991K(790016K), 0.0069749 secs]
110.398: [GC (Allocation Failure)  707228K->404551K(789504K), 0.0061429 secs]
110.427: [GC (Allocation Failure)  710286K->406663K(790016K), 0.0053715 secs]
110.458: [GC (Allocation Failure)  712815K->411215K(791040K), 0.0069781 secs]
110.487: [GC (Allocation Failure)  717942K->413264K(791040K), 0.0069418 secs]
110.517: [GC (Allocation Failure)  720035K->416880K(791040K), 0.0058225 secs]
110.548: [GC (Allocation Failure)  724076K->420976K(788480K), 0.0072671 secs]
110.579: [GC (Allocation Failure)  728167K->425048K(790016K), 0.0073803 secs]
110.609: [GC (Allocation Failure)  731695K->426584K(790528K), 0.0071972 secs]
110.636: [GC (Allocation Failure)  732767K->428664K(791040K), 0.0069760 secs]
110.667: [GC (Allocation Failure)  735817K->432224K(791040K), 0.0071577 secs]
110.696: [GC (Allocation Failure)  739003K->436832K(791040K), 0.0061344 secs]
110.726: [GC (Allocation Failure)  743958K->439424K(787968K), 0.0072473 secs]
110.756: [GC (Allocation Failure)  746543K->443496K(790528K), 0.0060821 secs]
110.786: [GC (Allocation Failure)  750207K->448105K(790528K), 0.0062981 secs]
110.815: [GC (Allocation Failure)  754800K->449673K(791040K), 0.0061164 secs]
110.846: [GC (Allocation Failure)  756831K->452233K(788480K), 0.0057197 secs]
110.874: [GC (Allocation Failure)  759433K->456817K(790016K), 0.0076198 secs]
110.905: [GC (Allocation Failure)  763473K->458353K(790528K), 0.0062047 secs]
110.933: [GC (Allocation Failure)  764539K->462001K(791040K), 0.0057243 secs]
110.963: [GC (Allocation Failure)  768710K->467065K(791040K), 0.0075551 secs]
110.994: [GC (Allocation Failure)  773809K->471161K(790016K), 0.0064705 secs]
111.025: [GC (Allocation Failure)  778319K->471737K(790528K), 0.0053360 secs]
111.057: [GC (Allocation Failure)  778810K->478346K(790016K), 0.0069835 secs]
111.064: [Full GC (Ergonomics)  478346K->26640K(790528K), 0.0456692 secs]
111.131: [GC (Allocation Failure)  332800K->31824K(791040K), 0.0041217 secs]
111.156: [GC (Allocation Failure)  337999K->37400K(790528K), 0.0056547 secs]
111.189: [GC (Allocation Failure)  343186K->37912K(791040K), 0.0046535 secs]
111.220: [GC (Allocation Failure)  343605K->41496K(790016K), 0.0048137 secs]
111.247: [GC (Allocation Failure)  347342K->46169K(790528K), 0.0052881 secs]
111.274: [GC (Allocation Failure)  352097K->47657K(790528K), 0.0048681 secs]
111.305: [GC (Allocation Failure)  353691K->53289K(791040K), 0.0049203 secs]
111.333: [GC (Allocation Failure)  359402K->55369K(791040K), 0.0051973 secs]
111.361: [GC (Allocation Failure)  361435K->57401K(791040K), 0.0047105 secs]
111.390: [GC (Allocation Failure)  363351K->60473K(790016K), 0.0044377 secs]
111.419: [GC (Allocation Failure)  366550K->64569K(790528K), 0.0050444 secs]
111.448: [GC (Allocation Failure)  370292K->67193K(791040K), 0.0052661 secs]
111.479: [GC (Allocation Failure)  372976K->68681K(787456K), 0.0043935 secs]
111.508: [GC (Allocation Failure)  374787K->72777K(790528K), 0.0048553 secs]
111.537: [GC (Allocation Failure)  378928K->75401K(790528K), 0.0048895 secs]
111.566: [GC (Allocation Failure)  381498K->79450K(791552K), 0.0050280 secs]
111.595: [GC (Allocation Failure)  386576K->82522K(791552K), 0.0049853 secs]
111.625: [GC (Allocation Failure)  389662K->85658K(790528K), 0.0051745 secs]
111.653: [GC (Allocation Failure)  392368K->88170K(791040K), 0.0046818 secs]
111.682: [GC (Allocation Failure)  394928K->90218K(791040K), 0.0049225 secs]
111.711: [GC (Allocation Failure)  398401K->94826K(791552K), 0.0035608 secs]
111.742: [GC (Allocation Failure)  403023K->96970K(792064K), 0.0035398 secs]
111.770: [GC (Allocation Failure)  405262K->99970K(792064K), 0.0035204 secs]
111.801: [GC (Allocation Failure)  408684K->103554K(792576K), 0.0047383 secs]
111.831: [GC (Allocation Failure)  412750K->105666K(790016K), 0.0046546 secs]
111.859: [GC (Allocation Failure)  414850K->109202K(792064K), 0.0047335 secs]
111.889: [GC (Allocation Failure)  417944K->111763K(792064K), 0.0048883 secs]
111.919: [GC (Allocation Failure)  420529K->113299K(792576K), 0.0049956 secs]
111.947: [GC (Allocation Failure)  422096K->114899K(788480K), 0.0041382 secs]
111.978: [GC (Allocation Failure)  423737K->119459K(792064K), 0.0048268 secs]
112.007: [GC (Allocation Failure)  427188K->122019K(789504K), 0.0049049 secs]
112.037: [GC (Allocation Failure)  429744K->125155K(791552K), 0.0050043 secs]
112.066: [GC (Allocation Failure)  433377K->128179K(791552K), 0.0043807 secs]
112.095: [GC (Allocation Failure)  435899K->130739K(792064K), 0.0029993 secs]
112.125: [GC (Allocation Failure)  439556K->134355K(792064K), 0.0051481 secs]
112.155: [GC (Allocation Failure)  443240K->135875K(793088K), 0.0047968 secs]
112.186: [GC (Allocation Failure)  445648K->139971K(792576K), 0.0034360 secs]
112.215: [GC (Allocation Failure)  449777K->140995K(792576K), 0.0045563 secs]
112.244: [GC (Allocation Failure)  449769K->145124K(792576K), 0.0050055 secs]
112.272: [GC (Allocation Failure)  453868K->147156K(792576K), 0.0049394 secs]
112.303: [GC (Allocation Failure)  455914K->148692K(790016K), 0.0044047 secs]
112.332: [GC (Allocation Failure)  457495K->151796K(792064K), 0.0050762 secs]
112.363: [GC (Allocation Failure)  460554K->154340K(792064K), 0.0046627 secs]
112.392: [GC (Allocation Failure)  463425K->158948K(792064K), 0.0053920 secs]
112.421: [GC (Allocation Failure)  467808K->160036K(787968K), 0.0050951 secs]
112.453: [GC (Allocation Failure)  468876K->162548K(792576K), 0.0046579 secs]
112.481: [GC (Allocation Failure)  471213K->165620K(792064K), 0.0048117 secs]
112.511: [GC (Allocation Failure)  473922K->167668K(792064K), 0.0049301 secs]
112.541: [GC (Allocation Failure)  476339K->170804K(792064K), 0.0047602 secs]
112.570: [GC (Allocation Failure)  479096K->172804K(791552K), 0.0049094 secs]
112.600: [GC (Allocation Failure)  481565K->175876K(792064K), 0.0050354 secs]
112.631: [GC (Allocation Failure)  485080K->177477K(793088K), 0.0046676 secs]
112.661: [GC (Allocation Failure)  487250K->181525K(792576K), 0.0049755 secs]
112.690: [GC (Allocation Failure)  491342K->183061K(792576K), 0.0052148 secs]
112.719: [GC (Allocation Failure)  491914K->185109K(792576K), 0.0051394 secs]
112.750: [GC (Allocation Failure)  494004K->187221K(791552K), 0.0051291 secs]
112.778: [GC (Allocation Failure)  496416K->190757K(792064K), 0.0052821 secs]
112.809: [GC (Allocation Failure)  499552K->191781K(793088K), 0.0047290 secs]
112.839: [GC (Allocation Failure)  501623K->194917K(793088K), 0.0050110 secs]
112.867: [GC (Allocation Failure)  504705K->196909K(793088K), 0.0049764 secs]
112.897: [GC (Allocation Failure)  507159K->199981K(793088K), 0.0052210 secs]
112.927: [GC (Allocation Failure)  509753K->202093K(792064K), 0.0052237 secs]
112.958: [GC (Allocation Failure)  512284K->204093K(792576K), 0.0049265 secs]
112.987: [GC (Allocation Failure)  514301K->207165K(793600K), 0.0059672 secs]
113.018: [GC (Allocation Failure)  518174K->207677K(793600K), 0.0053944 secs]
113.046: [GC (Allocation Failure)  518611K->212830K(792576K), 0.0059251 secs]
113.077: [GC (Allocation Failure)  522633K->213838K(793088K), 0.0051590 secs]
113.107: [GC (Allocation Failure)  524095K->215886K(793088K), 0.0057074 secs]
113.137: [GC (Allocation Failure)  525725K->217966K(793088K), 0.0053579 secs]
113.167: [GC (Allocation Failure)  528228K->221022K(793088K), 0.0051839 secs]
113.197: [GC (Allocation Failure)  531265K->224094K(793088K), 0.0051501 secs]
113.226: [GC (Allocation Failure)  534229K->225694K(792064K), 0.0050717 secs]
113.257: [GC (Allocation Failure)  535554K->229222K(792576K), 0.0060673 secs]
113.287: [GC (Allocation Failure)  539011K->229222K(793088K), 0.0048568 secs]
113.316: [GC (Allocation Failure)  539097K->232806K(793088K), 0.0049595 secs]
113.348: [GC (Allocation Failure)  543027K->234918K(793088K), 0.0051956 secs]
113.376: [GC (Allocation Failure)  544819K->236910K(793088K), 0.0056647 secs]
113.408: [GC (Allocation Failure)  546740K->238958K(792064K), 0.0050123 secs]
113.437: [GC (Allocation Failure)  548937K->242062K(792576K), 0.0053460 secs]
113.466: [GC (Allocation Failure)  551824K->243575K(793088K), 0.0058030 secs]
113.498: [GC (Allocation Failure)  553847K->246135K(791040K), 0.0055603 secs]
113.526: [GC (Allocation Failure)  556031K->247191K(792576K), 0.0055913 secs]
113.556: [GC (Allocation Failure)  556996K->249743K(792576K), 0.0029357 secs]
113.587: [GC (Allocation Failure)  560010K->252303K(793600K), 0.0042767 secs]
113.615: [GC (Allocation Failure)  563131K->254351K(793600K), 0.0058229 secs]
113.646: [GC (Allocation Failure)  565183K->256431K(793600K), 0.0056040 secs]
113.678: [GC (Allocation Failure)  567723K->257439K(793600K), 0.0043331 secs]
113.705: [GC (Allocation Failure)  568396K->258975K(793600K), 0.0040855 secs]
113.737: [GC (Allocation Failure)  569767K->262079K(791552K), 0.0049831 secs]
113.767: [GC (Allocation Failure)  573329K->263079K(793088K), 0.0054076 secs]
113.796: [GC (Allocation Failure)  573954K->266151K(793088K), 0.0045560 secs]
113.825: [GC (Allocation Failure)  577444K->269255K(794112K), 0.0046481 secs]
113.856: [GC (Allocation Failure)  581088K->269751K(794112K), 0.0069155 secs]
113.888: [GC (Allocation Failure)  581662K->272311K(794112K), 0.0043671 secs]
113.917: [GC (Allocation Failure)  584237K->274359K(794112K), 0.0048432 secs]
113.946: [GC (Allocation Failure)  586651K->277496K(794112K), 0.0048035 secs]
113.976: [GC (Allocation Failure)  589360K->277440K(794112K), 0.0041140 secs]
114.006: [GC (Allocation Failure)  589337K->282560K(793088K), 0.0046126 secs]
114.036: [GC (Allocation Failure)  593843K->284672K(793600K), 0.0047454 secs]
114.066: [GC (Allocation Failure)  595860K->286664K(792576K), 0.0052281 secs]
114.096: [GC (Allocation Failure)  596522K->287688K(793088K), 0.0050774 secs]
114.125: [GC (Allocation Failure)  597564K->290792K(793088K), 0.0052546 secs]
114.154: [GC (Allocation Failure)  601530K->291288K(793088K), 0.0043283 secs]
114.183: [GC (Allocation Failure)  601620K->293848K(793600K), 0.0046170 secs]
114.212: [GC (Allocation Failure)  604637K->295896K(791040K), 0.0048709 secs]
114.242: [GC (Allocation Failure)  606729K->298552K(793088K), 0.0030721 secs]
114.271: [GC (Allocation Failure)  609456K->300520K(793088K), 0.0045245 secs]
114.299: [GC (Allocation Failure)  611505K->301544K(793600K), 0.0029877 secs]
114.328: [GC (Allocation Failure)  613300K->303624K(793600K), 0.0059103 secs]
114.358: [GC (Allocation Failure)  615042K->305656K(794112K), 0.0051173 secs]
114.387: [GC (Allocation Failure)  617647K->307192K(794112K), 0.0048120 secs]
114.419: [GC (Allocation Failure)  619071K->309753K(794112K), 0.0060258 secs]
114.448: [GC (Allocation Failure)  621779K->311833K(792064K), 0.0059851 secs]
114.478: [GC (Allocation Failure)  623759K->312833K(793600K), 0.0056391 secs]
114.509: [GC (Allocation Failure)  625145K->314881K(793600K), 0.0050046 secs]
114.538: [GC (Allocation Failure)  627136K->315937K(794624K), 0.0057078 secs]
114.567: [GC (Allocation Failure)  628812K->318985K(794624K), 0.0059018 secs]
114.595: [GC (Allocation Failure)  632037K->321545K(794624K), 0.0052615 secs]
114.627: [GC (Allocation Failure)  634881K->322089K(791040K), 0.0059074 secs]
114.658: [GC (Allocation Failure)  635155K->325145K(794624K), 0.0047650 secs]
114.686: [GC (Allocation Failure)  637969K->328729K(794112K), 0.0062350 secs]
114.717: [GC (Allocation Failure)  641180K->328217K(794112K), 0.0048408 secs]
114.748: [GC (Allocation Failure)  640174K->331353K(794112K), 0.0051827 secs]
114.778: [GC (Allocation Failure)  643327K->332329K(794112K), 0.0047255 secs]
114.807: [GC (Allocation Failure)  644221K->334377K(794112K), 0.0049006 secs]
114.838: [GC (Allocation Failure)  646346K->337481K(793088K), 0.0053302 secs]
114.867: [GC (Allocation Failure)  648704K->338489K(793600K), 0.0051950 secs]
114.897: [GC (Allocation Failure)  649419K->340537K(793600K), 0.0049487 secs]
114.926: [GC (Allocation Failure)  652335K->342650K(793600K), 0.0048881 secs]
114.956: [GC (Allocation Failure)  654457K->345154K(794112K), 0.0051690 secs]
114.985: [GC (Allocation Failure)  657154K->346178K(791552K), 0.0049334 secs]
115.015: [GC (Allocation Failure)  657987K->349250K(793600K), 0.0051667 secs]
115.045: [GC (Allocation Failure)  661560K->351362K(793600K), 0.0051849 secs]
115.073: [GC (Allocation Failure)  663335K->352850K(794112K), 0.0052069 secs]
115.104: [GC (Allocation Failure)  664859K->354386K(794112K), 0.0043782 secs]
115.132: [GC (Allocation Failure)  666290K->356978K(794112K), 0.0060053 secs]
115.163: [GC (Allocation Failure)  668820K->357466K(794112K), 0.0060037 secs]
115.192: [GC (Allocation Failure)  669456K->357466K(794112K), 0.0047885 secs]
115.222: [GC (Allocation Failure)  669744K->359578K(794112K), 0.0049056 secs]
115.254: [GC (Allocation Failure)  671622K->361066K(793088K), 0.0048591 secs]
115.283: [GC (Allocation Failure)  672933K->361578K(793600K), 0.0031997 secs]
115.314: [GC (Allocation Failure)  673456K->363626K(794624K), 0.0034652 secs]
115.344: [GC (Allocation Failure)  676490K->362666K(794624K), 0.0037849 secs]
115.376: [GC (Allocation Failure)  675595K->365178K(794624K), 0.0041061 secs]
115.406: [GC (Allocation Failure)  678164K->365178K(794624K), 0.0040858 secs]
115.435: [GC (Allocation Failure)  678507K->366778K(794624K), 0.0042923 secs]
115.464: [GC (Allocation Failure)  679731K->367754K(792064K), 0.0038224 secs]
115.494: [GC (Allocation Failure)  680640K->368266K(794112K), 0.0038864 secs]
115.521: [GC (Allocation Failure)  681223K->369354K(794112K), 0.0039757 secs]
115.552: [GC (Allocation Failure)  682262K->369818K(795136K), 0.0040020 secs]
115.581: [GC (Allocation Failure)  683717K->371354K(795136K), 0.0039272 secs]
115.610: [GC (Allocation Failure)  685345K->371866K(795136K), 0.0041599 secs]
115.640: [GC (Allocation Failure)  685736K->372410K(795136K), 0.0036378 secs]
115.671: [GC (Allocation Failure)  686560K->374947K(795136K), 0.0042299 secs]
115.702: [GC (Allocation Failure)  689292K->375459K(795136K), 0.0035947 secs]
115.731: [GC (Allocation Failure)  689422K->376515K(794112K), 0.0039419 secs]
115.759: [GC (Allocation Failure)  690593K->376499K(794624K), 0.0043164 secs]
115.791: [GC (Allocation Failure)  690415K->377523K(795648K), 0.0038669 secs]
115.821: [GC (Allocation Failure)  692550K->379603K(795648K), 0.0058282 secs]
115.850: [GC (Allocation Failure)  694545K->379587K(795648K), 0.0039729 secs]
115.881: [GC (Allocation Failure)  694673K->379587K(795648K), 0.0039905 secs]
115.910: [GC (Allocation Failure)  694559K->381123K(794624K), 0.0041997 secs]
115.941: [GC (Allocation Failure)  696144K->381731K(795136K), 0.0033779 secs]
115.969: [GC (Allocation Failure)  696669K->383187K(796160K), 0.0030775 secs]
115.999: [GC (Allocation Failure)  699227K->383699K(796160K), 0.0046036 secs]
116.030: [GC (Allocation Failure)  699672K->384275K(796160K), 0.0046778 secs]
116.059: [GC (Allocation Failure)  700365K->385763K(796160K), 0.0045684 secs]
116.090: [GC (Allocation Failure)  701727K->385763K(796160K), 0.0047166 secs]
116.120: [GC (Allocation Failure)  701806K->386787K(796160K), 0.0045115 secs]
116.150: [GC (Allocation Failure)  702863K->387875K(796160K), 0.0045479 secs]
116.180: [GC (Allocation Failure)  703879K->389355K(796160K), 0.0047930 secs]
116.210: [GC (Allocation Failure)  705399K->389867K(796160K), 0.0045686 secs]
116.239: [GC (Allocation Failure)  706009K->389419K(796160K), 0.0034672 secs]
116.270: [GC (Allocation Failure)  705601K->390899K(795136K), 0.0036421 secs]
116.301: [GC (Allocation Failure)  706826K->392435K(795648K), 0.0045987 secs]
116.331: [GC (Allocation Failure)  708499K->392467K(796672K), 0.0044176 secs]
116.362: [GC (Allocation Failure)  709573K->392451K(794624K), 0.0035927 secs]
116.394: [GC (Allocation Failure)  709433K->393987K(796672K), 0.0045125 secs]
116.423: [GC (Allocation Failure)  710679K->394563K(796160K), 0.0045713 secs]
116.454: [GC (Allocation Failure)  711106K->395539K(796160K), 0.0046107 secs]
116.484: [GC (Allocation Failure)  712051K->396051K(796160K), 0.0045754 secs]
116.513: [GC (Allocation Failure)  712662K->397075K(796672K), 0.0045069 secs]
116.544: [GC (Allocation Failure)  714174K->397619K(796672K), 0.0046252 secs]
116.577: [GC (Allocation Failure)  714678K->398627K(796672K), 0.0047035 secs]
116.606: [GC (Allocation Failure)  715722K->398627K(796672K), 0.0043385 secs]
116.635: [GC (Allocation Failure)  715713K->399683K(796672K), 0.0044998 secs]
116.665: [GC (Allocation Failure)  716805K->399667K(795136K), 0.0044495 secs]
116.694: [GC (Allocation Failure)  717095K->400179K(796160K), 0.0043684 secs]
116.724: [GC (Allocation Failure)  717185K->401267K(796160K), 0.0045512 secs]
116.754: [GC (Allocation Failure)  718358K->402243K(797184K), 0.0047888 secs]
116.784: [GC (Allocation Failure)  720230K->403779K(797184K), 0.0044073 secs]
116.815: [GC (Allocation Failure)  721965K->404291K(797184K), 0.0046509 secs]
116.846: [GC (Allocation Failure)  722305K->404355K(797184K), 0.0044978 secs]
116.874: [GC (Allocation Failure)  722617K->405331K(797184K), 0.0044308 secs]
116.906: [GC (Allocation Failure)  723332K->406355K(797184K), 0.0047514 secs]
116.935: [GC (Allocation Failure)  724540K->406387K(796160K), 0.0046668 secs]
116.964: [GC (Allocation Failure)  723494K->407908K(796672K), 0.0046426 secs]
116.995: [GC (Allocation Failure)  724999K->407908K(796672K), 0.0046080 secs]
117.025: [GC (Allocation Failure)  724946K->408996K(796672K), 0.0046168 secs]
117.056: [GC (Allocation Failure)  726107K->409972K(796672K), 0.0047318 secs]
117.086: [GC (Allocation Failure)  727140K->410484K(796672K), 0.0046633 secs]
117.115: [GC (Allocation Failure)  727651K->410484K(796672K), 0.0045410 secs]
117.147: [GC (Allocation Failure)  727523K->411540K(796672K), 0.0045714 secs]
117.176: [GC (Allocation Failure)  728555K->411524K(796672K), 0.0046209 secs]
117.206: [GC (Allocation Failure)  728658K->413060K(796672K), 0.0043594 secs]
117.238: [GC (Allocation Failure)  730155K->414660K(796672K), 0.0048830 secs]
117.266: [GC (Allocation Failure)  731753K->414604K(796672K), 0.0057889 secs]
117.298: [GC (Allocation Failure)  731656K->415116K(796672K), 0.0057847 secs]
117.328: [GC (Allocation Failure)  732157K->416172K(796672K), 0.0057413 secs]
117.357: [GC (Allocation Failure)  733359K->416660K(796672K), 0.0058593 secs]
117.388: [GC (Allocation Failure)  733759K->416660K(796672K), 0.0056478 secs]
117.417: [GC (Allocation Failure)  733781K->418196K(796672K), 0.0046390 secs]
117.448: [GC (Allocation Failure)  735188K->418740K(796672K), 0.0058508 secs]
117.479: [GC (Allocation Failure)  735898K->418716K(796672K), 0.0056546 secs]
117.510: [GC (Allocation Failure)  735707K->419228K(796672K), 0.0056189 secs]
117.540: [GC (Allocation Failure)  736204K->420796K(796672K), 0.0045765 secs]
117.572: [GC (Allocation Failure)  737891K->421284K(796672K), 0.0047301 secs]
117.603: [GC (Allocation Failure)  738268K->421796K(795648K), 0.0042673 secs]
117.632: [GC (Allocation Failure)  738854K->422884K(796160K), 0.0047035 secs]
117.661: [GC (Allocation Failure)  739910K->423852K(796160K), 0.0060391 secs]
117.692: [GC (Allocation Failure)  740951K->424876K(796672K), 0.0048641 secs]
117.723: [GC (Allocation Failure)  741990K->424428K(796672K), 0.0044970 secs]
117.753: [GC (Allocation Failure)  741484K->425404K(796672K), 0.0047926 secs]
117.783: [GC (Allocation Failure)  742360K->424892K(796672K), 0.0042460 secs]
117.814: [GC (Allocation Failure)  742053K->425916K(796672K), 0.0037892 secs]
117.842: [GC (Allocation Failure)  743021K->426460K(796672K), 0.0053044 secs]
117.872: [GC (Allocation Failure)  743528K->428492K(796672K), 0.0046256 secs]
117.903: [GC (Allocation Failure)  745470K->429004K(796672K), 0.0047624 secs]
117.932: [GC (Allocation Failure)  746132K->429036K(796672K), 0.0045812 secs]
117.965: [GC (Allocation Failure)  746035K->429524K(795648K), 0.0047194 secs]
117.996: [GC (Allocation Failure)  746580K->430548K(796160K), 0.0059204 secs]
118.026: [GC (Allocation Failure)  747554K->430100K(797184K), 0.0044184 secs]
118.057: [GC (Allocation Failure)  748182K->431580K(797184K), 0.0048308 secs]
118.088: [GC (Allocation Failure)  749692K->431580K(796160K), 0.0049066 secs]
118.119: [GC (Allocation Failure)  748986K->433628K(796672K), 0.0046282 secs]
118.149: [GC (Allocation Failure)  750603K->433660K(796672K), 0.0043507 secs]
118.179: [GC (Allocation Failure)  750628K->434660K(796672K), 0.0058229 secs]
118.211: [GC (Allocation Failure)  751669K->435172K(796672K), 0.0058448 secs]
118.240: [GC (Allocation Failure)  752319K->436260K(795648K), 0.0038343 secs]
118.272: [GC (Allocation Failure)  753248K->435700K(795648K), 0.0036120 secs]
118.302: [GC (Allocation Failure)  752505K->438260K(796160K), 0.0057954 secs]
118.332: [GC (Allocation Failure)  754910K->437812K(796672K), 0.0032043 secs]
118.361: [GC (Allocation Failure)  754772K->438780K(796672K), 0.0039116 secs]
118.392: [GC (Allocation Failure)  755768K->438780K(796672K), 0.0047292 secs]
118.421: [GC (Allocation Failure)  755858K->438876K(796672K), 0.0035989 secs]
118.452: [GC (Allocation Failure)  756283K->440333K(796672K), 0.0044064 secs]
118.483: [GC (Allocation Failure)  757279K->440333K(796672K), 0.0046283 secs]
118.514: [GC (Allocation Failure)  757410K->440845K(796672K), 0.0045638 secs]
118.546: [GC (Allocation Failure)  757785K->442445K(796672K), 0.0047758 secs]
118.575: [GC (Allocation Failure)  759568K->441885K(796672K), 0.0037793 secs]
118.606: [GC (Allocation Failure)  758993K->441885K(796672K), 0.0044914 secs]
118.637: [GC (Allocation Failure)  758899K->443485K(795648K), 0.0037221 secs]
118.668: [GC (Allocation Failure)  759480K->443429K(796160K), 0.0047673 secs]
118.696: [GC (Allocation Failure)  759406K->444453K(795648K), 0.0044345 secs]
118.727: [GC (Allocation Failure)  760365K->445029K(796160K), 0.0044988 secs]
118.757: [GC (Allocation Failure)  761048K->446005K(796160K), 0.0044595 secs]
118.785: [GC (Allocation Failure)  762432K->446005K(796160K), 0.0045793 secs]
118.814: [GC (Allocation Failure)  762503K->447029K(796672K), 0.0047037 secs]
118.846: [GC (Allocation Failure)  763983K->447605K(796672K), 0.0047237 secs]
118.876: [GC (Allocation Failure)  764724K->448581K(796672K), 0.0044113 secs]
118.906: [GC (Allocation Failure)  765666K->450117K(796672K), 0.0048850 secs]
118.936: [GC (Allocation Failure)  767188K->449669K(796672K), 0.0045229 secs]
118.966: [GC (Allocation Failure)  767104K->450125K(796672K), 0.0047692 secs]
118.996: [GC (Allocation Failure)  767191K->450637K(796672K), 0.0046373 secs]
119.027: [GC (Allocation Failure)  767600K->452237K(796672K), 0.0045438 secs]
119.057: [GC (Allocation Failure)  769205K->452701K(796672K), 0.0047443 secs]
119.087: [GC (Allocation Failure)  769704K->452701K(796672K), 0.0045654 secs]
119.118: [GC (Allocation Failure)  770141K->453725K(796672K), 0.0047062 secs]
119.149: [GC (Allocation Failure)  770725K->454269K(795136K), 0.0046379 secs]
119.179: [GC (Allocation Failure)  771308K->454765K(796160K), 0.0046874 secs]
119.210: [GC (Allocation Failure)  771876K->455277K(796160K), 0.0046555 secs]
119.241: [GC (Allocation Failure)  772220K->455309K(797184K), 0.0045523 secs]
119.271: [GC (Allocation Failure)  773428K->456317K(797184K), 0.0043863 secs]
119.302: [GC (Allocation Failure)  774732K->456829K(797184K), 0.0058943 secs]
119.331: [GC (Allocation Failure)  774914K->457917K(797184K), 0.0046648 secs]
119.362: [GC (Allocation Failure)  776009K->457861K(797184K), 0.0048073 secs]
119.393: [GC (Allocation Failure)  775824K->458373K(797184K), 0.0046433 secs]
119.422: [GC (Allocation Failure)  776568K->459461K(797184K), 0.0046208 secs]
119.453: [GC (Allocation Failure)  777517K->458901K(797184K), 0.0045937 secs]
119.484: [GC (Allocation Failure)  776939K->458901K(797184K), 0.0045256 secs]
119.514: [GC (Allocation Failure)  776974K->460437K(797184K), 0.0045534 secs]
119.544: [GC (Allocation Failure)  778424K->459989K(797184K), 0.0044789 secs]
119.574: [GC (Allocation Failure)  778013K->460445K(797184K), 0.0045704 secs]
119.605: [GC (Allocation Failure)  778509K->461469K(797184K), 0.0058633 secs]
119.634: [GC (Allocation Failure)  779514K->462045K(797184K), 0.0039561 secs]
119.665: [GC (Allocation Failure)  780502K->462501K(797184K), 0.0040316 secs]
119.696: [GC (Allocation Failure)  780567K->461989K(797184K), 0.0037218 secs]
119.724: [GC (Allocation Failure)  779944K->463077K(797184K), 0.0032168 secs]
119.754: [GC (Allocation Failure)  781054K->464053K(797184K), 0.0039357 secs]
119.784: [GC (Allocation Failure)  782039K->465077K(797184K), 0.0034857 secs]
119.814: [GC (Allocation Failure)  783080K->465077K(797184K), 0.0058788 secs]
119.845: [GC (Allocation Failure)  783250K->465653K(797184K), 0.0038264 secs]
119.877: [GC (Allocation Failure)  784069K->466621K(796160K), 0.0048464 secs]
119.907: [GC (Allocation Failure)  784617K->467133K(796160K), 0.0034219 secs]
119.937: [GC (Allocation Failure)  784630K->467709K(796672K), 0.0044181 secs]
119.967: [GC (Allocation Failure)  785292K->468685K(797184K), 0.0037909 secs]
119.996: [GC (Allocation Failure)  786709K->468685K(797184K), 0.0032102 secs]
120.027: [GC (Allocation Failure)  786684K->470797K(797184K), 0.0040518 secs]
120.057: [GC (Allocation Failure)  788863K->470237K(797184K), 0.0047036 secs]
120.086: [GC (Allocation Failure)  788349K->471261K(797184K), 0.0046286 secs]
120.118: [GC (Allocation Failure)  789274K->471261K(797184K), 0.0046219 secs]
120.147: [GC (Allocation Failure)  789713K->472861K(797184K), 0.0048533 secs]
120.179: [GC (Allocation Failure)  791013K->472805K(797184K), 0.0048942 secs]
120.209: [GC (Allocation Failure)  790826K->473830K(797184K), 0.0046868 secs]
120.240: [GC (Allocation Failure)  791885K->473894K(797184K), 0.0045262 secs]
120.270: [GC (Allocation Failure)  791889K->474870K(797184K), 0.0103111 secs]
120.302: [GC (Allocation Failure)  792873K->474358K(797184K), 0.0046402 secs]
120.334: [GC (Allocation Failure)  792495K->475990K(797184K), 0.0056845 secs]
120.367: [GC (Allocation Failure)  794028K->476422K(797184K), 0.0047821 secs]
120.396: [GC (Allocation Failure)  794375K->475910K(797184K), 0.0061562 secs]
120.402: [Full GC (Ergonomics)  475910K->17977K(791040K), 0.0385033 secs]
120.462: [GC (Allocation Failure)  336171K->19033K(791040K), 0.0028613 secs]
120.486: [GC (Allocation Failure)  337488K->19529K(791040K), 0.0033546 secs]
120.522: [GC (Allocation Failure)  337962K->20105K(791040K), 0.0035129 secs]
120.550: [GC (Allocation Failure)  338209K->20049K(791040K), 0.0032334 secs]
120.578: [GC (Allocation Failure)  338463K->21073K(791040K), 0.0033252 secs]
120.612: [GC (Allocation Failure)  339336K->21073K(791040K), 0.0027863 secs]
120.640: [GC (Allocation Failure)  339290K->21137K(791040K), 0.0036362 secs]
120.670: [GC (Allocation Failure)  339097K->21601K(791040K), 0.0035695 secs]
120.700: [GC (Allocation Failure)  340009K->23137K(791040K), 0.0039494 secs]
120.730: [GC (Allocation Failure)  341109K->23681K(790016K), 0.0034792 secs]
120.759: [GC (Allocation Failure)  341107K->23657K(790528K), 0.0034759 secs]
120.788: [GC (Allocation Failure)  341096K->23657K(790528K), 0.0034377 secs]
120.819: [GC (Allocation Failure)  341556K->24681K(790528K), 0.0035709 secs]
120.848: [GC (Allocation Failure)  342505K->25737K(790016K), 0.0036780 secs]
120.879: [GC (Allocation Failure)  343164K->25209K(790528K), 0.0025778 secs]
120.909: [GC (Allocation Failure)  342139K->26233K(790528K), 0.0035950 secs]
120.940: [GC (Allocation Failure)  344039K->27289K(790528K), 0.0035160 secs]
120.969: [GC (Allocation Failure)  344790K->27777K(790016K), 0.0036720 secs]
121.000: [GC (Allocation Failure)  344727K->27265K(790528K), 0.0036140 secs]
121.029: [GC (Allocation Failure)  344687K->27841K(790528K), 0.0033819 secs]
121.060: [GC (Allocation Failure)  345437K->27785K(790528K), 0.0036123 secs]
121.089: [GC (Allocation Failure)  345228K->27785K(791040K), 0.0035673 secs]
121.120: [GC (Allocation Failure)  346223K->29321K(791040K), 0.0040081 secs]
121.150: [GC (Allocation Failure)  347386K->29385K(791040K), 0.0035554 secs]
121.181: [GC (Allocation Failure)  347812K->29337K(791040K), 0.0033321 secs]
121.209: [GC (Allocation Failure)  347341K->30361K(791040K), 0.0036915 secs]
121.238: [GC (Allocation Failure)  348515K->30393K(791040K), 0.0036227 secs]
121.270: [GC (Allocation Failure)  348851K->31401K(791040K), 0.0033663 secs]
121.299: [GC (Allocation Failure)  349429K->32425K(791040K), 0.0037688 secs]
121.329: [GC (Allocation Failure)  350529K->33002K(791040K), 0.0036093 secs]
121.361: [GC (Allocation Failure)  351066K->33970K(791040K), 0.0037294 secs]
121.391: [GC (Allocation Failure)  352035K->32946K(791040K), 0.0035665 secs]
121.422: [GC (Allocation Failure)  351372K->33490K(791040K), 0.0035564 secs]
121.451: [GC (Allocation Failure)  351920K->34490K(791040K), 0.0036254 secs]
121.482: [GC (Allocation Failure)  352461K->35002K(791040K), 0.0036981 secs]
121.510: [GC (Allocation Failure)  352976K->35002K(791040K), 0.0036008 secs]
121.541: [GC (Allocation Failure)  353466K->35578K(791040K), 0.0035407 secs]
121.572: [GC (Allocation Failure)  353558K->36034K(791040K), 0.0034525 secs]
121.601: [GC (Allocation Failure)  354104K->37058K(791040K), 0.0036133 secs]
121.633: [GC (Allocation Failure)  355491K->37634K(791040K), 0.0037181 secs]
121.663: [GC (Allocation Failure)  356094K->38098K(791040K), 0.0038123 secs]
121.692: [GC (Allocation Failure)  356491K->38098K(791040K), 0.0034343 secs]
121.724: [GC (Allocation Failure)  356544K->39154K(791040K), 0.0037228 secs]
121.755: [GC (Allocation Failure)  357144K->39138K(791040K), 0.0035302 secs]
121.784: [GC (Allocation Failure)  357146K->40674K(791040K), 0.0040119 secs]
121.818: [GC (Allocation Failure)  359112K->41186K(791040K), 0.0037013 secs]
121.846: [GC (Allocation Failure)  359200K->41730K(791040K), 0.0034250 secs]
121.877: [GC (Allocation Failure)  359721K->42218K(791040K), 0.0037268 secs]
121.909: [GC (Allocation Failure)  360677K->42730K(791040K), 0.0036842 secs]
121.938: [GC (Allocation Failure)  360708K->42762K(791040K), 0.0036120 secs]
121.969: [GC (Allocation Failure)  361210K->44274K(791040K), 0.0037478 secs]
121.999: [GC (Allocation Failure)  362648K->43762K(790016K), 0.0035719 secs]
122.029: [GC (Allocation Failure)  361144K->43826K(790528K), 0.0034211 secs]
122.061: [GC (Allocation Failure)  361261K->44794K(789504K), 0.0036002 secs]
122.089: [GC (Allocation Failure)  361748K->44794K(790016K), 0.0034752 secs]
122.120: [GC (Allocation Failure)  362105K->46874K(790528K), 0.0036397 secs]
122.150: [GC (Allocation Failure)  364239K->46346K(790528K), 0.0036816 secs]
122.180: [GC (Allocation Failure)  363691K->47370K(790528K), 0.0034778 secs]
122.212: [GC (Allocation Failure)  364312K->47882K(788992K), 0.0036419 secs]
122.243: [GC (Allocation Failure)  364843K->48426K(790016K), 0.0035111 secs]
122.272: [GC (Allocation Failure)  365456K->49434K(790016K), 0.0035119 secs]
122.303: [GC (Allocation Failure)  366787K->49946K(791040K), 0.0035418 secs]
122.335: [GC (Allocation Failure)  368046K->50522K(791040K), 0.0036309 secs]
122.367: [GC (Allocation Failure)  368542K->50986K(791040K), 0.0036621 secs]
122.394: [GC (Allocation Failure)  369338K->51498K(791040K), 0.0037801 secs]
122.424: [GC (Allocation Failure)  369461K->52042K(791040K), 0.0035375 secs]
122.454: [GC (Allocation Failure)  370464K->53042K(791040K), 0.0037480 secs]
122.485: [GC (Allocation Failure)  371476K->52530K(791040K), 0.0036200 secs]
122.516: [GC (Allocation Failure)  370986K->53554K(791040K), 0.0034270 secs]
122.546: [GC (Allocation Failure)  371853K->54642K(791040K), 0.0037784 secs]
122.576: [GC (Allocation Failure)  372643K->55098K(791040K), 0.0037691 secs]
122.606: [GC (Allocation Failure)  373562K->55098K(790016K), 0.0037718 secs]
122.638: [GC (Allocation Failure)  372446K->54650K(790528K), 0.0033375 secs]
122.666: [GC (Allocation Failure)  372044K->55626K(790528K), 0.0035176 secs]
122.694: [GC (Allocation Failure)  372995K->55626K(790528K), 0.0040820 secs]
122.724: [GC (Allocation Failure)  372989K->56202K(789504K), 0.0036074 secs]
122.756: [GC (Allocation Failure)  373249K->56154K(790016K), 0.0034823 secs]
122.786: [GC (Allocation Failure)  373085K->57690K(791040K), 0.0034271 secs]
122.814: [GC (Allocation Failure)  376145K->57690K(791040K), 0.0036806 secs]
122.845: [GC (Allocation Failure)  375688K->57242K(791040K), 0.0033738 secs]
122.876: [GC (Allocation Failure)  375645K->57706K(791040K), 0.0035210 secs]
122.907: [GC (Allocation Failure)  376114K->58730K(791040K), 0.0036005 secs]
122.938: [GC (Allocation Failure)  376730K->58794K(791040K), 0.0034337 secs]
122.967: [GC (Allocation Failure)  377164K->59250K(791040K), 0.0038429 secs]
122.997: [GC (Allocation Failure)  377675K->59762K(791040K), 0.0035133 secs]
123.027: [GC (Allocation Failure)  377737K->59794K(790016K), 0.0037657 secs]
123.055: [GC (Allocation Failure)  378135K->60282K(790528K), 0.0109442 secs]
123.086: [GC (Allocation Failure)  378408K->60794K(791552K), 0.0033269 secs]
123.118: [GC (Allocation Failure)  379814K->60794K(791552K), 0.0033507 secs]
123.150: [GC (Allocation Failure)  379869K->61850K(791552K), 0.0033111 secs]
123.179: [GC (Allocation Failure)  381226K->62346K(791552K), 0.0036231 secs]
123.208: [GC (Allocation Failure)  381325K->62346K(791552K), 0.0033185 secs]
123.237: [GC (Allocation Failure)  381392K->62922K(791552K), 0.0031635 secs]
123.269: [GC (Allocation Failure)  381932K->63394K(791552K), 0.0024108 secs]
123.300: [GC (Allocation Failure)  382392K->63394K(791552K), 0.0033800 secs]
123.328: [GC (Allocation Failure)  382426K->63426K(791552K), 0.0031024 secs]
123.359: [GC (Allocation Failure)  382443K->63922K(791552K), 0.0032157 secs]
123.389: [GC (Allocation Failure)  383281K->64946K(791552K), 0.0031111 secs]
123.419: [GC (Allocation Failure)  383975K->64946K(791552K), 0.0035846 secs]
123.449: [GC (Allocation Failure)  383990K->66515K(791552K), 0.0037813 secs]
123.481: [GC (Allocation Failure)  385517K->66499K(791552K), 0.0031819 secs]
123.510: [GC (Allocation Failure)  385508K->65987K(791552K), 0.0035070 secs]
123.539: [GC (Allocation Failure)  385368K->67075K(791552K), 0.0032573 secs]
123.570: [GC (Allocation Failure)  386134K->66507K(791552K), 0.0037199 secs]
123.599: [GC (Allocation Failure)  385510K->67019K(791552K), 0.0035012 secs]
123.629: [GC (Allocation Failure)  386125K->67595K(791552K), 0.0032960 secs]
123.658: [GC (Allocation Failure)  386643K->68059K(791552K), 0.0035787 secs]
123.690: [GC (Allocation Failure)  387405K->67547K(791552K), 0.0032732 secs]
123.719: [GC (Allocation Failure)  386538K->68059K(791552K), 0.0036671 secs]
123.749: [GC (Allocation Failure)  387545K->68603K(791552K), 0.0037664 secs]
123.779: [GC (Allocation Failure)  388017K->68579K(791552K), 0.0036163 secs]
123.810: [GC (Allocation Failure)  388004K->69091K(791552K), 0.0034574 secs]
123.839: [GC (Allocation Failure)  388578K->68611K(791552K), 0.0033321 secs]
123.870: [GC (Allocation Failure)  388021K->69099K(791552K), 0.0036971 secs]
123.900: [GC (Allocation Failure)  388208K->69611K(791552K), 0.0037185 secs]
123.931: [GC (Allocation Failure)  388666K->69163K(791552K), 0.0055051 secs]
123.961: [GC (Allocation Failure)  388162K->70131K(791552K), 0.0037985 secs]
123.992: [GC (Allocation Failure)  389569K->69619K(791552K), 0.0036425 secs]
124.022: [GC (Allocation Failure)  389087K->70163K(791552K), 0.0033664 secs]
124.051: [GC (Allocation Failure)  389200K->70651K(791552K), 0.0035773 secs]
124.081: [GC (Allocation Failure)  390039K->70139K(791552K), 0.0036926 secs]
124.112: [GC (Allocation Failure)  389618K->71675K(791552K), 0.0035458 secs]
124.142: [GC (Allocation Failure)  391118K->70683K(791552K), 0.0035897 secs]
124.172: [GC (Allocation Failure)  390160K->71171K(791552K), 0.0036884 secs]
124.202: [GC (Allocation Failure)  390171K->71171K(791552K), 0.0031567 secs]
124.233: [GC (Allocation Failure)  390644K->71747K(791552K), 0.0032612 secs]
124.263: [GC (Allocation Failure)  390755K->73227K(791552K), 0.0038029 secs]
124.292: [GC (Allocation Failure)  392363K->72203K(791552K), 0.0033707 secs]
124.323: [GC (Allocation Failure)  391630K->72267K(791552K), 0.0033421 secs]
124.353: [GC (Allocation Failure)  391278K->72731K(791552K), 0.0034505 secs]
124.382: [GC (Allocation Failure)  392213K->72731K(790528K), 0.0035097 secs]
124.412: [GC (Allocation Failure)  391718K->72731K(791040K), 0.0034302 secs]
124.445: [GC (Allocation Failure)  392151K->73307K(791040K), 0.0035925 secs]
124.474: [GC (Allocation Failure)  392283K->72747K(792064K), 0.0033149 secs]
124.503: [GC (Allocation Failure)  392785K->73259K(792064K), 0.0036390 secs]
124.533: [GC (Allocation Failure)  393740K->73291K(792064K), 0.0037180 secs]
124.564: [GC (Allocation Failure)  393398K->73267K(792064K), 0.0036807 secs]
124.594: [GC (Allocation Failure)  393661K->73267K(792064K), 0.0033924 secs]
124.623: [GC (Allocation Failure)  393285K->73843K(792064K), 0.0033405 secs]
124.654: [GC (Allocation Failure)  394321K->74307K(792064K), 0.0036288 secs]
124.685: [GC (Allocation Failure)  394433K->74819K(792064K), 0.0034993 secs]
124.714: [GC (Allocation Failure)  394846K->73795K(792064K), 0.0032491 secs]
124.747: [GC (Allocation Failure)  394286K->74371K(792064K), 0.0030761 secs]
124.776: [GC (Allocation Failure)  394867K->74323K(792064K), 0.0032804 secs]
124.806: [GC (Allocation Failure)  394701K->74323K(792064K), 0.0032947 secs]
124.835: [GC (Allocation Failure)  394789K->75411K(792064K), 0.0035590 secs]
124.865: [GC (Allocation Failure)  395531K->74843K(792064K), 0.0034632 secs]
124.897: [GC (Allocation Failure)  394873K->75355K(792064K), 0.0034344 secs]
124.926: [GC (Allocation Failure)  395820K->75931K(792064K), 0.0034055 secs]
124.957: [GC (Allocation Failure)  396026K->76907K(792064K), 0.0037106 secs]
124.988: [GC (Allocation Failure)  396913K->76395K(792064K), 0.0033583 secs]
125.018: [GC (Allocation Failure)  396820K->77419K(792064K), 0.0035696 secs]
125.048: [GC (Allocation Failure)  397428K->76971K(792064K), 0.0033528 secs]
125.078: [GC (Allocation Failure)  397399K->76915K(792064K), 0.0034138 secs]
125.109: [GC (Allocation Failure)  396929K->77427K(792064K), 0.0035450 secs]
125.140: [GC (Allocation Failure)  397827K->76979K(792064K), 0.0033766 secs]
125.170: [GC (Allocation Failure)  397365K->76923K(792064K), 0.0033411 secs]
125.201: [GC (Allocation Failure)  396946K->77435K(792064K), 0.0035123 secs]
125.230: [GC (Allocation Failure)  397896K->77499K(792064K), 0.0034408 secs]
125.260: [GC (Allocation Failure)  398000K->77451K(792064K), 0.0032472 secs]
125.291: [GC (Allocation Failure)  397956K->78475K(792064K), 0.0035523 secs]
125.322: [GC (Allocation Failure)  398892K->78027K(792064K), 0.0034888 secs]
125.351: [GC (Allocation Failure)  398535K->77971K(792064K), 0.0034192 secs]
125.383: [GC (Allocation Failure)  398317K->77971K(792064K), 0.0033698 secs]
125.414: [GC (Allocation Failure)  398439K->77971K(792064K), 0.0035334 secs]
125.442: [GC (Allocation Failure)  398018K->79059K(792064K), 0.0034196 secs]
125.475: [GC (Allocation Failure)  399519K->79003K(792064K), 0.0033080 secs]
125.505: [GC (Allocation Failure)  399454K->78491K(792064K), 0.0033760 secs]
125.536: [GC (Allocation Failure)  398495K->78523K(792064K), 0.0033180 secs]
125.565: [GC (Allocation Failure)  398931K->79011K(792064K), 0.0034199 secs]
125.596: [GC (Allocation Failure)  399438K->79011K(792064K), 0.0034325 secs]
125.627: [GC (Allocation Failure)  399428K->79555K(792064K), 0.0034078 secs]
125.657: [GC (Allocation Failure)  399960K->80051K(792064K), 0.0035244 secs]
125.687: [GC (Allocation Failure)  400466K->79539K(792064K), 0.0033037 secs]
125.719: [GC (Allocation Failure)  399967K->81075K(792064K), 0.0035364 secs]
125.750: [GC (Allocation Failure)  401555K->80595K(792064K), 0.0036930 secs]
125.778: [GC (Allocation Failure)  401026K->80579K(792064K), 0.0036654 secs]
125.809: [GC (Allocation Failure)  400887K->81091K(792064K), 0.0035284 secs]
125.840: [GC (Allocation Failure)  401546K->81123K(792064K), 0.0037625 secs]
125.871: [GC (Allocation Failure)  401467K->81611K(792064K), 0.0038026 secs]
125.900: [GC (Allocation Failure)  401624K->81099K(792064K), 0.0033529 secs]
125.929: [GC (Allocation Failure)  401430K->81675K(792064K), 0.0034140 secs]
125.961: [GC (Allocation Failure)  402153K->81619K(792064K), 0.0037917 secs]
125.991: [GC (Allocation Failure)  401954K->82131K(792064K), 0.0035476 secs]
126.021: [GC (Allocation Failure)  402607K->82195K(792064K), 0.0033551 secs]
126.052: [GC (Allocation Failure)  402614K->82139K(792064K), 0.0037295 secs]
126.081: [GC (Allocation Failure)  402633K->82139K(792064K), 0.0033163 secs]
126.112: [GC (Allocation Failure)  402494K->83163K(792064K), 0.0034337 secs]
126.144: [GC (Allocation Failure)  403196K->83195K(792064K), 0.0038229 secs]
126.174: [GC (Allocation Failure)  403668K->83171K(792064K), 0.0037651 secs]
126.204: [GC (Allocation Failure)  403192K->83171K(792064K), 0.0033750 secs]
126.235: [GC (Allocation Failure)  403532K->83235K(792064K), 0.0036277 secs]
126.265: [GC (Allocation Failure)  403605K->84715K(792064K), 0.0039382 secs]
126.296: [GC (Allocation Failure)  404985K->83691K(792064K), 0.0036121 secs]
126.326: [GC (Allocation Failure)  404070K->85259K(792064K), 0.0039310 secs]
126.356: [GC (Allocation Failure)  405261K->84211K(792064K), 0.0035949 secs]
126.388: [GC (Allocation Failure)  404630K->84211K(792064K), 0.0036046 secs]
126.418: [GC (Allocation Failure)  404670K->85235K(791040K), 0.0038885 secs]
126.451: [GC (Allocation Failure)  404723K->84755K(791552K), 0.0038063 secs]
126.481: [GC (Allocation Failure)  404191K->84731K(791552K), 0.0036331 secs]
126.510: [GC (Allocation Failure)  404555K->85243K(791552K), 0.0036957 secs]
126.540: [GC (Allocation Failure)  405146K->85275K(792064K), 0.0038035 secs]
126.570: [GC (Allocation Failure)  405645K->85763K(792064K), 0.0037522 secs]
126.599: [GC (Allocation Failure)  406140K->85763K(792064K), 0.0034456 secs]
126.632: [GC (Allocation Failure)  406236K->85795K(792064K), 0.0036462 secs]
126.662: [GC (Allocation Failure)  406076K->86803K(792064K), 0.0035080 secs]
126.692: [GC (Allocation Failure)  407127K->86803K(792064K), 0.0038540 secs]
126.723: [GC (Allocation Failure)  407220K->86355K(792064K), 0.0034447 secs]
126.754: [GC (Allocation Failure)  406358K->86299K(792064K), 0.0037337 secs]
126.785: [GC (Allocation Failure)  406661K->86299K(792064K), 0.0037416 secs]
126.814: [GC (Allocation Failure)  406639K->87323K(792064K), 0.0033179 secs]
126.845: [GC (Allocation Failure)  407740K->87387K(792064K), 0.0034361 secs]
126.876: [GC (Allocation Failure)  407805K->86819K(792064K), 0.0036766 secs]
126.906: [GC (Allocation Failure)  407203K->87843K(791040K), 0.0038517 secs]
126.938: [GC (Allocation Failure)  406851K->87875K(791552K), 0.0038933 secs]
126.968: [GC (Allocation Failure)  407219K->87859K(791552K), 0.0035048 secs]
126.996: [GC (Allocation Failure)  407202K->87347K(791552K), 0.0037432 secs]
127.028: [GC (Allocation Failure)  406716K->87379K(791552K), 0.0036981 secs]
127.062: [GC (Allocation Failure)  406693K->87867K(790528K), 0.0038030 secs]
127.091: [GC (Allocation Failure)  407241K->88379K(790528K), 0.0038922 secs]
127.121: [GC (Allocation Failure)  407085K->87899K(791040K), 0.0037716 secs]
127.151: [GC (Allocation Failure)  406720K->88387K(790528K), 0.0037715 secs]
127.182: [GC (Allocation Failure)  407718K->88387K(791040K), 0.0037595 secs]
127.209: [GC (Allocation Failure)  407632K->88899K(792064K), 0.0034248 secs]
127.240: [GC (Allocation Failure)  409346K->89443K(792064K), 0.0039308 secs]
127.271: [GC (Allocation Failure)  409837K->88915K(792064K), 0.0034413 secs]
127.301: [GC (Allocation Failure)  409344K->89427K(792064K), 0.0035122 secs]
127.330: [GC (Allocation Failure)  409776K->89459K(792064K), 0.0034678 secs]
127.361: [GC (Allocation Failure)  409563K->89443K(792064K), 0.0034928 secs]
127.391: [GC (Allocation Failure)  409795K->89443K(792064K), 0.0034070 secs]
127.420: [GC (Allocation Failure)  409856K->89475K(792064K), 0.0033614 secs]
127.454: [GC (Allocation Failure)  409878K->90579K(792064K), 0.0039849 secs]
127.485: [GC (Allocation Failure)  411051K->90059K(792064K), 0.0033197 secs]
127.512: [GC (Allocation Failure)  410181K->90067K(792064K), 0.0038483 secs]
127.544: [GC (Allocation Failure)  410072K->90075K(792064K), 0.0034229 secs]
127.573: [GC (Allocation Failure)  410582K->90627K(792064K), 0.0036321 secs]
127.620: [GC (Allocation Failure)  410946K->90075K(792064K), 0.0038925 secs]

~~~
