~~~
Java HotSpot(TM) 64-Bit Server VM (25.201-b09) for linux-amd64 JRE (1.8.0_201-b09), built on Dec 15 2018 11:35:59 by "java_re" with gcc 7.3.0
Memory: 4k page, physical 3882052k(1333356k free), swap 8388604k(7179120k free)
CommandLine flags: -XX:InitialHeapSize=62112832 -XX:MaxGCPauseMillis=10 -XX:MaxHeapSize=993805312 -XX:+PrintGC -XX:+PrintGCTimeStamps -XX:+UseCompressedClassPointers -XX:+UseCompressedOops -XX:+UseParallelGC 
0.242: [GC (Allocation Failure)  15360K->1704K(58880K), 0.0027098 secs]
0.356: [GC (Allocation Failure)  17064K->2016K(74240K), 0.0032977 secs]
0.475: [GC (Allocation Failure)  32736K->2536K(74240K), 0.0036209 secs]
0.578: [GC (Allocation Failure)  33256K->3144K(104960K), 0.0032740 secs]
0.735: [GC (Allocation Failure)  64584K->4216K(104960K), 0.0037920 secs]
0.946: [GC (Allocation Failure)  65656K->5424K(167424K), 0.0095582 secs]
1.022: [GC (Metadata GC Threshold)  42275K->5710K(167936K), 0.0048552 secs]
1.027: [Full GC (Metadata GC Threshold)  5710K->5403K(148992K), 0.0355489 secs]
1.633: [GC (Allocation Failure)  127771K->10263K(148992K), 0.0063262 secs]
2.117: [GC (Allocation Failure)  132631K->17185K(149504K), 0.0095708 secs]
2.972: [GC (Allocation Failure)  139553K->21573K(145408K), 0.0086636 secs]
2.981: [Full GC (Ergonomics)  21573K->17610K(162304K), 0.0730820 secs]
4.063: [GC (Allocation Failure)  139527K->24906K(168960K), 0.0029551 secs]
4.628: [GC (Allocation Failure)  146902K->27979K(172032K), 0.0038145 secs]
5.081: [GC (Allocation Failure)  149851K->30507K(173568K), 0.0041501 secs]
5.518: [GC (Allocation Failure)  152727K->33611K(163328K), 0.0051434 secs]
5.524: [Full GC (Ergonomics)  33611K->30314K(179200K), 0.0479444 secs]
5.914: [GC (Allocation Failure)  152204K->47339K(190976K), 0.0057461 secs]
6.220: [GC (Allocation Failure)  169225K->52459K(189440K), 0.0047375 secs]
6.494: [GC (Allocation Failure)  174369K->60651K(194048K), 0.0046393 secs]
6.766: [GC (Allocation Failure)  182570K->65771K(189440K), 0.0048547 secs]
6.771: [Full GC (Ergonomics)  65771K->36976K(193536K), 0.0343188 secs]
7.033: [GC (Allocation Failure)  159324K->59601K(207360K), 0.0056935 secs]
7.280: [GC (Allocation Failure)  181723K->65265K(202752K), 0.0039063 secs]
7.506: [GC (Allocation Failure)  187482K->76529K(210944K), 0.0053175 secs]
7.511: [Full GC (Ergonomics)  76529K->40564K(214016K), 0.0349837 secs]
7.744: [GC (Allocation Failure)  162570K->66773K(200192K), 0.0041583 secs]
7.749: [Full GC (Ergonomics)  66773K->41589K(205312K), 0.0381864 secs]
7.974: [GC (Allocation Failure)  163446K->69333K(221696K), 0.0068366 secs]
8.194: [GC (Allocation Failure)  191531K->73462K(213504K), 0.0043904 secs]
8.199: [Full GC (Ergonomics)  73462K->44151K(216576K), 0.0339534 secs]
8.408: [GC (Allocation Failure)  166428K->73944K(228352K), 0.0067998 secs]
8.604: [GC (Allocation Failure)  196184K->76536K(218112K), 0.0048570 secs]
8.609: [Full GC (Ergonomics)  76536K->46201K(221184K), 0.0388486 secs]
8.828: [GC (Allocation Failure)  168429K->78010K(235520K), 0.0066438 secs]
9.011: [GC (Allocation Failure)  200083K->79034K(236032K), 0.0054763 secs]
9.179: [GC (Allocation Failure)  197046K->80090K(240128K), 0.0045280 secs]
9.339: [GC (Allocation Failure)  198135K->80634K(240640K), 0.0058384 secs]
9.498: [GC (Allocation Failure)  195671K->81658K(243712K), 0.0047018 secs]
9.663: [GC (Allocation Failure)  196625K->82170K(244736K), 0.0051519 secs]
9.805: [GC (Allocation Failure)  195087K->83194K(246784K), 0.0049585 secs]
9.945: [GC (Allocation Failure)  196094K->83706K(247296K), 0.0061829 secs]
10.076: [GC (Allocation Failure)  195062K->84730K(248832K), 0.0069590 secs]
10.214: [GC (Allocation Failure)  196064K->85242K(249344K), 0.0058591 secs]
10.358: [GC (Allocation Failure)  195523K->85754K(250368K), 0.0046920 secs]
10.491: [GC (Allocation Failure)  196101K->86778K(250368K), 0.0057007 secs]
10.622: [GC (Allocation Failure)  196019K->87290K(251392K), 0.0050598 secs]
10.745: [GC (Allocation Failure)  196524K->87802K(251904K), 0.0060582 secs]
10.875: [GC (Allocation Failure)  196541K->88826K(252416K), 0.0056178 secs]
11.006: [GC (Allocation Failure)  197540K->89354K(252416K), 0.0051418 secs]
11.122: [GC (Allocation Failure)  197539K->89898K(252928K), 0.0052640 secs]
11.244: [GC (Allocation Failure)  198079K->89914K(253440K), 0.0054120 secs]
11.358: [GC (Allocation Failure)  198097K->90914K(253440K), 0.0067231 secs]
11.484: [GC (Allocation Failure)  199144K->91994K(253952K), 0.0057631 secs]
11.597: [GC (Allocation Failure)  200178K->92530K(253952K), 0.0053599 secs]
11.715: [GC (Allocation Failure)  200707K->93066K(254464K), 0.0054126 secs]
11.819: [GC (Allocation Failure)  201240K->93602K(254464K), 0.0054472 secs]
11.942: [GC (Allocation Failure)  201774K->94130K(254976K), 0.0056996 secs]
12.050: [GC (Allocation Failure)  202184K->94698K(254976K), 0.0062570 secs]
12.156: [GC (Allocation Failure)  202862K->95186K(255488K), 0.0063065 secs]
12.258: [GC (Allocation Failure)  203352K->95722K(255488K), 0.0056092 secs]
12.355: [GC (Allocation Failure)  203887K->96242K(255488K), 0.0066063 secs]
12.456: [GC (Allocation Failure)  204407K->96250K(255488K), 0.0068873 secs]
12.553: [GC (Allocation Failure)  204432K->97298K(255488K), 0.0059679 secs]
12.650: [GC (Allocation Failure)  205466K->97306K(255488K), 0.0065484 secs]
12.744: [GC (Allocation Failure)  205446K->98346K(254976K), 0.0062181 secs]
12.841: [GC (Allocation Failure)  206000K->98354K(255488K), 0.0071544 secs]
12.941: [GC (Allocation Failure)  206001K->98362K(255488K), 0.0068239 secs]
13.044: [GC (Allocation Failure)  206013K->98378K(240640K), 0.0068770 secs]
13.140: [GC (Allocation Failure)  206032K->98386K(253952K), 0.0067473 secs]
13.227: [GC (Allocation Failure)  206007K->97882K(240128K), 0.0067760 secs]
13.330: [GC (Allocation Failure)  205546K->98402K(252928K), 0.0070402 secs]
13.425: [GC (Allocation Failure)  206038K->98410K(240640K), 0.0065320 secs]
13.520: [GC (Allocation Failure)  206080K->98434K(251904K), 0.0068175 secs]
13.612: [GC (Allocation Failure)  206085K->98938K(241152K), 0.0069088 secs]
13.706: [GC (Allocation Failure)  206563K->97954K(250880K), 0.0067750 secs]
13.799: [GC (Allocation Failure)  205590K->97978K(240128K), 0.0068652 secs]
13.887: [GC (Allocation Failure)  205588K->98498K(249856K), 0.0067625 secs]
13.980: [GC (Allocation Failure)  206150K->98522K(240640K), 0.0070253 secs]
14.077: [GC (Allocation Failure)  206176K->98546K(248320K), 0.0070641 secs]
14.162: [GC (Allocation Failure)  206148K->98554K(248832K), 0.0067670 secs]
14.256: [GC (Allocation Failure)  206198K->97546K(246784K), 0.0067920 secs]
14.336: [GC (Allocation Failure)  205150K->98578K(240640K), 0.0072129 secs]
14.425: [GC (Allocation Failure)  206188K->98554K(246272K), 0.0071191 secs]
14.512: [GC (Allocation Failure)  206213K->98562K(240640K), 0.0066715 secs]
14.603: [GC (Allocation Failure)  206203K->98602K(246272K), 0.0067949 secs]
14.691: [GC (Allocation Failure)  206217K->98626K(240640K), 0.0072611 secs]
14.780: [GC (Allocation Failure)  206274K->98650K(244736K), 0.0071124 secs]
14.861: [GC (Allocation Failure)  206265K->98626K(245248K), 0.0068063 secs]
14.940: [GC (Allocation Failure)  206255K->98634K(244224K), 0.0072625 secs]
15.030: [GC (Allocation Failure)  206282K->98674K(244736K), 0.0068627 secs]
15.110: [GC (Allocation Failure)  206291K->98650K(243712K), 0.0069053 secs]
15.193: [GC (Allocation Failure)  206207K->98706K(244224K), 0.0068133 secs]
15.279: [GC (Allocation Failure)  206343K->98202K(243200K), 0.0061825 secs]
15.366: [GC (Allocation Failure)  205762K->98722K(240640K), 0.0061696 secs]
15.441: [GC (Allocation Failure)  206288K->98690K(243200K), 0.0061836 secs]
15.514: [GC (Allocation Failure)  206711K->99210K(243200K), 0.0061453 secs]
15.596: [GC (Allocation Failure)  206801K->98746K(243200K), 0.0058469 secs]
15.681: [GC (Allocation Failure)  206429K->98178K(240128K), 0.0072907 secs]
15.756: [GC (Allocation Failure)  205708K->98746K(242688K), 0.0063070 secs]
15.828: [GC (Allocation Failure)  206295K->98802K(242688K), 0.0057813 secs]
15.907: [GC (Allocation Failure)  206413K->98746K(241664K), 0.0071595 secs]
15.991: [GC (Allocation Failure)  206320K->98322K(242176K), 0.0062971 secs]
16.067: [GC (Allocation Failure)  205903K->98290K(242176K), 0.0063121 secs]
16.140: [GC (Allocation Failure)  206313K->98850K(242176K), 0.0059344 secs]
16.217: [GC (Allocation Failure)  206451K->98842K(241152K), 0.0062929 secs]
16.295: [GC (Allocation Failure)  206470K->98850K(241664K), 0.0060218 secs]
16.366: [GC (Allocation Failure)  206799K->99346K(241664K), 0.0062069 secs]
16.445: [GC (Allocation Failure)  207019K->99418K(241664K), 0.0065102 secs]
16.515: [GC (Allocation Failure)  207440K->98922K(241152K), 0.0061454 secs]
16.589: [GC (Allocation Failure)  206489K->99410K(241664K), 0.0069231 secs]
16.661: [GC (Allocation Failure)  206951K->98890K(241664K), 0.0061158 secs]
16.731: [GC (Allocation Failure)  206446K->99442K(241664K), 0.0068568 secs]
16.804: [GC (Allocation Failure)  206973K->98978K(241664K), 0.0062042 secs]
16.873: [GC (Allocation Failure)  206502K->99482K(241664K), 0.0058865 secs]
16.945: [GC (Allocation Failure)  207128K->99026K(241664K), 0.0061579 secs]
17.022: [GC (Allocation Failure)  206553K->99482K(241664K), 0.0063443 secs]
17.092: [GC (Allocation Failure)  207050K->98986K(241664K), 0.0068346 secs]
17.158: [GC (Allocation Failure)  206891K->99026K(241664K), 0.0061390 secs]
17.231: [GC (Allocation Failure)  206615K->99050K(241664K), 0.0057026 secs]
17.300: [GC (Allocation Failure)  206645K->99610K(241664K), 0.0056215 secs]
17.366: [GC (Allocation Failure)  207563K->98602K(241664K), 0.0055229 secs]
17.435: [GC (Allocation Failure)  206139K->99554K(241664K), 0.0060598 secs]
17.505: [GC (Allocation Failure)  207131K->99570K(241152K), 0.0061762 secs]
17.568: [GC (Allocation Failure)  206620K->103170K(241664K), 0.0059723 secs]
17.637: [GC (Allocation Failure)  210204K->105715K(241152K), 0.0081488 secs]
17.712: [GC (Allocation Failure)  212705K->110387K(241664K), 0.0065734 secs]
17.776: [GC (Allocation Failure)  217357K->115011K(242176K), 0.0064271 secs]
17.843: [GC (Allocation Failure)  221975K->119571K(242176K), 0.0061964 secs]
17.910: [GC (Allocation Failure)  226527K->124755K(241664K), 0.0066697 secs]
17.917: [Full GC (Ergonomics)  124755K->67237K(250368K), 0.0347493 secs]
17.994: [GC (Allocation Failure)  173867K->117479K(250880K), 0.0063113 secs]
18.063: [GC (Allocation Failure)  224179K->118975K(250880K), 0.0063080 secs]
18.131: [GC (Allocation Failure)  225767K->123135K(250880K), 0.0059101 secs]
18.197: [GC (Allocation Failure)  229992K->129839K(249856K), 0.0062635 secs]
18.263: [GC (Allocation Failure)  236663K->132839K(250368K), 0.0060086 secs]
18.269: [Full GC (Ergonomics)  132839K->67751K(251904K), 0.0358005 secs]
18.343: [GC (Allocation Failure)  174263K->115944K(250880K), 0.0062977 secs]
18.410: [GC (Allocation Failure)  222603K->119576K(251392K), 0.0070769 secs]
18.478: [GC (Allocation Failure)  226328K->125192K(251392K), 0.0068961 secs]
18.537: [GC (Allocation Failure)  231920K->132825K(251392K), 0.0063285 secs]
18.543: [Full GC (Ergonomics)  132825K->67240K(252928K), 0.0427744 secs]
18.617: [GC (Allocation Failure)  173804K->117001K(252416K), 0.0075783 secs]
18.682: [GC (Allocation Failure)  223475K->119025K(252928K), 0.0070083 secs]
18.744: [GC (Allocation Failure)  225013K->127170K(252928K), 0.0075510 secs]
18.751: [Full GC (Ergonomics)  127170K->67753K(255488K), 0.0363815 secs]
18.819: [GC (Allocation Failure)  173755K->116490K(255488K), 0.0069932 secs]
18.888: [GC (Allocation Failure)  222644K->120106K(254464K), 0.0071656 secs]
18.949: [GC (Allocation Failure)  225135K->119562K(255488K), 0.0070403 secs]
19.013: [GC (Allocation Failure)  224858K->120570K(254976K), 0.0073106 secs]
19.067: [GC (Allocation Failure)  224781K->120106K(256000K), 0.0070652 secs]
19.122: [GC (Allocation Failure)  224298K->119594K(256000K), 0.0069873 secs]
19.187: [GC (Allocation Failure)  223237K->120154K(256512K), 0.0060709 secs]
19.243: [GC (Allocation Failure)  223913K->120106K(256000K), 0.0070861 secs]
19.307: [GC (Allocation Failure)  223327K->120138K(256512K), 0.0071027 secs]
19.363: [GC (Allocation Failure)  223310K->119610K(255488K), 0.0071106 secs]
19.421: [GC (Allocation Failure)  222828K->119578K(256000K), 0.0066506 secs]
19.484: [GC (Allocation Failure)  222877K->120138K(256000K), 0.0069540 secs]
19.539: [GC (Allocation Failure)  223386K->120170K(256000K), 0.0073062 secs]
19.599: [GC (Allocation Failure)  223469K->119634K(254976K), 0.0068373 secs]
19.657: [GC (Allocation Failure)  222861K->119618K(255488K), 0.0060798 secs]
19.712: [GC (Allocation Failure)  222802K->120194K(254464K), 0.0068058 secs]
19.771: [GC (Allocation Failure)  223446K->120210K(254976K), 0.0079992 secs]
19.832: [GC (Allocation Failure)  223521K->119666K(253952K), 0.0071325 secs]
19.889: [GC (Allocation Failure)  222944K->120226K(254464K), 0.0066924 secs]
19.946: [GC (Allocation Failure)  223495K->119698K(254464K), 0.0072186 secs]
20.001: [GC (Allocation Failure)  222890K->119698K(250368K), 0.0071115 secs]
20.062: [GC (Allocation Failure)  222937K->119706K(252928K), 0.0072478 secs]
20.118: [GC (Allocation Failure)  222982K->119738K(253440K), 0.0069737 secs]
20.176: [GC (Allocation Failure)  222991K->119754K(252416K), 0.0075136 secs]
20.233: [GC (Allocation Failure)  223055K->119754K(252928K), 0.0066617 secs]
20.288: [GC (Allocation Failure)  222989K->120322K(252928K), 0.0071633 secs]
20.343: [GC (Allocation Failure)  223466K->119794K(250368K), 0.0074621 secs]
20.400: [GC (Allocation Failure)  223063K->120282K(252416K), 0.0085127 secs]
20.463: [GC (Allocation Failure)  223513K->119722K(252416K), 0.0075552 secs]
20.513: [GC (Allocation Failure)  222962K->129003K(252928K), 0.0079366 secs]
20.521: [Full GC (Ergonomics)  129003K->67249K(249856K), 0.0429340 secs]
20.592: [GC (Allocation Failure)  169153K->112882K(250880K), 0.0065659 secs]
20.653: [GC (Allocation Failure)  214796K->119498K(250368K), 0.0071486 secs]
20.704: [GC (Allocation Failure)  220999K->128811K(250880K), 0.0068991 secs]
20.711: [Full GC (Ergonomics)  128811K->66738K(254976K), 0.0406194 secs]
20.773: [GC (Allocation Failure)  168506K->113907K(253952K), 0.0068909 secs]
20.837: [GC (Allocation Failure)  215708K->118979K(254976K), 0.0071454 secs]
20.893: [GC (Allocation Failure)  220851K->128772K(254976K), 0.0066044 secs]
20.899: [Full GC (Ergonomics)  128772K->66227K(257024K), 0.0381041 secs]
20.959: [GC (Allocation Failure)  167854K->113844K(247808K), 0.0061179 secs]
21.021: [GC (Allocation Failure)  215638K->118484K(255488K), 0.0072667 secs]
21.067: [GC (Allocation Failure)  219288K->118516K(256512K), 0.0071096 secs]
21.116: [GC (Allocation Failure)  218874K->118004K(257024K), 0.0070512 secs]
21.172: [GC (Allocation Failure)  218015K->118036K(257536K), 0.0070680 secs]
21.224: [GC (Allocation Failure)  218054K->118004K(257024K), 0.0070667 secs]
21.277: [GC (Allocation Failure)  217411K->118036K(257536K), 0.0070520 secs]
21.327: [GC (Allocation Failure)  217566K->118036K(257536K), 0.0073796 secs]
21.374: [GC (Allocation Failure)  217494K->117492K(249344K), 0.0071410 secs]
21.425: [GC (Allocation Failure)  216926K->118604K(257024K), 0.0070039 secs]
21.475: [GC (Allocation Failure)  218108K->118612K(257024K), 0.0065093 secs]
21.534: [GC (Allocation Failure)  218197K->118580K(257024K), 0.0070503 secs]
21.584: [GC (Allocation Failure)  218160K->118012K(249856K), 0.0066065 secs]
21.633: [GC (Allocation Failure)  217423K->118588K(256512K), 0.0067387 secs]
21.681: [GC (Allocation Failure)  218129K->118124K(249856K), 0.0066103 secs]
21.732: [GC (Allocation Failure)  217658K->118060K(256000K), 0.0069614 secs]
21.779: [GC (Allocation Failure)  217534K->118620K(250368K), 0.0069763 secs]
21.830: [GC (Allocation Failure)  218094K->118620K(255488K), 0.0069950 secs]
21.878: [GC (Allocation Failure)  218093K->118644K(255488K), 0.0069867 secs]
21.929: [GC (Allocation Failure)  218261K->118644K(254464K), 0.0070134 secs]
21.982: [GC (Allocation Failure)  218175K->118660K(254976K), 0.0071978 secs]
22.030: [GC (Allocation Failure)  218367K->118660K(253952K), 0.0070624 secs]
22.082: [GC (Allocation Failure)  218161K->118708K(254464K), 0.0071077 secs]
22.128: [GC (Allocation Failure)  218196K->118132K(253440K), 0.0071571 secs]
22.175: [GC (Allocation Failure)  217703K->118732K(253952K), 0.0067232 secs]
22.228: [GC (Allocation Failure)  218258K->118700K(252928K), 0.0074407 secs]
22.276: [GC (Allocation Failure)  218146K->118708K(253440K), 0.0071097 secs]
22.327: [GC (Allocation Failure)  218101K->118164K(252416K), 0.0074514 secs]
22.377: [GC (Allocation Failure)  217686K->118220K(252928K), 0.0069626 secs]
22.425: [GC (Allocation Failure)  217785K->118700K(251904K), 0.0073932 secs]
22.477: [GC (Allocation Failure)  218177K->118780K(252416K), 0.0072270 secs]
22.524: [GC (Allocation Failure)  218392K->118748K(252416K), 0.0070149 secs]
22.570: [GC (Allocation Failure)  218199K->118292K(249856K), 0.0072266 secs]
22.617: [GC (Allocation Failure)  217749K->118740K(251904K), 0.0069688 secs]
22.665: [GC (Allocation Failure)  218202K->117764K(251904K), 0.0066886 secs]
22.712: [GC (Allocation Failure)  217185K->118788K(251904K), 0.0069709 secs]
22.764: [GC (Allocation Failure)  218338K->118772K(251904K), 0.0072647 secs]
22.809: [GC (Allocation Failure)  218292K->118292K(250880K), 0.0085974 secs]
22.856: [GC (Allocation Failure)  217640K->118308K(251392K), 0.0067163 secs]
22.901: [GC (Allocation Failure)  217938K->117764K(251392K), 0.0073971 secs]
22.948: [GC (Allocation Failure)  217167K->118828K(251392K), 0.0068155 secs]
22.992: [GC (Allocation Failure)  218263K->119340K(251392K), 0.0067984 secs]
23.040: [GC (Allocation Failure)  218733K->118316K(251392K), 0.0071239 secs]
23.085: [GC (Allocation Failure)  217934K->118844K(251392K), 0.0059889 secs]
23.135: [GC (Allocation Failure)  218369K->118332K(251392K), 0.0062976 secs]
23.182: [GC (Allocation Failure)  217827K->118820K(251392K), 0.0063984 secs]
23.229: [GC (Allocation Failure)  218290K->118884K(251392K), 0.0067398 secs]
23.273: [GC (Allocation Failure)  218395K->118828K(251392K), 0.0069062 secs]
23.321: [GC (Allocation Failure)  218291K->118380K(249856K), 0.0071490 secs]
23.367: [GC (Allocation Failure)  217833K->118876K(250880K), 0.0070543 secs]
23.414: [GC (Allocation Failure)  218316K->118364K(250880K), 0.0065040 secs]
23.459: [GC (Allocation Failure)  217859K->118380K(250880K), 0.0067130 secs]
23.505: [GC (Allocation Failure)  217828K->118380K(250880K), 0.0065513 secs]
23.553: [GC (Allocation Failure)  217929K->118428K(250880K), 0.0067373 secs]
23.596: [GC (Allocation Failure)  217867K->118396K(250880K), 0.0067000 secs]
23.640: [GC (Allocation Failure)  217846K->118892K(250880K), 0.0066255 secs]
23.687: [GC (Allocation Failure)  218514K->118924K(250880K), 0.0065205 secs]
23.732: [GC (Allocation Failure)  218410K->118908K(250880K), 0.0069883 secs]
23.776: [GC (Allocation Failure)  218398K->118940K(250880K), 0.0068047 secs]
23.821: [GC (Allocation Failure)  218376K->118460K(250880K), 0.0066455 secs]
23.866: [GC (Allocation Failure)  217848K->118988K(250880K), 0.0061488 secs]
23.913: [GC (Allocation Failure)  218435K->118924K(250880K), 0.0089937 secs]
23.957: [GC (Allocation Failure)  218426K->117956K(250880K), 0.0079913 secs]
24.000: [GC (Allocation Failure)  217438K->118452K(250880K), 0.0066027 secs]
24.044: [GC (Allocation Failure)  217857K->118988K(250880K), 0.0061871 secs]
24.087: [GC (Allocation Failure)  218507K->118508K(250880K), 0.0068873 secs]
24.129: [GC (Allocation Failure)  217945K->119036K(250880K), 0.0067414 secs]
24.173: [GC (Allocation Failure)  218381K->119516K(250880K), 0.0060128 secs]
24.218: [GC (Allocation Failure)  219056K->118492K(250880K), 0.0058394 secs]
24.263: [GC (Allocation Failure)  217963K->119052K(250880K), 0.0060410 secs]
24.311: [GC (Allocation Failure)  218538K->119564K(250880K), 0.0061293 secs]
24.354: [GC (Allocation Failure)  219070K->118564K(250880K), 0.0055246 secs]
24.400: [GC (Allocation Failure)  217978K->119012K(250880K), 0.0074024 secs]
24.440: [GC (Allocation Failure)  218455K->119060K(250880K), 0.0058202 secs]
24.488: [GC (Allocation Failure)  218900K->119092K(250880K), 0.0058979 secs]
24.531: [GC (Allocation Failure)  218556K->118548K(250880K), 0.0058386 secs]
24.576: [GC (Allocation Failure)  218083K->118076K(250880K), 0.0058391 secs]
24.621: [GC (Allocation Failure)  217508K->118620K(250880K), 0.0067331 secs]
24.662: [GC (Allocation Failure)  218091K->118060K(250880K), 0.0065254 secs]
24.704: [GC (Allocation Failure)  217478K->119084K(250880K), 0.0062122 secs]
24.746: [GC (Allocation Failure)  218527K->118628K(250880K), 0.0067571 secs]
24.789: [GC (Allocation Failure)  218126K->119148K(250880K), 0.0058580 secs]
24.833: [GC (Allocation Failure)  218633K->119164K(250880K), 0.0059814 secs]
24.873: [GC (Allocation Failure)  218650K->118652K(250880K), 0.0060082 secs]
24.915: [GC (Allocation Failure)  218079K->119164K(250880K), 0.0060864 secs]
24.959: [GC (Allocation Failure)  218627K->119156K(250880K), 0.0059958 secs]
25.002: [GC (Allocation Failure)  218664K->118676K(250880K), 0.0059533 secs]
25.042: [GC (Allocation Failure)  218149K->119740K(250880K), 0.0064443 secs]
25.082: [GC (Allocation Failure)  219146K->119196K(250880K), 0.0063747 secs]
25.129: [GC (Allocation Failure)  218664K->118700K(250880K), 0.0065737 secs]
25.169: [GC (Allocation Failure)  218226K->118700K(250880K), 0.0069979 secs]
25.214: [GC (Allocation Failure)  218205K->119212K(250880K), 0.0068052 secs]
25.254: [GC (Allocation Failure)  218563K->119156K(250880K), 0.0063346 secs]
25.295: [GC (Allocation Failure)  218606K->119220K(250880K), 0.0063509 secs]
25.337: [GC (Allocation Failure)  218627K->118724K(250880K), 0.0060449 secs]
25.379: [GC (Allocation Failure)  218105K->118724K(250880K), 0.0066218 secs]
25.422: [GC (Allocation Failure)  218254K->118716K(250880K), 0.0070699 secs]
25.462: [GC (Allocation Failure)  218135K->118716K(250880K), 0.0067562 secs]
25.506: [GC (Allocation Failure)  218232K->119260K(250880K), 0.0062262 secs]
25.551: [GC (Allocation Failure)  218752K->119308K(250880K), 0.0063640 secs]
25.596: [GC (Allocation Failure)  218751K->118764K(250880K), 0.0063934 secs]
25.636: [GC (Allocation Failure)  218215K->118308K(250880K), 0.0071532 secs]
25.682: [GC (Allocation Failure)  217691K->117764K(250880K), 0.0080932 secs]
25.726: [GC (Allocation Failure)  217222K->117780K(250880K), 0.0070792 secs]
25.767: [GC (Allocation Failure)  217299K->118308K(250880K), 0.0064041 secs]
25.809: [GC (Allocation Failure)  217718K->118324K(250880K), 0.0066936 secs]
25.853: [GC (Allocation Failure)  217743K->118764K(250880K), 0.0062902 secs]
25.892: [GC (Allocation Failure)  218135K->119340K(250880K), 0.0073477 secs]
25.935: [GC (Allocation Failure)  218775K->120820K(250880K), 0.0068047 secs]
25.941: [Full GC (Ergonomics)  120820K->66761K(243200K), 0.0383910 secs]
25.987: [GC (Allocation Failure)  166582K->106250K(245760K), 0.0046695 secs]
26.037: [GC (Allocation Failure)  204916K->117986K(246784K), 0.0074130 secs]
26.045: [Full GC (Ergonomics)  117986K->66761K(252928K), 0.0367871 secs]
26.089: [GC (Allocation Failure)  165302K->106251K(254976K), 0.0057670 secs]
26.136: [GC (Allocation Failure)  204811K->117995K(254976K), 0.0069321 secs]
26.176: [GC (Allocation Failure)  216640K->118027K(254976K), 0.0067179 secs]
26.215: [GC (Allocation Failure)  216291K->117547K(255488K), 0.0064690 secs]
26.255: [GC (Allocation Failure)  215368K->118059K(255488K), 0.0065034 secs]
26.291: [GC (Allocation Failure)  216235K->118091K(255488K), 0.0066965 secs]
26.331: [GC (Allocation Failure)  216035K->118075K(255488K), 0.0064280 secs]
26.374: [GC (Allocation Failure)  215935K->118075K(255488K), 0.0065490 secs]
26.415: [GC (Allocation Failure)  215913K->117587K(254464K), 0.0064008 secs]
26.453: [GC (Allocation Failure)  215380K->117587K(245760K), 0.0064585 secs]
26.493: [GC (Allocation Failure)  215877K->117555K(253440K), 0.0065134 secs]
26.533: [GC (Allocation Failure)  215834K->117091K(245248K), 0.0060264 secs]
26.570: [GC (Allocation Failure)  214921K->117571K(252416K), 0.0063175 secs]
26.610: [GC (Allocation Failure)  215387K->118643K(252928K), 0.0065671 secs]
26.647: [GC (Allocation Failure)  216551K->117587K(251904K), 0.0057901 secs]
26.687: [GC (Allocation Failure)  215442K->117619K(252416K), 0.0067259 secs]
26.725: [GC (Allocation Failure)  215913K->117635K(251392K), 0.0064143 secs]
26.763: [GC (Allocation Failure)  215501K->118147K(246272K), 0.0062269 secs]
26.802: [GC (Allocation Failure)  216025K->117651K(251392K), 0.0074968 secs]
26.843: [GC (Allocation Failure)  215511K->117139K(245248K), 0.0067441 secs]
26.884: [GC (Allocation Failure)  215023K->117651K(250368K), 0.0062387 secs]
26.921: [GC (Allocation Failure)  215903K->117155K(245248K), 0.0065172 secs]
26.957: [GC (Allocation Failure)  215034K->117155K(248832K), 0.0070481 secs]
26.999: [GC (Allocation Failure)  214991K->117155K(245248K), 0.0066222 secs]
27.033: [GC (Allocation Failure)  214982K->117683K(248832K), 0.0067395 secs]
27.072: [GC (Allocation Failure)  215973K->117651K(245760K), 0.0076739 secs]
27.110: [GC (Allocation Failure)  215516K->117179K(248320K), 0.0059123 secs]
27.150: [GC (Allocation Failure)  215012K->117659K(245760K), 0.0063979 secs]
27.191: [GC (Allocation Failure)  215465K->117723K(247808K), 0.0061712 secs]
27.231: [GC (Allocation Failure)  215566K->117707K(247808K), 0.0065034 secs]
27.268: [GC (Allocation Failure)  215981K->118187K(247808K), 0.0078462 secs]
27.303: [GC (Allocation Failure)  216384K->118203K(247808K), 0.0060250 secs]
27.344: [GC (Allocation Failure)  216097K->117723K(247808K), 0.0060183 secs]
27.382: [GC (Allocation Failure)  215558K->118267K(247808K), 0.0059791 secs]
27.423: [GC (Allocation Failure)  216557K->118219K(247808K), 0.0060097 secs]
27.464: [GC (Allocation Failure)  216013K->118251K(247808K), 0.0057417 secs]
27.497: [GC (Allocation Failure)  216540K->118251K(247808K), 0.0063787 secs]
27.539: [GC (Allocation Failure)  216149K->118235K(247808K), 0.0056877 secs]
27.572: [GC (Allocation Failure)  216106K->117755K(246784K), 0.0057571 secs]
27.612: [GC (Allocation Failure)  216026K->118267K(247296K), 0.0056203 secs]
27.647: [GC (Allocation Failure)  216084K->117755K(247296K), 0.0054623 secs]
27.689: [GC (Allocation Failure)  216059K->118267K(247296K), 0.0063180 secs]
27.724: [GC (Allocation Failure)  216065K->118299K(247296K), 0.0054186 secs]
27.764: [GC (Allocation Failure)  216569K->118235K(247296K), 0.0056085 secs]
27.800: [GC (Allocation Failure)  216139K->118267K(247296K), 0.0056974 secs]
27.838: [GC (Allocation Failure)  216464K->117723K(247296K), 0.0056906 secs]
27.872: [GC (Allocation Failure)  215542K->118811K(247296K), 0.0056155 secs]
27.910: [GC (Allocation Failure)  217035K->117787K(247296K), 0.0054516 secs]
27.947: [GC (Allocation Failure)  216090K->118291K(247296K), 0.0058466 secs]
27.986: [GC (Allocation Failure)  216556K->118227K(247296K), 0.0059374 secs]
28.020: [GC (Allocation Failure)  216511K->117779K(246272K), 0.0063366 secs]
28.058: [GC (Allocation Failure)  216055K->118331K(246784K), 0.0056472 secs]
28.093: [GC (Allocation Failure)  216192K->117275K(246784K), 0.0054402 secs]
28.129: [GC (Allocation Failure)  215534K->117803K(246784K), 0.0055515 secs]
28.166: [GC (Allocation Failure)  216074K->117291K(246784K), 0.0063357 secs]
28.205: [GC (Allocation Failure)  215565K->117803K(246784K), 0.0055380 secs]
28.243: [GC (Allocation Failure)  215611K->117307K(246784K), 0.0063213 secs]
28.276: [GC (Allocation Failure)  215602K->117307K(246784K), 0.0060739 secs]
28.312: [GC (Allocation Failure)  215568K->117819K(246784K), 0.0054353 secs]
28.350: [GC (Allocation Failure)  216023K->117835K(246784K), 0.0057814 secs]
28.383: [GC (Allocation Failure)  215636K->117291K(246784K), 0.0073126 secs]
28.422: [GC (Allocation Failure)  215241K->117339K(246784K), 0.0065870 secs]
28.460: [GC (Allocation Failure)  215534K->117307K(246784K), 0.0056254 secs]
28.495: [GC (Allocation Failure)  215583K->117339K(245248K), 0.0065613 secs]
28.536: [GC (Allocation Failure)  215147K->117323K(246272K), 0.0058919 secs]
28.567: [GC (Allocation Failure)  215581K->116843K(246272K), 0.0063175 secs]
28.608: [GC (Allocation Failure)  215094K->117355K(246272K), 0.0069668 secs]
28.640: [GC (Allocation Failure)  215561K->117331K(246272K), 0.0077850 secs]
28.680: [GC (Allocation Failure)  215590K->116883K(246272K), 0.0067036 secs]
28.715: [GC (Allocation Failure)  214680K->117379K(246272K), 0.0065869 secs]
28.748: [GC (Allocation Failure)  215683K->117379K(246272K), 0.0083406 secs]
28.784: [GC (Allocation Failure)  215210K->116843K(246272K), 0.0072005 secs]
28.821: [GC (Allocation Failure)  215037K->116363K(246272K), 0.0068405 secs]
28.856: [GC (Allocation Failure)  214518K->116371K(246272K), 0.0066530 secs]
28.892: [GC (Allocation Failure)  214611K->116859K(246272K), 0.0068105 secs]
28.926: [GC (Allocation Failure)  214655K->116899K(246272K), 0.0062085 secs]
28.964: [GC (Allocation Failure)  215157K->116387K(246272K), 0.0068510 secs]
29.002: [GC (Allocation Failure)  214690K->117387K(246272K), 0.0068771 secs]
29.041: [GC (Allocation Failure)  215660K->116427K(246272K), 0.0073361 secs]
29.077: [GC (Allocation Failure)  214715K->117451K(246272K), 0.0070207 secs]
29.115: [GC (Allocation Failure)  215249K->117427K(246272K), 0.0072026 secs]
29.153: [GC (Allocation Failure)  215601K->117427K(246272K), 0.0064475 secs]
29.186: [GC (Allocation Failure)  215601K->116883K(245248K), 0.0086232 secs]
29.224: [GC (Allocation Failure)  215178K->117411K(245760K), 0.0063615 secs]
29.258: [GC (Allocation Failure)  215591K->116947K(245760K), 0.0067520 secs]
29.291: [GC (Allocation Failure)  215161K->116923K(245760K), 0.0064503 secs]
29.331: [GC (Allocation Failure)  215156K->115963K(245760K), 0.0056128 secs]
29.364: [GC (Allocation Failure)  214178K->117451K(245760K), 0.0066553 secs]
29.400: [GC (Allocation Failure)  215650K->117003K(245760K), 0.0083562 secs]
29.434: [GC (Allocation Failure)  215261K->116955K(245760K), 0.0079795 secs]
29.471: [GC (Allocation Failure)  215233K->115963K(245760K), 0.0069067 secs]
29.511: [GC (Allocation Failure)  214226K->115979K(245760K), 0.0069850 secs]
29.544: [GC (Allocation Failure)  214161K->120515K(244224K), 0.0078052 secs]
29.552: [Full GC (Ergonomics)  120515K->64730K(236544K), 0.0437624 secs]
29.603: [GC (Allocation Failure)  160071K->95035K(239104K), 0.0048712 secs]
29.636: [GC (Allocation Failure)  190493K->113395K(240128K), 0.0063667 secs]
29.643: [Full GC (Ergonomics)  113395K->64730K(245760K), 0.0363199 secs]
29.686: [GC (Allocation Failure)  158923K->93979K(247296K), 0.0042839 secs]
29.720: [GC (Allocation Failure)  187793K->112924K(247808K), 0.0062618 secs]
29.758: [GC (Allocation Failure)  206175K->113468K(248320K), 0.0059989 secs]
29.787: [GC (Allocation Failure)  206934K->113436K(247808K), 0.0061659 secs]
29.821: [GC (Allocation Failure)  206307K->113468K(248320K), 0.0055688 secs]
29.855: [GC (Allocation Failure)  206323K->113404K(248320K), 0.0061159 secs]
29.886: [GC (Allocation Failure)  206379K->113468K(236544K), 0.0053460 secs]
29.920: [GC (Allocation Failure)  206343K->112988K(247808K), 0.0052921 secs]
29.953: [GC (Allocation Failure)  205983K->113468K(236544K), 0.0054983 secs]
29.986: [GC (Allocation Failure)  206440K->112444K(246272K), 0.0057099 secs]
30.017: [GC (Allocation Failure)  205390K->112444K(235520K), 0.0054691 secs]
30.050: [GC (Allocation Failure)  205477K->112476K(244736K), 0.0055042 secs]
30.084: [GC (Allocation Failure)  205446K->112956K(236032K), 0.0059023 secs]
30.114: [GC (Allocation Failure)  205897K->112476K(243712K), 0.0055587 secs]
30.156: [GC (Allocation Failure)  205548K->113468K(236544K), 0.0056243 secs]
30.187: [GC (Allocation Failure)  206437K->112964K(242688K), 0.0052336 secs]
30.218: [GC (Allocation Failure)  205987K->112484K(235520K), 0.0053808 secs]
30.250: [GC (Allocation Failure)  205454K->112996K(241664K), 0.0051465 secs]
30.283: [GC (Allocation Failure)  205948K->113012K(242176K), 0.0051658 secs]
30.318: [GC (Allocation Failure)  205926K->112948K(241152K), 0.0057573 secs]
30.347: [GC (Allocation Failure)  205939K->112948K(236032K), 0.0056258 secs]
30.381: [GC (Allocation Failure)  205931K->112996K(241152K), 0.0051916 secs]
30.416: [GC (Allocation Failure)  205963K->112420K(235520K), 0.0072896 secs]
30.451: [GC (Allocation Failure)  205418K->112516K(240128K), 0.0051927 secs]
30.487: [GC (Allocation Failure)  205555K->112012K(235008K), 0.0054218 secs]
30.520: [GC (Allocation Failure)  205013K->112524K(238592K), 0.0053742 secs]
30.549: [GC (Allocation Failure)  205436K->111980K(235008K), 0.0055502 secs]
30.584: [GC (Allocation Failure)  204983K->111996K(238592K), 0.0053008 secs]
30.617: [GC (Allocation Failure)  204929K->112988K(238592K), 0.0060070 secs]
30.646: [GC (Allocation Failure)  206042K->112028K(237568K), 0.0054294 secs]
30.681: [GC (Allocation Failure)  204950K->113572K(238080K), 0.0054907 secs]
30.713: [GC (Allocation Failure)  206554K->111972K(238080K), 0.0052205 secs]
30.745: [GC (Allocation Failure)  204982K->112548K(238080K), 0.0051982 secs]
30.776: [GC (Allocation Failure)  205473K->112492K(237056K), 0.0059099 secs]
30.806: [GC (Allocation Failure)  205444K->111980K(237568K), 0.0067926 secs]
30.838: [GC (Allocation Failure)  204925K->112524K(236544K), 0.0052530 secs]
30.871: [GC (Allocation Failure)  205493K->112572K(237056K), 0.0051825 secs]
30.904: [GC (Allocation Failure)  205522K->112540K(237056K), 0.0056018 secs]
30.935: [GC (Allocation Failure)  205517K->113052K(237056K), 0.0053032 secs]
30.968: [GC (Allocation Failure)  205901K->113068K(237056K), 0.0057957 secs]
31.000: [GC (Allocation Failure)  206036K->113068K(237056K), 0.0053477 secs]
31.031: [GC (Allocation Failure)  206038K->112588K(237056K), 0.0052000 secs]
31.063: [GC (Allocation Failure)  205479K->112572K(235520K), 0.0055456 secs]
31.096: [GC (Allocation Failure)  205559K->112572K(236544K), 0.0058314 secs]
31.126: [GC (Allocation Failure)  205536K->113084K(236544K), 0.0060766 secs]
31.156: [GC (Allocation Failure)  206052K->113092K(236544K), 0.0055692 secs]
31.189: [GC (Allocation Failure)  206094K->112612K(236544K), 0.0052402 secs]
31.222: [GC (Allocation Failure)  205546K->113092K(236544K), 0.0055234 secs]
31.251: [GC (Allocation Failure)  206033K->113100K(236544K), 0.0054158 secs]
31.284: [GC (Allocation Failure)  206061K->113580K(236032K), 0.0056169 secs]
31.315: [GC (Allocation Failure)  205987K->113100K(236544K), 0.0053827 secs]
31.346: [GC (Allocation Failure)  205576K->113076K(235520K), 0.0058208 secs]
31.377: [GC (Allocation Failure)  205577K->113108K(236032K), 0.0081771 secs]
31.407: [GC (Allocation Failure)  205561K->113108K(236032K), 0.0074539 secs]
31.440: [GC (Allocation Failure)  205438K->112604K(236032K), 0.0085368 secs]
31.470: [GC (Allocation Failure)  205044K->112604K(236032K), 0.0073051 secs]
31.502: [GC (Allocation Failure)  205021K->113084K(236032K), 0.0067923 secs]
31.533: [GC (Allocation Failure)  205614K->113116K(236032K), 0.0065439 secs]
31.565: [GC (Allocation Failure)  205516K->113132K(236032K), 0.0074504 secs]
31.597: [GC (Allocation Failure)  205507K->112652K(236032K), 0.0066624 secs]
31.629: [GC (Allocation Failure)  205060K->113644K(236032K), 0.0068052 secs]
31.659: [GC (Allocation Failure)  206138K->113116K(236032K), 0.0068206 secs]
31.690: [GC (Allocation Failure)  205511K->112668K(236032K), 0.0067805 secs]
31.722: [GC (Allocation Failure)  205051K->112668K(236032K), 0.0070792 secs]
31.750: [GC (Allocation Failure)  205065K->113636K(236032K), 0.0072466 secs]
31.779: [GC (Allocation Failure)  206051K->112644K(236032K), 0.0067211 secs]
31.809: [GC (Allocation Failure)  205120K->113212K(236032K), 0.0068824 secs]
31.842: [GC (Allocation Failure)  205641K->113180K(236032K), 0.0070154 secs]
31.873: [GC (Allocation Failure)  205639K->113180K(236032K), 0.0070062 secs]
31.904: [GC (Allocation Failure)  205616K->113204K(236032K), 0.0064764 secs]
31.933: [GC (Allocation Failure)  205588K->113204K(236032K), 0.0082389 secs]
31.967: [GC (Allocation Failure)  205653K->113684K(236032K), 0.0066020 secs]
31.998: [GC (Allocation Failure)  206140K->113212K(236032K), 0.0079075 secs]
32.029: [GC (Allocation Failure)  205760K->112668K(236032K), 0.0075731 secs]
32.063: [GC (Allocation Failure)  205052K->113228K(236032K), 0.0066847 secs]
32.094: [GC (Allocation Failure)  205620K->112716K(236032K), 0.0065459 secs]
32.125: [GC (Allocation Failure)  205049K->113228K(236032K), 0.0061096 secs]
32.154: [GC (Allocation Failure)  205625K->112732K(236032K), 0.0064992 secs]
32.184: [GC (Allocation Failure)  205142K->113276K(236032K), 0.0054452 secs]
32.214: [GC (Allocation Failure)  205681K->112764K(236032K), 0.0053647 secs]
32.244: [GC (Allocation Failure)  205080K->113300K(236032K), 0.0056819 secs]
32.273: [GC (Allocation Failure)  205721K->112756K(236032K), 0.0053968 secs]
32.302: [GC (Allocation Failure)  205154K->113268K(236032K), 0.0054315 secs]
32.332: [GC (Allocation Failure)  205675K->112764K(236032K), 0.0053262 secs]
32.363: [GC (Allocation Failure)  205205K->112764K(236032K), 0.0054827 secs]
32.395: [GC (Allocation Failure)  205101K->113276K(236032K), 0.0054961 secs]
32.425: [GC (Allocation Failure)  205626K->112796K(236032K), 0.0053768 secs]
32.455: [GC (Allocation Failure)  205294K->113308K(236032K), 0.0053227 secs]
32.486: [GC (Allocation Failure)  205757K->113276K(236032K), 0.0057282 secs]
32.516: [GC (Allocation Failure)  205664K->113244K(236032K), 0.0056922 secs]
32.550: [GC (Allocation Failure)  205608K->113292K(236032K), 0.0056638 secs]
32.576: [GC (Allocation Failure)  205697K->113260K(236032K), 0.0059194 secs]
32.606: [GC (Allocation Failure)  205649K->113292K(236032K), 0.0057174 secs]
32.639: [GC (Allocation Failure)  205602K->113276K(236032K), 0.0060903 secs]
32.667: [GC (Allocation Failure)  205719K->113276K(236032K), 0.0057722 secs]
32.697: [GC (Allocation Failure)  205624K->113820K(236032K), 0.0053675 secs]
32.725: [GC (Allocation Failure)  206151K->113324K(236032K), 0.0059971 secs]
32.755: [GC (Allocation Failure)  205729K->113292K(236032K), 0.0069349 secs]
32.784: [GC (Allocation Failure)  205607K->113324K(236032K), 0.0062743 secs]
32.815: [GC (Allocation Failure)  205769K->112236K(236032K), 0.0063682 secs]
32.847: [GC (Allocation Failure)  204709K->112828K(236032K), 0.0053274 secs]
32.877: [GC (Allocation Failure)  205204K->112284K(236032K), 0.0060984 secs]
32.907: [GC (Allocation Failure)  204644K->112796K(236032K), 0.0069715 secs]
32.935: [GC (Allocation Failure)  205155K->112292K(236032K), 0.0063164 secs]
32.963: [GC (Allocation Failure)  204754K->112324K(236032K), 0.0053681 secs]
32.996: [GC (Allocation Failure)  204683K->112356K(236032K), 0.0053700 secs]
33.027: [GC (Allocation Failure)  204706K->112844K(236032K), 0.0057963 secs]
33.059: [GC (Allocation Failure)  205291K->112364K(236032K), 0.0054622 secs]
33.085: [GC (Allocation Failure)  204763K->112844K(236032K), 0.0059278 secs]
33.115: [GC (Allocation Failure)  205206K->111836K(236032K), 0.0063274 secs]
33.145: [GC (Allocation Failure)  204125K->112380K(236032K), 0.0062231 secs]
33.173: [GC (Allocation Failure)  204743K->112828K(235008K), 0.0066060 secs]
33.201: [GC (Allocation Failure)  205280K->112316K(235520K), 0.0073101 secs]
33.233: [GC (Allocation Failure)  204703K->112404K(235520K), 0.0051642 secs]
33.263: [GC (Allocation Failure)  204722K->112372K(235520K), 0.0051622 secs]
33.290: [GC (Allocation Failure)  204758K->111860K(235520K), 0.0049877 secs]
33.319: [GC (Allocation Failure)  204233K->111404K(235520K), 0.0063246 secs]
33.349: [GC (Allocation Failure)  203782K->111852K(235520K), 0.0069760 secs]
33.377: [GC (Allocation Failure)  204177K->111852K(235520K), 0.0055470 secs]
33.408: [GC (Allocation Failure)  204241K->111884K(235520K), 0.0057702 secs]
33.439: [GC (Allocation Failure)  204227K->111356K(235520K), 0.0057072 secs]
33.462: [GC (Allocation Failure)  203827K->111868K(235520K), 0.0057381 secs]
33.492: [GC (Allocation Failure)  204247K->111868K(235520K), 0.0053141 secs]
33.524: [GC (Allocation Failure)  204257K->111940K(235520K), 0.0050646 secs]
33.554: [GC (Allocation Failure)  204332K->111396K(235520K), 0.0059273 secs]
33.583: [GC (Allocation Failure)  203790K->110884K(235520K), 0.0057173 secs]
33.613: [GC (Allocation Failure)  203249K->111372K(235520K), 0.0056504 secs]
33.641: [GC (Allocation Failure)  203753K->110892K(235520K), 0.0070392 secs]
33.666: [GC (Allocation Failure)  203209K->111404K(235520K), 0.0056393 secs]
33.694: [GC (Allocation Failure)  203745K->110892K(234496K), 0.0052159 secs]
33.722: [GC (Allocation Failure)  203379K->111412K(235008K), 0.0050418 secs]
33.751: [GC (Allocation Failure)  203655K->110388K(235008K), 0.0049906 secs]
33.777: [GC (Allocation Failure)  202767K->111380K(235008K), 0.0055461 secs]
33.806: [GC (Allocation Failure)  203777K->111420K(235008K), 0.0061004 secs]
33.838: [GC (Allocation Failure)  203831K->111388K(235008K), 0.0057633 secs]
33.866: [GC (Allocation Failure)  203780K->111420K(233984K), 0.0062793 secs]
33.897: [GC (Allocation Failure)  203767K->111420K(234496K), 0.0051040 secs]
33.926: [GC (Allocation Failure)  203782K->111436K(234496K), 0.0050155 secs]
33.955: [GC (Allocation Failure)  203784K->111404K(234496K), 0.0058267 secs]
33.985: [GC (Allocation Failure)  203772K->110892K(234496K), 0.0057804 secs]
34.011: [GC (Allocation Failure)  203243K->110900K(234496K), 0.0073984 secs]
34.040: [GC (Allocation Failure)  203193K->111412K(233472K), 0.0056338 secs]
34.071: [GC (Allocation Failure)  203849K->111476K(233984K), 0.0050587 secs]
34.103: [GC (Allocation Failure)  203790K->111460K(233984K), 0.0057163 secs]
34.131: [GC (Allocation Failure)  203815K->110916K(233984K), 0.0053792 secs]
34.158: [GC (Allocation Failure)  203231K->111460K(233984K), 0.0050344 secs]
34.184: [GC (Allocation Failure)  203785K->111428K(233984K), 0.0059639 secs]
34.213: [GC (Allocation Failure)  203789K->111508K(233984K), 0.0051707 secs]
34.238: [GC (Allocation Failure)  203908K->110964K(233984K), 0.0050996 secs]
34.268: [GC (Allocation Failure)  203349K->111508K(233984K), 0.0050937 secs]
34.296: [GC (Allocation Failure)  203828K->111484K(233984K), 0.0050365 secs]
34.321: [GC (Allocation Failure)  203903K->111452K(233984K), 0.0068632 secs]
34.348: [GC (Allocation Failure)  203782K->110940K(233984K), 0.0058666 secs]
34.379: [GC (Allocation Failure)  203270K->111516K(233984K), 0.0074614 secs]
34.409: [GC (Allocation Failure)  203907K->111012K(233984K), 0.0057465 secs]
34.435: [GC (Allocation Failure)  203339K->110980K(233984K), 0.0055880 secs]
34.464: [GC (Allocation Failure)  203363K->111492K(233984K), 0.0072719 secs]
34.491: [GC (Allocation Failure)  203748K->111036K(233984K), 0.0059520 secs]
34.519: [GC (Allocation Failure)  203421K->111004K(233984K), 0.0078818 secs]
34.548: [GC (Allocation Failure)  203438K->111004K(233984K), 0.0057791 secs]
34.575: [GC (Allocation Failure)  203378K->111020K(233984K), 0.0088701 secs]
34.605: [GC (Allocation Failure)  203243K->111020K(232960K), 0.0055002 secs]
34.632: [GC (Allocation Failure)  203364K->110524K(233472K), 0.0054253 secs]
34.658: [GC (Allocation Failure)  202819K->111036K(232960K), 0.0074608 secs]
34.685: [GC (Allocation Failure)  203334K->110508K(233472K), 0.0080550 secs]
34.714: [GC (Allocation Failure)  202851K->111052K(232960K), 0.0052374 secs]
34.742: [GC (Allocation Failure)  203496K->111580K(233472K), 0.0052656 secs]
34.771: [GC (Allocation Failure)  203958K->111580K(233984K), 0.0062095 secs]
34.797: [GC (Allocation Failure)  203954K->111612K(233984K), 0.0051910 secs]
34.824: [GC (Allocation Failure)  203847K->111596K(233984K), 0.0052183 secs]
34.850: [GC (Allocation Failure)  203961K->111596K(233984K), 0.0051561 secs]
34.878: [GC (Allocation Failure)  203872K->111596K(233984K), 0.0051201 secs]
34.907: [GC (Allocation Failure)  203889K->112108K(233984K), 0.0075899 secs]
34.934: [GC (Allocation Failure)  204416K->111060K(233984K), 0.0058170 secs]
34.963: [GC (Allocation Failure)  203428K->111060K(233984K), 0.0051691 secs]
34.991: [GC (Allocation Failure)  203472K->112084K(233984K), 0.0052820 secs]
35.021: [GC (Allocation Failure)  204452K->111620K(233984K), 0.0050954 secs]
35.050: [GC (Allocation Failure)  203971K->111652K(233984K), 0.0057571 secs]
35.078: [GC (Allocation Failure)  204008K->111620K(233984K), 0.0051983 secs]
35.105: [GC (Allocation Failure)  203921K->111620K(233984K), 0.0050965 secs]
35.132: [GC (Allocation Failure)  203868K->111660K(233984K), 0.0052137 secs]
35.159: [GC (Allocation Failure)  204041K->111628K(233984K), 0.0052639 secs]
35.187: [GC (Allocation Failure)  203889K->111660K(233984K), 0.0052320 secs]
35.216: [GC (Allocation Failure)  203997K->111148K(233984K), 0.0054740 secs]
35.243: [GC (Allocation Failure)  203419K->110604K(233984K), 0.0055466 secs]
35.267: [GC (Allocation Failure)  202919K->110636K(233984K), 0.0051303 secs]
35.291: [GC (Allocation Failure)  202950K->110612K(233984K), 0.0051172 secs]
35.321: [GC (Allocation Failure)  202875K->111124K(233984K), 0.0060914 secs]
35.345: [GC (Allocation Failure)  203446K->111092K(233984K), 0.0058301 secs]
35.374: [GC (Allocation Failure)  203505K->111068K(233984K), 0.0062919 secs]
35.401: [GC (Allocation Failure)  203375K->111132K(233984K), 0.0050357 secs]
35.429: [GC (Allocation Failure)  203500K->111132K(232960K), 0.0059515 secs]
35.459: [GC (Allocation Failure)  203395K->110108K(233472K), 0.0052219 secs]
35.487: [GC (Allocation Failure)  202466K->110148K(233984K), 0.0050924 secs]
35.513: [GC (Allocation Failure)  202391K->110084K(233984K), 0.0052784 secs]
35.539: [GC (Allocation Failure)  202332K->109604K(233984K), 0.0065205 secs]
35.565: [GC (Allocation Failure)  201941K->110612K(233984K), 0.0052562 secs]
35.593: [GC (Allocation Failure)  202927K->110644K(233984K), 0.0053876 secs]
35.623: [GC (Allocation Failure)  202945K->110164K(233984K), 0.0050951 secs]
35.648: [GC (Allocation Failure)  202528K->110676K(232960K), 0.0049764 secs]
35.675: [GC (Allocation Failure)  203001K->110620K(233472K), 0.0050666 secs]
35.703: [GC (Allocation Failure)  202927K->111708K(232960K), 0.0058111 secs]
35.727: [GC (Allocation Failure)  203405K->110620K(231936K), 0.0061176 secs]
35.753: [GC (Allocation Failure)  202396K->110652K(232960K), 0.0058137 secs]
35.783: [GC (Allocation Failure)  202485K->110700K(232960K), 0.0055443 secs]
35.809: [GC (Allocation Failure)  202440K->110668K(232960K), 0.0055957 secs]
35.835: [GC (Allocation Failure)  202455K->110668K(232960K), 0.0050499 secs]
35.862: [GC (Allocation Failure)  202471K->110700K(231936K), 0.0050626 secs]
35.891: [GC (Allocation Failure)  202435K->110652K(232448K), 0.0056146 secs]
35.915: [GC (Allocation Failure)  202390K->110140K(232448K), 0.0052600 secs]
35.941: [GC (Allocation Failure)  201996K->110140K(232448K), 0.0052604 secs]
35.968: [GC (Allocation Failure)  201970K->110148K(232448K), 0.0054943 secs]
35.996: [GC (Allocation Failure)  201927K->110212K(232448K), 0.0050306 secs]
36.021: [GC (Allocation Failure)  202029K->110180K(232448K), 0.0049870 secs]
36.048: [GC (Allocation Failure)  201990K->109668K(232448K), 0.0054966 secs]
36.074: [GC (Allocation Failure)  201453K->110204K(232448K), 0.0061010 secs]
36.100: [GC (Allocation Failure)  201999K->110172K(232448K), 0.0066396 secs]
36.129: [GC (Allocation Failure)  201948K->110140K(232448K), 0.0056850 secs]
36.156: [GC (Allocation Failure)  201977K->110204K(232448K), 0.0055169 secs]
36.183: [GC (Allocation Failure)  202022K->110220K(232448K), 0.0056658 secs]
36.210: [GC (Allocation Failure)  201991K->109708K(232448K), 0.0054103 secs]
36.236: [GC (Allocation Failure)  201437K->110220K(232448K), 0.0060452 secs]
36.263: [GC (Allocation Failure)  202029K->110204K(231424K), 0.0056870 secs]
36.287: [GC (Allocation Failure)  201978K->110204K(231936K), 0.0052795 secs]
36.315: [GC (Allocation Failure)  201939K->110236K(231936K), 0.0051662 secs]
36.342: [GC (Allocation Failure)  201990K->110268K(231936K), 0.0050392 secs]
36.367: [GC (Allocation Failure)  202009K->110692K(231936K), 0.0079418 secs]
36.390: [GC (Allocation Failure)  202452K->109668K(231936K), 0.0070748 secs]
36.416: [GC (Allocation Failure)  201376K->109732K(231936K), 0.0057789 secs]
36.443: [GC (Allocation Failure)  201425K->109740K(231936K), 0.0054323 secs]
36.472: [GC (Allocation Failure)  201507K->109740K(231936K), 0.0050462 secs]
36.493: [GC (Allocation Failure)  201495K->109244K(231936K), 0.0060962 secs]
36.521: [GC (Allocation Failure)  201042K->110748K(231936K), 0.0067809 secs]
36.549: [GC (Allocation Failure)  202549K->109740K(232448K), 0.0054353 secs]
36.576: [GC (Allocation Failure)  201542K->110284K(231424K), 0.0050067 secs]
36.600: [GC (Allocation Failure)  202033K->110316K(231936K), 0.0056111 secs]
36.625: [GC (Allocation Failure)  202059K->109756K(231936K), 0.0055884 secs]
36.651: [GC (Allocation Failure)  201528K->109244K(231936K), 0.0069432 secs]
36.676: [GC (Allocation Failure)  201024K->110268K(231936K), 0.0054744 secs]
36.704: [GC (Allocation Failure)  202025K->109244K(231936K), 0.0055098 secs]
36.730: [GC (Allocation Failure)  201062K->109796K(231936K), 0.0054650 secs]
36.756: [GC (Allocation Failure)  201572K->109732K(231936K), 0.0049447 secs]
36.783: [GC (Allocation Failure)  201562K->109796K(231936K), 0.0055576 secs]
36.811: [GC (Allocation Failure)  201500K->109764K(231936K), 0.0049458 secs]
36.835: [GC (Allocation Failure)  201571K->110292K(231936K), 0.0050175 secs]
36.860: [GC (Allocation Failure)  202148K->109780K(231936K), 0.0048748 secs]
36.888: [GC (Allocation Failure)  201566K->109812K(231936K), 0.0055726 secs]
36.917: [GC (Allocation Failure)  201513K->109268K(231936K), 0.0060117 secs]
36.943: [GC (Allocation Failure)  201048K->109308K(231936K), 0.0049143 secs]
36.971: [GC (Allocation Failure)  201044K->109308K(231936K), 0.0049825 secs]
36.997: [GC (Allocation Failure)  201057K->108796K(231936K), 0.0048466 secs]
37.022: [GC (Allocation Failure)  200475K->108764K(231936K), 0.0063226 secs]
37.048: [GC (Allocation Failure)  200544K->109316K(231936K), 0.0048917 secs]
37.077: [GC (Allocation Failure)  201051K->109284K(230912K), 0.0057552 secs]
37.104: [GC (Allocation Failure)  201095K->109316K(231424K), 0.0053151 secs]
37.128: [GC (Allocation Failure)  200988K->108788K(231424K), 0.0048367 secs]
37.155: [GC (Allocation Failure)  200507K->108788K(231424K), 0.0047992 secs]
37.180: [GC (Allocation Failure)  200597K->108276K(231424K), 0.0048906 secs]
37.205: [GC (Allocation Failure)  199930K->109332K(231424K), 0.0057793 secs]
37.234: [GC (Allocation Failure)  201150K->109348K(231424K), 0.0055234 secs]
37.261: [GC (Allocation Failure)  201215K->109348K(231424K), 0.0059059 secs]
37.287: [GC (Allocation Failure)  201083K->109860K(231424K), 0.0054069 secs]
37.312: [GC (Allocation Failure)  201565K->108836K(231424K), 0.0062412 secs]
37.338: [GC (Allocation Failure)  200561K->109364K(231424K), 0.0053633 secs]
37.365: [GC (Allocation Failure)  201029K->109364K(231424K), 0.0056225 secs]
37.390: [GC (Allocation Failure)  201093K->109332K(230400K), 0.0082358 secs]
37.417: [GC (Allocation Failure)  201121K->108276K(230912K), 0.0077206 secs]
37.445: [GC (Allocation Failure)  200093K->108324K(231424K), 0.0058733 secs]
37.473: [GC (Allocation Failure)  199983K->109380K(231424K), 0.0061852 secs]
37.499: [GC (Allocation Failure)  201126K->108852K(231424K), 0.0059725 secs]
37.524: [GC (Allocation Failure)  200527K->110860K(231424K), 0.0059519 secs]
37.551: [GC (Allocation Failure)  202622K->119564K(236544K), 0.0074205 secs]
37.559: [Full GC (Ergonomics)  119564K->58621K(220672K), 0.0364768 secs]
37.601: [GC (Allocation Failure)  146828K->79614K(224256K), 0.0033082 secs]
37.615: [GC (Allocation Failure)  167732K->97598K(224768K), 0.0053894 secs]
37.621: [Full GC (Ergonomics)  97598K->58622K(229376K), 0.0366839 secs]
37.664: [GC (Allocation Failure)  145652K->77566K(230912K), 0.0032115 secs]
37.682: [GC (Allocation Failure)  164471K->91423K(228352K), 0.0044172 secs]
37.705: [GC (Allocation Failure)  178253K->100191K(230400K), 0.0048385 secs]
37.734: [GC (Allocation Failure)  187082K->101215K(230400K), 0.0056338 secs]
37.757: [GC (Allocation Failure)  187177K->101151K(231424K), 0.0070349 secs]
37.780: [GC (Allocation Failure)  187020K->101151K(231936K), 0.0072757 secs]
37.803: [GC (Allocation Failure)  187116K->101247K(231936K), 0.0057549 secs]
37.829: [GC (Allocation Failure)  187158K->101199K(232448K), 0.0048783 secs]
37.851: [GC (Allocation Failure)  187201K->101231K(219136K), 0.0049142 secs]
37.875: [GC (Allocation Failure)  187211K->101231K(231936K), 0.0049440 secs]
37.898: [GC (Allocation Failure)  187210K->101231K(219136K), 0.0051156 secs]
37.921: [GC (Allocation Failure)  187208K->100719K(230400K), 0.0053854 secs]
37.945: [GC (Allocation Failure)  186245K->101231K(219136K), 0.0054224 secs]
37.968: [GC (Allocation Failure)  187211K->100719K(229376K), 0.0050931 secs]
37.991: [GC (Allocation Failure)  186711K->101263K(219136K), 0.0048763 secs]
38.014: [GC (Allocation Failure)  187243K->101231K(228352K), 0.0053043 secs]
38.038: [GC (Allocation Failure)  187241K->100751K(218624K), 0.0049999 secs]
38.064: [GC (Allocation Failure)  186729K->101231K(227328K), 0.0047772 secs]
38.087: [GC (Allocation Failure)  186786K->100719K(218624K), 0.0048602 secs]
38.110: [GC (Allocation Failure)  186680K->101743K(227328K), 0.0054132 secs]
38.133: [GC (Allocation Failure)  187753K->100735K(218624K), 0.0067991 secs]
38.155: [GC (Allocation Failure)  186246K->101279K(226304K), 0.0058866 secs]
38.178: [GC (Allocation Failure)  187255K->101247K(219136K), 0.0053145 secs]
38.201: [GC (Allocation Failure)  187206K->101247K(224768K), 0.0066232 secs]
38.226: [GC (Allocation Failure)  186781K->102311K(225280K), 0.0049743 secs]
38.249: [GC (Allocation Failure)  187890K->100743K(224256K), 0.0049720 secs]
38.270: [GC (Allocation Failure)  186730K->101223K(219136K), 0.0070438 secs]
38.296: [GC (Allocation Failure)  187192K->101223K(223232K), 0.0054648 secs]
38.321: [GC (Allocation Failure)  186751K->101271K(223744K), 0.0051700 secs]
38.344: [GC (Allocation Failure)  186813K->101783K(222720K), 0.0049330 secs]
38.367: [GC (Allocation Failure)  187743K->101303K(223232K), 0.0048307 secs]
38.391: [GC (Allocation Failure)  187303K->100695K(222208K), 0.0070325 secs]
38.416: [GC (Allocation Failure)  186646K->100791K(218624K), 0.0049011 secs]
38.440: [GC (Allocation Failure)  186751K->101287K(222208K), 0.0056964 secs]
38.462: [GC (Allocation Failure)  187281K->100743K(218624K), 0.0057678 secs]
38.487: [GC (Allocation Failure)  186710K->100231K(221696K), 0.0053945 secs]
38.511: [GC (Allocation Failure)  185743K->101287K(219136K), 0.0048768 secs]
38.535: [GC (Allocation Failure)  187294K->100759K(221184K), 0.0055032 secs]
38.558: [GC (Allocation Failure)  186765K->100823K(218624K), 0.0064197 secs]
38.583: [GC (Allocation Failure)  186805K->100279K(220672K), 0.0051897 secs]
38.608: [GC (Allocation Failure)  186242K->101303K(220672K), 0.0054898 secs]
38.628: [GC (Allocation Failure)  187278K->99743K(220672K), 0.0063525 secs]
38.654: [GC (Allocation Failure)  185722K->100799K(220672K), 0.0053950 secs]
38.675: [GC (Allocation Failure)  186336K->100735K(219648K), 0.0070655 secs]
38.699: [GC (Allocation Failure)  186692K->99775K(220160K), 0.0057471 secs]
38.725: [GC (Allocation Failure)  185764K->99799K(220160K), 0.0046490 secs]
38.750: [GC (Allocation Failure)  185742K->100279K(220160K), 0.0055768 secs]
38.772: [GC (Allocation Failure)  186260K->100311K(220160K), 0.0053308 secs]
38.797: [GC (Allocation Failure)  186310K->99831K(217600K), 0.0052569 secs]
38.819: [GC (Allocation Failure)  185838K->100311K(219648K), 0.0053273 secs]
38.845: [GC (Allocation Failure)  186220K->100319K(219648K), 0.0048481 secs]
38.868: [GC (Allocation Failure)  186283K->100287K(219648K), 0.0068717 secs]
38.889: [GC (Allocation Failure)  186264K->100255K(218112K), 0.0068011 secs]
38.910: [GC (Allocation Failure)  186232K->99807K(219136K), 0.0047191 secs]
38.937: [GC (Allocation Failure)  185810K->100335K(219136K), 0.0047699 secs]
38.957: [GC (Allocation Failure)  186325K->100303K(219136K), 0.0049628 secs]
38.979: [GC (Allocation Failure)  186299K->100847K(219136K), 0.0049170 secs]
39.002: [GC (Allocation Failure)  186785K->100335K(219136K), 0.0047606 secs]
39.024: [GC (Allocation Failure)  185905K->100319K(219136K), 0.0059648 secs]
39.049: [GC (Allocation Failure)  186335K->99839K(219136K), 0.0065874 secs]
39.071: [GC (Allocation Failure)  185855K->99839K(219136K), 0.0046952 secs]
39.095: [GC (Allocation Failure)  185841K->100383K(219136K), 0.0053973 secs]
39.119: [GC (Allocation Failure)  185891K->99879K(217600K), 0.0049332 secs]
39.142: [GC (Allocation Failure)  185880K->100359K(218624K), 0.0047163 secs]
39.166: [GC (Allocation Failure)  185866K->100359K(218624K), 0.0047793 secs]
39.188: [GC (Allocation Failure)  185919K->100391K(218624K), 0.0055901 secs]
39.212: [GC (Allocation Failure)  186397K->100407K(218624K), 0.0048766 secs]
39.236: [GC (Allocation Failure)  186321K->100375K(218624K), 0.0057741 secs]
39.256: [GC (Allocation Failure)  186370K->100343K(218624K), 0.0057114 secs]
39.280: [GC (Allocation Failure)  186299K->100887K(218624K), 0.0066865 secs]
39.304: [GC (Allocation Failure)  186806K->101399K(218624K), 0.0060025 secs]
39.327: [GC (Allocation Failure)  187008K->100935K(218624K), 0.0047505 secs]
39.349: [GC (Allocation Failure)  186929K->99879K(218624K), 0.0050301 secs]
39.372: [GC (Allocation Failure)  185889K->100423K(218624K), 0.0046983 secs]
39.393: [GC (Allocation Failure)  186393K->100935K(218624K), 0.0047727 secs]
39.417: [GC (Allocation Failure)  186440K->100919K(218624K), 0.0048645 secs]
39.438: [GC (Allocation Failure)  186934K->100951K(218624K), 0.0047375 secs]
39.459: [GC (Allocation Failure)  186965K->100951K(218624K), 0.0061279 secs]
39.482: [GC (Allocation Failure)  186934K->100439K(218624K), 0.0047923 secs]
39.505: [GC (Allocation Failure)  186369K->100935K(218624K), 0.0067366 secs]
39.526: [GC (Allocation Failure)  186904K->100391K(218624K), 0.0050020 secs]
39.547: [GC (Allocation Failure)  186332K->99911K(218624K), 0.0052458 secs]
39.570: [GC (Allocation Failure)  185887K->100423K(218624K), 0.0047050 secs]
39.593: [GC (Allocation Failure)  186409K->100423K(218624K), 0.0055569 secs]
39.616: [GC (Allocation Failure)  186439K->99407K(218624K), 0.0046543 secs]
39.639: [GC (Allocation Failure)  184926K->99951K(218624K), 0.0046392 secs]
39.660: [GC (Allocation Failure)  185901K->100431K(218624K), 0.0052958 secs]
39.683: [GC (Allocation Failure)  186361K->100463K(218624K), 0.0058630 secs]
39.707: [GC (Allocation Failure)  186037K->99935K(218624K), 0.0052356 secs]
39.730: [GC (Allocation Failure)  185441K->99967K(218624K), 0.0047586 secs]
39.753: [GC (Allocation Failure)  185932K->99423K(218624K), 0.0052223 secs]
39.775: [GC (Allocation Failure)  184966K->100447K(218624K), 0.0051901 secs]
39.800: [GC (Allocation Failure)  186357K->100447K(218624K), 0.0047753 secs]
39.820: [GC (Allocation Failure)  186386K->99471K(218624K), 0.0046332 secs]
39.844: [GC (Allocation Failure)  185014K->99951K(217088K), 0.0048045 secs]
39.865: [GC (Allocation Failure)  185934K->100463K(218112K), 0.0055008 secs]
39.887: [GC (Allocation Failure)  186456K->99951K(218112K), 0.0065023 secs]
39.909: [GC (Allocation Failure)  185872K->99423K(218112K), 0.0061886 secs]
39.932: [GC (Allocation Failure)  184937K->99967K(218112K), 0.0047121 secs]
39.955: [GC (Allocation Failure)  185533K->100479K(218112K), 0.0046493 secs]
39.978: [GC (Allocation Failure)  186358K->99487K(218112K), 0.0046793 secs]
40.001: [GC (Allocation Failure)  185044K->99999K(218112K), 0.0046457 secs]
40.021: [GC (Allocation Failure)  185556K->100015K(218112K), 0.0046472 secs]
40.041: [GC (Allocation Failure)  186031K->99983K(218112K), 0.0057446 secs]
40.064: [GC (Allocation Failure)  185982K->99983K(218112K), 0.0064877 secs]
40.087: [GC (Allocation Failure)  185897K->99983K(217088K), 0.0048951 secs]
40.110: [GC (Allocation Failure)  185496K->99999K(217600K), 0.0053034 secs]
40.132: [GC (Allocation Failure)  185988K->100031K(217600K), 0.0048820 secs]
40.155: [GC (Allocation Failure)  186000K->99935K(217600K), 0.0055074 secs]
40.176: [GC (Allocation Failure)  185923K->99967K(217600K), 0.0052755 secs]
40.198: [GC (Allocation Failure)  185916K->100511K(217600K), 0.0054046 secs]
40.217: [GC (Allocation Failure)  186471K->100015K(217600K), 0.0066624 secs]
40.240: [GC (Allocation Failure)  185944K->100015K(217600K), 0.0066457 secs]
40.260: [GC (Allocation Failure)  185528K->100015K(217600K), 0.0065725 secs]
40.281: [GC (Allocation Failure)  186001K->99983K(217600K), 0.0059474 secs]
40.303: [GC (Allocation Failure)  185957K->99991K(217600K), 0.0048853 secs]
40.326: [GC (Allocation Failure)  185971K->100023K(217600K), 0.0046532 secs]
40.347: [GC (Allocation Failure)  185956K->100023K(217600K), 0.0047935 secs]
40.367: [GC (Allocation Failure)  185986K->100023K(217600K), 0.0054646 secs]
40.391: [GC (Allocation Failure)  186037K->99991K(217088K), 0.0062951 secs]
40.413: [GC (Allocation Failure)  185962K->100039K(217088K), 0.0047334 secs]
40.435: [GC (Allocation Failure)  186024K->100039K(216576K), 0.0049655 secs]
40.456: [GC (Allocation Failure)  185994K->100551K(217088K), 0.0047652 secs]
40.476: [GC (Allocation Failure)  186055K->101031K(217088K), 0.0053569 secs]
40.499: [GC (Allocation Failure)  187042K->100527K(217088K), 0.0064590 secs]
40.524: [GC (Allocation Failure)  186476K->101519K(217088K), 0.0056705 secs]
40.547: [GC (Allocation Failure)  187511K->101551K(217088K), 0.0058705 secs]
40.566: [GC (Allocation Failure)  187479K->101103K(217088K), 0.0046200 secs]
40.591: [GC (Allocation Failure)  187064K->101583K(217088K), 0.0066003 secs]
40.611: [GC (Allocation Failure)  187561K->101567K(217088K), 0.0053928 secs]
40.633: [GC (Allocation Failure)  187562K->101599K(217088K), 0.0068780 secs]
40.657: [GC (Allocation Failure)  187601K->102047K(217088K), 0.0068767 secs]
40.680: [GC (Allocation Failure)  188055K->101567K(217088K), 0.0059700 secs]
40.703: [GC (Allocation Failure)  187468K->101615K(217088K), 0.0047710 secs]
40.725: [GC (Allocation Failure)  187539K->101647K(217088K), 0.0046232 secs]
40.748: [GC (Allocation Failure)  187648K->101615K(217088K), 0.0046447 secs]
40.770: [GC (Allocation Failure)  187527K->101647K(217088K), 0.0046424 secs]
40.794: [GC (Allocation Failure)  187588K->102127K(217088K), 0.0054492 secs]
40.814: [GC (Allocation Failure)  188070K->101623K(217088K), 0.0065244 secs]
40.835: [GC (Allocation Failure)  187616K->102647K(217088K), 0.0051781 secs]
40.857: [GC (Allocation Failure)  188162K->101655K(217088K), 0.0046910 secs]
40.878: [GC (Allocation Failure)  187598K->101111K(217600K), 0.0051985 secs]
40.899: [GC (Allocation Failure)  186670K->102583K(217600K), 0.0068683 secs]
40.922: [GC (Allocation Failure)  188553K->102151K(217600K), 0.0051772 secs]
40.944: [GC (Allocation Failure)  188043K->102119K(217600K), 0.0057541 secs]
40.967: [GC (Allocation Failure)  188115K->101127K(217600K), 0.0045713 secs]
40.989: [GC (Allocation Failure)  187111K->101671K(217600K), 0.0046238 secs]
41.009: [GC (Allocation Failure)  187623K->101647K(217600K), 0.0045676 secs]
41.032: [GC (Allocation Failure)  187608K->102191K(217600K), 0.0052734 secs]
41.056: [GC (Allocation Failure)  188196K->101679K(216576K), 0.0047364 secs]
41.076: [GC (Allocation Failure)  187618K->101135K(217088K), 0.0056185 secs]
41.096: [GC (Allocation Failure)  187103K->101119K(217600K), 0.0050644 secs]
41.121: [GC (Allocation Failure)  187015K->101631K(216064K), 0.0067513 secs]
41.140: [GC (Allocation Failure)  187610K->101119K(217088K), 0.0051444 secs]
41.163: [GC (Allocation Failure)  186670K->101663K(217088K), 0.0046729 secs]
41.183: [GC (Allocation Failure)  187578K->102687K(216576K), 0.0056237 secs]
41.206: [GC (Allocation Failure)  188081K->101167K(217088K), 0.0047053 secs]
41.226: [GC (Allocation Failure)  186563K->101711K(216064K), 0.0047194 secs]
41.247: [GC (Allocation Failure)  187185K->101199K(216576K), 0.0045799 secs]
41.268: [GC (Allocation Failure)  186584K->101711K(216576K), 0.0051538 secs]
41.291: [GC (Allocation Failure)  187172K->102239K(216576K), 0.0046469 secs]
41.312: [GC (Allocation Failure)  187675K->101183K(216576K), 0.0053367 secs]
41.334: [GC (Allocation Failure)  186557K->101631K(216576K), 0.0053985 secs]
41.356: [GC (Allocation Failure)  187051K->101695K(216576K), 0.0047141 secs]
41.375: [GC (Allocation Failure)  187127K->102207K(216576K), 0.0047238 secs]
41.400: [GC (Allocation Failure)  187635K->101167K(216576K), 0.0064980 secs]
41.421: [GC (Allocation Failure)  186585K->101711K(216576K), 0.0065485 secs]
41.442: [GC (Allocation Failure)  186711K->101231K(216576K), 0.0047225 secs]
41.461: [GC (Allocation Failure)  186641K->101711K(215552K), 0.0056829 secs]
41.481: [GC (Allocation Failure)  187134K->101199K(216064K), 0.0051137 secs]
41.503: [GC (Allocation Failure)  186627K->101207K(216064K), 0.0047146 secs]
41.522: [GC (Allocation Failure)  186576K->101719K(216064K), 0.0050775 secs]
41.544: [GC (Allocation Failure)  186763K->101687K(216064K), 0.0050665 secs]
41.565: [GC (Allocation Failure)  187111K->101207K(216064K), 0.0056459 secs]
41.586: [GC (Allocation Failure)  186705K->101223K(216064K), 0.0050439 secs]
41.611: [GC (Allocation Failure)  186641K->101223K(216064K), 0.0050236 secs]
41.633: [GC (Allocation Failure)  186667K->101223K(216064K), 0.0052302 secs]
41.656: [GC (Allocation Failure)  186676K->101255K(216064K), 0.0046351 secs]
41.676: [GC (Allocation Failure)  186647K->101255K(216064K), 0.0046928 secs]
41.696: [GC (Allocation Failure)  186647K->101231K(216064K), 0.0046579 secs]
41.720: [GC (Allocation Failure)  186693K->101263K(216064K), 0.0046968 secs]
41.743: [GC (Allocation Failure)  186701K->101231K(215040K), 0.0047235 secs]
41.762: [GC (Allocation Failure)  186606K->101199K(215552K), 0.0053184 secs]
41.782: [GC (Allocation Failure)  186641K->101231K(215552K), 0.0051568 secs]
41.804: [GC (Allocation Failure)  186655K->101247K(215552K), 0.0047212 secs]
41.826: [GC (Allocation Failure)  186703K->100735K(215552K), 0.0046242 secs]
41.848: [GC (Allocation Failure)  186150K->101247K(215552K), 0.0060777 secs]
41.869: [GC (Allocation Failure)  186733K->101759K(215552K), 0.0064858 secs]
41.891: [GC (Allocation Failure)  187157K->101215K(215552K), 0.0061970 secs]
41.914: [GC (Allocation Failure)  186573K->101263K(215552K), 0.0062102 secs]
41.935: [GC (Allocation Failure)  186686K->101295K(215552K), 0.0046569 secs]
41.955: [GC (Allocation Failure)  186762K->101231K(215552K), 0.0052856 secs]
41.979: [GC (Allocation Failure)  186633K->101295K(215552K), 0.0047518 secs]
42.001: [GC (Allocation Failure)  186718K->101279K(215552K), 0.0046894 secs]
42.021: [GC (Allocation Failure)  186765K->101279K(215552K), 0.0046449 secs]
42.040: [GC (Allocation Failure)  186687K->101279K(215552K), 0.0045893 secs]
42.061: [GC (Allocation Failure)  186678K->101311K(215552K), 0.0045983 secs]
42.081: [GC (Allocation Failure)  186739K->101247K(215040K), 0.0047908 secs]
42.102: [GC (Allocation Failure)  186657K->102319K(215040K), 0.0058968 secs]
42.124: [GC (Allocation Failure)  187748K->102319K(214528K), 0.0063565 secs]
42.147: [GC (Allocation Failure)  187320K->103311K(215552K), 0.0055948 secs]
42.169: [GC (Allocation Failure)  188815K->102831K(215552K), 0.0048963 secs]
42.191: [GC (Allocation Failure)  188267K->101855K(215552K), 0.0063782 secs]
42.212: [GC (Allocation Failure)  187119K->102335K(215552K), 0.0045449 secs]
42.233: [GC (Allocation Failure)  187736K->102335K(215552K), 0.0065813 secs]
42.253: [GC (Allocation Failure)  187831K->102815K(215552K), 0.0067225 secs]
42.274: [GC (Allocation Failure)  188191K->103359K(215552K), 0.0049199 secs]
42.299: [GC (Allocation Failure)  188801K->102831K(215552K), 0.0053139 secs]
42.321: [GC (Allocation Failure)  188210K->102895K(215552K), 0.0049697 secs]
42.342: [GC (Allocation Failure)  188391K->102831K(215552K), 0.0053684 secs]
42.364: [GC (Allocation Failure)  188128K->102831K(215552K), 0.0064808 secs]
42.385: [GC (Allocation Failure)  188262K->102383K(215552K), 0.0046042 secs]
42.407: [GC (Allocation Failure)  187778K->103391K(215552K), 0.0064676 secs]
42.427: [GC (Allocation Failure)  188855K->102847K(215552K), 0.0067108 secs]
42.449: [GC (Allocation Failure)  188275K->103359K(215552K), 0.0053873 secs]
42.469: [GC (Allocation Failure)  188732K->102879K(215552K), 0.0053302 secs]
42.491: [GC (Allocation Failure)  188272K->102823K(215552K), 0.0052281 secs]
42.510: [GC (Allocation Failure)  188214K->102919K(215552K), 0.0050415 secs]
42.532: [GC (Allocation Failure)  188352K->102343K(215552K), 0.0066774 secs]
42.554: [GC (Allocation Failure)  187794K->102375K(215552K), 0.0053052 secs]
42.575: [GC (Allocation Failure)  187843K->102887K(215552K), 0.0057008 secs]
42.596: [GC (Allocation Failure)  188242K->102383K(215552K), 0.0045624 secs]
42.616: [GC (Allocation Failure)  187844K->102415K(215552K), 0.0046224 secs]
42.638: [GC (Allocation Failure)  187819K->102895K(215552K), 0.0046470 secs]
42.662: [GC (Allocation Failure)  188304K->101359K(215552K), 0.0062930 secs]
42.682: [GC (Allocation Failure)  186779K->101871K(215552K), 0.0071204 secs]
42.704: [GC (Allocation Failure)  187240K->102367K(215552K), 0.0054899 secs]
42.726: [GC (Allocation Failure)  187747K->102399K(215552K), 0.0064695 secs]
42.746: [GC (Allocation Failure)  187895K->102399K(215552K), 0.0047294 secs]
42.766: [GC (Allocation Failure)  187807K->102399K(215552K), 0.0048350 secs]
42.789: [GC (Allocation Failure)  187780K->103439K(215552K), 0.0054203 secs]
42.811: [GC (Allocation Failure)  188912K->102927K(215552K), 0.0064997 secs]
42.829: [GC (Allocation Failure)  188429K->102415K(215552K), 0.0096244 secs]
42.850: [GC (Allocation Failure)  187825K->102927K(215552K), 0.0056336 secs]
42.873: [GC (Allocation Failure)  188373K->102935K(215552K), 0.0054306 secs]
42.894: [GC (Allocation Failure)  188344K->102935K(215552K), 0.0085386 secs]
42.915: [GC (Allocation Failure)  188430K->103423K(215552K), 0.0051952 secs]
42.934: [GC (Allocation Failure)  188738K->102943K(215552K), 0.0051993 secs]
42.956: [GC (Allocation Failure)  188386K->102447K(215552K), 0.0045989 secs]
42.977: [GC (Allocation Failure)  187906K->102991K(215552K), 0.0046668 secs]
43.000: [GC (Allocation Failure)  188398K->102959K(215552K), 0.0047368 secs]
43.020: [GC (Allocation Failure)  188358K->102959K(215552K), 0.0057812 secs]
43.040: [GC (Allocation Failure)  188375K->102959K(215552K), 0.0047195 secs]
43.062: [GC (Allocation Failure)  188339K->102943K(215552K), 0.0047404 secs]
43.082: [GC (Allocation Failure)  188369K->102975K(215552K), 0.0046389 secs]
43.108: [GC (Allocation Failure)  188327K->102943K(215552K), 0.0045741 secs]
43.128: [GC (Allocation Failure)  188379K->103519K(215552K), 0.0046645 secs]
43.148: [GC (Allocation Failure)  188863K->102943K(215552K), 0.0058574 secs]
43.169: [GC (Allocation Failure)  188294K->102975K(215552K), 0.0046192 secs]
43.191: [GC (Allocation Failure)  188388K->103007K(215552K), 0.0046187 secs]
43.212: [GC (Allocation Failure)  188432K->102431K(215552K), 0.0063760 secs]
43.233: [GC (Allocation Failure)  187762K->103007K(215552K), 0.0052231 secs]
43.252: [GC (Allocation Failure)  188381K->102431K(215552K), 0.0053043 secs]
43.274: [GC (Allocation Failure)  187846K->102463K(215552K), 0.0050854 secs]
43.293: [GC (Allocation Failure)  187874K->103471K(215552K), 0.0051528 secs]
43.312: [GC (Allocation Failure)  188787K->102959K(215552K), 0.0067196 secs]
43.334: [GC (Allocation Failure)  188401K->102447K(215552K), 0.0065958 secs]
43.354: [GC (Allocation Failure)  187883K->102991K(215552K), 0.0051022 secs]
43.374: [GC (Allocation Failure)  188452K->102959K(215552K), 0.0088247 secs]
43.395: [GC (Allocation Failure)  188312K->103479K(215552K), 0.0065919 secs]
43.418: [GC (Allocation Failure)  188819K->102999K(215552K), 0.0050807 secs]
43.438: [GC (Allocation Failure)  188419K->102983K(215552K), 0.0053736 secs]
43.459: [GC (Allocation Failure)  188369K->102983K(215552K), 0.0069366 secs]
43.480: [GC (Allocation Failure)  188389K->103527K(215552K), 0.0088303 secs]
43.498: [GC (Allocation Failure)  188968K->102999K(215552K), 0.0064318 secs]
43.519: [GC (Allocation Failure)  188368K->102999K(215552K), 0.0046130 secs]
43.542: [GC (Allocation Failure)  188471K->102999K(215552K), 0.0046011 secs]
43.562: [GC (Allocation Failure)  188364K->103007K(215552K), 0.0047189 secs]
43.582: [GC (Allocation Failure)  188413K->103039K(215552K), 0.0046621 secs]
43.604: [GC (Allocation Failure)  188424K->103007K(215040K), 0.0046516 secs]
43.624: [GC (Allocation Failure)  188388K->102495K(215040K), 0.0046267 secs]
43.646: [GC (Allocation Failure)  187773K->103071K(215552K), 0.0045925 secs]
43.665: [GC (Allocation Failure)  188498K->103039K(215040K), 0.0052797 secs]
43.685: [GC (Allocation Failure)  188409K->103551K(215040K), 0.0051030 secs]
43.707: [GC (Allocation Failure)  189008K->102503K(215040K), 0.0065326 secs]
43.725: [GC (Allocation Failure)  187915K->103015K(215552K), 0.0064997 secs]
43.748: [GC (Allocation Failure)  188324K->103015K(215552K), 0.0064537 secs]
43.767: [GC (Allocation Failure)  188352K->103527K(215552K), 0.0066771 secs]
43.790: [GC (Allocation Failure)  188963K->103535K(215552K), 0.0066491 secs]
43.811: [GC (Allocation Failure)  188991K->103535K(215552K), 0.0065164 secs]
43.831: [GC (Allocation Failure)  188900K->103535K(215552K), 0.0065192 secs]
43.852: [GC (Allocation Failure)  188898K->103543K(215552K), 0.0066462 secs]
43.871: [GC (Allocation Failure)  188927K->103543K(215552K), 0.0065734 secs]
43.892: [GC (Allocation Failure)  188942K->103591K(215552K), 0.0084660 secs]
43.913: [GC (Allocation Failure)  188949K->103559K(215552K), 0.0076773 secs]
43.935: [GC (Allocation Failure)  188943K->104527K(215040K), 0.0055713 secs]
43.952: [GC (Allocation Failure)  189384K->108111K(215552K), 0.0079561 secs]
43.960: [Full GC (Ergonomics)  108111K->54554K(202752K), 0.0367840 secs]
44.003: [GC (Allocation Failure)  139497K->72474K(202752K), 0.0061177 secs]
44.016: [GC (Allocation Failure)  154817K->84859K(205312K), 0.0043693 secs]
44.020: [Full GC (Ergonomics)  84859K->55066K(210944K), 0.0343066 secs]
44.060: [GC (Allocation Failure)  137281K->69915K(211968K), 0.0036867 secs]
44.070: [GC (Allocation Failure)  150572K->84827K(194048K), 0.0055461 secs]
44.091: [GC (Allocation Failure)  165437K->89435K(210944K), 0.0049264 secs]
44.113: [GC (Allocation Failure)  170086K->97587K(185344K), 0.0042009 secs]
44.117: [Full GC (Ergonomics)  97587K->54543K(187904K), 0.0362715 secs]
44.160: [GC (Allocation Failure)  135182K->69904K(212992K), 0.0031128 secs]
44.168: [GC (Allocation Failure)  150028K->81232K(193024K), 0.0037820 secs]
44.181: [GC (Allocation Failure)  161348K->90960K(210432K), 0.0044339 secs]
44.203: [GC (Allocation Failure)  169484K->92496K(211968K), 0.0049484 secs]
44.227: [GC (Allocation Failure)  171078K->93520K(211968K), 0.0055936 secs]
44.246: [GC (Allocation Failure)  170531K->93008K(213504K), 0.0067878 secs]
44.263: [GC (Allocation Failure)  169980K->94032K(213504K), 0.0068862 secs]
44.280: [GC (Allocation Failure)  170015K->93040K(214528K), 0.0073704 secs]
44.299: [GC (Allocation Failure)  169023K->93552K(214016K), 0.0046384 secs]
44.318: [GC (Allocation Failure)  168968K->93552K(214528K), 0.0062719 secs]
44.334: [GC (Allocation Failure)  169065K->93536K(214528K), 0.0051305 secs]
44.350: [GC (Allocation Failure)  169092K->94048K(214528K), 0.0066635 secs]
44.368: [GC (Allocation Failure)  169557K->93056K(213504K), 0.0054191 secs]
44.389: [GC (Allocation Failure)  168468K->93600K(214016K), 0.0046230 secs]
44.405: [GC (Allocation Failure)  169150K->93088K(211968K), 0.0045813 secs]
44.424: [GC (Allocation Failure)  168585K->92576K(199680K), 0.0045806 secs]
44.441: [GC (Allocation Failure)  168086K->93536K(211456K), 0.0074385 secs]
44.459: [GC (Allocation Failure)  169086K->92560K(199680K), 0.0062990 secs]
44.477: [GC (Allocation Failure)  168044K->93040K(209920K), 0.0064595 secs]
44.493: [GC (Allocation Failure)  168541K->92528K(199680K), 0.0050021 secs]
44.510: [GC (Allocation Failure)  168083K->93040K(208896K), 0.0061358 secs]
44.530: [GC (Allocation Failure)  168496K->93040K(200192K), 0.0047515 secs]
44.548: [GC (Allocation Failure)  168546K->93088K(207360K), 0.0064451 secs]
44.566: [GC (Allocation Failure)  168686K->93056K(200192K), 0.0047362 secs]
44.583: [GC (Allocation Failure)  168544K->93600K(207360K), 0.0078676 secs]
44.601: [GC (Allocation Failure)  169179K->93056K(200192K), 0.0084939 secs]
44.619: [GC (Allocation Failure)  168550K->93088K(205824K), 0.0053486 secs]
44.636: [GC (Allocation Failure)  168624K->92592K(199680K), 0.0046438 secs]
44.654: [GC (Allocation Failure)  168115K->93584K(204800K), 0.0050902 secs]
44.672: [GC (Allocation Failure)  169046K->92592K(199680K), 0.0047935 secs]
44.692: [GC (Allocation Failure)  168078K->93104K(204800K), 0.0045900 secs]
44.710: [GC (Allocation Failure)  168531K->92624K(199680K), 0.0046119 secs]
44.728: [GC (Allocation Failure)  168106K->93104K(203264K), 0.0076446 secs]
44.746: [GC (Allocation Failure)  168696K->93080K(203776K), 0.0051616 secs]
44.764: [GC (Allocation Failure)  168614K->93120K(202752K), 0.0057850 secs]
44.783: [GC (Allocation Failure)  168660K->93120K(203264K), 0.0046395 secs]
44.799: [GC (Allocation Failure)  168649K->93088K(202240K), 0.0053228 secs]
44.816: [GC (Allocation Failure)  168614K->92576K(202752K), 0.0062641 secs]
44.832: [GC (Allocation Failure)  168073K->93056K(201728K), 0.0059014 secs]
44.851: [GC (Allocation Failure)  168707K->93136K(202240K), 0.0052815 secs]
44.872: [GC (Allocation Failure)  168661K->94160K(202240K), 0.0047389 secs]
44.889: [GC (Allocation Failure)  169614K->93136K(202240K), 0.0051899 secs]
44.905: [GC (Allocation Failure)  168715K->92592K(202240K), 0.0075233 secs]
44.923: [GC (Allocation Failure)  168082K->93136K(200192K), 0.0049559 secs]
44.939: [GC (Allocation Failure)  168662K->93136K(201728K), 0.0045529 secs]
44.959: [GC (Allocation Failure)  168599K->92608K(201728K), 0.0046863 secs]
44.977: [GC (Allocation Failure)  168211K->92608K(201728K), 0.0045791 secs]
44.992: [GC (Allocation Failure)  168061K->92640K(199680K), 0.0075296 secs]
45.012: [GC (Allocation Failure)  168139K->92128K(201216K), 0.0045212 secs]
45.028: [GC (Allocation Failure)  167738K->92128K(201216K), 0.0045004 secs]
45.049: [GC (Allocation Failure)  167669K->92608K(201216K), 0.0064584 secs]
45.064: [GC (Allocation Failure)  168047K->92104K(201216K), 0.0062541 secs]
45.081: [GC (Allocation Failure)  167677K->92648K(201216K), 0.0046116 secs]
45.098: [GC (Allocation Failure)  168151K->93640K(201216K), 0.0046813 secs]
45.118: [GC (Allocation Failure)  169229K->92680K(201216K), 0.0045061 secs]
45.133: [GC (Allocation Failure)  168207K->92616K(199680K), 0.0066757 secs]
45.149: [GC (Allocation Failure)  168109K->92680K(200704K), 0.0046470 secs]
45.166: [GC (Allocation Failure)  168173K->93128K(200704K), 0.0065583 secs]
45.184: [GC (Allocation Failure)  168708K->92624K(200704K), 0.0052403 secs]
45.201: [GC (Allocation Failure)  168179K->92688K(200704K), 0.0045939 secs]
45.219: [GC (Allocation Failure)  168197K->92656K(200704K), 0.0045917 secs]
45.237: [GC (Allocation Failure)  168134K->92656K(200704K), 0.0124422 secs]
45.255: [GC (Allocation Failure)  168232K->93136K(200704K), 0.0102980 secs]
45.271: [GC (Allocation Failure)  168740K->92632K(200704K), 0.0065968 secs]
45.289: [GC (Allocation Failure)  168122K->92664K(199680K), 0.0047695 secs]
45.305: [GC (Allocation Failure)  168116K->92664K(200192K), 0.0045716 secs]
45.325: [GC (Allocation Failure)  168141K->92640K(200192K), 0.0045977 secs]
45.342: [GC (Allocation Failure)  168131K->92640K(200192K), 0.0062581 secs]
45.358: [GC (Allocation Failure)  168154K->93184K(200192K), 0.0075848 secs]
45.378: [GC (Allocation Failure)  168676K->92672K(200192K), 0.0058070 secs]
45.397: [GC (Allocation Failure)  168201K->92664K(200192K), 0.0046127 secs]
45.413: [GC (Allocation Failure)  168141K->92696K(200192K), 0.0050785 secs]
45.429: [GC (Allocation Failure)  168214K->93176K(200192K), 0.0064231 secs]
45.446: [GC (Allocation Failure)  168684K->92664K(200192K), 0.0085795 secs]
45.463: [GC (Allocation Failure)  168162K->92616K(199680K), 0.0065257 secs]
45.479: [GC (Allocation Failure)  167631K->94216K(200192K), 0.0096968 secs]
45.497: [GC (Allocation Failure)  169178K->96817K(199168K), 0.0045224 secs]
45.515: [GC (Allocation Failure)  170167K->101889K(200704K), 0.0043098 secs]
45.519: [Full GC (Ergonomics)  101889K->53526K(194560K), 0.0344489 secs]
45.559: [GC (Allocation Failure)  127000K->64278K(193024K), 0.0032379 secs]
45.568: [GC (Allocation Failure)  134106K->76150K(196608K), 0.0034558 secs]
45.577: [GC (Allocation Failure)  145988K->87847K(197632K), 0.0038346 secs]
45.581: [Full GC (Ergonomics)  87847K->54038K(202240K), 0.0336264 secs]
45.620: [GC (Allocation Failure)  122781K->63254K(203264K), 0.0023798 secs]
45.627: [GC (Allocation Failure)  131918K->76567K(201216K), 0.0034193 secs]
45.640: [GC (Allocation Failure)  145196K->81175K(173056K), 0.0037758 secs]
45.656: [GC (Allocation Failure)  149946K->88855K(199680K), 0.0081204 secs]
45.664: [Full GC (Ergonomics)  88855K->53526K(200192K), 0.0323225 secs]
45.702: [GC (Allocation Failure)  122401K->65302K(201216K), 0.0046450 secs]
45.711: [GC (Allocation Failure)  134066K->78679K(197120K), 0.0077346 secs]
45.724: [GC (Allocation Failure)  147396K->85335K(199168K), 0.0048423 secs]
45.737: [GC (Allocation Failure)  154010K->89383K(197120K), 0.0050329 secs]
45.743: [Full GC (Ergonomics)  89383K->53014K(198656K), 0.0348169 secs]
45.783: [GC (Allocation Failure)  121820K->65335K(200192K), 0.0046615 secs]
45.793: [GC (Allocation Failure)  134082K->76631K(196096K), 0.0046783 secs]
45.803: [GC (Allocation Failure)  145347K->83239K(176640K), 0.0057775 secs]
45.818: [GC (Allocation Failure)  151935K->90408K(193536K), 0.0047549 secs]
45.823: [Full GC (Ergonomics)  90408K->53015K(193536K), 0.0336147 secs]
45.861: [GC (Allocation Failure)  121739K->66839K(195072K), 0.0034095 secs]
45.870: [GC (Allocation Failure)  135592K->74040K(190976K), 0.0061528 secs]
45.881: [GC (Allocation Failure)  142712K->87896K(193024K), 0.0059487 secs]
45.895: [GC (Allocation Failure)  156593K->89432K(196096K), 0.0061609 secs]
45.913: [GC (Allocation Failure)  157609K->92968K(196608K), 0.0052284 secs]
45.932: [GC (Allocation Failure)  161093K->95528K(193536K), 0.0043857 secs]
45.936: [Full GC (Ergonomics)  95528K->52503K(191488K), 0.0360819 secs]
45.978: [GC (Allocation Failure)  120736K->64824K(193024K), 0.0025347 secs]
45.985: [GC (Allocation Failure)  133066K->77144K(190976K), 0.0035691 secs]
45.994: [GC (Allocation Failure)  145415K->85368K(192000K), 0.0091842 secs]
46.014: [GC (Allocation Failure)  153585K->88920K(190976K), 0.0079188 secs]
46.029: [GC (Allocation Failure)  154010K->89944K(194048K), 0.0059754 secs]
46.047: [GC (Allocation Failure)  155011K->89896K(195584K), 0.0105714 secs]
46.062: [GC (Allocation Failure)  153978K->91432K(196608K), 0.0049225 secs]
46.075: [GC (Allocation Failure)  155463K->95593K(193536K), 0.0051061 secs]
46.080: [Full GC (Ergonomics)  95593K->53016K(193024K), 0.0345429 secs]
46.120: [GC (Allocation Failure)  117123K->64793K(194560K), 0.0032008 secs]
46.128: [GC (Allocation Failure)  128924K->74009K(192512K), 0.0054848 secs]
46.139: [GC (Allocation Failure)  138085K->80665K(194048K), 0.0051503 secs]
46.144: [Full GC (Ergonomics)  80665K->53016K(197632K), 0.0379394 secs]
46.187: [GC (Allocation Failure)  117084K->63321K(198144K), 0.0023407 secs]
46.195: [GC (Allocation Failure)  127392K->76153K(175104K), 0.0035409 secs]
46.203: [GC (Allocation Failure)  140242K->84825K(195072K), 0.0061572 secs]
46.218: [GC (Allocation Failure)  147828K->87345K(177152K), 0.0065401 secs]
46.234: [GC (Allocation Failure)  150339K->90929K(192000K), 0.0063890 secs]
46.241: [Full GC (Ergonomics)  90929K->53017K(191488K), 0.0330683 secs]
46.279: [GC (Allocation Failure)  116055K->61273K(193024K), 0.0022788 secs]
46.286: [GC (Allocation Failure)  124335K->72569K(190464K), 0.0031728 secs]
46.294: [GC (Allocation Failure)  135564K->80762K(192000K), 0.0037228 secs]
46.305: [GC (Allocation Failure)  143767K->85850K(189952K), 0.0041769 secs]
46.321: [GC (Allocation Failure)  147265K->90458K(192000K), 0.0045403 secs]
46.337: [GC (Allocation Failure)  151421K->90938K(192512K), 0.0055059 secs]
46.352: [GC (Allocation Failure)  149756K->89914K(195072K), 0.0043410 secs]
46.366: [GC (Allocation Failure)  148355K->90522K(195072K), 0.0049838 secs]
46.379: [GC (Allocation Failure)  147863K->90458K(196608K), 0.0045178 secs]
46.391: [GC (Allocation Failure)  147743K->89946K(197120K), 0.0063344 secs]
46.402: [GC (Allocation Failure)  146722K->90434K(197632K), 0.0062550 secs]
46.414: [GC (Allocation Failure)  146785K->90978K(198144K), 0.0062844 secs]
46.429: [GC (Allocation Failure)  147810K->90466K(198144K), 0.0059775 secs]
46.441: [GC (Allocation Failure)  146808K->90498K(198144K), 0.0063296 secs]
46.455: [GC (Allocation Failure)  147305K->90418K(181248K), 0.0065648 secs]
46.468: [GC (Allocation Failure)  146769K->90450K(194560K), 0.0064062 secs]
46.481: [GC (Allocation Failure)  147273K->93586K(176128K), 0.0044395 secs]
46.495: [GC (Allocation Failure)  149942K->96658K(192000K), 0.0043439 secs]
46.509: [GC (Allocation Failure)  153435K->102770K(176128K), 0.0047994 secs]
46.520: [GC (Allocation Failure)  159596K->103754K(189440K), 0.0061107 secs]
46.533: [GC (Allocation Failure)  160111K->107338K(172032K), 0.0047936 secs]
46.538: [Full GC (Ergonomics)  107338K->53018K(165888K), 0.0341317 secs]
46.576: [GC (Allocation Failure)  109446K->61786K(181248K), 0.0038893 secs]
46.584: [GC (Allocation Failure)  116019K->72539K(154624K), 0.0041262 secs]
46.593: [GC (Allocation Failure)  126797K->79739K(180224K), 0.0043642 secs]
46.602: [GC (Allocation Failure)  133984K->84819K(181760K), 0.0040616 secs]
46.606: [Full GC (Ergonomics)  84819K->52506K(185856K), 0.0322228 secs]
46.642: [GC (Allocation Failure)  106744K->65307K(185856K), 0.0032785 secs]
46.649: [GC (Allocation Failure)  119017K->72475K(186368K), 0.0041867 secs]
46.658: [GC (Allocation Failure)  126229K->81691K(187392K), 0.0039261 secs]
46.662: [Full GC (Ergonomics)  81691K->53531K(189952K), 0.0334085 secs]
46.700: [GC (Allocation Failure)  107284K->59163K(189952K), 0.0028398 secs]
46.706: [GC (Allocation Failure)  112871K->66331K(186880K), 0.0026293 secs]
46.714: [GC (Allocation Failure)  120027K->76635K(164352K), 0.0036489 secs]
46.723: [GC (Allocation Failure)  130332K->81755K(186368K), 0.0051471 secs]
46.735: [GC (Allocation Failure)  134920K->87868K(186880K), 0.0057758 secs]
46.747: [GC (Allocation Failure)  140998K->91516K(187392K), 0.0042729 secs]
46.762: [GC (Allocation Failure)  143679K->94516K(188416K), 0.0060124 secs]
46.776: [GC (Allocation Failure)  146706K->98196K(187904K), 0.0043080 secs]
46.786: [GC (Allocation Failure)  150369K->99732K(188416K), 0.0045373 secs]
46.796: [GC (Allocation Failure)  151913K->101268K(185344K), 0.0041434 secs]
46.800: [Full GC (Ergonomics)  101268K->53531K(180224K), 0.0379028 secs]
46.843: [GC (Allocation Failure)  105722K->62748K(181760K), 0.0023773 secs]
46.849: [GC (Allocation Failure)  114948K->73500K(178176K), 0.0033506 secs]
46.857: [GC (Allocation Failure)  125720K->81180K(162304K), 0.0062919 secs]
46.867: [GC (Allocation Failure)  133397K->86364K(178688K), 0.0076149 secs]
46.879: [GC (Allocation Failure)  137440K->91517K(179712K), 0.0049930 secs]
46.887: [GC (Allocation Failure)  142691K->94557K(181760K), 0.0053015 secs]
46.901: [GC (Allocation Failure)  145695K->96053K(157696K), 0.0058393 secs]
46.906: [Full GC (Ergonomics)  96053K->55068K(160768K), 0.0335687 secs]
46.945: [GC (Allocation Failure)  106215K->62748K(182272K), 0.0028872 secs]
46.951: [GC (Allocation Failure)  112787K->74524K(155136K), 0.0036152 secs]
46.959: [GC (Allocation Failure)  124659K->79645K(179712K), 0.0048557 secs]
46.968: [GC (Allocation Failure)  129767K->88413K(180736K), 0.0050640 secs]
46.973: [Full GC (Ergonomics)  88413K->57116K(186368K), 0.0351378 secs]
47.013: [GC (Allocation Failure)  107232K->64797K(186368K), 0.0038335 secs]
47.020: [GC (Allocation Failure)  114856K->73501K(150016K), 0.0038872 secs]
47.029: [GC (Allocation Failure)  123588K->84765K(183808K), 0.0043589 secs]
47.033: [Full GC (Ergonomics)  84765K->57628K(184320K), 0.0342101 secs]
47.072: [GC (Allocation Failure)  107736K->65917K(150016K), 0.0039398 secs]
47.079: [GC (Allocation Failure)  116004K->75133K(179200K), 0.0031451 secs]
47.087: [GC (Allocation Failure)  125284K->83837K(181760K), 0.0037295 secs]
47.095: [GC (Allocation Failure)  133918K->89949K(179712K), 0.0059091 secs]
47.105: [GC (Allocation Failure)  136918K->93493K(182784K), 0.0060543 secs]
47.115: [GC (Allocation Failure)  140532K->97078K(184320K), 0.0046951 secs]
47.129: [GC (Allocation Failure)  144058K->101174K(163840K), 0.0040552 secs]
47.133: [Full GC (Ergonomics)  101174K->56605K(160256K), 0.0334339 secs]
47.170: [GC (Allocation Failure)  103624K->65373K(179712K), 0.0023605 secs]
47.176: [GC (Allocation Failure)  112322K->75101K(153600K), 0.0040289 secs]
47.184: [GC (Allocation Failure)  122097K->83806K(176640K), 0.0049676 secs]
47.193: [GC (Allocation Failure)  130295K->88894K(177152K), 0.0042651 secs]
47.201: [GC (Allocation Failure)  135361K->92510K(176128K), 0.0062265 secs]
47.211: [GC (Allocation Failure)  135880K->94006K(154112K), 0.0076408 secs]
47.219: [Full GC (Ergonomics)  94006K->56605K(155648K), 0.0341520 secs]
47.257: [GC (Allocation Failure)  99933K->64285K(177664K), 0.0021868 secs]
47.262: [GC (Allocation Failure)  107080K->76062K(152064K), 0.0040556 secs]
47.270: [GC (Allocation Failure)  118900K->80670K(174080K), 0.0061662 secs]
47.279: [GC (Allocation Failure)  123525K->88862K(146432K), 0.0057160 secs]
47.285: [Full GC (Ergonomics)  88862K->57629K(151040K), 0.0329041 secs]
47.322: [GC (Allocation Failure)  100518K->65822K(178688K), 0.0021540 secs]
47.327: [GC (Allocation Failure)  108639K->72990K(178688K), 0.0054811 secs]
47.336: [GC (Allocation Failure)  115814K->79646K(177664K), 0.0035368 secs]
47.343: [GC (Allocation Failure)  122514K->86910K(144384K), 0.0034840 secs]
47.347: [Full GC (Ergonomics)  86910K->57118K(142336K), 0.0362663 secs]
47.387: [GC (Allocation Failure)  99988K->64798K(173568K), 0.0030169 secs]
47.393: [GC (Allocation Failure)  107690K->71550K(149504K), 0.0051716 secs]
47.403: [GC (Allocation Failure)  114388K->79230K(172544K), 0.0041638 secs]
47.411: [GC (Allocation Failure)  122059K->87391K(172544K), 0.0069423 secs]
47.421: [GC (Allocation Failure)  130257K->92983K(173056K), 0.0038053 secs]
47.428: [GC (Allocation Failure)  135813K->99639K(173056K), 0.0051888 secs]
47.433: [Full GC (Ergonomics)  99639K->60702K(174080K), 0.0337183 secs]
47.471: [GC (Allocation Failure)  103505K->71007K(173056K), 0.0031345 secs]
47.477: [GC (Allocation Failure)  113878K->79199K(154624K), 0.0043631 secs]
47.485: [GC (Allocation Failure)  122140K->83807K(172032K), 0.0049831 secs]
47.494: [GC (Allocation Failure)  126714K->90423K(156672K), 0.0047012 secs]
47.502: [GC (Allocation Failure)  133258K->95543K(169472K), 0.0048817 secs]
47.510: [GC (Allocation Failure)  138405K->101687K(151040K), 0.0056282 secs]
47.516: [Full GC (Ergonomics)  101687K->59167K(150016K), 0.0350290 secs]
47.555: [GC (Allocation Failure)  102103K->68895K(167424K), 0.0035191 secs]
47.562: [GC (Allocation Failure)  111752K->76063K(167936K), 0.0052528 secs]
47.570: [GC (Allocation Failure)  118879K->83743K(167936K), 0.0052846 secs]
47.575: [Full GC (Ergonomics)  83743K->59679K(168448K), 0.0325549 secs]
47.611: [GC (Allocation Failure)  102520K->67871K(143872K), 0.0022523 secs]
47.617: [GC (Allocation Failure)  110734K->74015K(163840K), 0.0054072 secs]
47.626: [GC (Allocation Failure)  116888K->80671K(148480K), 0.0032656 secs]
47.632: [GC (Allocation Failure)  123556K->89984K(162816K), 0.0038077 secs]
47.639: [GC (Allocation Failure)  132849K->98144K(163840K), 0.0034906 secs]
47.643: [Full GC (Ergonomics)  98144K->60191K(162304K), 0.0335640 secs]
47.680: [GC (Allocation Failure)  103055K->67871K(162304K), 0.0033816 secs]
47.687: [GC (Allocation Failure)  110713K->77664K(162304K), 0.0049604 secs]
47.695: [GC (Allocation Failure)  120587K->84800K(160256K), 0.0074460 secs]
47.706: [GC (Allocation Failure)  125549K->90944K(162304K), 0.0041829 secs]
47.713: [GC (Allocation Failure)  131745K->97632K(163328K), 0.0053853 secs]
47.722: [GC (Allocation Failure)  135337K->103736K(151040K), 0.0044186 secs]
47.726: [Full GC (Ergonomics)  103736K->62240K(154624K), 0.0351643 secs]
47.764: [GC (Allocation Failure)  99929K->68384K(168960K), 0.0020886 secs]
47.769: [GC (Allocation Failure)  105543K->75040K(144896K), 0.0025691 secs]
47.774: [GC (Allocation Failure)  112192K->80672K(165888K), 0.0057779 secs]
47.784: [GC (Allocation Failure)  117827K->91425K(166912K), 0.0063397 secs]
47.793: [GC (Allocation Failure)  128605K->96545K(164352K), 0.0044428 secs]
47.797: [Full GC (Ergonomics)  96545K->61216K(163328K), 0.0333533 secs]
47.834: [GC (Allocation Failure)  98351K->67360K(164864K), 0.0031600 secs]
47.840: [GC (Allocation Failure)  104584K->72512K(163328K), 0.0040552 secs]
47.847: [GC (Allocation Failure)  109647K->81248K(146432K), 0.0062698 secs]
47.856: [GC (Allocation Failure)  118419K->88888K(160768K), 0.0035153 secs]
47.863: [GC (Allocation Failure)  126041K->94009K(144384K), 0.0060778 secs]
47.869: [Full GC (Ergonomics)  94009K->60704K(142848K), 0.0354615 secs]
47.908: [GC (Allocation Failure)  97854K->70944K(158208K), 0.0023617 secs]
47.913: [GC (Allocation Failure)  108121K->77089K(145920K), 0.0030310 secs]
47.919: [GC (Allocation Failure)  114288K->81185K(156672K), 0.0033882 secs]
47.925: [GC (Allocation Failure)  118380K->87905K(141824K), 0.0032435 secs]
47.932: [GC (Allocation Failure)  125103K->94049K(154112K), 0.0039812 secs]
47.936: [Full GC (Ergonomics)  94049K->58144K(150016K), 0.0343218 secs]
47.973: [GC (Allocation Failure)  95345K->62817K(151040K), 0.0019576 secs]
47.978: [GC (Allocation Failure)  100009K->69473K(149504K), 0.0024980 secs]
47.983: [GC (Allocation Failure)  106709K->74561K(150528K), 0.0028512 secs]
47.989: [GC (Allocation Failure)  111711K->81793K(147968K), 0.0034322 secs]
47.995: [GC (Allocation Failure)  116344K->89409K(150528K), 0.0052707 secs]
48.003: [GC (Allocation Failure)  123993K->94049K(150016K), 0.0064439 secs]
48.013: [GC (Allocation Failure)  124542K->95538K(154112K), 0.0058258 secs]
48.021: [GC (Allocation Failure)  125952K->101682K(155136K), 0.0045888 secs]
48.026: [Full GC (Ergonomics)  101682K->58145K(154112K), 0.0334867 secs]
48.062: [GC (Allocation Failure)  88570K->65313K(154112K), 0.0021173 secs]
48.066: [GC (Allocation Failure)  95793K->70017K(152576K), 0.0024353 secs]
48.071: [GC (Allocation Failure)  100423K->74561K(134144K), 0.0053833 secs]
48.079: [GC (Allocation Failure)  104994K->79153K(151552K), 0.0062131 secs]
48.088: [GC (Allocation Failure)  109583K->83762K(151552K), 0.0032380 secs]
48.091: [Full GC (Ergonomics)  83762K->60193K(155648K), 0.0291833 secs]
48.123: [GC (Allocation Failure)  90642K->65826K(155648K), 0.0032154 secs]
48.128: [GC (Allocation Failure)  96268K->70434K(126464K), 0.0029863 secs]
48.133: [GC (Allocation Failure)  100837K->77090K(153088K), 0.0036833 secs]
48.140: [GC (Allocation Failure)  107547K->85794K(130560K), 0.0029059 secs]
48.143: [Full GC (Ergonomics)  85794K->62241K(131072K), 0.0323092 secs]
48.178: [GC (Allocation Failure)  92722K->69410K(151040K), 0.0027880 secs]
48.182: [GC (Allocation Failure)  99873K->75042K(135168K), 0.0049627 secs]
48.190: [GC (Allocation Failure)  105513K->78210K(146944K), 0.0030771 secs]
48.196: [GC (Allocation Failure)  108617K->82818K(133632K), 0.0029894 secs]
48.201: [GC (Allocation Failure)  113243K->91442K(145920K), 0.0045801 secs]
48.208: [GC (Allocation Failure)  121940K->97586K(146944K), 0.0040528 secs]
48.212: [Full GC (Ergonomics)  97586K->60194K(142848K), 0.0342215 secs]
48.249: [GC (Allocation Failure)  90680K->64290K(142848K), 0.0028202 secs]
48.254: [GC (Allocation Failure)  94793K->71970K(130048K), 0.0027263 secs]
48.259: [GC (Allocation Failure)  102434K->75554K(141824K), 0.0036811 secs]
48.266: [GC (Allocation Failure)  106041K->79778K(141824K), 0.0037653 secs]
48.272: [GC (Allocation Failure)  110196K->84867K(141312K), 0.0039650 secs]
48.279: [GC (Allocation Failure)  113254K->91011K(143360K), 0.0035988 secs]
48.285: [GC (Allocation Failure)  119386K->93539K(143872K), 0.0033717 secs]
48.291: [GC (Allocation Failure)  121391K->95539K(130048K), 0.0061296 secs]
48.297: [Full GC (Ergonomics)  95539K->60706K(129536K), 0.0351384 secs]
48.334: [GC (Allocation Failure)  88586K->68387K(142336K), 0.0020684 secs]
48.338: [GC (Allocation Failure)  96252K->75043K(129536K), 0.0026620 secs]
48.344: [GC (Allocation Failure)  102939K->78115K(139776K), 0.0037706 secs]
48.349: [GC (Allocation Failure)  106014K->81187K(140288K), 0.0035402 secs]
48.355: [GC (Allocation Failure)  109041K->86307K(140288K), 0.0032333 secs]
48.359: [Full GC (Ergonomics)  86307K->60706K(141312K), 0.0357574 secs]
48.397: [GC (Allocation Failure)  88552K->67874K(123392K), 0.0025986 secs]
48.401: [GC (Allocation Failure)  95769K->72483K(138752K), 0.0028438 secs]
48.407: [GC (Allocation Failure)  100408K->76579K(125952K), 0.0036996 secs]
48.413: [GC (Allocation Failure)  104469K->79651K(137728K), 0.0034829 secs]
48.419: [GC (Allocation Failure)  107590K->84835K(125440K), 0.0029988 secs]
48.424: [GC (Allocation Failure)  112652K->88899K(136192K), 0.0028884 secs]
48.427: [Full GC (Ergonomics)  88899K->60707K(134144K), 0.0337760 secs]
48.463: [GC (Allocation Failure)  88583K->67363K(120832K), 0.0026456 secs]
48.468: [GC (Allocation Failure)  95246K->73059K(134144K), 0.0031775 secs]
48.473: [GC (Allocation Failure)  100975K->78691K(134144K), 0.0028783 secs]
48.478: [GC (Allocation Failure)  106575K->83811K(133120K), 0.0040613 secs]
48.485: [GC (Allocation Failure)  109066K->86883K(135680K), 0.0053659 secs]
48.493: [GC (Allocation Failure)  112184K->92468K(136192K), 0.0040927 secs]
48.499: [GC (Allocation Failure)  116183K->94516K(122880K), 0.0046182 secs]
48.504: [Full GC (Ergonomics)  94516K->58147K(121344K), 0.0353412 secs]
48.541: [GC (Allocation Failure)  81867K->62755K(134144K), 0.0019107 secs]
48.544: [GC (Allocation Failure)  85935K->66851K(116736K), 0.0033890 secs]
48.549: [GC (Allocation Failure)  90072K->72483K(132096K), 0.0025745 secs]
48.554: [GC (Allocation Failure)  95693K->74532K(115712K), 0.0041039 secs]
48.560: [GC (Allocation Failure)  97739K->78628K(132608K), 0.0032012 secs]
48.563: [Full GC (Ergonomics)  78628K->62243K(136704K), 0.0321134 secs]
48.597: [GC (Allocation Failure)  85503K->66339K(116224K), 0.0028335 secs]
48.601: [GC (Allocation Failure)  89518K->71459K(134144K), 0.0042258 secs]
48.607: [GC (Allocation Failure)  94672K->76068K(121856K), 0.0033168 secs]
48.613: [GC (Allocation Failure)  99303K->78628K(132096K), 0.0032433 secs]
48.618: [GC (Allocation Failure)  101830K->83748K(121856K), 0.0028798 secs]
48.623: [GC (Allocation Failure)  106952K->88868K(130048K), 0.0052556 secs]
48.630: [GC (Allocation Failure)  112114K->91428K(132096K), 0.0038002 secs]
48.634: [Full GC (Ergonomics)  91428K->62755K(131584K), 0.0364322 secs]
48.673: [GC (Allocation Failure)  86019K->69507K(131072K), 0.0019751 secs]
48.676: [GC (Allocation Failure)  92726K->73604K(123392K), 0.0022197 secs]
48.680: [GC (Allocation Failure)  96894K->76604K(129024K), 0.0025568 secs]
48.685: [GC (Allocation Failure)  99834K->81212K(122880K), 0.0029677 secs]
48.690: [GC (Allocation Failure)  104434K->86332K(128512K), 0.0036003 secs]
48.695: [GC (Allocation Failure)  109569K->89404K(120832K), 0.0027425 secs]
48.698: [Full GC (Ergonomics)  89404K->61220K(117760K), 0.0361013 secs]
48.736: [GC (Allocation Failure)  84413K->67364K(125440K), 0.0019659 secs]
48.740: [GC (Allocation Failure)  90599K->71460K(125440K), 0.0021341 secs]
48.744: [GC (Allocation Failure)  94682K->74020K(124928K), 0.0024691 secs]
48.749: [GC (Allocation Failure)  96741K->79653K(125440K), 0.0038018 secs]
48.754: [GC (Allocation Failure)  102370K->84261K(125440K), 0.0057737 secs]
48.762: [GC (Allocation Failure)  105433K->88357K(126976K), 0.0042753 secs]
48.768: [GC (Allocation Failure)  109505K->91941K(127488K), 0.0032823 secs]
48.772: [Full GC (Ergonomics)  91941K->60196K(126464K), 0.0342745 secs]
48.808: [GC (Allocation Failure)  81352K->65828K(126976K), 0.0029852 secs]
48.812: [GC (Allocation Failure)  87006K->68900K(125440K), 0.0025673 secs]
48.816: [GC (Allocation Failure)  90075K->72484K(126464K), 0.0023619 secs]
48.821: [GC (Allocation Failure)  93630K->76068K(125440K), 0.0022972 secs]
48.825: [GC (Allocation Failure)  97207K->79141K(113152K), 0.0022523 secs]
48.828: [GC (Allocation Failure)  100309K->82213K(124416K), 0.0039624 secs]
48.834: [GC (Allocation Failure)  103362K->85285K(124928K), 0.0024010 secs]
48.837: [Full GC (Ergonomics)  85285K->60196K(124416K), 0.0336313 secs]
48.872: [GC (Allocation Failure)  81418K->63332K(124928K), 0.0021787 secs]
48.875: [GC (Allocation Failure)  84510K->67428K(113152K), 0.0018876 secs]
48.879: [GC (Allocation Failure)  88574K->72500K(122880K), 0.0031977 secs]
48.884: [GC (Allocation Failure)  93678K->75572K(114176K), 0.0045393 secs]
48.890: [GC (Allocation Failure)  96731K->78645K(122368K), 0.0023121 secs]
48.892: [Full GC (Ergonomics)  78645K->60197K(122880K), 0.0320969 secs]
48.926: [GC (Allocation Failure)  81377K->65829K(112128K), 0.0029780 secs]
48.931: [GC (Allocation Failure)  86992K->70437K(122368K), 0.0026543 secs]
48.935: [GC (Allocation Failure)  91619K->74533K(122368K), 0.0031303 secs]
48.940: [GC (Allocation Failure)  95707K->77093K(123392K), 0.0045095 secs]
48.947: [GC (Allocation Failure)  97775K->78117K(114688K), 0.0025398 secs]
48.951: [GC (Allocation Failure)  98749K->83238K(121856K), 0.0048194 secs]
48.958: [GC (Allocation Failure)  103890K->90406K(122368K), 0.0035965 secs]
48.962: [Full GC (Ergonomics)  90406K->60709K(121856K), 0.0332112 secs]
48.997: [GC (Allocation Failure)  81369K->63781K(122880K), 0.0021165 secs]
49.000: [GC (Allocation Failure)  84419K->66853K(111616K), 0.0016345 secs]
49.003: [GC (Allocation Failure)  87497K->71461K(121344K), 0.0020497 secs]
49.007: [GC (Allocation Failure)  92147K->75077K(114176K), 0.0045487 secs]
49.013: [GC (Allocation Failure)  95738K->78661K(119808K), 0.0026991 secs]
49.017: [GC (Allocation Failure)  99326K->80174K(120320K), 0.0038917 secs]
49.023: [GC (Allocation Failure)  100810K->85806K(119296K), 0.0030666 secs]
49.026: [Full GC (Ergonomics)  85806K->59173K(116736K), 0.0336116 secs]
49.061: [GC (Allocation Failure)  79826K->64357K(117248K), 0.0024063 secs]
49.065: [GC (Allocation Failure)  85065K->66405K(115200K), 0.0033194 secs]
49.070: [GC (Allocation Failure)  87031K->72509K(116224K), 0.0041774 secs]
49.076: [GC (Allocation Failure)  93179K->77693K(115200K), 0.0044429 secs]
49.082: [GC (Allocation Failure)  98353K->81742K(115712K), 0.0027422 secs]
49.085: [Full GC (Ergonomics)  81742K->57638K(116224K), 0.0320117 secs]
49.118: [GC (Allocation Failure)  78282K->61222K(116224K), 0.0027015 secs]
49.123: [GC (Allocation Failure)  81888K->63782K(109568K), 0.0022235 secs]
49.126: [GC (Allocation Failure)  84447K->66854K(114688K), 0.0035166 secs]
49.131: [GC (Allocation Failure)  87532K->69414K(115200K), 0.0035955 secs]
49.136: [GC (Allocation Failure)  90052K->73510K(114176K), 0.0028888 secs]
49.141: [GC (Allocation Failure)  94148K->80166K(110592K), 0.0035090 secs]
49.146: [GC (Allocation Failure)  100910K->82727K(113664K), 0.0027775 secs]
49.149: [Full GC (Ergonomics)  82727K->60198K(116736K), 0.0327675 secs]
49.183: [GC (Allocation Failure)  80312K->63782K(117248K), 0.0028809 secs]
49.187: [GC (Allocation Failure)  83923K->66854K(116224K), 0.0024647 secs]
49.191: [GC (Allocation Failure)  86991K->70438K(116736K), 0.0021765 secs]
49.195: [GC (Allocation Failure)  90581K->72486K(115712K), 0.0042144 secs]
49.201: [GC (Allocation Failure)  92676K->74534K(116224K), 0.0019024 secs]
49.204: [GC (Allocation Failure)  94666K->77094K(116224K), 0.0027548 secs]
49.208: [GC (Allocation Failure)  97245K->79750K(116224K), 0.0019268 secs]
49.212: [GC (Allocation Failure)  99877K->84279K(115200K), 0.0024011 secs]
49.214: [Full GC (Ergonomics)  84279K->62758K(115200K), 0.0326616 secs]
49.248: [GC (Allocation Failure)  82894K->67366K(115712K), 0.0018891 secs]
49.252: [GC (Allocation Failure)  87520K->73543K(114688K), 0.0026884 secs]
49.256: [GC (Allocation Failure)  92666K->76583K(115712K), 0.0031603 secs]
49.261: [GC (Allocation Failure)  95665K->79655K(116736K), 0.0035752 secs]
49.266: [GC (Allocation Failure)  98764K->82215K(116736K), 0.0028244 secs]
49.269: [Full GC (Ergonomics)  82215K->61222K(116224K), 0.0321854 secs]
49.303: [GC (Allocation Failure)  80363K->66854K(115200K), 0.0024439 secs]
49.306: [GC (Allocation Failure)  85944K->70439K(115712K), 0.0024395 secs]
49.310: [GC (Allocation Failure)  89551K->74023K(116224K), 0.0026394 secs]
49.314: [GC (Allocation Failure)  93125K->75559K(109568K), 0.0028051 secs]
49.318: [GC (Allocation Failure)  94666K->79143K(114688K), 0.0029295 secs]
49.323: [GC (Allocation Failure)  98287K->82215K(115200K), 0.0024471 secs]
49.327: [GC (Allocation Failure)  101316K->86823K(115200K), 0.0026681 secs]
49.329: [Full GC (Ergonomics)  86823K->60198K(114688K), 0.0338904 secs]
49.365: [GC (Allocation Failure)  79321K->63270K(114688K), 0.0026758 secs]
49.369: [GC (Allocation Failure)  82359K->66854K(113664K), 0.0015437 secs]
49.372: [GC (Allocation Failure)  85931K->72487K(114176K), 0.0020829 secs]
49.376: [GC (Allocation Failure)  91613K->74599K(115200K), 0.0031032 secs]
49.380: [GC (Allocation Failure)  93202K->78183K(115712K), 0.0028120 secs]
49.385: [GC (Allocation Failure)  96771K->83367K(115712K), 0.0027502 secs]
49.389: [GC (Allocation Failure)  100916K->86335K(116736K), 0.0026071 secs]
49.393: [GC (Allocation Failure)  103906K->88895K(117760K), 0.0033872 secs]
49.397: [Full GC (Ergonomics)  88895K->60199K(115712K), 0.0342279 secs]
49.433: [GC (Allocation Failure)  77256K->63271K(116224K), 0.0021743 secs]
49.436: [GC (Allocation Failure)  80287K->67367K(114176K), 0.0015711 secs]
49.439: [GC (Allocation Failure)  84400K->69927K(115200K), 0.0017272 secs]
49.442: [GC (Allocation Failure)  86987K->70951K(114176K), 0.0020630 secs]
49.445: [GC (Allocation Failure)  87978K->71975K(104960K), 0.0033094 secs]
49.450: [GC (Allocation Failure)  88997K->75048K(113152K), 0.0020651 secs]
49.453: [GC (Allocation Failure)  92071K->78120K(107008K), 0.0024643 secs]
49.457: [GC (Allocation Failure)  95129K->81192K(112128K), 0.0038242 secs]
49.462: [GC (Allocation Failure)  98220K->85288K(112640K), 0.0033340 secs]
49.466: [Full GC (Ergonomics)  85288K->59687K(112640K), 0.0330218 secs]
49.500: [GC (Allocation Failure)  76731K->61223K(112128K), 0.0019888 secs]
49.503: [GC (Allocation Failure)  77729K->65831K(103936K), 0.0021538 secs]
49.506: [GC (Allocation Failure)  82351K->68391K(112128K), 0.0024866 secs]
49.510: [GC (Allocation Failure)  84927K->71463K(112128K), 0.0024925 secs]
49.513: [GC (Allocation Failure)  88024K->76072K(111104K), 0.0030055 secs]
49.517: [GC (Allocation Failure)  92608K->77096K(111616K), 0.0015226 secs]
49.519: [Full GC (Ergonomics)  77096K->58151K(109568K), 0.0329111 secs]
49.553: [GC (Allocation Failure)  74663K->61735K(108544K), 0.0026000 secs]
49.557: [GC (Allocation Failure)  78252K->66343K(109056K), 0.0023400 secs]
49.560: [GC (Allocation Failure)  82838K->69927K(109056K), 0.0035839 secs]
49.565: [GC (Allocation Failure)  85925K->73608K(103936K), 0.0031159 secs]
49.570: [GC (Allocation Failure)  89607K->75064K(109056K), 0.0025175 secs]
49.572: [Full GC (Ergonomics)  75064K->60200K(112128K), 0.0326303 secs]
49.606: [GC (Allocation Failure)  76236K->62248K(112128K), 0.0020560 secs]
49.609: [GC (Allocation Failure)  78280K->63784K(111104K), 0.0013190 secs]
49.612: [GC (Allocation Failure)  79801K->66856K(111616K), 0.0024890 secs]
49.615: [GC (Allocation Failure)  82844K->69416K(111616K), 0.0022097 secs]
49.618: [GC (Allocation Failure)  85426K->73000K(111616K), 0.0026966 secs]
49.623: [GC (Allocation Failure)  89023K->76072K(112128K), 0.0027925 secs]
49.627: [GC (Allocation Failure)  91571K->78184K(112640K), 0.0022211 secs]
49.630: [GC (Allocation Failure)  93672K->81256K(112128K), 0.0029708 secs]
49.635: [GC (Allocation Failure)  96763K->84280K(105472K), 0.0029928 secs]
49.638: [Full GC (Ergonomics)  84280K->60200K(103424K), 0.0329038 secs]
49.672: [GC (Allocation Failure)  75668K->63272K(110080K), 0.0021336 secs]
49.675: [GC (Allocation Failure)  78750K->66344K(110080K), 0.0016984 secs]
49.678: [GC (Allocation Failure)  81807K->69928K(109056K), 0.0014951 secs]
49.680: [GC (Allocation Failure)  85431K->73000K(109568K), 0.0018914 secs]
49.683: [GC (Allocation Failure)  88489K->76073K(108544K), 0.0026475 secs]
49.687: [GC (Allocation Failure)  91579K->77609K(109056K), 0.0022666 secs]
49.689: [Full GC (Ergonomics)  77609K->59688K(107008K), 0.0342680 secs]
49.725: [GC (Allocation Failure)  75203K->62824K(105984K), 0.0019045 secs]
49.728: [GC (Allocation Failure)  78319K->65896K(106496K), 0.0013978 secs]
49.730: [GC (Allocation Failure)  81380K->69032K(105472K), 0.0015958 secs]
49.733: [GC (Allocation Failure)  83490K->71480K(106496K), 0.0019693 secs]
49.736: [GC (Allocation Failure)  85938K->74040K(107008K), 0.0020444 secs]
49.739: [GC (Allocation Failure)  88518K->76089K(107008K), 0.0019987 secs]
49.743: [GC (Allocation Failure)  90564K->77113K(105984K), 0.0018035 secs]
49.745: [GC (Allocation Failure)  91590K->78137K(98816K), 0.0015692 secs]
49.748: [GC (Allocation Failure)  92623K->80697K(104960K), 0.0015925 secs]
49.750: [Full GC (Ergonomics)  80697K->59176K(102912K), 0.0325200 secs]
49.783: [GC (Allocation Failure)  73676K->63785K(96768K), 0.0022330 secs]
49.786: [GC (Allocation Failure)  78249K->66345K(102912K), 0.0017911 secs]
49.789: [GC (Allocation Failure)  80765K->68393K(102912K), 0.0024086 secs]
49.793: [GC (Allocation Failure)  82842K->71465K(102400K), 0.0030407 secs]
49.797: [GC (Allocation Failure)  84363K->74025K(103936K), 0.0031406 secs]
49.801: [GC (Allocation Failure)  86923K->76585K(105472K), 0.0050154 secs]
49.807: [GC (Allocation Failure)  89498K->79145K(97792K), 0.0034127 secs]
49.811: [Full GC (Ergonomics)  79145K->59176K(98816K), 0.0330143 secs]
49.845: [GC (Allocation Failure)  72067K->61737K(105984K), 0.0017569 secs]
49.848: [GC (Allocation Failure)  74622K->64809K(97280K), 0.0014004 secs]
49.850: [GC (Allocation Failure)  77717K->67369K(104448K), 0.0014856 secs]
49.852: [GC (Allocation Failure)  80290K->67881K(104960K), 0.0014066 secs]
49.855: [GC (Allocation Failure)  80812K->68905K(104960K), 0.0012052 secs]
49.857: [GC (Allocation Failure)  81801K->71977K(95744K), 0.0016800 secs]
49.859: [GC (Allocation Failure)  84892K->73001K(103424K), 0.0015048 secs]
49.862: [GC (Allocation Failure)  85924K->75561K(103936K), 0.0017366 secs]
49.864: [GC (Allocation Failure)  88488K->78633K(102912K), 0.0024786 secs]
49.867: [Full GC (Ergonomics)  78633K->58664K(100864K), 0.0342683 secs]
49.903: [GC (Allocation Failure)  71570K->60712K(91648K), 0.0018669 secs]
49.905: [GC (Allocation Failure)  73613K->63785K(99840K), 0.0024703 secs]
49.909: [GC (Allocation Failure)  76688K->64297K(93184K), 0.0018915 secs]
49.911: [GC (Allocation Failure)  77208K->67369K(99840K), 0.0025283 secs]
49.915: [GC (Allocation Failure)  80232K->70953K(99840K), 0.0018037 secs]
49.917: [GC (Allocation Failure)  83840K->73001K(98816K), 0.0016423 secs]
49.920: [GC (Allocation Failure)  85920K->73513K(99328K), 0.0013856 secs]
49.922: [GC (Allocation Failure)  86428K->76649K(98304K), 0.0014036 secs]
49.924: [Full GC (Ergonomics)  76649K->59689K(98816K), 0.0322826 secs]
49.957: [GC (Allocation Failure)  72607K->63273K(99328K), 0.0018126 secs]
49.960: [GC (Allocation Failure)  76186K->65834K(99328K), 0.0012615 secs]
49.962: [GC (Allocation Failure)  78731K->67882K(99328K), 0.0015498 secs]
49.965: [GC (Allocation Failure)  80755K->73514K(98304K), 0.0020001 secs]
49.968: [GC (Allocation Failure)  84873K->77098K(99840K), 0.0021468 secs]
49.971: [GC (Allocation Failure)  88455K->79658K(99328K), 0.0025006 secs]
49.975: [GC (Allocation Failure)  89460K->79658K(100864K), 0.0027887 secs]
49.978: [GC (Allocation Failure)  89463K->82218K(101376K), 0.0024647 secs]
49.981: [Full GC (Ergonomics)  82218K->63273K(104960K), 0.0337591 secs]
50.016: [GC (Allocation Failure)  73077K->65834K(104960K), 0.0017834 secs]
50.018: [GC (Allocation Failure)  75639K->66858K(103936K), 0.0011415 secs]
50.020: [GC (Allocation Failure)  76677K->66346K(104448K), 0.0012215 secs]
50.022: [GC (Allocation Failure)  76154K->69418K(102400K), 0.0012287 secs]
50.024: [GC (Allocation Failure)  79209K->71978K(97280K), 0.0014499 secs]
50.026: [GC (Allocation Failure)  81775K->75562K(101888K), 0.0034441 secs]
50.030: [GC (Allocation Failure)  84321K->77098K(102912K), 0.0017697 secs]
50.033: [GC (Allocation Failure)  85873K->77610K(102912K), 0.0016812 secs]
50.034: [Full GC (Ergonomics)  77610K->62761K(102400K), 0.0305662 secs]
50.066: [GC (Allocation Failure)  71539K->64809K(102400K), 0.0020181 secs]
50.069: [GC (Allocation Failure)  73568K->66346K(101376K), 0.0014787 secs]
50.071: [GC (Allocation Failure)  75100K->68394K(92672K), 0.0014048 secs]
50.073: [GC (Allocation Failure)  77160K->69418K(101376K), 0.0019447 secs]
50.075: [GC (Allocation Failure)  78208K->71050K(91648K), 0.0014477 secs]
50.078: [GC (Allocation Failure)  79818K->74602K(99840K), 0.0012956 secs]
50.079: [GC (Allocation Failure)  83366K->76602K(94720K), 0.0018456 secs]
50.082: [GC (Allocation Failure)  85364K->78138K(98816K), 0.0016508 secs]
50.084: [Full GC (Ergonomics)  78138K->62762K(97792K), 0.0306799 secs]
50.115: [GC (Allocation Failure)  71535K->63786K(98304K), 0.0017038 secs]
50.118: [GC (Allocation Failure)  72550K->65322K(98304K), 0.0012510 secs]
50.120: [GC (Allocation Failure)  74081K->65834K(91136K), 0.0012215 secs]
50.122: [GC (Allocation Failure)  74597K->66858K(96768K), 0.0012118 secs]
50.123: [GC (Allocation Failure)  75611K->68394K(92672K), 0.0013137 secs]
50.125: [GC (Allocation Failure)  77163K->71467K(96256K), 0.0013207 secs]
50.127: [GC (Allocation Failure)  79739K->70443K(92160K), 0.0012826 secs]
50.129: [GC (Allocation Failure)  78717K->71467K(95232K), 0.0012982 secs]
50.131: [GC (Allocation Failure)  79711K->73515K(95744K), 0.0015677 secs]
50.133: [GC (Allocation Failure)  81754K->75563K(95744K), 0.0013023 secs]
50.135: [GC (Allocation Failure)  83807K->77611K(95744K), 0.0013353 secs]
50.137: [GC (Allocation Failure)  85872K->78635K(95744K), 0.0013579 secs]
50.139: [GC (Allocation Failure)  86368K->79659K(96256K), 0.0013276 secs]
50.141: [GC (Allocation Failure)  87394K->81195K(95232K), 0.0013184 secs]
50.143: [Full GC (Ergonomics)  81195K->63274K(94208K), 0.0328208 secs]
50.176: [GC (Allocation Failure)  71005K->64298K(94720K), 0.0022416 secs]
50.179: [GC (Allocation Failure)  72037K->65322K(95232K), 0.0012425 secs]
50.181: [GC (Allocation Failure)  73054K->67882K(90624K), 0.0014698 secs]
50.183: [GC (Allocation Failure)  75624K->68394K(94720K), 0.0017160 secs]
50.185: [GC (Allocation Failure)  76125K->69931K(94720K), 0.0015921 secs]
50.188: [GC (Allocation Failure)  77670K->71467K(94208K), 0.0017659 secs]
50.190: [GC (Allocation Failure)  78674K->74027K(94720K), 0.0027403 secs]
50.193: [GC (Allocation Failure)  81243K->75563K(94720K), 0.0017747 secs]
50.196: [GC (Allocation Failure)  82774K->78123K(89600K), 0.0015792 secs]
50.197: [Full GC (Ergonomics)  78123K->62762K(90112K), 0.0321874 secs]
50.230: [GC (Allocation Failure)  69980K->65834K(94720K), 0.0027965 secs]
50.234: [GC (Allocation Failure)  73046K->68394K(94720K), 0.0023692 secs]
50.237: [GC (Allocation Failure)  75614K->69419K(94720K), 0.0014593 secs]
50.239: [GC (Allocation Failure)  76650K->70443K(94720K), 0.0014223 secs]
50.241: [GC (Allocation Failure)  77672K->71979K(94208K), 0.0012202 secs]
50.243: [GC (Allocation Failure)  79219K->72491K(94720K), 0.0012703 secs]
50.244: [GC (Allocation Failure)  79713K->73003K(94720K), 0.0012044 secs]
50.246: [GC (Allocation Failure)  80230K->74027K(94720K), 0.0012456 secs]
50.248: [GC (Allocation Failure)  81247K->75051K(93696K), 0.0013378 secs]
50.250: [GC (Allocation Failure)  82276K->77611K(88576K), 0.0015088 secs]
50.251: [Full GC (Ergonomics)  77611K->64298K(89088K), 0.0339087 secs]
50.286: [GC (Allocation Failure)  71542K->65322K(94208K), 0.0017161 secs]
50.289: [GC (Allocation Failure)  72557K->65834K(88064K), 0.0020726 secs]
50.291: [GC (Allocation Failure)  73077K->66346K(92672K), 0.0020141 secs]
50.294: [GC (Allocation Failure)  73563K->67914K(93184K), 0.0010671 secs]
50.296: [GC (Allocation Failure)  75153K->68939K(92160K), 0.0011173 secs]
50.297: [GC (Allocation Failure)  76167K->69939K(88576K), 0.0011705 secs]
50.299: [GC (Allocation Failure)  77161K->70451K(92160K), 0.0010435 secs]
50.301: [GC (Allocation Failure)  77668K->71987K(88576K), 0.0011217 secs]
50.303: [GC (Allocation Failure)  79233K->73075K(91648K), 0.0010739 secs]
50.304: [GC (Allocation Failure)  80301K->74099K(88576K), 0.0012306 secs]
50.306: [GC (Allocation Failure)  81314K->75595K(91136K), 0.0011335 secs]
50.308: [GC (Allocation Failure)  82809K->77131K(91136K), 0.0014361 secs]
50.310: [GC (Allocation Failure)  84335K->79179K(91136K), 0.0014416 secs]
50.312: [GC (Allocation Failure)  86406K->80715K(91136K), 0.0014946 secs]
50.313: [Full GC (Ergonomics)  80715K->62251K(88064K), 0.0314889 secs]
50.346: [GC (Allocation Failure)  69470K->64299K(87552K), 0.0017899 secs]
50.348: [GC (Allocation Failure)  71525K->65835K(88064K), 0.0014997 secs]
50.350: [GC (Allocation Failure)  73062K->66347K(87552K), 0.0016204 secs]
50.352: [GC (Allocation Failure)  73574K->67883K(88064K), 0.0014458 secs]
50.354: [GC (Allocation Failure)  75099K->69419K(88064K), 0.0014651 secs]
50.356: [GC (Allocation Failure)  76632K->71980K(88064K), 0.0014467 secs]
50.358: [GC (Allocation Failure)  79221K->73004K(88064K), 0.0013558 secs]
50.360: [Full GC (Ergonomics)  73004K->61739K(88576K), 0.0312625 secs]
50.392: [GC (Allocation Failure)  68992K->63275K(88576K), 0.0019348 secs]
50.394: [GC (Allocation Failure)  70493K->64811K(88576K), 0.0013563 secs]
50.396: [GC (Allocation Failure)  72056K->66347K(88576K), 0.0014789 secs]
50.398: [GC (Allocation Failure)  73568K->66859K(87552K), 0.0014988 secs]
50.400: [GC (Allocation Failure)  74087K->68395K(88064K), 0.0020153 secs]
50.403: [GC (Allocation Failure)  75625K->69419K(88064K), 0.0011394 secs]
50.405: [GC (Allocation Failure)  76638K->72492K(88064K), 0.0014044 secs]
50.407: [GC (Allocation Failure)  79725K->75052K(87552K), 0.0013654 secs]
50.408: [Full GC (Ergonomics)  75052K->63275K(89600K), 0.0276709 secs]
50.437: [GC (Allocation Failure)  70504K->63275K(90112K), 0.0020046 secs]
50.440: [GC (Allocation Failure)  70519K->64299K(90624K), 0.0014077 secs]
50.442: [GC (Allocation Failure)  71531K->65323K(90624K), 0.0017013 secs]
50.444: [GC (Allocation Failure)  72551K->66347K(89600K), 0.0015064 secs]
50.446: [GC (Allocation Failure)  73599K->66859K(90112K), 0.0014693 secs]
50.448: [GC (Allocation Failure)  74105K->67883K(90112K), 0.0013373 secs]
50.450: [GC (Allocation Failure)  75106K->68907K(88064K), 0.0013427 secs]
50.452: [GC (Allocation Failure)  76137K->70443K(89600K), 0.0013354 secs]
50.454: [GC (Allocation Failure)  77657K->72492K(89600K), 0.0015022 secs]
50.456: [GC (Allocation Failure)  79720K->74540K(90112K), 0.0016346 secs]
50.458: [GC (Allocation Failure)  81764K->75564K(90112K), 0.0013611 secs]
50.459: [Full GC (Ergonomics)  75564K->61739K(88064K), 0.0360593 secs]
50.496: [GC (Allocation Failure)  68959K->63787K(87040K), 0.0018020 secs]
50.499: [GC (Allocation Failure)  71014K->64811K(87552K), 0.0012326 secs]
50.501: [GC (Allocation Failure)  72024K->65323K(87040K), 0.0011255 secs]
50.502: [GC (Allocation Failure)  72558K->67371K(87552K), 0.0015818 secs]
50.504: [GC (Allocation Failure)  74586K->69931K(87552K), 0.0014116 secs]
50.506: [GC (Allocation Failure)  76658K->71979K(88064K), 0.0015295 secs]
50.509: [GC (Allocation Failure)  78707K->73516K(88576K), 0.0016274 secs]
50.511: [GC (Allocation Failure)  80205K->76076K(88576K), 0.0016326 secs]
50.513: [GC (Allocation Failure)  82802K->76588K(89088K), 0.0012120 secs]
50.514: [Full GC (Ergonomics)  76588K->62763K(89600K), 0.0309380 secs]
50.546: [GC (Allocation Failure)  68962K->63787K(90112K), 0.0016815 secs]
50.548: [GC (Allocation Failure)  69974K->66347K(90112K), 0.0012453 secs]
50.550: [GC (Allocation Failure)  72567K->67883K(90112K), 0.0012080 secs]
50.552: [GC (Allocation Failure)  74074K->68907K(90112K), 0.0013966 secs]
50.554: [GC (Allocation Failure)  74583K->70443K(90624K), 0.0014908 secs]
50.556: [GC (Allocation Failure)  76121K->70955K(89600K), 0.0016218 secs]
50.558: [GC (Allocation Failure)  76641K->71979K(90112K), 0.0013700 secs]
50.560: [GC (Allocation Failure)  77655K->73516K(89088K), 0.0013763 secs]
50.562: [GC (Allocation Failure)  79186K->74540K(89600K), 0.0014532 secs]
50.564: [GC (Allocation Failure)  80217K->75564K(89600K), 0.0013678 secs]
50.565: [Full GC (Ergonomics)  75564K->65835K(92160K), 0.0339090 secs]
50.600: [GC (Allocation Failure)  71518K->67371K(92160K), 0.0017105 secs]
50.602: [GC (Allocation Failure)  73043K->68907K(91136K), 0.0013307 secs]
50.604: [GC (Allocation Failure)  74577K->69931K(91648K), 0.0017926 secs]
50.606: [GC (Allocation Failure)  75609K->72011K(91648K), 0.0019374 secs]
50.609: [GC (Allocation Failure)  77697K->74060K(91648K), 0.0014988 secs]
50.611: [GC (Allocation Failure)  79732K->75060K(91648K), 0.0011876 secs]
50.613: [GC (Allocation Failure)  80740K->75060K(91648K), 0.0011009 secs]
50.614: [GC (Allocation Failure)  80732K->76084K(91648K), 0.0010397 secs]
50.616: [GC (Allocation Failure)  81754K->77108K(91648K), 0.0012371 secs]
50.617: [GC (Allocation Failure)  82779K->78644K(90624K), 0.0012811 secs]
50.620: [GC (Allocation Failure)  84433K->78708K(91136K), 0.0014236 secs]
50.622: [GC (Allocation Failure)  84368K->79188K(91136K), 0.0017737 secs]
50.624: [Full GC (Ergonomics)  79188K->63277K(87552K), 0.0327058 secs]
50.657: [GC (Allocation Failure)  68974K->64813K(87552K), 0.0017060 secs]
50.659: [GC (Allocation Failure)  70496K->65837K(87552K), 0.0012020 secs]
50.661: [GC (Allocation Failure)  71516K->68397K(87552K), 0.0012318 secs]
50.663: [GC (Allocation Failure)  74073K->70445K(87552K), 0.0012595 secs]
50.665: [GC (Allocation Failure)  75614K->70957K(88064K), 0.0011911 secs]
50.666: [GC (Allocation Failure)  76120K->71469K(87552K), 0.0011721 secs]
50.668: [GC (Allocation Failure)  76649K->71981K(88064K), 0.0010924 secs]
50.669: [GC (Allocation Failure)  77144K->72493K(88064K), 0.0010133 secs]
50.671: [GC (Allocation Failure)  77653K->73005K(88064K), 0.0016831 secs]
50.673: [GC (Allocation Failure)  78167K->74541K(87040K), 0.0013041 secs]
50.675: [GC (Allocation Failure)  79710K->76077K(87552K), 0.0013588 secs]
50.676: [Full GC (Ergonomics)  76077K->67373K(91648K), 0.0290370 secs]
50.706: [GC (Allocation Failure)  72540K->68397K(91648K), 0.0017454 secs]
50.708: [GC (Allocation Failure)  73552K->68397K(91648K), 0.0011681 secs]
50.710: [GC (Allocation Failure)  73568K->69933K(90624K), 0.0011977 secs]
50.712: [GC (Allocation Failure)  75101K->71501K(91136K), 0.0010507 secs]
50.713: [GC (Allocation Failure)  76665K->73037K(90624K), 0.0011827 secs]
50.715: [GC (Allocation Failure)  77682K->73525K(88064K), 0.0011527 secs]
50.717: [GC (Allocation Failure)  78168K->73525K(90624K), 0.0010216 secs]
50.718: [GC (Allocation Failure)  78168K->74549K(90624K), 0.0010126 secs]
50.720: [GC (Allocation Failure)  79190K->75061K(90624K), 0.0009860 secs]
50.721: [GC (Allocation Failure)  79701K->75573K(87040K), 0.0011120 secs]
50.723: [GC (Allocation Failure)  80210K->78133K(89600K), 0.0011146 secs]
50.724: [GC (Allocation Failure)  82245K->80181K(90112K), 0.0011811 secs]
50.726: [GC (Allocation Failure)  84310K->81205K(90624K), 0.0014134 secs]
50.727: [Full GC (Ergonomics)  81205K->67373K(90624K), 0.0308589 secs]
50.759: [GC (Allocation Failure)  71499K->67373K(90624K), 0.0019115 secs]
50.761: [GC (Allocation Failure)  71487K->68397K(90624K), 0.0013946 secs]
50.763: [GC (Allocation Failure)  72523K->69421K(87552K), 0.0013178 secs]
50.765: [GC (Allocation Failure)  73536K->69933K(90112K), 0.0013702 secs]
50.767: [GC (Allocation Failure)  74055K->70445K(90112K), 0.0011543 secs]
50.768: [GC (Allocation Failure)  74580K->70445K(89088K), 0.0014093 secs]
50.770: [GC (Allocation Failure)  74573K->71981K(89600K), 0.0015067 secs]
50.772: [GC (Allocation Failure)  76106K->73005K(89600K), 0.0013681 secs]
50.774: [GC (Allocation Failure)  77129K->73517K(89600K), 0.0012327 secs]
50.776: [GC (Allocation Failure)  77642K->75053K(88576K), 0.0012435 secs]
50.778: [GC (Allocation Failure)  79184K->76077K(89088K), 0.0012488 secs]
50.779: [GC (Allocation Failure)  80201K->76589K(89088K), 0.0013748 secs]
50.781: [GC (Allocation Failure)  80711K->78637K(89088K), 0.0012505 secs]
50.783: [GC (Allocation Failure)  82760K->80173K(88064K), 0.0016647 secs]
50.785: [Full GC (Ergonomics)  80173K->65837K(86528K), 0.0299893 secs]
50.815: [GC (Allocation Failure)  69963K->66861K(87040K), 0.0017171 secs]
50.817: [GC (Allocation Failure)  70992K->67885K(87040K), 0.0011693 secs]
50.819: [GC (Allocation Failure)  72001K->69421K(87040K), 0.0010207 secs]
50.821: [GC (Allocation Failure)  73560K->70957K(86016K), 0.0019926 secs]
50.823: [GC (Allocation Failure)  75096K->71469K(86528K), 0.0016173 secs]
50.825: [GC (Allocation Failure)  75597K->73517K(86016K), 0.0014335 secs]
50.827: [GC (Allocation Failure)  77130K->74029K(83968K), 0.0014158 secs]
50.829: [GC (Allocation Failure)  77636K->74029K(85504K), 0.0010902 secs]
50.830: [GC (Allocation Failure)  77132K->75085K(83968K), 0.0013988 secs]
50.832: [GC (Allocation Failure)  78184K->76597K(85504K), 0.0014355 secs]
50.834: [GC (Allocation Failure)  79690K->78133K(85504K), 0.0014374 secs]
50.836: [Full GC (Ergonomics)  78133K->69421K(89088K), 0.0274512 secs]
50.864: [GC (Allocation Failure)  72516K->69933K(89088K), 0.0017443 secs]
50.866: [GC (Allocation Failure)  73029K->69933K(89088K), 0.0011082 secs]
50.868: [GC (Allocation Failure)  73025K->70957K(89088K), 0.0010116 secs]
50.869: [GC (Allocation Failure)  74045K->71501K(89088K), 0.0010215 secs]
50.871: [GC (Allocation Failure)  74598K->71477K(89088K), 0.0010277 secs]
50.872: [GC (Allocation Failure)  74566K->71989K(87040K), 0.0010905 secs]
50.874: [GC (Allocation Failure)  75087K->71989K(88576K), 0.0010125 secs]
50.875: [GC (Allocation Failure)  75081K->72501K(88576K), 0.0010726 secs]
50.877: [GC (Allocation Failure)  75591K->72501K(88576K), 0.0009636 secs]
50.878: [GC (Allocation Failure)  75592K->73525K(88576K), 0.0009733 secs]
50.879: [GC (Allocation Failure)  76617K->74037K(88576K), 0.0010451 secs]
50.881: [GC (Allocation Failure)  77132K->75061K(88576K), 0.0010005 secs]
50.882: [GC (Allocation Failure)  78157K->75061K(88576K), 0.0010126 secs]
50.884: [GC (Allocation Failure)  78156K->76085K(88576K), 0.0009790 secs]
50.885: [GC (Allocation Failure)  79172K->77621K(88576K), 0.0010580 secs]
50.887: [GC (Allocation Failure)  80714K->77621K(88576K), 0.0010554 secs]
50.888: [GC (Allocation Failure)  80705K->79669K(88064K), 0.0011438 secs]
50.890: [GC (Allocation Failure)  82241K->80693K(87040K), 0.0015540 secs]
50.892: [GC (Allocation Failure)  83266K->81205K(88064K), 0.0017278 secs]
50.893: [Full GC (Ergonomics)  81205K->69933K(88064K), 0.0312184 secs]
50.925: [GC (Allocation Failure)  72505K->70957K(88064K), 0.0021357 secs]
50.928: [GC (Allocation Failure)  73529K->71981K(88064K), 0.0013756 secs]
50.930: [GC (Allocation Failure)  74562K->72525K(88064K), 0.0016325 secs]
50.932: [GC (Allocation Failure)  75107K->73525K(88064K), 0.0013354 secs]
50.934: [GC (Allocation Failure)  76100K->74549K(87040K), 0.0016502 secs]
50.936: [GC (Allocation Failure)  77127K->75573K(87552K), 0.0012753 secs]
50.937: [GC (Allocation Failure)  78149K->76597K(87552K), 0.0014468 secs]
50.939: [GC (Allocation Failure)  79177K->77109K(87552K), 0.0012659 secs]
50.941: [GC (Allocation Failure)  79688K->77621K(87552K), 0.0014803 secs]
50.943: [GC (Allocation Failure)  80192K->78133K(87552K), 0.0012719 secs]
50.944: [GC (Allocation Failure)  80704K->79157K(87552K), 0.0012918 secs]
50.946: [GC (Allocation Failure)  81728K->79669K(87552K), 0.0012396 secs]
50.948: [GC (Allocation Failure)  82239K->80693K(87552K), 0.0012809 secs]
50.950: [GC (Allocation Failure)  83270K->81205K(87552K), 0.0012659 secs]
50.951: [GC (Allocation Failure)  83773K->83253K(87552K), 0.0017840 secs]
50.953: [Full GC (Ergonomics)  83253K->69933K(87040K), 0.0320375 secs]
50.986: [GC (Allocation Failure)  72506K->70957K(87040K), 0.0016918 secs]
50.988: [GC (Allocation Failure)  73532K->71469K(87040K), 0.0011653 secs]
50.990: [GC (Allocation Failure)  74050K->71981K(87040K), 0.0010067 secs]
50.991: [GC (Allocation Failure)  74557K->72045K(87040K), 0.0009663 secs]
50.992: [GC (Allocation Failure)  74617K->71997K(87040K), 0.0009926 secs]
50.994: [GC (Allocation Failure)  74569K->72509K(87040K), 0.0010032 secs]
50.995: [GC (Allocation Failure)  75086K->73533K(87040K), 0.0010272 secs]
50.997: [GC (Allocation Failure)  76124K->74045K(87040K), 0.0009926 secs]
50.998: [GC (Allocation Failure)  76627K->74557K(87040K), 0.0010149 secs]
51.000: [GC (Allocation Failure)  77142K->75069K(86016K), 0.0010589 secs]
51.001: [GC (Allocation Failure)  77644K->76093K(86016K), 0.0010255 secs]
51.003: [GC (Allocation Failure)  78158K->77117K(86528K), 0.0012846 secs]
51.004: [GC (Allocation Failure)  79180K->78141K(86528K), 0.0012632 secs]
51.006: [GC (Allocation Failure)  80203K->78141K(86528K), 0.0013758 secs]
51.008: [GC (Allocation Failure)  80198K->78653K(86528K), 0.0014393 secs]
51.010: [GC (Allocation Failure)  80717K->79677K(86528K), 0.0018895 secs]
51.012: [GC (Allocation Failure)  81737K->81725K(86528K), 0.0014347 secs]
51.014: [GC (Allocation Failure)  83786K->82237K(86528K), 0.0011761 secs]
51.015: [Full GC (Ergonomics)  82237K->74029K(91136K), 0.0295252 secs]
51.045: [GC (Allocation Failure)  76095K->75053K(91136K), 0.0022195 secs]
51.048: [GC (Allocation Failure)  77117K->75053K(91136K), 0.0013143 secs]
51.050: [GC (Allocation Failure)  77111K->75565K(91136K), 0.0012875 secs]
51.051: [GC (Allocation Failure)  77620K->77101K(91136K), 0.0014022 secs]
51.053: [GC (Allocation Failure)  79162K->77613K(91136K), 0.0013620 secs]
51.055: [GC (Allocation Failure)  79671K->78125K(91136K), 0.0011791 secs]
51.056: [GC (Allocation Failure)  80181K->79149K(91136K), 0.0011819 secs]
51.058: [GC (Allocation Failure)  81220K->79661K(91136K), 0.0017825 secs]
51.060: [GC (Allocation Failure)  81731K->80173K(91136K), 0.0011869 secs]
51.062: [GC (Allocation Failure)  82236K->80173K(91136K), 0.0012595 secs]
51.063: [GC (Allocation Failure)  82237K->80685K(91136K), 0.0012689 secs]
51.065: [GC (Allocation Failure)  82745K->82285K(91136K), 0.0013045 secs]
51.067: [GC (Allocation Failure)  84349K->82229K(91136K), 0.0012766 secs]
51.069: [GC (Allocation Failure)  84291K->82741K(91136K), 0.0013612 secs]
51.070: [GC (Allocation Failure)  84796K->83253K(91136K), 0.0012790 secs]
51.072: [GC (Allocation Failure)  85307K->83765K(91136K), 0.0012879 secs]
51.074: [GC (Allocation Failure)  85832K->85301K(91136K), 0.0016525 secs]
51.076: [GC (Allocation Failure)  87360K->85301K(91136K), 0.0014281 secs]
51.077: [Full GC (Ergonomics)  85301K->76589K(93184K), 0.0291168 secs]
51.107: [GC (Allocation Failure)  78651K->77613K(93184K), 0.0022477 secs]
51.110: [GC (Allocation Failure)  79675K->77613K(93184K), 0.0016823 secs]
51.112: [GC (Allocation Failure)  79675K->77613K(93184K), 0.0011619 secs]
51.113: [GC (Allocation Failure)  79676K->78637K(93184K), 0.0011666 secs]
51.115: [GC (Allocation Failure)  80702K->79150K(93184K), 0.0012643 secs]
51.117: [GC (Allocation Failure)  81213K->79150K(93184K), 0.0012777 secs]
51.118: [GC (Allocation Failure)  81212K->79662K(93184K), 0.0014294 secs]
51.120: [GC (Allocation Failure)  81721K->80174K(92160K), 0.0016419 secs]
51.122: [GC (Allocation Failure)  82234K->80686K(92672K), 0.0025773 secs]
51.125: [GC (Allocation Failure)  82754K->81198K(92672K), 0.0015133 secs]
51.127: [GC (Allocation Failure)  83265K->82222K(92672K), 0.0011246 secs]
51.129: [GC (Allocation Failure)  84282K->83246K(92672K), 0.0013038 secs]
51.130: [GC (Allocation Failure)  85317K->83758K(92672K), 0.0011905 secs]
51.132: [GC (Allocation Failure)  85824K->84270K(92672K), 0.0011833 secs]
51.134: [GC (Allocation Failure)  86332K->84302K(92672K), 0.0011980 secs]
51.135: [GC (Allocation Failure)  86366K->84790K(92672K), 0.0017015 secs]
51.137: [GC (Allocation Failure)  86850K->85302K(92672K), 0.0012414 secs]
51.139: [GC (Allocation Failure)  87361K->85814K(92672K), 0.0010689 secs]
51.140: [GC (Allocation Failure)  87879K->86326K(92672K), 0.0010899 secs]
51.142: [GC (Allocation Failure)  88394K->87350K(92672K), 0.0021606 secs]
51.145: [GC (Allocation Failure)  89410K->87862K(92672K), 0.0011749 secs]
51.146: [GC (Allocation Failure)  89919K->88374K(92672K), 0.0012169 secs]
51.147: [Full GC (Ergonomics)  88374K->77613K(93184K), 0.0286916 secs]
51.177: [GC (Allocation Failure)  79685K->77613K(93184K), 0.0017496 secs]
51.179: [GC (Allocation Failure)  79674K->78125K(93184K), 0.0011569 secs]
51.181: [GC (Allocation Failure)  80185K->78637K(93184K), 0.0009994 secs]
51.182: [GC (Allocation Failure)  80699K->79662K(93184K), 0.0010263 secs]
51.183: [GC (Allocation Failure)  81721K->80174K(93184K), 0.0010485 secs]
51.185: [GC (Allocation Failure)  82233K->80174K(93184K), 0.0009456 secs]
51.186: [GC (Allocation Failure)  82235K->80174K(93184K), 0.0009899 secs]
51.188: [GC (Allocation Failure)  82251K->80174K(93184K), 0.0009833 secs]
51.189: [GC (Allocation Failure)  82238K->81198K(93184K), 0.0009631 secs]
51.190: [GC (Allocation Failure)  83270K->81710K(93184K), 0.0010162 secs]
51.192: [GC (Allocation Failure)  83778K->81710K(93184K), 0.0009573 secs]
51.193: [GC (Allocation Failure)  83766K->82222K(93184K), 0.0009896 secs]
51.195: [GC (Allocation Failure)  84280K->82734K(93184K), 0.0009983 secs]
51.196: [GC (Allocation Failure)  84793K->83758K(93184K), 0.0010470 secs]
51.197: [GC (Allocation Failure)  85815K->83758K(93184K), 0.0009933 secs]
51.199: [GC (Allocation Failure)  85820K->84782K(93184K), 0.0010070 secs]
51.200: [GC (Allocation Failure)  86838K->85806K(92672K), 0.0010724 secs]
51.202: [GC (Allocation Failure)  87351K->86830K(93184K), 0.0010656 secs]
51.203: [GC (Allocation Failure)  88370K->87854K(93184K), 0.0013976 secs]
51.205: [GC (Allocation Failure)  89396K->88878K(93184K), 0.0013029 secs]
51.206: [Full GC (Ergonomics)  88878K->76589K(92672K), 0.0284949 secs]
51.236: [GC (Allocation Failure)  78136K->77613K(92672K), 0.0022743 secs]
51.238: [GC (Allocation Failure)  79160K->78637K(92672K), 0.0019795 secs]
51.241: [GC (Allocation Failure)  80184K->78637K(92672K), 0.0018264 secs]
51.243: [GC (Allocation Failure)  80179K->79149K(92672K), 0.0013754 secs]
51.245: [GC (Allocation Failure)  80692K->80686K(92672K), 0.0018222 secs]
51.247: [GC (Allocation Failure)  82226K->82222K(92672K), 0.0021917 secs]
51.250: [GC (Allocation Failure)  83771K->82734K(92160K), 0.0011719 secs]
51.252: [GC (Allocation Failure)  84279K->83246K(92672K), 0.0010893 secs]
51.253: [GC (Allocation Failure)  84788K->83758K(92672K), 0.0009961 secs]
51.255: [GC (Allocation Failure)  85300K->84270K(92672K), 0.0010303 secs]
51.256: [GC (Allocation Failure)  85817K->84782K(92672K), 0.0018053 secs]
51.258: [GC (Allocation Failure)  86329K->85294K(92672K), 0.0009919 secs]
51.260: [GC (Allocation Failure)  86843K->85806K(92672K), 0.0009793 secs]
51.261: [GC (Allocation Failure)  87348K->86830K(92672K), 0.0015413 secs]
51.263: [GC (Allocation Failure)  88371K->88366K(92672K), 0.0012178 secs]
51.264: [GC (Allocation Failure)  89908K->88366K(92672K), 0.0011956 secs]
51.266: [Full GC (Ergonomics)  88366K->83246K(99328K), 0.0303506 secs]
51.297: [GC (Allocation Failure)  84786K->84782K(98816K), 0.0017874 secs]
51.299: [GC (Allocation Failure)  85808K->85806K(98304K), 0.0012955 secs]
51.301: [GC (Allocation Failure)  86834K->86830K(98816K), 0.0010694 secs]
51.302: [GC (Allocation Failure)  87858K->87854K(98816K), 0.0010553 secs]
51.303: [GC (Allocation Failure)  88880K->88878K(98816K), 0.0010251 secs]
51.305: [GC (Allocation Failure)  89908K->88878K(98816K), 0.0010237 secs]
51.306: [GC (Allocation Failure)  89925K->89390K(98816K), 0.0010346 secs]
51.308: [GC (Allocation Failure)  90434K->89390K(98816K), 0.0010293 secs]
51.309: [GC (Allocation Failure)  90418K->89902K(98816K), 0.0009910 secs]
51.311: [GC (Allocation Failure)  90933K->90414K(98816K), 0.0010293 secs]
51.312: [GC (Allocation Failure)  91440K->91438K(98816K), 0.0012903 secs]
51.314: [GC (Allocation Failure)  92466K->91950K(98816K), 0.0014098 secs]
51.315: [GC (Allocation Failure)  92978K->92462K(98816K), 0.0011930 secs]
51.317: [GC (Allocation Failure)  93494K->92974K(97792K), 0.0018904 secs]
51.319: [GC (Allocation Failure)  94006K->93486K(98304K), 0.0010198 secs]
51.321: [GC (Allocation Failure)  94522K->93998K(98304K), 0.0010085 secs]
51.322: [GC (Allocation Failure)  95026K->95022K(98304K), 0.0010319 secs]
51.323: [Full GC (Ergonomics)  95022K->83758K(98816K), 0.0312574 secs]
51.355: [GC (Allocation Failure)  84792K->84782K(98816K), 0.0023335 secs]
51.358: [GC (Allocation Failure)  85813K->84782K(98304K), 0.0012557 secs]
51.372: [Full GC (Ergonomics)  152368K->60208K(74752K), 0.0391769 secs]
51.420: [Full GC (Ergonomics)  111922K->32559K(47104K), 0.0369827 secs]
51.468: [Full GC (Ergonomics)  102193K->28464K(43008K), 0.0347650 secs]
51.513: [Full GC (Ergonomics)  83249K->27439K(41984K), 0.0364136 secs]
51.557: [Full GC (Ergonomics)  74033K->27951K(42496K), 0.0335654 secs]
51.600: [Full GC (Ergonomics)  79665K->28464K(43008K), 0.0362968 secs]
51.644: [Full GC (Ergonomics)  76081K->31024K(45568K), 0.0342493 secs]
51.687: [Full GC (Ergonomics)  80178K->32049K(46592K), 0.0344951 secs]
51.730: [Full GC (Ergonomics)  84786K->31024K(45568K), 0.0345723 secs]
51.772: [Full GC (Ergonomics)  77106K->29489K(44032K), 0.0295279 secs]
51.808: [Full GC (Ergonomics)  72498K->30001K(44544K), 0.0290751 secs]
51.843: [Full GC (Ergonomics)  66354K->30513K(45056K), 0.0295083 secs]
51.878: [Full GC (Ergonomics)  68914K->30005K(44544K), 0.0285881 secs]
51.912: [Full GC (Ergonomics)  60214K->27957K(42496K), 0.0279053 secs]
51.945: [Full GC (Ergonomics)  60214K->24885K(39424K), 0.0278849 secs]
51.980: [Full GC (Ergonomics)  66358K->26422K(40960K), 0.0287129 secs]
52.015: [Full GC (Ergonomics)  66871K->25398K(39936K), 0.0326353 secs]
52.053: [Full GC (Ergonomics)  60727K->24884K(39424K), 0.0332786 secs]
52.091: [Full GC (Ergonomics)  54581K->20788K(35328K), 0.0329570 secs]
52.129: [Full GC (Ergonomics)  55093K->23860K(38400K), 0.0329756 secs]
52.167: [Full GC (Ergonomics)  54581K->25397K(39936K), 0.0319195 secs]
52.203: [Full GC (Ergonomics)  56629K->26421K(40960K), 0.0323962 secs]
52.241: [Full GC (Ergonomics)  61750K->30005K(44544K), 0.0327217 secs]
52.279: [Full GC (Ergonomics)  62262K->26933K(41472K), 0.0327522 secs]
52.316: [Full GC (Ergonomics)  57142K->27445K(41984K), 0.0322376 secs]
52.355: [Full GC (Ergonomics)  66358K->31541K(46080K), 0.0344212 secs]
52.394: [Full GC (Ergonomics)  61750K->27445K(41984K), 0.0346388 secs]
52.434: [Full GC (Ergonomics)  61751K->23349K(37888K), 0.0330228 secs]
52.471: [Full GC (Ergonomics)  53558K->27958K(42496K), 0.0317130 secs]
52.508: [Full GC (Ergonomics)  59191K->28470K(43008K), 0.0337787 secs]
52.546: [Full GC (Ergonomics)  57655K->30006K(44544K), 0.0318680 secs]
52.583: [Full GC (Ergonomics)  64311K->29494K(44032K), 0.0329732 secs]
52.621: [Full GC (Ergonomics)  61751K->30006K(44544K), 0.0334966 secs]
52.659: [Full GC (Ergonomics)  57143K->26934K(41472K), 0.0331800 secs]
52.696: [Full GC (Ergonomics)  54583K->24887K(39424K), 0.0314084 secs]
52.732: [Full GC (Ergonomics)  54584K->22327K(36864K), 0.0319929 secs]
52.769: [Full GC (Ergonomics)  53560K->22327K(36864K), 0.0323061 secs]
52.807: [Full GC (Ergonomics)  56120K->22839K(37376K), 0.0329668 secs]
52.845: [Full GC (Ergonomics)  55096K->24887K(39424K), 0.0340385 secs]
52.883: [Full GC (Ergonomics)  53048K->21816K(36352K), 0.0317773 secs]
52.919: [Full GC (Ergonomics)  51000K->22840K(37376K), 0.0357662 secs]
52.960: [Full GC (Ergonomics)  52536K->21304K(35840K), 0.0346052 secs]
52.998: [Full GC (Ergonomics)  46904K->20792K(35328K), 0.0313649 secs]
53.034: [Full GC (Ergonomics)  51001K->24376K(38912K), 0.0319107 secs]
53.070: [Full GC (Ergonomics)  54585K->26425K(40960K), 0.0271429 secs]
53.102: [Full GC (Ergonomics)  58682K->28985K(43520K), 0.0327174 secs]
53.139: [Full GC (Ergonomics)  58170K->28473K(43008K), 0.0324105 secs]
53.176: [Full GC (Ergonomics)  59194K->26425K(40960K), 0.0339142 secs]
53.214: [Full GC (Ergonomics)  54074K->23865K(38400K), 0.0295809 secs]
53.249: [Full GC (Ergonomics)  56122K->24889K(39424K), 0.0274920 secs]
53.281: [Full GC (Ergonomics)  55098K->25401K(39936K), 0.0277976 secs]
53.313: [Full GC (Ergonomics)  54074K->25401K(39936K), 0.0271993 secs]
53.344: [Full GC (Ergonomics)  51002K->27962K(42496K), 0.0270863 secs]
53.376: [Full GC (Ergonomics)  56634K->27450K(41984K), 0.0284198 secs]
53.408: [Full GC (Ergonomics)  54587K->27962K(42496K), 0.0303589 secs]
53.442: [Full GC (Ergonomics)  56123K->27962K(42496K), 0.0292410 secs]
53.475: [Full GC (Ergonomics)  51003K->28474K(43008K), 0.0298100 secs]
53.509: [Full GC (Ergonomics)  60219K->28986K(43520K), 0.0280830 secs]
53.542: [Full GC (Ergonomics)  58683K->28474K(43008K), 0.0282228 secs]
53.575: [Full GC (Ergonomics)  57659K->27451K(41984K), 0.0318423 secs]
53.611: [Full GC (Ergonomics)  58172K->27963K(42496K), 0.0334329 secs]
53.648: [Full GC (Ergonomics)  53052K->27963K(42496K), 0.0324873 secs]
53.686: [Full GC (Ergonomics)  59708K->26427K(40960K), 0.0324596 secs]
53.722: [Full GC (Ergonomics)  52028K->24891K(39424K), 0.0335787 secs]
53.760: [Full GC (Ergonomics)  53564K->25403K(39936K), 0.0331360 secs]
53.797: [Full GC (Ergonomics)  55100K->25404K(39936K), 0.0320763 secs]
53.834: [Full GC (Ergonomics)  56637K->26428K(40960K), 0.0285122 secs]
53.867: [Full GC (Ergonomics)  55613K->26428K(40960K), 0.0273710 secs]
53.900: [Full GC (Ergonomics)  59709K->26940K(41472K), 0.0282073 secs]
53.932: [Full GC (Ergonomics)  56637K->26428K(40960K), 0.0279157 secs]
53.964: [Full GC (Ergonomics)  52029K->25404K(39936K), 0.0274195 secs]
53.996: [Full GC (Ergonomics)  55613K->27453K(41984K), 0.0271377 secs]
54.028: [Full GC (Ergonomics)  58686K->27453K(41984K), 0.0281205 secs]
54.061: [Full GC (Ergonomics)  55101K->27453K(41984K), 0.0323207 secs]
54.098: [Full GC (Ergonomics)  59710K->29501K(44032K), 0.0276680 secs]
54.129: [Full GC (Ergonomics)  55614K->25917K(40448K), 0.0274459 secs]
54.161: [Full GC (Ergonomics)  56126K->27453K(41984K), 0.0278276 secs]
54.194: [Full GC (Ergonomics)  54078K->28478K(43008K), 0.0298133 secs]
54.227: [Full GC (Ergonomics)  54590K->26429K(40960K), 0.0283836 secs]
54.260: [Full GC (Ergonomics)  55102K->25917K(40448K), 0.0277639 secs]
54.293: [Full GC (Ergonomics)  59198K->24894K(39424K), 0.0287462 secs]
54.325: [Full GC (Ergonomics)  50495K->26430K(40960K), 0.0283481 secs]
54.357: [Full GC (Ergonomics)  51007K->27454K(41984K), 0.0268568 secs]
54.388: [Full GC (Ergonomics)  57151K->27454K(41984K), 0.0271400 secs]
54.419: [Full GC (Ergonomics)  51007K->26942K(41472K), 0.0268248 secs]
54.450: [Full GC (Ergonomics)  55103K->26942K(41472K), 0.0274097 secs]
54.482: [Full GC (Ergonomics)  56639K->27967K(42496K), 0.0294578 secs]
54.516: [Full GC (Ergonomics)  57152K->27455K(41984K), 0.0273586 secs]
54.547: [Full GC (Ergonomics)  54080K->29503K(44032K), 0.0275738 secs]
54.580: [Full GC (Ergonomics)  59712K->30015K(44544K), 0.0333758 secs]
54.617: [Full GC (Ergonomics)  58688K->27967K(42496K), 0.0337313 secs]
54.688: [Full GC (Ergonomics)  222533K->46082K(60416K), 0.0399799 secs]
54.747: [Full GC (Ergonomics)  152581K->64002K(78336K), 0.0332175 secs]
54.783: [Full GC (Ergonomics)  84483K->58176K(72704K), 0.0329029 secs]
54.819: [Full GC (Ergonomics)  80193K->58688K(73216K), 0.0271961 secs]
54.852: [Full GC (Ergonomics)  94529K->59200K(73728K), 0.0306844 secs]
54.890: [Full GC (Ergonomics)  105282K->60224K(74752K), 0.0310554 secs]
54.924: [Full GC (Ergonomics)  83777K->58688K(73216K), 0.0282930 secs]
54.962: [Full GC (Ergonomics)  115522K->63296K(77824K), 0.0312176 secs]
54.997: [Full GC (Ergonomics)  85825K->59202K(73728K), 0.0300417 secs]
55.039: [Full GC (Ergonomics)  128836K->62786K(77312K), 0.0315689 secs]
55.074: [Full GC (Ergonomics)  84803K->57154K(71680K), 0.0326229 secs]
55.118: [Full GC (Ergonomics)  122180K->59714K(74240K), 0.0341730 secs]
55.161: [Full GC (Ergonomics)  111428K->62275K(76800K), 0.0310810 secs]
55.196: [Full GC (Ergonomics)  84803K->58179K(72704K), 0.0335786 secs]
55.233: [Full GC (Ergonomics)  86340K->55619K(70144K), 0.0298413 secs]
55.275: [Full GC (Ergonomics)  123205K->58691K(73216K), 0.0332976 secs]
55.314: [Full GC (Ergonomics)  91460K->58179K(72704K), 0.0285715 secs]
55.345: [Full GC (Ergonomics)  79171K->59203K(73728K), 0.0308856 secs]
55.388: [Full GC (Ergonomics)  126789K->58691K(73216K), 0.0320597 secs]
55.423: [Full GC (Ergonomics)  80708K->56643K(71168K), 0.0283105 secs]
55.461: [Full GC (Ergonomics)  115013K->62275K(76800K), 0.0314253 secs]
55.496: [Full GC (Ergonomics)  84804K->57155K(71680K), 0.0315513 secs]
55.538: [Full GC (Ergonomics)  117573K->61251K(75776K), 0.0325622 secs]
55.573: [Full GC (Ergonomics)  82756K->55107K(69632K), 0.0343450 secs]
55.619: [Full GC (Ergonomics)  119621K->58179K(72704K), 0.0323679 secs]
55.655: [Full GC (Ergonomics)  80708K->56643K(71168K), 0.0288027 secs]
55.692: [Full GC (Ergonomics)  107844K->58691K(73216K), 0.0326379 secs]
55.728: [Full GC (Ergonomics)  80708K->59715K(74240K), 0.0282806 secs]
55.766: [Full GC (Ergonomics)  116037K->60739K(75264K), 0.0311106 secs]
55.806: [Full GC (Ergonomics)  108868K->58691K(73216K), 0.0305121 secs]
55.840: [Full GC (Ergonomics)  83268K->56646K(71168K), 0.0301317 secs]
55.884: [Full GC (Ergonomics)  129352K->64326K(78848K), 0.0306132 secs]
55.918: [Full GC (Ergonomics)  87367K->54086K(68608K), 0.0329431 secs]
55.964: [Full GC (Ergonomics)  129352K->60230K(74752K), 0.0327070 secs]
56.003: [Full GC (Ergonomics)  97607K->59719K(74240K), 0.0341108 secs]
56.043: [Full GC (Ergonomics)  95560K->58694K(73216K), 0.0308335 secs]
56.081: [Full GC (Ergonomics)  102728K->60231K(74752K), 0.0309833 secs]
56.116: [Full GC (Ergonomics)  84296K->59207K(73728K), 0.0288657 secs]
56.155: [Full GC (Ergonomics)  116041K->64327K(78848K), 0.0311709 secs]
56.194: [Full GC (Ergonomics)  109896K->60743K(75264K), 0.0319669 secs]
56.230: [Full GC (Ergonomics)  85832K->54599K(69120K), 0.0341179 secs]
56.276: [Full GC (Ergonomics)  124233K->57672K(72192K), 0.0320278 secs]
56.311: [Full GC (Ergonomics)  81224K->56648K(71168K), 0.0292775 secs]
56.348: [Full GC (Ergonomics)  104265K->60744K(75264K), 0.0298586 secs]
56.382: [Full GC (Ergonomics)  85321K->54088K(68608K), 0.0344207 secs]
56.429: [Full GC (Ergonomics)  126282K->59720K(74240K), 0.0325678 secs]
56.469: [Full GC (Ergonomics)  106314K->59720K(74240K), 0.0320188 secs]
56.505: [Full GC (Ergonomics)  85321K->59208K(73728K), 0.0291396 secs]
56.543: [Full GC (Ergonomics)  111434K->59720K(74240K), 0.0318821 secs]
56.577: [Full GC (Ergonomics)  78665K->56648K(71168K), 0.0318437 secs]
56.619: [Full GC (Ergonomics)  115530K->57672K(72192K), 0.0343616 secs]
56.656: [Full GC (Ergonomics)  79177K->58184K(72704K), 0.0282816 secs]
56.696: [Full GC (Ergonomics)  121674K->61256K(75776K), 0.0318303 secs]
56.731: [Full GC (Ergonomics)  85833K->55112K(69632K), 0.0314484 secs]
56.775: [Full GC (Ergonomics)  123210K->60744K(75264K), 0.0314729 secs]
56.812: [Full GC (Ergonomics)  94537K->57672K(72192K), 0.0315404 secs]
56.846: [Full GC (Ergonomics)  78665K->57672K(72192K), 0.0285349 secs]
56.887: [Full GC (Ergonomics)  126794K->60744K(75264K), 0.0327156 secs]
56.927: [Full GC (Ergonomics)  103754K->61256K(75776K), 0.0287824 secs]
56.961: [Full GC (Ergonomics)  98633K->60744K(75264K), 0.0305307 secs]
56.996: [Full GC (Ergonomics)  87369K->56648K(71168K), 0.0329255 secs]
57.040: [Full GC (Ergonomics)  122698K->58184K(72704K), 0.0322193 secs]
57.077: [Full GC (Ergonomics)  85833K->57160K(71680K), 0.0299875 secs]
57.117: [Full GC (Ergonomics)  115018K->59208K(73728K), 0.0305848 secs]
57.155: [Full GC (Ergonomics)  100169K->57160K(71680K), 0.0313911 secs]
57.190: [Full GC (Ergonomics)  79689K->55628K(70144K), 0.0310106 secs]
57.234: [Full GC (Ergonomics)  134990K->64332K(78848K), 0.0344518 secs]
57.276: [Full GC (Ergonomics)  107853K->57164K(71680K), 0.0349484 secs]
57.323: [Full GC (Ergonomics)  126286K->58188K(72704K), 0.0342521 secs]
57.360: [Full GC (Ergonomics)  78157K->58700K(73216K), 0.0281286 secs]
57.397: [Full GC (Ergonomics)  107854K->61773K(76288K), 0.0317227 secs]
57.434: [Full GC (Ergonomics)  96590K->58189K(72704K), 0.0299581 secs]
57.471: [Full GC (Ergonomics)  101198K->58189K(72704K), 0.0303102 secs]
57.506: [Full GC (Ergonomics)  83790K->56653K(71168K), 0.0295364 secs]
57.546: [Full GC (Ergonomics)  120655K->61261K(75776K), 0.0304427 secs]
57.585: [Full GC (Ergonomics)  109903K->58702K(73216K), 0.0312964 secs]
57.619: [Full GC (Ergonomics)  81230K->57166K(71680K), 0.0312394 secs]
57.661: [Full GC (Ergonomics)  118607K->60750K(75264K), 0.0306639 secs]
57.695: [Full GC (Ergonomics)  84302K->56141K(70656K), 0.0345908 secs]
57.742: [Full GC (Ergonomics)  127312K->57166K(71680K), 0.0347831 secs]
57.783: [Full GC (Ergonomics)  95055K->58703K(73216K), 0.0288461 secs]
57.815: [Full GC (Ergonomics)  82255K->55118K(69632K), 0.0287028 secs]
57.853: [Full GC (Ergonomics)  107344K->59215K(73728K), 0.0332414 secs]
57.895: [Full GC (Ergonomics)  111440K->58191K(72704K), 0.0326294 secs]
57.936: [Full GC (Ergonomics)  102224K->58703K(73216K), 0.0303796 secs]
57.970: [Full GC (Ergonomics)  82256K->58191K(72704K), 0.0281997 secs]
58.007: [Full GC (Ergonomics)  109905K->60751K(75264K), 0.0315857 secs]
58.047: [Full GC (Ergonomics)  112465K->58191K(72704K), 0.0338489 secs]
58.085: [Full GC (Ergonomics)  84304K->53072K(67584K), 0.0293462 secs]
58.124: [Full GC (Ergonomics)  112977K->58704K(73216K), 0.0306548 secs]
58.158: [Full GC (Ergonomics)  82257K->60240K(74752K), 0.0296667 secs]
58.196: [Full GC (Ergonomics)  108881K->60752K(75264K), 0.0319151 secs]
58.234: [Full GC (Ergonomics)  98129K->60240K(74752K), 0.0310187 secs]
58.269: [Full GC (Ergonomics)  84817K->56145K(70656K), 0.0348380 secs]
58.315: [Full GC (Ergonomics)  119123K->59217K(73728K), 0.0332907 secs]
58.356: [Full GC (Ergonomics)  107346K->62289K(76800K), 0.0289643 secs]
58.388: [Full GC (Ergonomics)  82769K->57681K(72192K), 0.0305560 secs]
58.428: [Full GC (Ergonomics)  108371K->58193K(72704K), 0.0310948 secs]
58.467: [Full GC (Ergonomics)  105811K->60753K(75264K), 0.0315211 secs]
58.502: [Full GC (Ergonomics)  83794K->56145K(70656K), 0.0299754 secs]
58.542: [Full GC (Ergonomics)  114003K->58193K(72704K), 0.0309091 secs]
58.576: [Full GC (Ergonomics)  77650K->59217K(73728K), 0.0296123 secs]
58.616: [Full GC (Ergonomics)  119123K->61265K(75776K), 0.0346716 secs]
58.658: [Full GC (Ergonomics)  107347K->63825K(78336K), 0.0307401 secs]
58.692: [Full GC (Ergonomics)  83794K->57681K(72192K), 0.0339240 secs]
58.737: [Full GC (Ergonomics)  121171K->58195K(72704K), 0.0314349 secs]
58.772: [Full GC (Ergonomics)  83795K->54611K(69120K), 0.0278758 secs]
58.811: [Full GC (Ergonomics)  118101K->58707K(73216K), 0.0331731 secs]
58.853: [Full GC (Ergonomics)  111445K->59731K(74240K), 0.0297087 secs]
58.891: [Full GC (Ergonomics)  108372K->57683K(72192K), 0.0305432 secs]
58.927: [Full GC (Ergonomics)  88404K->59731K(74240K), 0.0279131 secs]
58.960: [Full GC (Ergonomics)  95060K->57683K(72192K), 0.0300133 secs]
58.998: [Full GC (Ergonomics)  106325K->56659K(71168K), 0.0311356 secs]
59.036: [Full GC (Ergonomics)  97109K->59219K(73728K), 0.0306661 secs]
59.077: [Full GC (Ergonomics)  119637K->58195K(72704K), 0.0375583 secs]
59.118: [Full GC (Ergonomics)  82772K->56659K(71168K), 0.0279982 secs]
59.157: [Full GC (Ergonomics)  123221K->58196K(72704K), 0.0315221 secs]
59.193: [Full GC (Ergonomics)  86357K->57685K(72192K), 0.0287102 secs]
59.227: [Full GC (Ergonomics)  88918K->53077K(67584K), 0.0365326 secs]
59.277: [Full GC (Ergonomics)  127319K->60245K(74752K), 0.0319260 secs]
59.316: [Full GC (Ergonomics)  103254K->57173K(71680K), 0.0304388 secs]
59.349: [Full GC (Ergonomics)  79701K->57173K(71680K), 0.0293108 secs]
59.388: [Full GC (Ergonomics)  107862K->59221K(73728K), 0.0288805 secs]
59.425: [Full GC (Ergonomics)  107350K->56661K(71168K), 0.0315488 secs]
59.461: [Full GC (Ergonomics)  86870K->55637K(70144K), 0.0295834 secs]
59.498: [Full GC (Ergonomics)  98134K->59221K(73728K), 0.0292562 secs]
59.533: [Full GC (Ergonomics)  93014K->55637K(70144K), 0.0328026 secs]
59.571: [Full GC (Ergonomics)  91478K->56149K(70656K), 0.0280030 secs]
59.608: [Full GC (Ergonomics)  103766K->59733K(74240K), 0.0294039 secs]
59.646: [Full GC (Ergonomics)  115542K->57685K(72192K), 0.0314675 secs]
59.683: [Full GC (Ergonomics)  87894K->57685K(72192K), 0.0311462 secs]
59.725: [Full GC (Ergonomics)  120663K->59733K(74240K), 0.0318591 secs]
59.764: [Full GC (Ergonomics)  99158K->60245K(74752K), 0.0301456 secs]
59.797: [Full GC (Ergonomics)  80725K->58197K(72704K), 0.0276645 secs]
59.834: [Full GC (Ergonomics)  109910K->59221K(73728K), 0.0310192 secs]
59.868: [Full GC (Ergonomics)  77653K->56152K(70656K), 0.0348310 secs]
59.919: [Full GC (Ergonomics)  144730K->57688K(72192K), 0.0359749 secs]
59.969: [Full GC (Ergonomics)  115034K->58200K(72704K), 0.0321660 secs]
60.005: [Full GC (Ergonomics)  86873K->59736K(74240K), 0.0299558 secs]
60.043: [Full GC (Ergonomics)  106841K->56152K(70656K), 0.0351960 secs]
60.082: [Full GC (Ergonomics)  79193K->57689K(72192K), 0.0303836 secs]
60.124: [Full GC (Ergonomics)  121691K->58204K(72704K), 0.0325545 secs]
60.163: [Full GC (Ergonomics)  98141K->56156K(70656K), 0.0302017 secs]
60.200: [Full GC (Ergonomics)  95069K->59740K(74240K), 0.0295105 secs]
60.232: [Full GC (Ergonomics)  79709K->58204K(72704K), 0.0304699 secs]
60.274: [Full GC (Ergonomics)  120670K->58204K(72704K), 0.0320198 secs]
60.309: [Full GC (Ergonomics)  79197K->57692K(72192K), 0.0285420 secs]
60.347: [Full GC (Ergonomics)  111966K->60764K(75264K), 0.0319573 secs]
60.382: [Full GC (Ergonomics)  85341K->55644K(70144K), 0.0309040 secs]
60.425: [Full GC (Ergonomics)  122718K->59740K(74240K), 0.0329492 secs]
60.467: [Full GC (Ergonomics)  111454K->58204K(72704K), 0.0343932 secs]
60.506: [Full GC (Ergonomics)  83293K->59228K(73728K), 0.0290199 secs]
60.544: [Full GC (Ergonomics)  114526K->61276K(75776K), 0.0336448 secs]
60.580: [Full GC (Ergonomics)  82269K->57692K(72192K), 0.0326671 secs]
60.626: [Full GC (Ergonomics)  128862K->59740K(74240K), 0.0339539 secs]
60.664: [Full GC (Ergonomics)  84829K->59228K(73728K), 0.0304191 secs]
60.704: [Full GC (Ergonomics)  112990K->60764K(75264K), 0.0312641 secs]
60.738: [Full GC (Ergonomics)  84829K->59228K(73728K), 0.0286754 secs]
60.774: [Full GC (Ergonomics)  102749K->59740K(74240K), 0.0319710 secs]
60.809: [Full GC (Ergonomics)  80733K->56668K(71168K), 0.0280020 secs]
60.849: [Full GC (Ergonomics)  122206K->56159K(70656K), 0.0551945 secs]
60.914: [Full GC (Ergonomics)  116064K->55135K(69632K), 0.0322502 secs]
60.953: [Full GC (Ergonomics)  92512K->58719K(73216K), 0.0296921 secs]
60.985: [Full GC (Ergonomics)  81247K->57183K(71680K), 0.0287044 secs]
61.026: [Full GC (Ergonomics)  109920K->59231K(73728K), 0.0319444 secs]
61.066: [Full GC (Ergonomics)  102240K->62307K(76800K), 0.0314916 secs]
61.100: [Full GC (Ergonomics)  85347K->57185K(71680K), 0.0325942 secs]
61.144: [Full GC (Ergonomics)  111971K->61794K(76288K), 0.0323342 secs]
61.182: [Full GC (Ergonomics)  93539K->55650K(70144K), 0.0352207 secs]
61.227: [Full GC (Ergonomics)  113508K->57698K(72192K), 0.0339932 secs]
61.264: [Full GC (Ergonomics)  73570K->58212K(72704K), 0.0268222 secs]
61.294: [Full GC (Ergonomics)  82277K->58212K(72704K), 0.0294683 secs]
61.343: [Full GC (Ergonomics)  164199K->57188K(71680K), 0.0367017 secs]
61.382: [Full GC (Ergonomics)  77157K->58213K(72704K), 0.0289407 secs]
61.423: [Full GC (Ergonomics)  123239K->62309K(76800K), 0.0326424 secs]
61.458: [Full GC (Ergonomics)  84837K->56165K(70656K), 0.0298565 secs]
61.502: [Full GC (Ergonomics)  132455K->60261K(74752K), 0.0333390 secs]
61.540: [Full GC (Ergonomics)  90982K->57189K(71680K), 0.0313635 secs]
61.574: [Full GC (Ergonomics)  71526K->57702K(72192K), 0.0268223 secs]
61.612: [Full GC (Ergonomics)  123240K->61798K(76288K), 0.0333274 secs]
61.650: [Full GC (Ergonomics)  92007K->56166K(70656K), 0.0363084 secs]
61.702: [Full GC (Ergonomics)  142696K->57183K(71680K), 0.0784320 secs]
61.791: [Full GC (Ergonomics)  119648K->58719K(73216K), 0.0318728 secs]
61.826: [Full GC (Ergonomics)  78176K->57695K(72192K), 0.0277191 secs]
61.860: [Full GC (Ergonomics)  94048K->60255K(74752K), 0.0291826 secs]
61.893: [Full GC (Ergonomics)  85856K->56671K(71168K), 0.0310256 secs]
61.935: [Full GC (Ergonomics)  116065K->60768K(75264K), 0.0309935 secs]
61.969: [Full GC (Ergonomics)  82784K->57696K(72192K), 0.0298676 secs]
62.010: [Full GC (Ergonomics)  121186K->59744K(74240K), 0.0322868 secs]
62.049: [Full GC (Ergonomics)  100193K->57184K(71680K), 0.0309566 secs]
62.084: [Full GC (Ergonomics)  78177K->57704K(72192K), 0.0288234 secs]
62.118: [Full GC (Ergonomics)  85352K->54632K(69120K), 0.0311075 secs]
62.165: [Full GC (Ergonomics)  139114K->57706K(72192K), 0.0328181 secs]
62.207: [Full GC (Ergonomics)  114028K->59754K(74240K), 0.0305202 secs]
62.240: [Full GC (Ergonomics)  79723K->57706K(72192K), 0.0281779 secs]
62.277: [Full GC (Ergonomics)  105835K->60266K(74752K), 0.0292741 secs]
62.314: [Full GC (Ergonomics)  108396K->59242K(73728K), 0.0341774 secs]
62.352: [Full GC (Ergonomics)  82795K->56170K(70656K), 0.0291975 secs]
62.393: [Full GC (Ergonomics)  124780K->64362K(78848K), 0.0334740 secs]
62.431: [Full GC (Ergonomics)  92011K->59754K(74240K), 0.0316339 secs]
62.466: [Full GC (Ergonomics)  83819K->59754K(74240K), 0.0280089 secs]
62.505: [Full GC (Ergonomics)  118124K->61802K(76288K), 0.0308934 secs]
62.543: [Full GC (Ergonomics)  105835K->57516K(71680K), 0.0758864 secs]
62.633: [Full GC (Ergonomics)  132271K->63149K(77312K), 0.0324025 secs]
62.668: [Full GC (Ergonomics)  80045K->57004K(71168K), 0.0318692 secs]
62.706: [Full GC (Ergonomics)  93869K->57516K(71680K), 0.0303358 secs]
62.743: [Full GC (Ergonomics)  97454K->58540K(72704K), 0.0293563 secs]
62.776: [Full GC (Ergonomics)  83117K->55980K(70144K), 0.0285496 secs]
62.816: [Full GC (Ergonomics)  119470K->58028K(72192K), 0.0310296 secs]
62.851: [Full GC (Ergonomics)  83117K->58028K(72192K), 0.0289696 secs]
62.887: [Full GC (Ergonomics)  100014K->59052K(73216K), 0.0302972 secs]
62.921: [Full GC (Ergonomics)  84141K->58028K(72192K), 0.0296297 secs]
62.963: [Full GC (Ergonomics)  126638K->61613K(75776K), 0.0332044 secs]
62.998: [Full GC (Ergonomics)  79021K->60076K(74240K), 0.0295847 secs]
63.038: [Full GC (Ergonomics)  117934K->58028K(72192K), 0.0339910 secs]
63.077: [Full GC (Ergonomics)  93869K->59564K(73728K), 0.0288824 secs]
63.112: [Full GC (Ergonomics)  92333K->55985K(70144K), 0.0301278 secs]
63.155: [Full GC (Ergonomics)  127155K->62129K(76288K), 0.0313996 secs]
63.194: [Full GC (Ergonomics)  106162K->58033K(72192K), 0.0349415 secs]
63.232: [Full GC (Ergonomics)  77490K->54449K(68608K), 0.0315702 secs]
63.276: [Full GC (Ergonomics)  118451K->58037K(72192K), 0.0316087 secs]
63.314: [Full GC (Ergonomics)  90806K->60085K(74240K), 0.0294295 secs]
63.349: [Full GC (Ergonomics)  94902K->58036K(72192K), 0.0345752 secs]
63.389: [Full GC (Ergonomics)  84661K->56499K(70656K), 0.0516534 secs]
63.452: [Full GC (Ergonomics)  119477K->57534K(71680K), 0.0319302 secs]
63.488: [Full GC (Ergonomics)  81086K->56510K(70656K), 0.0273779 secs]
63.518: [Full GC (Ergonomics)  76991K->57022K(71168K), 0.0287978 secs]
63.557: [Full GC (Ergonomics)  114368K->57022K(71168K), 0.0315242 secs]
63.595: [Full GC (Ergonomics)  92351K->57022K(71168K), 0.0308372 secs]
63.636: [Full GC (Ergonomics)  115904K->57022K(71168K), 0.0329416 secs]
63.677: [Full GC (Ergonomics)  102591K->57534K(71680K), 0.0300961 secs]
63.711: [Full GC (Ergonomics)  82111K->56510K(70656K), 0.0291380 secs]
63.749: [Full GC (Ergonomics)  108224K->60094K(74240K), 0.0315793 secs]
63.789: [Full GC (Ergonomics)  112832K->57534K(71680K), 0.0326325 secs]
63.830: [Full GC (Ergonomics)  105151K->59582K(73728K), 0.0303494 secs]
63.867: [Full GC (Ergonomics)  97983K->57534K(71680K), 0.0326916 secs]
63.909: [Full GC (Ergonomics)  105663K->62142K(76288K), 0.0327852 secs]
63.945: [Full GC (Ergonomics)  86719K->56510K(70656K), 0.0323524 secs]
63.987: [Full GC (Ergonomics)  109248K->59582K(73728K), 0.0308596 secs]
64.026: [Full GC (Ergonomics)  99519K->60094K(74240K), 0.0308537 secs]
64.061: [Full GC (Ergonomics)  89791K->59582K(73728K), 0.0296052 secs]
64.100: [Full GC (Ergonomics)  113856K->58558K(72704K), 0.0327035 secs]
64.141: [Full GC (Ergonomics)  105663K->61118K(75264K), 0.0320044 secs]
64.177: [Full GC (Ergonomics)  84671K->60094K(74240K), 0.0291460 secs]
64.215: [Full GC (Ergonomics)  110784K->57531K(71680K), 0.0466128 secs]
64.272: [Full GC (Ergonomics)  112829K->57531K(71680K), 0.0317399 secs]
64.309: [Full GC (Ergonomics)  92860K->60091K(74240K), 0.0289596 secs]
64.343: [Full GC (Ergonomics)  86716K->58047K(72192K), 0.0300685 secs]
64.375: [GC (Allocation Failure)  67263K->66335K(72704K), 0.0018837 secs]
64.387: [Full GC (Ergonomics)  121120K->63167K(77824K), 0.0319439 secs]
64.424: [Full GC (Ergonomics)  92352K->55488K(70144K), 0.0313965 secs]
64.472: [Full GC (Ergonomics)  140994K->60096K(74752K), 0.0334195 secs]
64.514: [Full GC (Ergonomics)  110273K->63168K(77824K), 0.0318223 secs]
64.552: [Full GC (Ergonomics)  94401K->57027K(71680K), 0.0364561 secs]
64.597: [Full GC (Ergonomics)  108740K->58051K(72704K), 0.0309023 secs]
64.635: [Full GC (Ergonomics)  97988K->57539K(72192K), 0.0310186 secs]
64.669: [Full GC (Ergonomics)  80068K->56003K(70656K), 0.0299914 secs]
64.707: [Full GC (Ergonomics)  107716K->58563K(73216K), 0.0305370 secs]
64.743: [Full GC (Ergonomics)  88260K->56003K(70656K), 0.0297370 secs]
64.782: [Full GC (Ergonomics)  112325K->58051K(72704K), 0.0321763 secs]
64.817: [Full GC (Ergonomics)  79043K->58563K(73216K), 0.0300143 secs]
64.859: [Full GC (Ergonomics)  125637K->60611K(75264K), 0.0344068 secs]
64.897: [Full GC (Ergonomics)  83140K->59075K(73728K), 0.0322939 secs]
64.940: [Full GC (Ergonomics)  116421K->59587K(74240K), 0.0323443 secs]
64.976: [Full GC (Ergonomics)  86212K->60611K(75264K), 0.0286750 secs]
65.013: [Full GC (Ergonomics)  113861K->64707K(79360K), 0.0316377 secs]
65.054: [Full GC (Ergonomics)  113861K->58051K(72704K), 0.0363788 secs]
65.093: [Full GC (Ergonomics)  78531K->60099K(74752K), 0.0281880 secs]
65.131: [Full GC (Ergonomics)  118469K->58051K(72704K), 0.0349839 secs]
65.170: [Full GC (Ergonomics)  86724K->57539K(72192K), 0.0309995 secs]
65.206: [Full GC (Ergonomics)  83652K->56515K(71168K), 0.0278406 secs]
65.237: [Full GC (Ergonomics)  79043K->57027K(71680K), 0.0292614 secs]
65.274: [Full GC (Ergonomics)  100548K->59075K(73728K), 0.0292183 secs]
65.312: [Full GC (Ergonomics)  114885K->57027K(71680K), 0.0316515 secs]
65.347: [Full GC (Ergonomics)  80068K->56003K(70656K), 0.0316801 secs]
65.389: [Full GC (Ergonomics)  109252K->61123K(75776K), 0.0332464 secs]
65.430: [Full GC (Ergonomics)  103620K->57539K(72192K), 0.0315329 secs]
65.463: [Full GC (Ergonomics)  72899K->59590K(74240K), 0.0274701 secs]
65.500: [Full GC (Ergonomics)  110280K->54470K(69120K), 0.0330249 secs]
65.540: [Full GC (Ergonomics)  92359K->59595K(74752K), 0.0296146 secs]
65.586: [Full GC (Ergonomics)  151758K->64204K(79360K), 0.0359162 secs]
65.626: [Full GC (Ergonomics)  89292K->57547K(72704K), 0.0353889 secs]
65.672: [Full GC (Ergonomics)  122061K->58571K(73728K), 0.0320041 secs]
65.708: [Full GC (Ergonomics)  81612K->59084K(74240K), 0.0289297 secs]
65.743: [Full GC (Ergonomics)  100557K->59596K(74752K), 0.0305746 secs]
65.781: [Full GC (Ergonomics)  103117K->60108K(75264K), 0.0319933 secs]
65.819: [Full GC (Ergonomics)  87757K->57551K(72704K), 0.0297917 secs]
65.862: [Full GC (Ergonomics)  128721K->57662K(72704K), 0.0663176 secs]
65.931: [Full GC (Ergonomics)  80703K->56638K(71680K), 0.0297756 secs]
65.974: [Full GC (Ergonomics)  124736K->59198K(74240K), 0.0332407 secs]
66.010: [Full GC (Ergonomics)  81727K->56638K(71680K), 0.0313810 secs]
66.049: [Full GC (Ergonomics)  103743K->59198K(74240K), 0.0314015 secs]
66.083: [Full GC (Ergonomics)  79167K->57150K(72192K), 0.0284619 secs]
66.122: [Full GC (Ergonomics)  116032K->58174K(73216K), 0.0312182 secs]
66.156: [Full GC (Ergonomics)  76095K->58174K(73216K), 0.0278656 secs]
66.195: [Full GC (Ergonomics)  121152K->59710K(74752K), 0.0318707 secs]
66.232: [Full GC (Ergonomics)  95039K->58174K(73216K), 0.0309093 secs]
66.273: [Full GC (Ergonomics)  118080K->57150K(72192K), 0.0328904 secs]
66.314: [Full GC (Ergonomics)  101695K->60734K(75776K), 0.0302135 secs]
66.347: [Full GC (Ergonomics)  84799K->56126K(71168K), 0.0330157 secs]
66.391: [Full GC (Ergonomics)  117056K->57150K(72192K), 0.0314151 secs]
66.428: [Full GC (Ergonomics)  86847K->56638K(71680K), 0.0284925 secs]
66.463: [Full GC (Ergonomics)  99647K->58686K(73728K), 0.0309804 secs]
66.497: [Full GC (Ergonomics)  81215K->55102K(70144K), 0.0309954 secs]
66.538: [Full GC (Ergonomics)  109376K->56638K(71680K), 0.0342365 secs]
66.580: [Full GC (Ergonomics)  97087K->54078K(69120K), 0.0299481 secs]
66.620: [Full GC (Ergonomics)  111936K->59710K(74752K), 0.0330170 secs]
66.657: [Full GC (Ergonomics)  84287K->57662K(72704K), 0.0311689 secs]
66.699: [Full GC (Ergonomics)  116032K->56623K(71680K), 0.0434406 secs]
66.750: [Full GC (Ergonomics)  103216K->58671K(73728K), 0.0300248 secs]
66.785: [Full GC (Ergonomics)  89392K->55087K(70144K), 0.0315951 secs]
66.822: [Full GC (Ergonomics)  81199K->56116K(71168K), 0.0302372 secs]
66.868: [Full GC (Ergonomics)  143671K->60212K(75264K), 0.0329432 secs]
66.906: [Full GC (Ergonomics)  88373K->54580K(69632K), 0.0344162 secs]
66.951: [Full GC (Ergonomics)  119606K->57140K(72192K), 0.0330496 secs]
66.991: [Full GC (Ergonomics)  92981K->56629K(71680K), 0.0297466 secs]
67.025: [Full GC (Ergonomics)  81205K->56629K(71680K), 0.0272806 secs]
67.060: [Full GC (Ergonomics)  105270K->56629K(71680K), 0.0303874 secs]
67.094: [Full GC (Ergonomics)  78645K->56117K(71168K), 0.0286844 secs]
67.134: [Full GC (Ergonomics)  117047K->58165K(73216K), 0.0323415 secs]
67.170: [Full GC (Ergonomics)  83254K->56118K(71168K), 0.0298175 secs]
67.212: [Full GC (Ergonomics)  122680K->60214K(75264K), 0.0318681 secs]
67.247: [Full GC (Ergonomics)  83254K->55094K(70144K), 0.0302746 secs]
67.289: [Full GC (Ergonomics)  120632K->61238K(76288K), 0.0332407 secs]
67.329: [Full GC (Ergonomics)  101175K->56118K(71168K), 0.0308850 secs]
67.363: [Full GC (Ergonomics)  78647K->54582K(69632K), 0.0302146 secs]
67.403: [Full GC (Ergonomics)  106808K->57655K(72704K), 0.0307320 secs]
67.436: [Full GC (Ergonomics)  77623K->56118K(71168K), 0.0317256 secs]
67.481: [Full GC (Ergonomics)  121656K->58679K(73728K), 0.0358458 secs]
67.520: [Full GC (Ergonomics)  80184K->55599K(70656K), 0.0434166 secs]
67.576: [Full GC (Ergonomics)  122673K->57135K(72192K), 0.0316985 secs]
67.610: [Full GC (Ergonomics)  76591K->57135K(72192K), 0.0271677 secs]
67.644: [Full GC (Ergonomics)  97584K->56623K(71680K), 0.0307880 secs]
67.678: [Full GC (Ergonomics)  79151K->59183K(74240K), 0.0293706 secs]
67.718: [Full GC (Ergonomics)  118064K->58671K(73728K), 0.0303980 secs]
67.751: [Full GC (Ergonomics)  80687K->55599K(70656K), 0.0300006 secs]
67.793: [Full GC (Ergonomics)  120112K->59183K(74240K), 0.0318949 secs]
67.829: [Full GC (Ergonomics)  75567K->52527K(67584K), 0.0291783 secs]

~~~
