~~~
Java HotSpot(TM) 64-Bit Server VM (25.201-b09) for linux-amd64 JRE (1.8.0_201-b09), built on Dec 15 2018 11:35:59 by "java_re" with gcc 7.3.0
Memory: 4k page, physical 3882052k(1332184k free), swap 8388604k(7179172k free)
CommandLine flags: -XX:ConcGCThreads=3 -XX:InitialHeapSize=62112832 -XX:MaxHeapSize=993805312 -XX:MaxNewSize=330653696 -XX:MaxTenuringThreshold=6 -XX:OldPLABSize=16 -XX:+PrintGC -XX:+PrintGCTimeStamps -XX:+UseCompressedClassPointers -XX:+UseCompressedOops -XX:+UseConcMarkSweepGC -XX:+UseParNewGC 
0.259: [GC (Allocation Failure)  16384K->1663K(59392K), 0.0034124 secs]
0.390: [GC (Allocation Failure)  18047K->2719K(59392K), 0.0085615 secs]
0.473: [GC (Allocation Failure)  19103K->2467K(59392K), 0.0019668 secs]
0.521: [GC (Allocation Failure)  18851K->2883K(59392K), 0.0016373 secs]
0.587: [GC (Allocation Failure)  19267K->3666K(59392K), 0.0024785 secs]
0.636: [GC (Allocation Failure)  20050K->3387K(59392K), 0.0021450 secs]
0.683: [GC (GCLocker Initiated GC)  19771K->3736K(59392K), 0.0018096 secs]
0.725: [GC (Allocation Failure)  20120K->4274K(59392K), 0.0076482 secs]
0.766: [GC (Allocation Failure)  20658K->4386K(59392K), 0.0017971 secs]
0.810: [GC (Allocation Failure)  20770K->4475K(59392K), 0.0026116 secs]
0.864: [GC (Allocation Failure)  20859K->4667K(59392K), 0.0102956 secs]
0.917: [GC (Allocation Failure)  21051K->5144K(59392K), 0.0035354 secs]
0.967: [GC (Allocation Failure)  21528K->5410K(59392K), 0.0029661 secs]
1.000: [GC (Allocation Failure)  21794K->5860K(59392K), 0.0033739 secs]
1.029: [GC (Allocation Failure)  22244K->5730K(59392K), 0.0026686 secs]
1.095: [GC (Allocation Failure)  22114K->6021K(59392K), 0.0023268 secs]
1.101: [GC (CMS Initial Mark)  6644K(59392K), 0.0028831 secs]
1.199: [GC (Allocation Failure)  22405K->6975K(59392K), 0.0095857 secs]
1.297: [GC (CMS Final Remark)  22372K(59392K), 0.0119482 secs]
1.316: [GC (Allocation Failure)  23181K->7652K(59392K), 0.0032415 secs]
1.398: [GC (Allocation Failure)  24036K->8132K(59392K), 0.0047087 secs]
1.501: [GC (Allocation Failure)  24516K->9007K(59392K), 0.0076926 secs]
1.563: [GC (Allocation Failure)  25391K->8809K(59392K), 0.0053160 secs]
1.631: [GC (Allocation Failure)  25193K->9525K(59392K), 0.0031887 secs]
1.721: [GC (Allocation Failure)  25909K->10630K(59392K), 0.0038637 secs]
1.790: [GC (Allocation Failure)  27014K->10544K(59392K), 0.0036473 secs]
1.899: [GC (Allocation Failure)  26928K->14537K(59392K), 0.0093541 secs]
1.996: [GC (Allocation Failure)  30921K->15601K(59392K), 0.0051212 secs]
2.063: [GC (Allocation Failure)  31985K->15814K(59392K), 0.0026299 secs]
2.119: [GC (Allocation Failure)  32198K->16350K(59392K), 0.0032780 secs]
2.169: [GC (Allocation Failure)  32734K->16395K(59392K), 0.0037574 secs]
2.215: [GC (Allocation Failure)  32779K->17169K(59392K), 0.0027934 secs]
2.264: [GC (Allocation Failure)  33553K->17744K(59392K), 0.0045089 secs]
2.315: [GC (Allocation Failure)  34128K->18248K(59392K), 0.0036548 secs]
2.369: [GC (Allocation Failure)  34632K->19131K(59392K), 0.0092308 secs]
2.433: [GC (Allocation Failure)  35515K->19297K(59392K), 0.0101922 secs]
2.480: [GC (Allocation Failure)  35681K->19365K(59392K), 0.0040914 secs]
2.533: [GC (Allocation Failure)  35749K->19892K(59392K), 0.0039537 secs]
3.036: [GC (Allocation Failure)  35951K->21482K(59392K), 0.0043415 secs]
3.279: [GC (Allocation Failure)  37489K->23211K(59392K), 0.0032071 secs]
3.475: [GC (Allocation Failure)  39209K->24854K(59392K), 0.0015776 secs]
3.640: [GC (Allocation Failure)  41143K->27874K(59392K), 0.0019159 secs]
3.769: [GC (Allocation Failure)  43758K->31413K(59392K), 0.0018268 secs]
3.771: [GC (CMS Initial Mark)  31925K(59392K), 0.0004789 secs]
3.907: [GC (Allocation Failure)  47796K->36022K(59392K), 0.0020253 secs]
4.009: [GC (Allocation Failure)  52352K->41140K(59392K), 0.0020610 secs]
4.012: [GC (CMS Final Remark)  42191K(59392K), 0.0099513 secs]
4.148: [GC (Allocation Failure)  46960K->36290K(66968K), 0.0012520 secs]
4.150: [GC (CMS Initial Mark)  37874K(66968K), 0.0005213 secs]
4.232: [GC (Allocation Failure)  52572K->42437K(66968K), 0.0020049 secs]
4.327: [GC (Allocation Failure)  58703K->49092K(71612K), 0.0023111 secs]
4.418: [GC (Allocation Failure)  65350K->56262K(78836K), 0.0029542 secs]
4.507: [GC (Allocation Failure)  72511K->63941K(86576K), 0.0026985 secs]
4.589: [GC (Allocation Failure)  79814K->71619K(94316K), 0.0025468 secs]
4.661: [GC (Allocation Failure)  87834K->79814K(102572K), 0.0025840 secs]
4.732: [GC (Allocation Failure)  96031K->88009K(110828K), 0.0029809 secs]
4.807: [GC (Allocation Failure)  104203K->96711K(119600K), 0.0030827 secs]
4.877: [GC (Allocation Failure)  112894K->105414K(128372K), 0.0032442 secs]
4.932: [GC (Allocation Failure)  121601K->114120K(137144K), 0.0030607 secs]
5.021: [GC (Allocation Failure)  130338K->123339K(146432K), 0.0033425 secs]
5.086: [GC (Allocation Failure)  139544K->133064K(156236K), 0.0029312 secs]
5.146: [GC (Allocation Failure)  149210K->141772K(165008K), 0.0028602 secs]
5.195: [GC (Allocation Failure)  157967K->151501K(174812K), 0.0031545 secs]
5.262: [GC (Allocation Failure)  167669K->160713K(184100K), 0.0029275 secs]
5.324: [GC (Allocation Failure)  176953K->172494K(195968K), 0.0038356 secs]
5.389: [GC (Allocation Failure)  188656K->182731K(206288K), 0.0036066 secs]
5.435: [GC (Allocation Failure)  198905K->192975K(216608K), 0.0031852 secs]
5.488: [GC (Allocation Failure)  209110K->202700K(226412K), 0.0032475 secs]
5.536: [GC (Allocation Failure)  218855K->212432K(236216K), 0.0028864 secs]
5.598: [GC (Allocation Failure)  228708K->222673K(246536K), 0.0032380 secs]
5.647: [GC (Allocation Failure)  238840K->234446K(258404K), 0.0036212 secs]
5.701: [GC (Allocation Failure)  250588K->245202K(269240K), 0.0036354 secs]
5.743: [GC (Allocation Failure)  261366K->256463K(280592K), 0.0034205 secs]
5.799: [GC (Allocation Failure)  272555K->265171K(289364K), 0.0031575 secs]
5.848: [GC (Allocation Failure)  281301K->275408K(299684K), 0.0034687 secs]
5.892: [GC (Allocation Failure)  291537K->286677K(311036K), 0.0035958 secs]
5.938: [GC (Allocation Failure)  302831K->299473K(323936K), 0.0039577 secs]
5.990: [GC (Allocation Failure)  315552K->309203K(333740K), 0.0035550 secs]
6.026: [GC (Allocation Failure)  325282K->318934K(343544K), 0.0040075 secs]
6.066: [GC (Allocation Failure)  335024K->329682K(354380K), 0.0046128 secs]
6.108: [GC (Allocation Failure)  345851K->341973K(366764K), 0.0051499 secs]
6.163: [GC (Allocation Failure)  358042K->352212K(377084K), 0.0042113 secs]
6.207: [GC (Allocation Failure)  368331K->363480K(388436K), 0.0036796 secs]
6.247: [GC (Allocation Failure)  379589K->374741K(399788K), 0.0042175 secs]
6.286: [GC (Allocation Failure)  390857K->386517K(411656K), 0.0044058 secs]
6.325: [GC (Allocation Failure)  402614K->398298K(423524K), 0.0046587 secs]
6.370: [GC (Allocation Failure)  414412K->411094K(436424K), 0.0054156 secs]
6.416: [GC (Allocation Failure)  427205K->423387K(448808K), 0.0056365 secs]
6.459: [GC (Allocation Failure)  439489K->435672K(461192K), 0.0052748 secs]
6.491: [GC (Allocation Failure)  451759K->447450K(473060K), 0.0053135 secs]
6.530: [GC (Allocation Failure)  463535K->460249K(485960K), 0.0061888 secs]
6.570: [GC (Allocation Failure)  476374K->473561K(499376K), 0.0048915 secs]
6.604: [GC (Allocation Failure)  489730K->486366K(512276K), 0.0047909 secs]
6.655: [GC (Allocation Failure)  502449K->497626K(523628K), 0.0040966 secs]
6.692: [GC (Allocation Failure)  513708K->508895K(534980K), 0.0041531 secs]
6.720: [GC (Allocation Failure)  524961K->519644K(545816K), 0.0043614 secs]
6.758: [GC (Allocation Failure)  535692K->529884K(556136K), 0.0033145 secs]
6.798: [GC (Allocation Failure)  545979K->542691K(569036K), 0.0038215 secs]
6.833: [GC (Allocation Failure)  558742K->554461K(580904K), 0.0036241 secs]
6.880: [GC (Allocation Failure)  570548K->566750K(593288K), 0.0037912 secs]
6.910: [GC (Allocation Failure)  582818K->579040K(605672K), 0.0036777 secs]
6.941: [GC (Allocation Failure)  595110K->591327K(618056K), 0.0037996 secs]
6.981: [GC (Allocation Failure)  607406K->604127K(630956K), 0.0039407 secs]
7.023: [GC (Allocation Failure)  620155K->614882K(641792K), 0.0035327 secs]
7.051: [GC (Allocation Failure)  630913K->626145K(653144K), 0.0034563 secs]
7.089: [GC (Allocation Failure)  642206K->638433K(665528K), 0.0038961 secs]
7.128: [Full GC (Allocation Failure)  654499K->38340K(665528K), 0.0644293 secs]
7.682: [GC (Allocation Failure)  296460K->63436K(938496K), 0.0079075 secs]
8.154: [GC (Allocation Failure)  321556K->66003K(938496K), 0.0068198 secs]
8.599: [GC (Allocation Failure)  324174K->68569K(938496K), 0.0052516 secs]
9.004: [GC (Allocation Failure)  326677K->70617K(938496K), 0.0055420 secs]
9.382: [GC (Allocation Failure)  328544K->72669K(938496K), 0.0052384 secs]
9.726: [GC (Allocation Failure)  330869K->76765K(938496K), 0.0053675 secs]
10.058: [GC (Allocation Failure)  335034K->82402K(938496K), 0.0061444 secs]
10.383: [GC (Allocation Failure)  340597K->89568K(938496K), 0.0058986 secs]
10.705: [GC (Allocation Failure)  347460K->98786K(938496K), 0.0072513 secs]
11.007: [GC (Allocation Failure)  356904K->109540K(938496K), 0.0066414 secs]
11.291: [GC (Allocation Failure)  367532K->121829K(938496K), 0.0071624 secs]
11.574: [GC (Allocation Failure)  379822K->134633K(938496K), 0.0068290 secs]
11.859: [GC (Allocation Failure)  392725K->149480K(938496K), 0.0071730 secs]
12.111: [GC (Allocation Failure)  407778K->165871K(938496K), 0.0066962 secs]
12.367: [GC (Allocation Failure)  423732K->183278K(938496K), 0.0067371 secs]
12.613: [GC (Allocation Failure)  441238K->202226K(938496K), 0.0071431 secs]
12.861: [GC (Allocation Failure)  460557K->222193K(938496K), 0.0067642 secs]
13.100: [GC (Allocation Failure)  480548K->242163K(938496K), 0.0069922 secs]
13.339: [GC (Allocation Failure)  500482K->262135K(938496K), 0.0072163 secs]
13.561: [GC (Allocation Failure)  520441K->282102K(938496K), 0.0067295 secs]
13.766: [GC (Allocation Failure)  540444K->302073K(938496K), 0.0068166 secs]
13.982: [GC (Allocation Failure)  560354K->322042K(938496K), 0.0069172 secs]
14.206: [GC (Allocation Failure)  580357K->342014K(938496K), 0.0064229 secs]
14.433: [GC (Allocation Failure)  600302K->361982K(938496K), 0.0068464 secs]
14.635: [GC (Allocation Failure)  620287K->381953K(938496K), 0.0063072 secs]
14.854: [GC (Allocation Failure)  640209K->401923K(938496K), 0.0063355 secs]
15.061: [GC (Allocation Failure)  660169K->421380K(938496K), 0.0062422 secs]
15.254: [GC (Allocation Failure)  679620K->441350K(938496K), 0.0062855 secs]
15.451: [GC (Allocation Failure)  699588K->461319K(938496K), 0.0062907 secs]
15.642: [GC (Allocation Failure)  719571K->481289K(938496K), 0.0063710 secs]
15.821: [GC (Allocation Failure)  739518K->501770K(938496K), 0.0062820 secs]
16.008: [GC (Allocation Failure)  759999K->521738K(938496K), 0.0062848 secs]
16.190: [GC (Allocation Failure)  779917K->540681K(938496K), 0.0060918 secs]
16.370: [GC (Allocation Failure)  798880K->561164K(938496K), 0.0064205 secs]
16.559: [GC (Allocation Failure)  819375K->581648K(938496K), 0.0064127 secs]
16.736: [GC (Allocation Failure)  839859K->601615K(938496K), 0.0061718 secs]
16.901: [GC (Allocation Failure)  859815K->621587K(938496K), 0.0062620 secs]
16.907: [GC (CMS Initial Mark)  623785K(938496K), 0.0008040 secs]
17.076: [GC (Allocation Failure)  879754K->641554K(938496K), 0.0060332 secs]
17.243: [GC (Allocation Failure)  899733K->661524K(938496K), 0.0060905 secs]
17.249: [GC (CMS Final Remark)  663140K(938496K), 0.0110711 secs]
17.415: [GC (Allocation Failure)  365185K->126968K(938496K), 0.0063513 secs]
17.577: [GC (Allocation Failure)  385122K->146937K(938496K), 0.0062609 secs]
17.736: [GC (Allocation Failure)  405114K->166907K(938496K), 0.0082253 secs]
17.899: [GC (Allocation Failure)  425087K->186878K(938496K), 0.0068334 secs]
18.063: [GC (Allocation Failure)  445026K->206846K(938496K), 0.0071723 secs]
18.218: [GC (Allocation Failure)  465004K->226817K(938496K), 0.0071415 secs]
18.374: [GC (Allocation Failure)  484948K->246784K(938496K), 0.0071949 secs]
18.539: [GC (Allocation Failure)  504935K->266758K(938496K), 0.0071796 secs]
18.702: [GC (Allocation Failure)  524926K->286725K(938496K), 0.0070591 secs]
18.850: [GC (Allocation Failure)  544858K->306180K(938496K), 0.0070648 secs]
18.998: [GC (Allocation Failure)  564328K->325638K(938496K), 0.0080421 secs]
19.146: [GC (Allocation Failure)  583766K->345607K(938496K), 0.0066735 secs]
19.297: [GC (Allocation Failure)  603752K->366090K(938496K), 0.0071077 secs]
19.447: [GC (Allocation Failure)  624208K->386569K(938496K), 0.0067214 secs]
19.592: [GC (Allocation Failure)  644706K->406541K(938496K), 0.0083393 secs]
19.736: [GC (Allocation Failure)  664658K->427020K(938496K), 0.0066303 secs]
19.883: [GC (Allocation Failure)  685127K->446989K(938496K), 0.0065966 secs]
20.023: [GC (Allocation Failure)  705118K->466959K(938496K), 0.0065390 secs]
20.166: [GC (Allocation Failure)  725072K->486928K(938496K), 0.0064507 secs]
20.304: [GC (Allocation Failure)  745058K->507409K(938496K), 0.0065226 secs]
20.442: [GC (Allocation Failure)  765521K->527376K(938496K), 0.0060894 secs]
20.577: [GC (Allocation Failure)  785473K->547348K(938496K), 0.0065326 secs]
20.718: [GC (Allocation Failure)  805478K->567319K(938496K), 0.0064255 secs]
20.852: [GC (Allocation Failure)  825432K->587798K(938496K), 0.0066974 secs]
20.859: [GC (CMS Initial Mark)  589384K(938496K), 0.0008104 secs]
20.991: [GC (Allocation Failure)  845894K->607768K(938496K), 0.0061475 secs]
21.122: [GC (Allocation Failure)  865883K->628249K(938496K), 0.0063068 secs]
21.129: [GC (CMS Final Remark)  629301K(938496K), 0.0107507 secs]
21.269: [GC (Allocation Failure)  366150K->128010K(938496K), 0.0061177 secs]
21.394: [GC (Allocation Failure)  386133K->147979K(938496K), 0.0065382 secs]
21.521: [GC (Allocation Failure)  406087K->167948K(938496K), 0.0061504 secs]
21.652: [GC (Allocation Failure)  426052K->187917K(938496K), 0.0061806 secs]
21.784: [GC (Allocation Failure)  446005K->208396K(938496K), 0.0063064 secs]
21.915: [GC (Allocation Failure)  466514K->228368K(938496K), 0.0062715 secs]
22.047: [GC (Allocation Failure)  486461K->248849K(938496K), 0.0062610 secs]
22.170: [GC (Allocation Failure)  506986K->268818K(938496K), 0.0062987 secs]
22.291: [GC (Allocation Failure)  526922K->288790K(938496K), 0.0061612 secs]
22.417: [GC (Allocation Failure)  546884K->308757K(938496K), 0.0065570 secs]
22.538: [GC (Allocation Failure)  566849K->328726K(938496K), 0.0066967 secs]
22.658: [GC (Allocation Failure)  586813K->349207K(938496K), 0.0073988 secs]
22.778: [GC (Allocation Failure)  607286K->369176K(938496K), 0.0066200 secs]
22.893: [GC (Allocation Failure)  627277K->389659K(938496K), 0.0066576 secs]
23.018: [GC (Allocation Failure)  647752K->410139K(938496K), 0.0068696 secs]
23.144: [GC (Allocation Failure)  668221K->430620K(938496K), 0.0066443 secs]
23.260: [GC (Allocation Failure)  688698K->451099K(938496K), 0.0066922 secs]
23.382: [GC (Allocation Failure)  709174K->471582K(938496K), 0.0067197 secs]
23.499: [GC (Allocation Failure)  729681K->491551K(938496K), 0.0068142 secs]
23.614: [GC (Allocation Failure)  749644K->512033K(938496K), 0.0067172 secs]
23.725: [GC (Allocation Failure)  770117K->532002K(938496K), 0.0063948 secs]
23.840: [GC (Allocation Failure)  790083K->552483K(938496K), 0.0068633 secs]
23.952: [GC (Allocation Failure)  810562K->572452K(938496K), 0.0066173 secs]
24.065: [GC (Allocation Failure)  830523K->592931K(938496K), 0.0067470 secs]
24.072: [GC (CMS Initial Mark)  593972K(938496K), 0.0007687 secs]
24.184: [GC (Allocation Failure)  851007K->613414K(938496K), 0.0063730 secs]
24.191: [GC (CMS Final Remark)  614471K(938496K), 0.0119135 secs]
24.302: [GC (Allocation Failure)  346692K->109079K(938496K), 0.0070562 secs]
24.417: [GC (Allocation Failure)  367167K->129560K(938496K), 0.0073633 secs]
24.528: [GC (Allocation Failure)  387640K->149527K(938496K), 0.0068041 secs]
24.640: [GC (Allocation Failure)  407607K->170008K(938496K), 0.0078375 secs]
24.751: [GC (Allocation Failure)  428083K->190489K(938496K), 0.0068371 secs]
24.862: [GC (Allocation Failure)  448561K->210973K(938496K), 0.0066126 secs]
24.974: [GC (Allocation Failure)  469041K->230940K(938496K), 0.0063549 secs]
25.075: [GC (Allocation Failure)  489006K->250911K(938496K), 0.0066623 secs]
25.186: [GC (Allocation Failure)  508981K->271392K(938496K), 0.0066827 secs]
25.295: [GC (Allocation Failure)  529484K->290849K(938496K), 0.0065591 secs]
25.405: [GC (Allocation Failure)  548930K->311331K(938496K), 0.0066748 secs]
25.514: [GC (Allocation Failure)  569412K->331298K(938496K), 0.0070526 secs]
25.621: [GC (Allocation Failure)  589372K->351269K(938496K), 0.0065809 secs]
25.732: [GC (Allocation Failure)  609334K->370726K(938496K), 0.0079649 secs]
25.843: [GC (Allocation Failure)  628781K->389671K(938496K), 0.0066877 secs]
25.950: [GC (Allocation Failure)  647727K->409128K(938496K), 0.0074675 secs]
26.059: [GC (Allocation Failure)  667182K->428073K(938496K), 0.0065292 secs]
26.165: [GC (Allocation Failure)  686122K->447016K(938496K), 0.0074817 secs]
26.269: [GC (Allocation Failure)  705071K->465451K(938496K), 0.0074471 secs]
26.377: [GC (Allocation Failure)  723504K->483886K(938496K), 0.0071866 secs]
26.478: [GC (Allocation Failure)  741940K->501807K(938496K), 0.0066883 secs]
26.581: [GC (Allocation Failure)  759864K->519728K(938496K), 0.0071623 secs]
26.681: [GC (Allocation Failure)  777784K->537137K(938496K), 0.0070999 secs]
26.788: [GC (Allocation Failure)  795197K->554544K(938496K), 0.0070726 secs]
26.889: [GC (Allocation Failure)  812596K->572467K(938496K), 0.0082968 secs]
26.993: [GC (Allocation Failure)  830544K->589877K(938496K), 0.0084709 secs]
27.093: [GC (Allocation Failure)  847933K->607286K(938496K), 0.0070468 secs]
27.101: [GC (CMS Initial Mark)  609948K(938496K), 0.0006950 secs]
27.198: [GC (Allocation Failure)  865341K->624181K(938496K), 0.0073056 secs]
27.300: [GC (Allocation Failure)  882232K->641592K(938496K), 0.0063819 secs]
27.396: [GC (Allocation Failure)  899621K->658489K(938496K), 0.0063088 secs]
27.499: [GC (Allocation Failure)  916542K->675386K(938496K), 0.0060959 secs]
27.505: [GC (CMS Final Remark)  678052K(938496K), 0.0114270 secs]
27.598: [GC (Allocation Failure)  391209K->150056K(938496K), 0.0063319 secs]
27.695: [GC (Allocation Failure)  408108K->166955K(938496K), 0.0059337 secs]
27.794: [GC (Allocation Failure)  424998K->183340K(938496K), 0.0067386 secs]
27.893: [GC (Allocation Failure)  441383K->200235K(938496K), 0.0064281 secs]
27.987: [GC (Allocation Failure)  458215K->217128K(938496K), 0.0064958 secs]
28.082: [GC (Allocation Failure)  475178K->234027K(938496K), 0.0064673 secs]
28.181: [GC (Allocation Failure)  492077K->250926K(938496K), 0.0064305 secs]
28.278: [GC (Allocation Failure)  508979K->267311K(938496K), 0.0065819 secs]
28.375: [GC (Allocation Failure)  525363K->283696K(938496K), 0.0067444 secs]
28.472: [GC (Allocation Failure)  541733K->299567K(938496K), 0.0064923 secs]
28.564: [GC (Allocation Failure)  557597K->315442K(938496K), 0.0064570 secs]
28.656: [GC (Allocation Failure)  573481K->331315K(938496K), 0.0066575 secs]
28.748: [GC (Allocation Failure)  589307K->346674K(938496K), 0.0086349 secs]
28.841: [GC (Allocation Failure)  604751K->362549K(938496K), 0.0069948 secs]
28.936: [GC (Allocation Failure)  620586K->377396K(938496K), 0.0069842 secs]
29.028: [GC (Allocation Failure)  635452K->393783K(938496K), 0.0069564 secs]
29.126: [GC (Allocation Failure)  651838K->409654K(938496K), 0.0062855 secs]
29.219: [GC (Allocation Failure)  667693K->425529K(938496K), 0.0065019 secs]
29.307: [GC (Allocation Failure)  683468K->441402K(938496K), 0.0061084 secs]
29.403: [GC (Allocation Failure)  699458K->457275K(938496K), 0.0065400 secs]
29.495: [GC (Allocation Failure)  715319K->472636K(938496K), 0.0063439 secs]
29.590: [GC (Allocation Failure)  730677K->487992K(938496K), 0.0066244 secs]
29.682: [GC (Allocation Failure)  746005K->503357K(938496K), 0.0062620 secs]
29.773: [GC (Allocation Failure)  761366K->519230K(938496K), 0.0070134 secs]
29.863: [GC (Allocation Failure)  777231K->534591K(938496K), 0.0068294 secs]
29.952: [GC (Allocation Failure)  792595K->549442K(938496K), 0.0069196 secs]
30.047: [GC (Allocation Failure)  807476K->564803K(938496K), 0.0068659 secs]
30.135: [GC (Allocation Failure)  822754K->578624K(938496K), 0.0063633 secs]
30.225: [GC (Allocation Failure)  836700K->592963K(938496K), 0.0068379 secs]
30.233: [GC (CMS Initial Mark)  599852K(938496K), 0.0009442 secs]
30.312: [GC (Allocation Failure)  851001K->607299K(938496K), 0.0080205 secs]
30.408: [GC (Allocation Failure)  865381K->621638K(938496K), 0.0067252 secs]
30.495: [GC (Allocation Failure)  879686K->635459K(938496K), 0.0063693 secs]
30.583: [GC (Allocation Failure)  893426K->649282K(938496K), 0.0089393 secs]
30.674: [GC (Allocation Failure)  907259K->663621K(938496K), 0.0063362 secs]
30.759: [GC (Allocation Failure)  921592K->677960K(938496K), 0.0067292 secs]
30.767: [GC (CMS Final Remark)  680605K(938496K), 0.0133240 secs]
30.855: [GC (Allocation Failure)  404587K->160309K(938496K), 0.0064642 secs]
30.945: [GC (Allocation Failure)  418358K->174134K(938496K), 0.0071290 secs]
31.033: [GC (Allocation Failure)  432158K->188983K(938496K), 0.0066464 secs]
31.118: [GC (Allocation Failure)  446873K->202298K(938496K), 0.0089450 secs]
31.204: [GC (Allocation Failure)  460308K->216123K(938496K), 0.0079656 secs]
31.288: [GC (Allocation Failure)  474017K->229431K(938496K), 0.0061297 secs]
31.379: [GC (Allocation Failure)  487488K->243772K(938496K), 0.0068335 secs]
31.460: [GC (Allocation Failure)  501692K->257085K(938496K), 0.0066363 secs]
31.544: [GC (Allocation Failure)  515109K->270908K(938496K), 0.0063369 secs]
31.631: [GC (Allocation Failure)  528947K->284733K(938496K), 0.0067922 secs]
31.718: [GC (Allocation Failure)  542731K->298560K(938496K), 0.0064445 secs]
31.802: [GC (Allocation Failure)  556558K->311361K(938496K), 0.0062735 secs]
31.884: [GC (Allocation Failure)  569279K->325181K(938496K), 0.0057091 secs]
31.966: [GC (Allocation Failure)  583171K->339520K(938496K), 0.0067630 secs]
32.051: [GC (Allocation Failure)  597572K->353347K(938496K), 0.0080208 secs]
32.134: [GC (Allocation Failure)  611715K->366660K(938496K), 0.0058441 secs]
32.216: [GC (Allocation Failure)  624587K->379973K(938496K), 0.0058466 secs]
32.299: [GC (Allocation Failure)  637882K->392774K(938496K), 0.0056250 secs]
32.381: [GC (Allocation Failure)  650787K->406594K(938496K), 0.0059333 secs]
32.458: [GC (Allocation Failure)  664472K->418885K(938496K), 0.0059159 secs]
32.537: [GC (Allocation Failure)  676818K->432712K(938496K), 0.0069361 secs]
32.625: [GC (Allocation Failure)  690788K->446023K(938496K), 0.0070160 secs]
32.708: [GC (Allocation Failure)  703955K->458826K(938496K), 0.0066899 secs]
32.786: [GC (Allocation Failure)  716817K->471622K(938496K), 0.0071470 secs]
32.870: [GC (Allocation Failure)  729717K->484939K(938496K), 0.0082598 secs]
32.952: [GC (Allocation Failure)  743282K->497228K(938496K), 0.0072717 secs]
33.039: [GC (Allocation Failure)  755359K->509003K(938496K), 0.0070868 secs]
33.121: [GC (Allocation Failure)  766943K->520267K(938496K), 0.0088396 secs]
33.202: [GC (Allocation Failure)  778599K->533580K(938496K), 0.0062709 secs]
33.286: [GC (Allocation Failure)  791578K->546379K(938496K), 0.0062836 secs]
33.363: [GC (Allocation Failure)  804318K->559696K(938496K), 0.0066939 secs]
33.444: [GC (Allocation Failure)  817627K->572496K(938496K), 0.0061501 secs]
33.526: [GC (Allocation Failure)  830524K->584783K(938496K), 0.0070244 secs]
33.534: [GC (CMS Initial Mark)  586352K(938496K), 0.0009796 secs]
33.606: [GC (Allocation Failure)  842866K->597074K(938496K), 0.0066529 secs]
33.684: [GC (Allocation Failure)  855428K->609871K(938496K), 0.0064080 secs]
33.759: [GC (Allocation Failure)  868206K->621139K(938496K), 0.0063483 secs]
33.845: [GC (Allocation Failure)  879209K->632914K(938496K), 0.0061773 secs]
33.924: [GC (Allocation Failure)  890995K->645205K(938496K), 0.0060567 secs]
33.999: [GC (Allocation Failure)  903502K->657494K(938496K), 0.0069178 secs]
34.076: [GC (Allocation Failure)  915434K->669266K(938496K), 0.0051932 secs]
34.081: [GC (CMS Final Remark)  670304K(938496K), 0.0121150 secs]
34.154: [GC (Allocation Failure)  403433K->158276K(938496K), 0.0062541 secs]
34.233: [GC (Allocation Failure)  416272K->171079K(938496K), 0.0083746 secs]
34.312: [GC (Allocation Failure)  428999K->183368K(938496K), 0.0049376 secs]
34.387: [GC (Allocation Failure)  441678K->194628K(938496K), 0.0066944 secs]
34.469: [GC (Allocation Failure)  452649K->206923K(938496K), 0.0063190 secs]
34.549: [GC (Allocation Failure)  464791K->218186K(938496K), 0.0062106 secs]
34.627: [GC (Allocation Failure)  476292K->230475K(938496K), 0.0058064 secs]
34.707: [GC (Allocation Failure)  488408K->243786K(938496K), 0.0063527 secs]
34.787: [GC (Allocation Failure)  501773K->256584K(938496K), 0.0097939 secs]
34.868: [GC (Allocation Failure)  514567K->269389K(938496K), 0.0062015 secs]
34.942: [GC (Allocation Failure)  527732K->282702K(938496K), 0.0064988 secs]
35.014: [GC (Allocation Failure)  540649K->294991K(938496K), 0.0073455 secs]
35.088: [GC (Allocation Failure)  553345K->307787K(938496K), 0.0077004 secs]
35.167: [GC (Allocation Failure)  565697K->320080K(938496K), 0.0061881 secs]
35.241: [GC (Allocation Failure)  578019K->333391K(938496K), 0.0061518 secs]
35.319: [GC (Allocation Failure)  591291K->346706K(938496K), 0.0061466 secs]
35.394: [GC (Allocation Failure)  604634K->358993K(938496K), 0.0060890 secs]
35.473: [GC (Allocation Failure)  616887K->370767K(938496K), 0.0061038 secs]
35.545: [GC (Allocation Failure)  628741K->382548K(938496K), 0.0064647 secs]
35.622: [GC (Allocation Failure)  640440K->395349K(938496K), 0.0074085 secs]
35.697: [GC (Allocation Failure)  653205K->408150K(938496K), 0.0063596 secs]
35.775: [GC (Allocation Failure)  666512K->420946K(938496K), 0.0060280 secs]
35.848: [GC (Allocation Failure)  678889K->433239K(938496K), 0.0062864 secs]
35.921: [GC (Allocation Failure)  691526K->445528K(938496K), 0.0088578 secs]
35.995: [GC (Allocation Failure)  703883K->457817K(938496K), 0.0087711 secs]
36.070: [GC (Allocation Failure)  715817K->470101K(938496K), 0.0087387 secs]
36.146: [GC (Allocation Failure)  728411K->482906K(938496K), 0.0060996 secs]
36.221: [GC (Allocation Failure)  740785K->494683K(938496K), 0.0061013 secs]
36.296: [GC (Allocation Failure)  752589K->506971K(938496K), 0.0059579 secs]
36.371: [GC (Allocation Failure)  764954K->519256K(938496K), 0.0053932 secs]
36.442: [GC (Allocation Failure)  777124K->531549K(938496K), 0.0055079 secs]
36.517: [GC (Allocation Failure)  789787K->543838K(938496K), 0.0055571 secs]
36.590: [GC (Allocation Failure)  801773K->555610K(938496K), 0.0053765 secs]
36.663: [GC (Allocation Failure)  813872K->568415K(938496K), 0.0049615 secs]
36.668: [GC (CMS Initial Mark)  574226K(938496K), 0.0007643 secs]
36.736: [GC (Allocation Failure)  826295K->580192K(938496K), 0.0051114 secs]
36.809: [GC (Allocation Failure)  838137K->592993K(938496K), 0.0063216 secs]
36.883: [GC (Allocation Failure)  851360K->604765K(938496K), 0.0049859 secs]
36.957: [GC (Allocation Failure)  862748K->617570K(938496K), 0.0050554 secs]
37.030: [GC (Allocation Failure)  875808K->629859K(938496K), 0.0049599 secs]
37.102: [GC (Allocation Failure)  887767K->641123K(938496K), 0.0049156 secs]
37.175: [GC (Allocation Failure)  899428K->653408K(938496K), 0.0050459 secs]
37.242: [GC (Allocation Failure)  911691K->665701K(938496K), 0.0049008 secs]
37.314: [GC (Allocation Failure)  924041K->936839K(938496K), 0.0050523 secs]
37.321: [Full GC (Allocation Failure)  936839K->60997K(938496K), 0.0724131 secs]
37.439: [GC (Allocation Failure)  319319K->105553K(938496K), 0.0065774 secs]
37.508: [GC (Allocation Failure)  363442K->117844K(938496K), 0.0064529 secs]
37.582: [GC (Allocation Failure)  376128K->131153K(938496K), 0.0066164 secs]
37.654: [GC (Allocation Failure)  389482K->143443K(938496K), 0.0063540 secs]
37.725: [GC (Allocation Failure)  401641K->155220K(938496K), 0.0059272 secs]
37.798: [GC (Allocation Failure)  413177K->166485K(938496K), 0.0060365 secs]
37.869: [GC (Allocation Failure)  424815K->179284K(938496K), 0.0073532 secs]
37.939: [GC (Allocation Failure)  437547K->191062K(938496K), 0.0067202 secs]
38.012: [GC (Allocation Failure)  448954K->202841K(938496K), 0.0071253 secs]
38.082: [GC (Allocation Failure)  460743K->213590K(938496K), 0.0069840 secs]
38.148: [GC (Allocation Failure)  471872K->225880K(938496K), 0.0064305 secs]
38.220: [GC (Allocation Failure)  484228K->237659K(938496K), 0.0070064 secs]
38.288: [GC (Allocation Failure)  495529K->248920K(938496K), 0.0070284 secs]
38.359: [GC (Allocation Failure)  507221K->260700K(938496K), 0.0061969 secs]
38.425: [GC (Allocation Failure)  518967K->272475K(938496K), 0.0076126 secs]
38.498: [GC (Allocation Failure)  530409K->283232K(938496K), 0.0061757 secs]
38.565: [GC (Allocation Failure)  541460K->294491K(938496K), 0.0055779 secs]
38.634: [GC (Allocation Failure)  552791K->306785K(938496K), 0.0075454 secs]
38.704: [GC (Allocation Failure)  565086K->319584K(938496K), 0.0079612 secs]
38.771: [GC (Allocation Failure)  577743K->329821K(938496K), 0.0074676 secs]
38.840: [GC (Allocation Failure)  588140K->342113K(938496K), 0.0056079 secs]
38.907: [GC (Allocation Failure)  600274K->354914K(938496K), 0.0062091 secs]
38.978: [GC (Allocation Failure)  612906K->365663K(938496K), 0.0056876 secs]
39.044: [GC (Allocation Failure)  623861K->376931K(938496K), 0.0054464 secs]
39.116: [GC (Allocation Failure)  635196K->388194K(938496K), 0.0049503 secs]
39.184: [GC (Allocation Failure)  646409K->400481K(938496K), 0.0049963 secs]
39.252: [GC (Allocation Failure)  658750K->411749K(938496K), 0.0059450 secs]
39.320: [GC (Allocation Failure)  669656K->423526K(938496K), 0.0049930 secs]
39.388: [GC (Allocation Failure)  681770K->434275K(938496K), 0.0048389 secs]
39.455: [GC (Allocation Failure)  692581K->446055K(938496K), 0.0050004 secs]
39.521: [GC (Allocation Failure)  704203K->457830K(938496K), 0.0056658 secs]
39.590: [GC (Allocation Failure)  716131K->469605K(938496K), 0.0049589 secs]
39.655: [GC (Allocation Failure)  727892K->480871K(938496K), 0.0049029 secs]
39.722: [GC (Allocation Failure)  739071K->493162K(938496K), 0.0048763 secs]
39.793: [GC (Allocation Failure)  751422K->502891K(938496K), 0.0047244 secs]
39.859: [GC (Allocation Failure)  761221K->515176K(938496K), 0.0060919 secs]
39.926: [GC (Allocation Failure)  773538K->523882K(938496K), 0.0077493 secs]
39.996: [GC (Allocation Failure)  782240K->533611K(938496K), 0.0077429 secs]
40.062: [GC (Allocation Failure)  791826K->544361K(938496K), 0.0060176 secs]
40.129: [GC (Allocation Failure)  802680K->555116K(938496K), 0.0057884 secs]
40.196: [GC (Allocation Failure)  813252K->566383K(938496K), 0.0046643 secs]
40.202: [GC (CMS Initial Mark)  570066K(938496K), 0.0006899 secs]
40.263: [GC (Allocation Failure)  824617K->577643K(938496K), 0.0047178 secs]
40.327: [GC (Allocation Failure)  835908K->588912K(938496K), 0.0047175 secs]
40.392: [GC (Allocation Failure)  847053K->599663K(938496K), 0.0083897 secs]
40.459: [GC (Allocation Failure)  857535K->610413K(938496K), 0.0062828 secs]
40.523: [GC (Allocation Failure)  868670K->620658K(938496K), 0.0060645 secs]
40.593: [GC (Allocation Failure)  878905K->629873K(938496K), 0.0071535 secs]
40.656: [GC (Allocation Failure)  888093K->641135K(938496K), 0.0057959 secs]
40.720: [GC (Allocation Failure)  899257K->651380K(938496K), 0.0083374 secs]
40.787: [GC (Allocation Failure)  909645K->660080K(938496K), 0.0077319 secs]
40.856: [GC (Allocation Failure)  918368K->669301K(938496K), 0.0064870 secs]
40.863: [GC (CMS Final Remark)  672951K(938496K), 0.0120062 secs]
40.926: [GC (Allocation Failure)  420755K->172645K(938496K), 0.0072394 secs]
40.994: [GC (Allocation Failure)  430891K->180838K(938496K), 0.0073322 secs]
41.060: [GC (Allocation Failure)  438975K->190051K(938496K), 0.0062025 secs]
41.124: [GC (Allocation Failure)  448219K->199273K(938496K), 0.0061939 secs]
41.189: [GC (Allocation Failure)  457437K->208996K(938496K), 0.0064775 secs]
41.253: [GC (Allocation Failure)  467122K->219238K(938496K), 0.0072888 secs]
41.318: [GC (Allocation Failure)  477378K->230503K(938496K), 0.0194581 secs]
41.384: [GC (Allocation Failure)  488867K->241254K(938496K), 0.0090632 secs]
41.447: [GC (Allocation Failure)  499367K->249962K(938496K), 0.0064497 secs]
41.512: [GC (Allocation Failure)  508129K->259179K(938496K), 0.0046722 secs]
41.575: [GC (Allocation Failure)  517401K->268903K(938496K), 0.0047527 secs]
41.635: [GC (Allocation Failure)  527032K->278634K(938496K), 0.0046837 secs]
41.696: [GC (Allocation Failure)  536747K->287851K(938496K), 0.0046700 secs]
41.758: [GC (Allocation Failure)  545941K->297065K(938496K), 0.0046176 secs]
41.823: [GC (Allocation Failure)  555331K->305260K(938496K), 0.0045560 secs]
41.887: [GC (Allocation Failure)  563450K->313962K(938496K), 0.0047410 secs]
41.954: [GC (Allocation Failure)  572065K->322159K(938496K), 0.0045391 secs]
42.013: [GC (Allocation Failure)  580260K->331374K(938496K), 0.0045470 secs]
42.076: [GC (Allocation Failure)  589595K->340076K(938496K), 0.0045867 secs]
42.140: [GC (Allocation Failure)  598091K->349297K(938496K), 0.0056992 secs]
42.206: [GC (Allocation Failure)  607387K->357487K(938496K), 0.0046029 secs]
42.268: [GC (Allocation Failure)  615608K->365166K(938496K), 0.0045761 secs]
42.329: [GC (Allocation Failure)  623473K->373872K(938496K), 0.0056688 secs]
42.392: [GC (Allocation Failure)  631940K->382067K(938496K), 0.0053570 secs]
42.458: [GC (Allocation Failure)  640220K->390255K(938496K), 0.0054006 secs]
42.519: [GC (Allocation Failure)  648363K->398964K(938496K), 0.0057586 secs]
42.582: [GC (Allocation Failure)  657084K->406128K(938496K), 0.0044884 secs]
42.645: [GC (Allocation Failure)  664202K->414325K(938496K), 0.0044535 secs]
42.704: [GC (Allocation Failure)  672488K->422516K(938496K), 0.0044565 secs]
42.767: [GC (Allocation Failure)  680521K->431218K(938496K), 0.0044883 secs]
42.830: [GC (Allocation Failure)  689545K->439927K(938496K), 0.0045097 secs]
42.894: [GC (Allocation Failure)  697987K->447608K(938496K), 0.0061616 secs]
42.954: [GC (Allocation Failure)  705770K->456308K(938496K), 0.0046325 secs]
43.015: [GC (Allocation Failure)  714296K->465529K(938496K), 0.0045357 secs]
43.075: [GC (Allocation Failure)  723637K->474741K(938496K), 0.0045086 secs]
43.133: [GC (Allocation Failure)  732770K->483450K(938496K), 0.0047200 secs]
43.195: [GC (Allocation Failure)  741463K->491130K(938496K), 0.0053658 secs]
43.259: [GC (Allocation Failure)  749090K->500343K(938496K), 0.0057004 secs]
43.319: [GC (Allocation Failure)  758575K->509563K(938496K), 0.0056114 secs]
43.378: [GC (Allocation Failure)  767614K->517752K(938496K), 0.0069104 secs]
43.439: [GC (Allocation Failure)  775891K->526972K(938496K), 0.0069458 secs]
43.499: [GC (Allocation Failure)  785025K->535677K(938496K), 0.0058231 secs]
43.562: [GC (Allocation Failure)  793968K->544890K(938496K), 0.0054095 secs]
43.623: [GC (Allocation Failure)  802824K->553084K(938496K), 0.0056029 secs]
43.684: [GC (Allocation Failure)  811221K->562811K(938496K), 0.0050708 secs]
43.690: [GC (CMS Initial Mark)  565454K(938496K), 0.0008515 secs]
43.749: [GC (Allocation Failure)  820995K->570493K(938496K), 0.0075404 secs]
43.808: [GC (Allocation Failure)  828462K->578176K(938496K), 0.0055048 secs]
43.867: [GC (Allocation Failure)  836246K->586364K(938496K), 0.0054695 secs]
43.927: [GC (Allocation Failure)  844500K->593025K(938496K), 0.0066700 secs]
43.988: [GC (Allocation Failure)  851030K->599165K(938496K), 0.0051684 secs]
44.052: [GC (Allocation Failure)  857208K->607874K(938496K), 0.0053563 secs]
44.108: [GC (Allocation Failure)  865875K->615042K(938496K), 0.0045783 secs]
44.173: [GC (Allocation Failure)  873189K->623743K(938496K), 0.0046891 secs]
44.231: [GC (Allocation Failure)  881784K->631427K(938496K), 0.0057305 secs]
44.292: [GC (Allocation Failure)  889598K->637570K(938496K), 0.0046186 secs]
44.352: [GC (Allocation Failure)  895537K->645250K(938496K), 0.0046013 secs]
44.410: [GC (Allocation Failure)  903378K->653445K(938496K), 0.0047379 secs]
44.467: [GC (Allocation Failure)  911473K->660097K(938496K), 0.0045319 secs]
44.527: [GC (Allocation Failure)  918289K->668292K(938496K), 0.0046721 secs]
44.587: [GC (Allocation Failure)  926258K->676482K(938496K), 0.0045523 secs]
44.592: [GC (CMS Final Remark)  681737K(938496K), 0.0111217 secs]
44.649: [GC (Allocation Failure)  429244K->178294K(938496K), 0.0045262 secs]
44.707: [GC (Allocation Failure)  436351K->185975K(938496K), 0.0044597 secs]
44.766: [GC (Allocation Failure)  443899K->193140K(938496K), 0.0052783 secs]
44.828: [GC (Allocation Failure)  451292K->202360K(938496K), 0.0061859 secs]
44.887: [GC (Allocation Failure)  460258K->207990K(938496K), 0.0044881 secs]
44.945: [GC (Allocation Failure)  466023K->216695K(938496K), 0.0076953 secs]
45.004: [GC (Allocation Failure)  474799K->224378K(938496K), 0.0067158 secs]
45.066: [GC (Allocation Failure)  482403K->232054K(938496K), 0.0055364 secs]
45.124: [GC (Allocation Failure)  489922K->240761K(938496K), 0.0052812 secs]
45.178: [GC (Allocation Failure)  498703K->248439K(938496K), 0.0074714 secs]
45.235: [GC (Allocation Failure)  506313K->256124K(938496K), 0.0049111 secs]
45.292: [GC (Allocation Failure)  513991K->263292K(938496K), 0.0043954 secs]
45.350: [GC (Allocation Failure)  521350K->270457K(938496K), 0.0055530 secs]
45.409: [GC (Allocation Failure)  528520K->277627K(938496K), 0.0055092 secs]
45.466: [GC (Allocation Failure)  535676K->285818K(938496K), 0.0043374 secs]
45.525: [GC (Allocation Failure)  543910K->292478K(938496K), 0.0045615 secs]
45.584: [GC (Allocation Failure)  550412K->298619K(938496K), 0.0044217 secs]
45.644: [GC (Allocation Failure)  556540K->305789K(938496K), 0.0043489 secs]
45.702: [GC (Allocation Failure)  563860K->312446K(938496K), 0.0073842 secs]
45.763: [GC (Allocation Failure)  570454K->321660K(938496K), 0.0061831 secs]
45.819: [GC (Allocation Failure)  580016K->328321K(938496K), 0.0043632 secs]
45.877: [GC (Allocation Failure)  586351K->334973K(938496K), 0.0054578 secs]
45.935: [GC (Allocation Failure)  592983K->341634K(938496K), 0.0045250 secs]
45.991: [GC (Allocation Failure)  599587K->348291K(938496K), 0.0044470 secs]
46.048: [GC (Allocation Failure)  606312K->356991K(938496K), 0.0044214 secs]
46.106: [GC (Allocation Failure)  614982K->364674K(938496K), 0.0044615 secs]
46.163: [GC (Allocation Failure)  622622K->371328K(938496K), 0.0043543 secs]
46.220: [GC (Allocation Failure)  629284K->380551K(938496K), 0.0044632 secs]
46.279: [GC (Allocation Failure)  638833K->388737K(938496K), 0.0043965 secs]
46.334: [GC (Allocation Failure)  646779K->395395K(938496K), 0.0043563 secs]
46.396: [GC (Allocation Failure)  653422K->405638K(938496K), 0.0078704 secs]
46.454: [GC (Allocation Failure)  663595K->411266K(938496K), 0.0060692 secs]
46.512: [GC (Allocation Failure)  669272K->417417K(938496K), 0.0060229 secs]
46.572: [GC (Allocation Failure)  675459K->423043K(938496K), 0.0058409 secs]
46.629: [GC (Allocation Failure)  681315K->429192K(938496K), 0.0060994 secs]
46.685: [GC (Allocation Failure)  687222K->435332K(938496K), 0.0055378 secs]
46.742: [GC (Allocation Failure)  693225K->444553K(938496K), 0.0053796 secs]
46.797: [GC (Allocation Failure)  702450K->450186K(938496K), 0.0051163 secs]
46.853: [GC (Allocation Failure)  708538K->456326K(938496K), 0.0057148 secs]
46.910: [GC (Allocation Failure)  714275K->461450K(938496K), 0.0056122 secs]
46.963: [GC (Allocation Failure)  719336K->468103K(938496K), 0.0046776 secs]
47.018: [GC (Allocation Failure)  726011K->473739K(938496K), 0.0053573 secs]
47.075: [GC (Allocation Failure)  731741K->482440K(938496K), 0.0056725 secs]
47.130: [GC (Allocation Failure)  740308K->486538K(938496K), 0.0054285 secs]
47.187: [GC (Allocation Failure)  744421K->495752K(938496K), 0.0045943 secs]
47.246: [GC (Allocation Failure)  753689K->501899K(938496K), 0.0045592 secs]
47.301: [GC (Allocation Failure)  759793K->507536K(938496K), 0.0045284 secs]
47.356: [GC (Allocation Failure)  765513K->515722K(938496K), 0.0045121 secs]
47.410: [GC (Allocation Failure)  773910K->521357K(938496K), 0.0055200 secs]
47.463: [GC (Allocation Failure)  779237K->528523K(938496K), 0.0044085 secs]
47.519: [GC (Allocation Failure)  786891K->536208K(938496K), 0.0043597 secs]
47.524: [GC (CMS Initial Mark)  539347K(938496K), 0.0006981 secs]
47.575: [GC (Allocation Failure)  794189K->544396K(938496K), 0.0044041 secs]
47.630: [GC (Allocation Failure)  802296K->553103K(938496K), 0.0072171 secs]
47.686: [GC (Allocation Failure)  811035K->559757K(938496K), 0.0052180 secs]
47.739: [GC (Allocation Failure)  817973K->565903K(938496K), 0.0053339 secs]
47.791: [GC (Allocation Failure)  823764K->573588K(938496K), 0.0043454 secs]
47.847: [GC (Allocation Failure)  831918K->582286K(938496K), 0.0043246 secs]
47.904: [GC (Allocation Failure)  840175K->590483K(938496K), 0.0042404 secs]
47.955: [GC (Allocation Failure)  848850K->596111K(938496K), 0.0048456 secs]
48.014: [GC (Allocation Failure)  854469K->604308K(938496K), 0.0043903 secs]
48.064: [GC (Allocation Failure)  862652K->613008K(938496K), 0.0042506 secs]
48.121: [GC (Allocation Failure)  871367K->621205K(938496K), 0.0042450 secs]
48.176: [GC (Allocation Failure)  879073K->627345K(938496K), 0.0052545 secs]
48.231: [GC (Allocation Failure)  885259K->636566K(938496K), 0.0054434 secs]
48.286: [GC (Allocation Failure)  894844K->643218K(938496K), 0.0043723 secs]
48.340: [GC (Allocation Failure)  901483K->652439K(938496K), 0.0055679 secs]
48.394: [GC (Allocation Failure)  910647K->659094K(938496K), 0.0054116 secs]
48.452: [GC (Allocation Failure)  917068K->670356K(938496K), 0.0045631 secs]
48.457: [GC (CMS Final Remark)  671918K(938496K), 0.0118309 secs]
48.508: [GC (Allocation Failure)  445379K->193161K(938496K), 0.0050844 secs]
48.564: [GC (Allocation Failure)  451324K->197765K(938496K), 0.0071595 secs]
48.616: [GC (Allocation Failure)  456128K->205962K(938496K), 0.0052371 secs]
48.674: [GC (Allocation Failure)  463854K->214150K(938496K), 0.0043618 secs]
48.727: [GC (Allocation Failure)  472485K->219274K(938496K), 0.0042332 secs]
48.780: [GC (Allocation Failure)  477496K->227463K(938496K), 0.0052000 secs]
48.835: [GC (Allocation Failure)  485513K->234121K(938496K), 0.0052147 secs]
48.887: [GC (Allocation Failure)  492003K->240776K(938496K), 0.0051622 secs]
48.945: [GC (Allocation Failure)  499038K->248460K(938496K), 0.0052744 secs]
48.999: [GC (Allocation Failure)  506750K->253581K(938496K), 0.0051089 secs]
49.051: [GC (Allocation Failure)  511791K->259721K(938496K), 0.0052093 secs]
49.105: [GC (Allocation Failure)  518023K->267404K(938496K), 0.0050562 secs]
49.157: [GC (Allocation Failure)  525646K->278154K(938496K), 0.0042101 secs]
49.211: [GC (Allocation Failure)  536493K->284817K(938496K), 0.0042006 secs]
49.263: [GC (Allocation Failure)  543018K->294027K(938496K), 0.0042266 secs]
49.318: [GC (Allocation Failure)  552356K->301712K(938496K), 0.0052133 secs]
49.371: [GC (Allocation Failure)  559983K->310924K(938496K), 0.0067606 secs]
49.423: [GC (Allocation Failure)  569146K->319633K(938496K), 0.0064830 secs]
49.474: [GC (Allocation Failure)  577876K->324749K(938496K), 0.0065327 secs]
49.529: [GC (Allocation Failure)  583091K->333970K(938496K), 0.0064960 secs]
49.582: [GC (Allocation Failure)  592330K->341646K(938496K), 0.0062973 secs]
49.636: [GC (Allocation Failure)  599819K->346259K(938496K), 0.0062294 secs]
49.687: [GC (Allocation Failure)  604411K->352911K(938496K), 0.0049308 secs]
49.740: [GC (Allocation Failure)  611002K->361108K(938496K), 0.0043551 secs]
49.796: [GC (Allocation Failure)  618969K->371860K(938496K), 0.0043801 secs]
49.848: [GC (Allocation Failure)  630172K->375953K(938496K), 0.0043104 secs]
49.900: [GC (Allocation Failure)  634214K->385173K(938496K), 0.0043894 secs]
49.959: [GC (Allocation Failure)  643430K->391826K(938496K), 0.0055585 secs]
50.011: [GC (Allocation Failure)  650008K->400022K(938496K), 0.0053495 secs]
50.061: [GC (Allocation Failure)  658139K->411795K(938496K), 0.0043090 secs]
50.112: [GC (Allocation Failure)  670091K->417431K(938496K), 0.0054988 secs]
50.166: [GC (Allocation Failure)  675717K->424596K(938496K), 0.0053781 secs]
50.219: [GC (Allocation Failure)  682957K->431256K(938496K), 0.0122979 secs]
50.271: [GC (Allocation Failure)  689419K->437396K(938496K), 0.0042412 secs]
50.323: [GC (Allocation Failure)  695655K->445081K(938496K), 0.0053350 secs]
50.377: [GC (Allocation Failure)  703319K->453781K(938496K), 0.0043546 secs]
50.430: [GC (Allocation Failure)  712110K->457882K(938496K), 0.0042715 secs]
50.480: [GC (Allocation Failure)  715994K->465558K(938496K), 0.0042171 secs]
50.528: [GC (Allocation Failure)  723755K->475801K(938496K), 0.0042785 secs]
50.533: [GC (CMS Initial Mark)  478904K(938496K), 0.0008504 secs]
50.581: [GC (Allocation Failure)  734003K->487575K(938496K), 0.0052577 secs]
50.633: [GC (Allocation Failure)  745599K->494748K(938496K), 0.0058280 secs]
50.685: [GC (Allocation Failure)  753018K->501912K(938496K), 0.0051655 secs]
50.736: [GC (Allocation Failure)  760196K->511645K(938496K), 0.0052086 secs]
50.789: [GC (Allocation Failure)  769910K->521369K(938496K), 0.0052333 secs]
50.843: [GC (Allocation Failure)  779595K->526494K(938496K), 0.0052330 secs]
50.893: [GC (Allocation Failure)  784752K->537761K(938496K), 0.0041771 secs]
50.945: [GC (Allocation Failure)  795919K->545435K(938496K), 0.0042035 secs]
50.997: [GC (Allocation Failure)  803760K->557728K(938496K), 0.0110965 secs]
51.050: [GC (Allocation Failure)  815879K->563868K(938496K), 0.0050549 secs]
51.099: [GC (Allocation Failure)  821945K->572579K(938496K), 0.0041569 secs]
51.152: [GC (Allocation Failure)  830864K->583837K(938496K), 0.0052206 secs]
51.201: [GC (Allocation Failure)  841900K->591520K(938496K), 0.0070418 secs]
51.253: [GC (Allocation Failure)  849626K->599198K(938496K), 0.0051681 secs]
51.305: [GC (Allocation Failure)  857460K->609955K(938496K), 0.0071138 secs]
51.356: [GC (Allocation Failure)  868181K->615071K(938496K), 0.0051643 secs]
51.408: [GC (Allocation Failure)  873191K->622756K(938496K), 0.0053205 secs]
51.458: [GC (Allocation Failure)  880829K->630432K(938496K), 0.0051403 secs]
51.507: [GC (Allocation Failure)  888632K->640167K(938496K), 0.0042947 secs]
51.556: [GC (Allocation Failure)  898213K->646305K(938496K), 0.0042766 secs]
51.609: [GC (Allocation Failure)  904469K->653478K(938496K), 0.0042536 secs]
51.661: [GC (Allocation Failure)  911830K->659618K(938496K), 0.0042094 secs]
51.710: [GC (Allocation Failure)  917788K->665257K(938496K), 0.0042280 secs]
51.715: [GC (CMS Final Remark)  666839K(938496K), 0.0117844 secs]
51.762: [GC (Allocation Failure)  499035K->249493K(938496K), 0.0070791 secs]
51.812: [GC (Allocation Failure)  507519K->258200K(938496K), 0.0050922 secs]
51.863: [GC (Allocation Failure)  516301K->266390K(938496K), 0.0050878 secs]
51.910: [GC (Allocation Failure)  524481K->274075K(938496K), 0.0040835 secs]
51.962: [GC (Allocation Failure)  532108K->281751K(938496K), 0.0050569 secs]
52.012: [GC (Allocation Failure)  539875K->291488K(938496K), 0.0051190 secs]
52.063: [GC (Allocation Failure)  549716K->299164K(938496K), 0.0050553 secs]
52.112: [GC (Allocation Failure)  557521K->308385K(938496K), 0.0051659 secs]
52.164: [GC (Allocation Failure)  566480K->316061K(938496K), 0.0050680 secs]
52.217: [GC (Allocation Failure)  574242K->325282K(938496K), 0.0050199 secs]
52.268: [GC (Allocation Failure)  583334K->335518K(938496K), 0.0051549 secs]
52.321: [GC (Allocation Failure)  593545K->342691K(938496K), 0.0052346 secs]
52.370: [GC (Allocation Failure)  600790K->351903K(938496K), 0.0102482 secs]
52.420: [GC (Allocation Failure)  610090K->357540K(938496K), 0.0065507 secs]
52.469: [GC (Allocation Failure)  615502K->362144K(938496K), 0.0049255 secs]
52.516: [GC (Allocation Failure)  620430K->374435K(938496K), 0.0052329 secs]
52.568: [GC (Allocation Failure)  632396K->383137K(938496K), 0.0068901 secs]
52.618: [GC (Allocation Failure)  641287K->391334K(938496K), 0.0070459 secs]
52.669: [GC (Allocation Failure)  649525K->397986K(938496K), 0.0042850 secs]
52.721: [GC (Allocation Failure)  655938K->408231K(938496K), 0.0041691 secs]
52.769: [GC (Allocation Failure)  666375K->417955K(938496K), 0.0070591 secs]
52.819: [GC (Allocation Failure)  676078K->425126K(938496K), 0.0051798 secs]
52.825: [GC (CMS Initial Mark)  427727K(938496K), 0.0010424 secs]
52.869: [GC (Allocation Failure)  683288K->436900K(938496K), 0.0041542 secs]
52.919: [GC (Allocation Failure)  695039K->443049K(938496K), 0.0066496 secs]
52.969: [GC (Allocation Failure)  701148K->454309K(938496K), 0.0049660 secs]
53.022: [GC (Allocation Failure)  712332K->461480K(938496K), 0.0069027 secs]
53.071: [GC (Allocation Failure)  719664K->471718K(938496K), 0.0043023 secs]
53.123: [GC (Allocation Failure)  729678K->478891K(938496K), 0.0056236 secs]
53.173: [GC (Allocation Failure)  737058K->488103K(938496K), 0.0041074 secs]
53.224: [GC (Allocation Failure)  746121K->497326K(938496K), 0.0042034 secs]
53.272: [GC (Allocation Failure)  755428K->506026K(938496K), 0.0041211 secs]
53.323: [GC (Allocation Failure)  764039K->513195K(938496K), 0.0070100 secs]
53.370: [GC (Allocation Failure)  771199K->521897K(938496K), 0.0070169 secs]
53.423: [GC (Allocation Failure)  780054K->532142K(938496K), 0.0051257 secs]
53.469: [GC (Allocation Failure)  790075K->541354K(938496K), 0.0043017 secs]
53.521: [GC (Allocation Failure)  799453K->551597K(938496K), 0.0042196 secs]
53.571: [GC (Allocation Failure)  809547K->557739K(938496K), 0.0041530 secs]
53.616: [GC (Allocation Failure)  815606K->568496K(938496K), 0.0046435 secs]
53.667: [GC (Allocation Failure)  826695K->577708K(938496K), 0.0042499 secs]
53.715: [GC (Allocation Failure)  835635K->587441K(938496K), 0.0042830 secs]
53.765: [GC (Allocation Failure)  845423K->594605K(938496K), 0.0065732 secs]
53.811: [GC (Allocation Failure)  852646K->604850K(938496K), 0.0041142 secs]
53.859: [GC (Allocation Failure)  862832K->611502K(938496K), 0.0065533 secs]
53.908: [GC (Allocation Failure)  869446K->621235K(938496K), 0.0050513 secs]
53.957: [GC (Allocation Failure)  879206K->628399K(938496K), 0.0070327 secs]
54.002: [GC (Allocation Failure)  886488K->636596K(938496K), 0.0049865 secs]
54.052: [GC (Allocation Failure)  894586K->644272K(938496K), 0.0051177 secs]
54.099: [GC (Allocation Failure)  902371K->653491K(938496K), 0.0051637 secs]
54.150: [GC (Allocation Failure)  911419K->662193K(938496K), 0.0053648 secs]
54.156: [GC (CMS Final Remark)  665327K(938496K), 0.0118371 secs]
54.201: [GC (Allocation Failure)  545065K->296616K(938496K), 0.0041406 secs]
54.252: [GC (Allocation Failure)  554925K->302244K(938496K), 0.0040839 secs]
54.300: [GC (Allocation Failure)  560303K->312487K(938496K), 0.0049524 secs]
54.351: [GC (Allocation Failure)  570379K->318629K(938496K), 0.0069027 secs]
54.401: [GC (Allocation Failure)  576624K->331434K(938496K), 0.0051053 secs]
54.449: [GC (Allocation Failure)  589513K->339110K(938496K), 0.0043278 secs]
54.497: [GC (Allocation Failure)  597060K->346283K(938496K), 0.0040999 secs]
54.547: [GC (Allocation Failure)  604247K->353959K(938496K), 0.0041058 secs]
54.593: [GC (Allocation Failure)  611951K->364204K(938496K), 0.0070402 secs]
54.644: [GC (Allocation Failure)  622228K->371880K(938496K), 0.0051164 secs]
54.689: [GC (Allocation Failure)  630248K->382632K(938496K), 0.0050900 secs]
54.695: [GC (CMS Initial Mark)  385228K(938496K), 0.0008173 secs]
54.740: [GC (Allocation Failure)  640604K->393901K(938496K), 0.0050016 secs]
54.790: [GC (Allocation Failure)  652002K->399017K(938496K), 0.0041155 secs]
54.838: [GC (Allocation Failure)  657341K->406702K(938496K), 0.0070374 secs]
54.886: [GC (Allocation Failure)  664695K->414890K(938496K), 0.0051128 secs]
54.934: [GC (Allocation Failure)  672839K->426671K(938496K), 0.0070388 secs]
54.982: [GC (Allocation Failure)  684636K->433323K(938496K), 0.0068944 secs]
55.029: [GC (Allocation Failure)  691349K->441520K(938496K), 0.0068862 secs]
55.079: [GC (Allocation Failure)  699394K->450220K(938496K), 0.0071463 secs]
55.126: [GC (Allocation Failure)  708202K->460975K(938496K), 0.0045313 secs]
55.172: [GC (Allocation Failure)  719044K->468654K(938496K), 0.0068482 secs]
55.221: [GC (Allocation Failure)  726944K->476850K(938496K), 0.0050805 secs]
55.269: [GC (Allocation Failure)  735148K->486575K(938496K), 0.0050657 secs]
55.316: [GC (Allocation Failure)  744624K->496817K(938496K), 0.0050948 secs]
55.362: [GC (Allocation Failure)  754723K->503984K(938496K), 0.0052767 secs]
55.408: [GC (Allocation Failure)  761893K->513202K(938496K), 0.0049447 secs]
55.458: [GC (Allocation Failure)  771071K->523441K(938496K), 0.0050115 secs]
55.506: [GC (Allocation Failure)  781373K->532149K(938496K), 0.0049705 secs]
55.557: [GC (Allocation Failure)  790164K->542386K(938496K), 0.0051738 secs]
55.604: [GC (Allocation Failure)  800754K->550070K(938496K), 0.0050611 secs]
55.648: [GC (Allocation Failure)  808389K->560819K(938496K), 0.0052319 secs]
55.697: [GC (Allocation Failure)  818681K->574648K(938496K), 0.0050131 secs]
55.743: [GC (Allocation Failure)  832619K->581812K(938496K), 0.0051674 secs]
55.791: [GC (Allocation Failure)  839752K->592055K(938496K), 0.0049520 secs]
55.837: [GC (Allocation Failure)  850362K->603317K(938496K), 0.0072104 secs]
55.885: [GC (Allocation Failure)  861197K->613557K(938496K), 0.0051761 secs]
55.933: [GC (Allocation Failure)  871428K->623802K(938496K), 0.0051788 secs]
55.978: [GC (Allocation Failure)  881738K->633526K(938496K), 0.0052044 secs]
56.026: [GC (Allocation Failure)  891894K->644281K(938496K), 0.0051719 secs]
56.070: [GC (Allocation Failure)  902647K->653496K(938496K), 0.0050506 secs]
56.118: [GC (Allocation Failure)  911417K->662204K(938496K), 0.0042326 secs]
56.124: [GC (CMS Final Remark)  666357K(938496K), 0.0107223 secs]
56.169: [GC (Allocation Failure)  587505K->343726K(938496K), 0.0051276 secs]
56.220: [GC (Allocation Failure)  602033K->349361K(938496K), 0.0050115 secs]
56.265: [GC (Allocation Failure)  607256K->358575K(938496K), 0.0041530 secs]
56.310: [GC (Allocation Failure)  616875K->365233K(938496K), 0.0052013 secs]
56.316: [GC (CMS Initial Mark)  368876K(938496K), 0.0008149 secs]
56.357: [GC (Allocation Failure)  623121K->378032K(938496K), 0.0072847 secs]
56.405: [GC (Allocation Failure)  635910K->387253K(938496K), 0.0049296 secs]
56.455: [GC (Allocation Failure)  645599K->398513K(938496K), 0.0041148 secs]
56.500: [GC (Allocation Failure)  656792K->407220K(938496K), 0.0070173 secs]
56.544: [GC (Allocation Failure)  665125K->417458K(938496K), 0.0070705 secs]
56.587: [GC (Allocation Failure)  675793K->422578K(938496K), 0.0049969 secs]
56.635: [GC (Allocation Failure)  680933K->429751K(938496K), 0.0040352 secs]
56.681: [GC (Allocation Failure)  688070K->443059K(938496K), 0.0041963 secs]
56.730: [GC (Allocation Failure)  700956K->449208K(938496K), 0.0068897 secs]
56.774: [GC (Allocation Failure)  707107K->458932K(938496K), 0.0051897 secs]
56.819: [GC (Allocation Failure)  716792K->467639K(938496K), 0.0052194 secs]
56.865: [GC (Allocation Failure)  725583K->479926K(938496K), 0.0051883 secs]
56.909: [GC (Allocation Failure)  737796K->489144K(938496K), 0.0069379 secs]
56.956: [GC (Allocation Failure)  747417K->499383K(938496K), 0.0069122 secs]
57.002: [GC (Allocation Failure)  757637K->506043K(938496K), 0.0069320 secs]
57.045: [GC (Allocation Failure)  764408K->515768K(938496K), 0.0059121 secs]
57.093: [GC (Allocation Failure)  774049K->528060K(938496K), 0.0040794 secs]
57.141: [GC (Allocation Failure)  786363K->539321K(938496K), 0.0041208 secs]
57.186: [GC (Allocation Failure)  797550K->550073K(938496K), 0.0041510 secs]
57.233: [GC (Allocation Failure)  808338K->561342K(938496K), 0.0041869 secs]
57.279: [GC (Allocation Failure)  819221K->570554K(938496K), 0.0052269 secs]
57.325: [GC (Allocation Failure)  828699K->580797K(938496K), 0.0042213 secs]
57.372: [GC (Allocation Failure)  839151K->588987K(938496K), 0.0042744 secs]
57.418: [GC (Allocation Failure)  847317K->602814K(938496K), 0.0041784 secs]
57.463: [GC (Allocation Failure)  861114K->610492K(938496K), 0.0041508 secs]
57.510: [GC (Allocation Failure)  868703K->621251K(938496K), 0.0041718 secs]
57.555: [GC (Allocation Failure)  879164K->631486K(938496K), 0.0051990 secs]
57.601: [GC (Allocation Failure)  889635K->639680K(938496K), 0.0051058 secs]
57.647: [GC (Allocation Failure)  897742K->653503K(938496K), 0.0041973 secs]
57.694: [GC (Allocation Failure)  911711K->662209K(938496K), 0.0071322 secs]
57.702: [GC (CMS Final Remark)  667421K(938496K), 0.0113402 secs]
57.743: [GC (Allocation Failure)  605307K->359606K(938496K), 0.0068268 secs]
57.751: [GC (CMS Initial Mark)  362721K(938496K), 0.0010545 secs]
57.795: [GC (Allocation Failure)  617969K->367290K(938496K), 0.0041101 secs]
57.839: [GC (Allocation Failure)  625437K->378039K(938496K), 0.0040884 secs]
57.883: [GC (Allocation Failure)  636303K->387767K(938496K), 0.0071638 secs]
57.932: [GC (Allocation Failure)  645680K->396988K(938496K), 0.0076130 secs]
57.976: [GC (Allocation Failure)  654844K->408760K(938496K), 0.0069858 secs]
58.022: [GC (Allocation Failure)  666988K->419515K(938496K), 0.0069940 secs]
58.069: [GC (Allocation Failure)  677728K->429753K(938496K), 0.0053163 secs]
58.113: [GC (Allocation Failure)  688036K->439998K(938496K), 0.0072350 secs]
58.162: [GC (Allocation Failure)  698138K->448186K(938496K), 0.0052037 secs]
58.207: [GC (Allocation Failure)  706099K->457405K(938496K), 0.0071913 secs]
58.254: [GC (Allocation Failure)  715563K->466107K(938496K), 0.0052000 secs]
58.301: [GC (Allocation Failure)  724317K->475328K(938496K), 0.0041198 secs]
58.346: [GC (Allocation Failure)  733536K->488125K(938496K), 0.0041825 secs]
58.389: [GC (Allocation Failure)  746291K->499901K(938496K), 0.0041896 secs]
58.435: [GC (Allocation Failure)  758163K->510658K(938496K), 0.0046589 secs]
58.477: [GC (Allocation Failure)  768890K->520382K(938496K), 0.0045106 secs]
58.524: [GC (Allocation Failure)  778513K->529601K(938496K), 0.0052700 secs]
58.568: [GC (Allocation Failure)  787926K->539327K(938496K), 0.0044053 secs]
58.613: [GC (Allocation Failure)  797604K->550084K(938496K), 0.0041347 secs]
58.658: [GC (Allocation Failure)  808356K->559808K(938496K), 0.0041442 secs]
58.702: [GC (Allocation Failure)  818082K->572613K(938496K), 0.0041814 secs]
58.750: [GC (Allocation Failure)  830821K->582849K(938496K), 0.0052249 secs]
58.793: [GC (Allocation Failure)  841164K->591046K(938496K), 0.0050202 secs]
58.837: [GC (Allocation Failure)  849343K->601794K(938496K), 0.0040685 secs]
58.882: [GC (Allocation Failure)  859951K->608451K(938496K), 0.0052284 secs]
58.923: [GC (Allocation Failure)  866766K->620229K(938496K), 0.0055853 secs]
58.968: [GC (Allocation Failure)  878474K->627396K(938496K), 0.0051037 secs]
59.011: [GC (Allocation Failure)  885584K->641735K(938496K), 0.0052063 secs]
59.054: [GC (Allocation Failure)  899747K->648901K(938496K), 0.0050864 secs]
59.102: [GC (Allocation Failure)  907074K->661194K(938496K), 0.0051368 secs]
59.108: [GC (CMS Final Remark)  665914K(938496K), 0.0111149 secs]
59.147: [GC (Allocation Failure)  608356K->363708K(938496K), 0.0040927 secs]
59.152: [GC (CMS Initial Mark)  365262K(938496K), 0.0007297 secs]
59.196: [GC (Allocation Failure)  621875K->373441K(938496K), 0.0041502 secs]
59.238: [GC (Allocation Failure)  631619K->385213K(938496K), 0.0042929 secs]
59.284: [GC (Allocation Failure)  643321K->393918K(938496K), 0.0052412 secs]
59.328: [GC (Allocation Failure)  652214K->406210K(938496K), 0.0050170 secs]
59.372: [GC (Allocation Failure)  664350K->414399K(938496K), 0.0050689 secs]
59.416: [GC (Allocation Failure)  672727K->424131K(938496K), 0.0050125 secs]
59.461: [GC (Allocation Failure)  682279K->432832K(938496K), 0.0049616 secs]
59.502: [GC (Allocation Failure)  690858K->447173K(938496K), 0.0050560 secs]
59.547: [GC (Allocation Failure)  705404K->454849K(938496K), 0.0049494 secs]
59.590: [GC (Allocation Failure)  713176K->464065K(938496K), 0.0052221 secs]
59.633: [GC (Allocation Failure)  722276K->473286K(938496K), 0.0069112 secs]
59.679: [GC (Allocation Failure)  731618K->486082K(938496K), 0.0051945 secs]
59.722: [GC (Allocation Failure)  744198K->495301K(938496K), 0.0052156 secs]
59.767: [GC (Allocation Failure)  753462K->505027K(938496K), 0.0069535 secs]
59.809: [GC (Allocation Failure)  763105K->515272K(938496K), 0.0049469 secs]
59.855: [GC (Allocation Failure)  773434K->526021K(938496K), 0.0050261 secs]
59.896: [GC (Allocation Failure)  784219K->537801K(938496K), 0.0041568 secs]
59.939: [GC (Allocation Failure)  795880K->547526K(938496K), 0.0040506 secs]
59.983: [GC (Allocation Failure)  805894K->559302K(938496K), 0.0068680 secs]
60.028: [GC (Allocation Failure)  817478K->567499K(938496K), 0.0051569 secs]
60.070: [GC (Allocation Failure)  825547K->577223K(938496K), 0.0041627 secs]
60.115: [GC (Allocation Failure)  835512K->588492K(938496K), 0.0041041 secs]
60.155: [GC (Allocation Failure)  846666K->598216K(938496K), 0.0053533 secs]
60.201: [GC (Allocation Failure)  856264K->610507K(938496K), 0.0050629 secs]
60.245: [GC (Allocation Failure)  868803K->622281K(938496K), 0.0069457 secs]
60.292: [GC (Allocation Failure)  880346K->630990K(938496K), 0.0050486 secs]
60.333: [GC (Allocation Failure)  889067K->641226K(938496K), 0.0050217 secs]
60.378: [GC (Allocation Failure)  899303K->650955K(938496K), 0.0049006 secs]
60.422: [GC (Allocation Failure)  909219K->661711K(938496K), 0.0041347 secs]
60.427: [GC (CMS Final Remark)  663257K(938496K), 0.0109590 secs]
60.470: [GC (Allocation Failure)  606046K->358594K(938496K), 0.0051029 secs]
60.476: [GC (CMS Initial Mark)  360143K(938496K), 0.0008502 secs]
60.515: [GC (Allocation Failure)  616670K->368837K(938496K), 0.0049335 secs]
60.560: [GC (Allocation Failure)  626863K->377539K(938496K), 0.0050723 secs]
60.601: [GC (Allocation Failure)  635619K->389830K(938496K), 0.0050808 secs]
60.647: [GC (Allocation Failure)  647966K->396996K(938496K), 0.0040690 secs]
60.691: [GC (Allocation Failure)  655150K->406217K(938496K), 0.0040755 secs]
60.733: [GC (Allocation Failure)  664263K->412871K(938496K), 0.0040392 secs]
60.775: [GC (Allocation Failure)  670973K->428229K(938496K), 0.0041546 secs]
60.818: [GC (Allocation Failure)  686479K->434890K(938496K), 0.0040106 secs]
60.863: [GC (Allocation Failure)  693037K->446150K(938496K), 0.0049959 secs]
60.903: [GC (Allocation Failure)  704085K->453835K(938496K), 0.0040785 secs]
60.948: [GC (Allocation Failure)  712026K->468680K(938496K), 0.0048244 secs]
60.991: [GC (Allocation Failure)  726812K->475850K(938496K), 0.0090195 secs]
61.035: [GC (Allocation Failure)  733975K->488651K(938496K), 0.0051368 secs]
61.079: [GC (Allocation Failure)  746947K->498377K(938496K), 0.0049804 secs]
61.122: [GC (Allocation Failure)  756550K->507086K(938496K), 0.0050453 secs]
61.166: [GC (Allocation Failure)  765075K->517322K(938496K), 0.0051069 secs]
61.209: [GC (Allocation Failure)  775403K->530637K(938496K), 0.0051925 secs]
61.250: [GC (Allocation Failure)  788798K->535243K(938496K), 0.0040546 secs]
61.292: [GC (Allocation Failure)  793361K->548048K(938496K), 0.0050676 secs]
61.335: [GC (Allocation Failure)  806045K->558796K(938496K), 0.0048682 secs]
61.377: [GC (Allocation Failure)  816913K->569037K(938496K), 0.0050105 secs]
61.418: [GC (Allocation Failure)  827149K->580303K(938496K), 0.0049291 secs]
61.458: [GC (Allocation Failure)  838345K->587982K(938496K), 0.0049463 secs]
61.502: [GC (Allocation Failure)  846201K->596688K(938496K), 0.0050309 secs]
61.544: [GC (Allocation Failure)  854709K->607439K(938496K), 0.0052782 secs]
61.587: [GC (Allocation Failure)  865564K->615119K(938496K), 0.0052166 secs]
61.631: [GC (Allocation Failure)  873085K->627412K(938496K), 0.0051162 secs]
61.672: [GC (Allocation Failure)  885545K->638672K(938496K), 0.0052003 secs]
61.717: [GC (Allocation Failure)  896666K->646867K(938496K), 0.0069254 secs]
61.758: [GC (Allocation Failure)  904848K->660689K(938496K), 0.0041859 secs]
61.763: [GC (CMS Final Remark)  665377K(938496K), 0.0113110 secs]
61.805: [GC (Allocation Failure)  610296K->362188K(938496K), 0.0044834 secs]
61.810: [GC (CMS Initial Mark)  365317K(938496K), 0.0007827 secs]
61.848: [GC (Allocation Failure)  620245K->370889K(938496K), 0.0041046 secs]
61.893: [GC (Allocation Failure)  628973K->383181K(938496K), 0.0049189 secs]
61.934: [GC (Allocation Failure)  641219K->391882K(938496K), 0.0068764 secs]
61.979: [GC (Allocation Failure)  649870K->401610K(938496K), 0.0069129 secs]
62.019: [GC (Allocation Failure)  659697K->413389K(938496K), 0.0069292 secs]
62.062: [GC (Allocation Failure)  671346K->422603K(938496K), 0.0068305 secs]
62.105: [GC (Allocation Failure)  680780K->431312K(938496K), 0.0068903 secs]
62.151: [GC (Allocation Failure)  689418K->441550K(938496K), 0.0068052 secs]
62.195: [GC (Allocation Failure)  699699K->451791K(938496K), 0.0067237 secs]
62.237: [GC (Allocation Failure)  709827K->461517K(938496K), 0.0068812 secs]
62.280: [GC (Allocation Failure)  719615K->470222K(938496K), 0.0049795 secs]
62.319: [GC (Allocation Failure)  728258K->480464K(938496K), 0.0069647 secs]
62.361: [GC (Allocation Failure)  738579K->490191K(938496K), 0.0051363 secs]
62.405: [GC (Allocation Failure)  748087K->501970K(938496K), 0.0050035 secs]
62.447: [GC (Allocation Failure)  760001K->511696K(938496K), 0.0051676 secs]
62.491: [GC (Allocation Failure)  769644K->525008K(938496K), 0.0051689 secs]
62.532: [GC (Allocation Failure)  783059K->534227K(938496K), 0.0051359 secs]
62.576: [GC (Allocation Failure)  792219K->546513K(938496K), 0.0069210 secs]
62.617: [GC (Allocation Failure)  804436K->557270K(938496K), 0.0050664 secs]
62.660: [GC (Allocation Failure)  815284K->565459K(938496K), 0.0069388 secs]
62.702: [GC (Allocation Failure)  823646K->575703K(938496K), 0.0050358 secs]
62.745: [GC (Allocation Failure)  833784K->587988K(938496K), 0.0052269 secs]
62.788: [GC (Allocation Failure)  846288K->595156K(938496K), 0.0050859 secs]
62.826: [GC (Allocation Failure)  853140K->608473K(938496K), 0.0050337 secs]
62.868: [GC (Allocation Failure)  866482K->619733K(938496K), 0.0049056 secs]
62.908: [GC (Allocation Failure)  877820K->630490K(938496K), 0.0051486 secs]
62.950: [GC (Allocation Failure)  888582K->641750K(938496K), 0.0049386 secs]
62.991: [GC (Allocation Failure)  899724K->651995K(938496K), 0.0050329 secs]
63.035: [GC (Allocation Failure)  910043K->663767K(938496K), 0.0051628 secs]
63.042: [GC (CMS Final Remark)  674682K(938496K), 0.0116486 secs]
63.078: [GC (Allocation Failure)  608678K->360142K(938496K), 0.0040564 secs]
63.083: [GC (CMS Initial Mark)  364297K(938496K), 0.0007585 secs]
63.123: [GC (Allocation Failure)  618047K->368338K(938496K), 0.0039052 secs]
63.165: [GC (Allocation Failure)  626326K->379599K(938496K), 0.0067780 secs]
63.206: [GC (Allocation Failure)  637702K->390356K(938496K), 0.0069336 secs]
63.248: [GC (Allocation Failure)  648290K->397008K(938496K), 0.0038896 secs]
63.292: [GC (Allocation Failure)  654991K->408787K(938496K), 0.0046897 secs]
63.332: [GC (Allocation Failure)  666865K->419537K(938496K), 0.0039934 secs]
63.375: [GC (Allocation Failure)  677538K->432337K(938496K), 0.0039784 secs]
63.416: [GC (Allocation Failure)  690295K->438484K(938496K), 0.0068600 secs]
63.456: [GC (Allocation Failure)  696529K->450770K(938496K), 0.0047952 secs]
63.499: [GC (Allocation Failure)  708638K->458455K(938496K), 0.0039637 secs]
63.542: [GC (Allocation Failure)  716515K->468180K(938496K), 0.0047501 secs]
63.585: [GC (Allocation Failure)  726228K->481492K(938496K), 0.0052024 secs]
63.627: [GC (Allocation Failure)  739838K->492247K(938496K), 0.0068583 secs]
63.667: [GC (Allocation Failure)  750342K->501461K(938496K), 0.0051287 secs]
63.709: [GC (Allocation Failure)  759326K->511192K(938496K), 0.0048218 secs]
63.749: [GC (Allocation Failure)  769152K->522966K(938496K), 0.0041194 secs]
63.790: [GC (Allocation Failure)  781301K->529622K(938496K), 0.0050464 secs]
63.832: [GC (Allocation Failure)  787703K->541915K(938496K), 0.0050424 secs]
63.874: [GC (Allocation Failure)  799795K->552152K(938496K), 0.0048485 secs]
63.916: [GC (Allocation Failure)  810080K->562396K(938496K), 0.0039393 secs]
63.957: [GC (Allocation Failure)  820468K->574681K(938496K), 0.0041051 secs]
63.998: [GC (Allocation Failure)  833034K->586461K(938496K), 0.0040740 secs]
64.036: [GC (Allocation Failure)  844384K->594138K(938496K), 0.0067559 secs]
64.079: [GC (Allocation Failure)  852465K->605914K(938496K), 0.0042982 secs]
64.118: [GC (Allocation Failure)  863822K->613599K(938496K), 0.0067795 secs]
64.160: [GC (Allocation Failure)  871535K->627419K(938496K), 0.0039711 secs]
64.199: [GC (Allocation Failure)  885781K->639200K(938496K), 0.0040584 secs]
64.243: [GC (Allocation Failure)  897180K->645340K(938496K), 0.0067918 secs]
64.282: [GC (Allocation Failure)  903566K->654045K(938496K), 0.0049088 secs]
64.325: [GC (Allocation Failure)  912028K->664799K(938496K), 0.0051215 secs]
64.331: [GC (CMS Final Remark)  671056K(938496K), 0.0115723 secs]
64.367: [GC (Allocation Failure)  611529K->365268K(938496K), 0.0049653 secs]
64.373: [GC (CMS Initial Mark)  367881K(938496K), 0.0008796 secs]
64.407: [GC (Allocation Failure)  623160K->375513K(938496K), 0.0050707 secs]
64.447: [GC (Allocation Failure)  633422K->384725K(938496K), 0.0049204 secs]
64.488: [GC (Allocation Failure)  642598K->394965K(938496K), 0.0049734 secs]
64.531: [GC (Allocation Failure)  653052K->409304K(938496K), 0.0067817 secs]
64.570: [GC (Allocation Failure)  667199K->415446K(938496K), 0.0039857 secs]
64.610: [GC (Allocation Failure)  673814K->427739K(938496K), 0.0038891 secs]
64.649: [GC (Allocation Failure)  685696K->437976K(938496K), 0.0040330 secs]
64.687: [GC (Allocation Failure)  695970K->447192K(938496K), 0.0039083 secs]
64.731: [GC (Allocation Failure)  705062K->457437K(938496K), 0.0049024 secs]
64.770: [GC (Allocation Failure)  715450K->468697K(938496K), 0.0052256 secs]
64.811: [GC (Allocation Failure)  726616K->479454K(938496K), 0.0067985 secs]
64.851: [GC (Allocation Failure)  737551K->488666K(938496K), 0.0049496 secs]
64.893: [GC (Allocation Failure)  746598K->499935K(938496K), 0.0051136 secs]
64.933: [GC (Allocation Failure)  757980K->511707K(938496K), 0.0117960 secs]
64.974: [GC (Allocation Failure)  769625K->521948K(938496K), 0.0041394 secs]
65.015: [GC (Allocation Failure)  779894K->532192K(938496K), 0.0050700 secs]
65.055: [GC (Allocation Failure)  790107K->542429K(938496K), 0.0049592 secs]
65.096: [GC (Allocation Failure)  800348K->554209K(938496K), 0.0066529 secs]
65.136: [GC (Allocation Failure)  812133K->563422K(938496K), 0.0042953 secs]
65.177: [GC (Allocation Failure)  821749K->571614K(938496K), 0.0039011 secs]
65.219: [GC (Allocation Failure)  829593K->583395K(938496K), 0.0057254 secs]
65.260: [GC (Allocation Failure)  841322K->596191K(938496K), 0.0068625 secs]
65.301: [GC (Allocation Failure)  854131K->606946K(938496K), 0.0066559 secs]
65.342: [GC (Allocation Failure)  864809K->614112K(938496K), 0.0048968 secs]
65.383: [GC (Allocation Failure)  872089K->626401K(938496K), 0.0049582 secs]
65.424: [GC (Allocation Failure)  884299K->638693K(938496K), 0.0069686 secs]
65.465: [GC (Allocation Failure)  896629K->648418K(938496K), 0.0041206 secs]
65.508: [GC (Allocation Failure)  906293K->656102K(938496K), 0.0039724 secs]
65.513: [GC (CMS Final Remark)  659748K(938496K), 0.0111679 secs]
65.549: [GC (Allocation Failure)  597176K->352473K(938496K), 0.0117547 secs]
65.561: [GC (CMS Initial Mark)  353504K(938496K), 0.0007916 secs]
65.596: [GC (Allocation Failure)  610526K->360157K(938496K), 0.0040144 secs]
65.635: [GC (Allocation Failure)  618525K->372954K(938496K), 0.0040069 secs]
65.676: [GC (Allocation Failure)  631257K->383194K(938496K), 0.0050108 secs]
65.716: [GC (Allocation Failure)  641562K->392925K(938496K), 0.0067398 secs]
65.758: [GC (Allocation Failure)  651189K->403675K(938496K), 0.0049544 secs]
65.796: [GC (Allocation Failure)  661963K->414944K(938496K), 0.0052076 secs]
65.837: [GC (Allocation Failure)  672928K->426717K(938496K), 0.0051271 secs]
65.879: [GC (Allocation Failure)  684611K->436445K(938496K), 0.0049443 secs]
65.918: [GC (Allocation Failure)  694748K->449250K(938496K), 0.0040001 secs]
65.958: [GC (Allocation Failure)  707614K->461022K(938496K), 0.0066324 secs]
65.997: [GC (Allocation Failure)  719390K->471777K(938496K), 0.0051139 secs]
66.037: [GC (Allocation Failure)  729700K->481503K(938496K), 0.0048279 secs]
66.076: [GC (Allocation Failure)  739387K->491744K(938496K), 0.0048636 secs]
66.119: [GC (Allocation Failure)  749726K->504036K(938496K), 0.0047434 secs]
66.157: [GC (Allocation Failure)  762351K->512737K(938496K), 0.0048775 secs]
66.196: [GC (Allocation Failure)  771034K->522469K(938496K), 0.0048003 secs]
66.235: [GC (Allocation Failure)  780437K->535266K(938496K), 0.0049737 secs]
66.277: [GC (Allocation Failure)  793513K->542946K(938496K), 0.0049883 secs]
66.316: [GC (Allocation Failure)  801310K->555237K(938496K), 0.0068368 secs]
66.355: [GC (Allocation Failure)  813116K->567011K(938496K), 0.0050263 secs]
66.394: [GC (Allocation Failure)  825273K->577256K(938496K), 0.0051280 secs]
66.434: [GC (Allocation Failure)  835530K->588004K(938496K), 0.0040195 secs]
66.473: [GC (Allocation Failure)  846368K->597733K(938496K), 0.0040816 secs]
66.511: [GC (Allocation Failure)  855756K->607465K(938496K), 0.0039762 secs]
66.552: [GC (Allocation Failure)  865357K->616678K(938496K), 0.0040914 secs]
66.591: [GC (Allocation Failure)  874970K->628457K(938496K), 0.0040346 secs]
66.627: [GC (Allocation Failure)  886335K->635113K(938496K), 0.0040024 secs]
66.668: [GC (Allocation Failure)  893464K->641767K(938496K), 0.0038139 secs]
66.705: [GC (Allocation Failure)  899633K->655084K(938496K), 0.0050027 secs]
66.745: [GC (Allocation Failure)  913452K->664296K(938496K), 0.0067245 secs]
66.752: [GC (CMS Final Remark)  667392K(938496K), 0.0114555 secs]
66.787: [GC (Allocation Failure)  618678K->371935K(938496K), 0.0048355 secs]
66.793: [GC (CMS Initial Mark)  375041K(938496K), 0.0009106 secs]
66.830: [GC (Allocation Failure)  629860K->383204K(938496K), 0.0065794 secs]
66.868: [GC (Allocation Failure)  641515K->391392K(938496K), 0.0049338 secs]
66.909: [GC (Allocation Failure)  649316K->401123K(938496K), 0.0048683 secs]
66.947: [GC (Allocation Failure)  659482K->410849K(938496K), 0.0049516 secs]
66.987: [GC (Allocation Failure)  669085K->423649K(938496K), 0.0047962 secs]
67.027: [GC (Allocation Failure)  681564K->432870K(938496K), 0.0038979 secs]
67.063: [GC (Allocation Failure)  691217K->442595K(938496K), 0.0065670 secs]
67.101: [GC (Allocation Failure)  700462K->453351K(938496K), 0.0071593 secs]
67.140: [GC (Allocation Failure)  711587K->464612K(938496K), 0.0051083 secs]
67.181: [GC (Allocation Failure)  722949K->474340K(938496K), 0.0049971 secs]
67.221: [GC (Allocation Failure)  732338K->488679K(938496K), 0.0051169 secs]
67.260: [GC (Allocation Failure)  746993K->498405K(938496K), 0.0067569 secs]
67.298: [GC (Allocation Failure)  756719K->511722K(938496K), 0.0040574 secs]
67.337: [GC (Allocation Failure)  770053K->518886K(938496K), 0.0056805 secs]
67.375: [GC (Allocation Failure)  777097K->529127K(938496K), 0.0050493 secs]
67.414: [GC (Allocation Failure)  787462K->540395K(938496K), 0.0051073 secs]
67.454: [GC (Allocation Failure)  798291K->549608K(938496K), 0.0066847 secs]
67.491: [GC (Allocation Failure)  807704K->561386K(938496K), 0.0052350 secs]
67.532: [GC (Allocation Failure)  819706K->570603K(938496K), 0.0050618 secs]
67.571: [GC (Allocation Failure)  828903K->582377K(938496K), 0.0041450 secs]
67.608: [GC (Allocation Failure)  840646K->592110K(938496K), 0.0062134 secs]
67.645: [GC (Allocation Failure)  850353K->602858K(938496K), 0.0041329 secs]
67.684: [GC (Allocation Failure)  861161K->610027K(938496K), 0.0049327 secs]
67.724: [GC (Allocation Failure)  868367K->623853K(938496K), 0.0047893 secs]
67.763: [GC (Allocation Failure)  882184K->632044K(938496K), 0.0070100 secs]
67.804: [GC (Allocation Failure)  889905K->643822K(938496K), 0.0069868 secs]
67.846: [GC (Allocation Failure)  902190K->654573K(938496K), 0.0073976 secs]
67.886: [GC (Allocation Failure)  912820K->661741K(938496K), 0.0071467 secs]
67.894: [GC (CMS Final Remark)  664866K(938496K), 0.0140619 secs]
67.930: [GC (Allocation Failure)  596142K->349928K(938496K), 0.0071263 secs]
67.970: [GC (Allocation Failure)  608060K->357604K(938496K), 0.0068602 secs]
67.978: [GC (CMS Initial Mark)  359156K(938496K), 0.0011152 secs]
68.011: [GC (Allocation Failure)  615948K->368359K(938496K), 0.0069126 secs]
68.048: [GC (Allocation Failure)  626484K->376549K(938496K), 0.0067741 secs]
68.088: [GC (Allocation Failure)  634840K->387301K(938496K), 0.0068082 secs]
68.127: [GC (Allocation Failure)  645556K->400106K(938496K), 0.0067624 secs]
68.167: [GC (Allocation Failure)  658333K->410342K(938496K), 0.0049619 secs]
68.205: [GC (Allocation Failure)  668553K->420587K(938496K), 0.0065601 secs]
68.242: [GC (Allocation Failure)  678880K->430312K(938496K), 0.0038255 secs]
68.283: [GC (Allocation Failure)  688523K->442088K(938496K), 0.0049118 secs]
68.321: [GC (Allocation Failure)  700411K->452333K(938496K), 0.0038857 secs]
68.359: [GC (Allocation Failure)  710589K->459497K(938496K), 0.0038943 secs]
68.399: [GC (Allocation Failure)  717837K->472304K(938496K), 0.0039147 secs]
68.436: [GC (Allocation Failure)  730514K->482026K(938496K), 0.0039755 secs]
68.474: [GC (Allocation Failure)  739909K->490730K(938496K), 0.0040535 secs]
68.511: [GC (Allocation Failure)  749034K->502001K(938496K), 0.0039685 secs]
68.549: [GC (Allocation Failure)  760275K->512748K(938496K), 0.0040437 secs]
68.587: [GC (Allocation Failure)  770973K->520428K(938496K), 0.0038690 secs]
68.627: [GC (Allocation Failure)  778657K->531697K(938496K), 0.0039030 secs]
68.665: [GC (Allocation Failure)  790051K->541933K(938496K), 0.0039679 secs]
68.704: [GC (Allocation Failure)  800168K->551154K(938496K), 0.0039871 secs]
68.742: [GC (Allocation Failure)  809412K->559854K(938496K), 0.0048262 secs]
68.782: [GC (Allocation Failure)  817998K->572142K(938496K), 0.0050449 secs]
68.820: [GC (Allocation Failure)  830431K->582389K(938496K), 0.0038558 secs]
68.856: [GC (Allocation Failure)  840651K->594159K(938496K), 0.0039804 secs]
68.893: [GC (Allocation Failure)  852326K->602373K(938496K), 0.0050062 secs]
68.931: [GC (Allocation Failure)  860740K->610561K(938496K), 0.0049914 secs]

~~~
