~~~
Java HotSpot(TM) 64-Bit Server VM (25.201-b09) for linux-amd64 JRE (1.8.0_201-b09), built on Dec 15 2018 11:35:59 by "java_re" with gcc 7.3.0
Memory: 4k page, physical 3882052k(1332112k free), swap 8388604k(7179200k free)
CommandLine flags: -XX:G1HeapRegionSize=67108864 -XX:InitialHeapSize=62112832 -XX:MaxHeapSize=993805312 -XX:+PrintGC -XX:+PrintGCTimeStamps -XX:+UseCompressedClassPointers -XX:+UseCompressedOops -XX:+UseG1GC 
0.410: [GC pause (G1 Evacuation Pause) (young) 32M->2231K(64M), 0.0060649 secs]
0.549: [GC pause (G1 Evacuation Pause) (young) 34M->4080K(96M), 0.0032787 secs]
0.650: [GC pause (G1 Evacuation Pause) (young) 35M->4890K(96M), 0.0036202 secs]
0.747: [GC pause (G1 Evacuation Pause) (young) 36M->5192K(96M), 0.0086328 secs]
0.830: [GC pause (G1 Evacuation Pause) (young) 37M->5271K(96M), 0.0047489 secs]
0.952: [GC pause (G1 Evacuation Pause) (young) 37M->5731K(96M), 0.0051221 secs]
1.038: [GC pause (G1 Evacuation Pause) (young) 37M->7592K(96M), 0.0130977 secs]
1.058: [GC pause (Metadata GC Threshold) (young) (initial-mark) 9920K->9805K(96M), 0.0044480 secs]
1.062: [GC concurrent-root-region-scan-start]
1.068: [GC concurrent-root-region-scan-end, 0.0058643 secs]
1.068: [GC concurrent-mark-start]
1.074: [GC concurrent-mark-end, 0.0065715 secs]
1.075: [GC remark, 0.0053405 secs]
1.083: [GC cleanup 17M->17M(96M), 0.0002769 secs]
1.157: [GC pause (G1 Evacuation Pause) (young) 41M->7101K(96M), 0.0089315 secs]
1.372: [GC pause (G1 Evacuation Pause) (young) 38M->9868K(96M), 0.0107175 secs]
1.555: [GC pause (G1 Evacuation Pause) (young) 41M->12M(96M), 0.0112914 secs]
1.684: [GC pause (G1 Evacuation Pause) (young) 44M->11M(96M), 0.0108367 secs]
1.845: [GC pause (G1 Evacuation Pause) (young) 43M->13M(96M), 0.0092181 secs]
2.053: [GC pause (G1 Evacuation Pause) (young) 45M->20M(96M), 0.0234393 secs]
2.195: [GC pause (G1 Evacuation Pause) (young) 52M->25M(96M), 0.0121589 secs]
2.301: [GC pause (G1 Evacuation Pause) (young) 57M->21M(128M), 0.0115452 secs]
2.414: [GC pause (G1 Evacuation Pause) (young) 53M->30M(128M), 0.0199663 secs]
2.540: [GC pause (G1 Evacuation Pause) (young) 62M->24M(128M), 0.0127352 secs]
2.634: [GC pause (G1 Evacuation Pause) (young) 56M->27M(128M), 0.0224549 secs]
3.334: [GC pause (G1 Evacuation Pause) (young) 59M->30M(128M), 0.0124561 secs]
3.701: [GC pause (G1 Evacuation Pause) (young) 62M->27M(128M), 0.0134427 secs]
3.989: [GC pause (G1 Evacuation Pause) (young) 59M->27M(128M), 0.0107962 secs]
4.211: [GC pause (G1 Evacuation Pause) (young) 59M->30M(128M), 0.0119042 secs]
4.410: [GC pause (G1 Evacuation Pause) (young) 62M->30M(128M), 0.0103281 secs]
4.616: [GC pause (G1 Evacuation Pause) (young) 62M->33M(128M), 0.0091519 secs]
4.754: [GC pause (G1 Evacuation Pause) (young) 65M->37M(128M), 0.0093829 secs]
4.910: [GC pause (G1 Evacuation Pause) (young) 69M->30M(128M), 0.0058352 secs]
5.064: [GC pause (G1 Evacuation Pause) (young) 62M->31M(128M), 0.0067885 secs]
5.172: [GC pause (G1 Evacuation Pause) (young) 63M->32M(128M), 0.0064608 secs]
5.311: [GC pause (G1 Evacuation Pause) (young) 64M->31M(128M), 0.0067924 secs]
5.416: [GC pause (G1 Evacuation Pause) (young) 63M->33M(128M), 0.0061748 secs]
5.531: [GC pause (G1 Evacuation Pause) (young) 65M->33M(128M), 0.0056630 secs]
5.657: [GC pause (G1 Evacuation Pause) (young) 65M->34M(128M), 0.0042806 secs]
5.749: [GC pause (G1 Evacuation Pause) (young) 66M->34M(128M), 0.0037894 secs]
5.850: [GC pause (G1 Evacuation Pause) (young) 66M->34M(128M), 0.0031224 secs]
5.948: [GC pause (G1 Evacuation Pause) (young) 66M->36M(128M), 0.0037252 secs]
6.041: [GC pause (G1 Evacuation Pause) (young) 68M->36M(128M), 0.0029049 secs]
6.135: [GC pause (G1 Evacuation Pause) (young) 68M->36M(128M), 0.0026733 secs]
6.232: [GC pause (G1 Evacuation Pause) (young) 68M->36M(128M), 0.0031526 secs]
6.309: [GC pause (G1 Evacuation Pause) (young) 68M->36M(128M), 0.0039294 secs]
6.393: [GC pause (G1 Evacuation Pause) (young) 68M->37M(128M), 0.0033847 secs]
6.471: [GC pause (G1 Evacuation Pause) (young) 69M->38M(128M), 0.0038143 secs]
6.559: [GC pause (G1 Evacuation Pause) (young) 70M->39M(128M), 0.0031026 secs]
6.637: [GC pause (G1 Evacuation Pause) (young) 71M->39M(128M), 0.0031774 secs]
6.701: [GC pause (G1 Evacuation Pause) (young) 71M->41M(128M), 0.0041157 secs]
6.772: [GC pause (G1 Evacuation Pause) (young) 73M->43M(128M), 0.0036142 secs]
6.844: [GC pause (G1 Evacuation Pause) (young) 75M->46M(128M), 0.0053426 secs]
6.920: [GC pause (G1 Evacuation Pause) (young) 78M->48M(128M), 0.0051876 secs]
6.990: [GC pause (G1 Evacuation Pause) (young) 80M->48M(128M), 0.0050643 secs]
7.057: [GC pause (G1 Evacuation Pause) (young) 80M->50M(128M), 0.0048280 secs]
7.130: [GC pause (G1 Evacuation Pause) (young) 82M->53M(160M), 0.0049256 secs]
7.198: [GC pause (G1 Evacuation Pause) (young) 85M->55M(160M), 0.0041148 secs]
7.272: [GC pause (G1 Evacuation Pause) (young) 87M->57M(160M), 0.0049975 secs]
7.340: [GC pause (G1 Evacuation Pause) (young) 89M->59M(160M), 0.0040662 secs]
7.405: [GC pause (G1 Evacuation Pause) (young) 91M->61M(160M), 0.0049766 secs]
7.481: [GC pause (G1 Evacuation Pause) (young) 93M->64M(160M), 0.0048386 secs]
7.544: [GC pause (G1 Evacuation Pause) (young) 96M->67M(160M), 0.0057041 secs]
7.603: [GC pause (G1 Evacuation Pause) (young) 99M->69M(160M), 0.0053072 secs]
7.673: [GC pause (G1 Evacuation Pause) (young) 101M->74M(160M), 0.0048231 secs]
7.737: [GC pause (G1 Evacuation Pause) (young) 106M->78M(160M), 0.0053622 secs]
7.799: [GC pause (G1 Evacuation Pause) (young) 110M->80M(160M), 0.0047761 secs]
7.859: [GC pause (G1 Evacuation Pause) (young) 112M->84M(160M), 0.0057341 secs]
7.915: [GC pause (G1 Evacuation Pause) (young) 116M->88M(192M), 0.0059754 secs]
7.977: [GC pause (G1 Evacuation Pause) (young) (initial-mark) 120M->92M(192M), 0.0073343 secs]
7.984: [GC concurrent-root-region-scan-start]
7.985: [GC concurrent-root-region-scan-end, 0.0004858 secs]
7.985: [GC concurrent-mark-start]
8.016: [GC concurrent-mark-end, 0.0315101 secs]
8.016: [GC remark, 0.0076120 secs]
8.025: [GC cleanup 121M->121M(192M), 0.0005066 secs]
8.026: [GC pause (G1 Evacuation Pause) (young) 124M->97M(192M), 0.0051327 secs]
8.081: [GC pause (G1 Evacuation Pause) (mixed) 129M->70M(192M), 0.0056418 secs]
8.128: [GC pause (G1 Evacuation Pause) (mixed) 102M->58M(192M), 0.0185654 secs]
8.188: [GC pause (G1 Evacuation Pause) (young) 90M->67M(352M), 0.0061483 secs]
8.354: [GC pause (G1 Evacuation Pause) (young) 163M->73M(480M), 0.0103633 secs]
8.771: [GC pause (G1 Evacuation Pause) (young) 329M->75M(576M), 0.0063718 secs]
9.214: [GC pause (G1 Evacuation Pause) (young) 363M->77M(576M), 0.0058594 secs]
9.623: [GC pause (G1 Evacuation Pause) (young) 365M->80M(576M), 0.0123491 secs]
9.978: [GC pause (G1 Evacuation Pause) (young) 336M->81M(576M), 0.0088324 secs]
10.316: [GC pause (G1 Evacuation Pause) (young) 337M->83M(576M), 0.0062406 secs]
10.639: [GC pause (G1 Evacuation Pause) (young) 339M->85M(576M), 0.0057072 secs]
10.947: [GC pause (G1 Evacuation Pause) (young) 341M->86M(576M), 0.0061431 secs]
11.252: [GC pause (G1 Evacuation Pause) (young) 342M->88M(576M), 0.0071928 secs]
11.534: [GC pause (G1 Evacuation Pause) (young) 344M->89M(576M), 0.0064595 secs]
11.812: [GC pause (G1 Evacuation Pause) (young) 345M->90M(576M), 0.0063538 secs]
12.081: [GC pause (G1 Evacuation Pause) (young) 346M->92M(576M), 0.0065400 secs]
12.336: [GC pause (G1 Evacuation Pause) (young) 348M->93M(576M), 0.0074495 secs]
12.587: [GC pause (G1 Evacuation Pause) (young) 349M->94M(576M), 0.0118939 secs]
12.834: [GC pause (G1 Evacuation Pause) (young) 350M->96M(576M), 0.0068392 secs]
13.070: [GC pause (G1 Evacuation Pause) (young) 352M->96M(576M), 0.0075338 secs]
13.305: [GC pause (G1 Evacuation Pause) (young) 352M->96M(576M), 0.0096711 secs]
13.526: [GC pause (G1 Evacuation Pause) (young) 352M->96M(576M), 0.0077831 secs]
13.746: [GC pause (G1 Evacuation Pause) (young) 352M->96M(576M), 0.0090831 secs]
13.970: [GC pause (G1 Evacuation Pause) (young) 352M->96M(576M), 0.0079127 secs]
14.196: [GC pause (G1 Evacuation Pause) (young) 352M->96M(576M), 0.0074720 secs]
14.410: [GC pause (G1 Evacuation Pause) (young) 352M->96M(576M), 0.0075643 secs]
14.616: [GC pause (G1 Evacuation Pause) (young) 352M->96M(576M), 0.0122791 secs]
14.818: [GC pause (G1 Evacuation Pause) (young) 352M->96M(576M), 0.0072780 secs]
15.022: [GC pause (G1 Evacuation Pause) (young) 352M->96M(576M), 0.0068700 secs]
15.221: [GC pause (G1 Evacuation Pause) (young) 352M->96M(576M), 0.0081362 secs]
15.428: [GC pause (G1 Evacuation Pause) (young) 352M->96M(576M), 0.0070816 secs]
15.620: [GC pause (G1 Evacuation Pause) (young) 352M->96M(576M), 0.0075871 secs]
15.815: [GC pause (G1 Evacuation Pause) (young) 352M->96M(576M), 0.0064729 secs]
15.996: [GC pause (G1 Evacuation Pause) (young) 352M->96M(576M), 0.0090209 secs]
16.177: [GC pause (G1 Evacuation Pause) (young) 352M->96M(576M), 0.0076978 secs]
16.362: [GC pause (G1 Evacuation Pause) (young) 352M->96M(576M), 0.0075403 secs]
16.549: [GC pause (G1 Evacuation Pause) (young) 352M->96M(576M), 0.0079420 secs]
16.729: [GC pause (G1 Evacuation Pause) (young) 352M->96M(576M), 0.0082631 secs]
16.901: [GC pause (G1 Evacuation Pause) (young) 352M->96M(576M), 0.0071029 secs]
17.072: [GC pause (G1 Evacuation Pause) (young) 352M->96M(576M), 0.0066906 secs]
17.239: [GC pause (G1 Evacuation Pause) (young) 352M->96M(576M), 0.0076482 secs]
17.409: [GC pause (G1 Evacuation Pause) (young) 352M->96M(576M), 0.0060796 secs]
17.568: [GC pause (G1 Evacuation Pause) (young) 352M->96M(576M), 0.0072558 secs]
17.732: [GC pause (G1 Evacuation Pause) (young) 352M->96M(576M), 0.0071208 secs]
17.893: [GC pause (G1 Evacuation Pause) (young) 352M->96M(576M), 0.0105779 secs]
18.052: [GC pause (G1 Evacuation Pause) (young) 352M->96M(576M), 0.0073991 secs]
18.217: [GC pause (G1 Evacuation Pause) (young) 352M->96M(576M), 0.0074967 secs]
18.380: [GC pause (G1 Evacuation Pause) (young) 352M->96M(576M), 0.0068299 secs]
18.535: [GC pause (G1 Evacuation Pause) (young) 352M->96M(576M), 0.0073907 secs]
18.694: [GC pause (G1 Evacuation Pause) (young) 352M->97M(576M), 0.0080209 secs]
18.850: [GC pause (G1 Evacuation Pause) (young) 353M->97M(576M), 0.0076941 secs]
19.000: [GC pause (G1 Evacuation Pause) (young) 353M->97M(576M), 0.0078772 secs]
19.154: [GC pause (G1 Evacuation Pause) (young) 353M->97M(576M), 0.0078111 secs]
19.300: [GC pause (G1 Evacuation Pause) (young) 353M->96M(576M), 0.0077926 secs]
19.448: [GC pause (G1 Evacuation Pause) (young) 352M->97M(576M), 0.0077252 secs]
19.594: [GC pause (G1 Evacuation Pause) (young) 353M->97M(576M), 0.0076198 secs]
19.739: [GC pause (G1 Evacuation Pause) (young) 353M->97M(576M), 0.0076194 secs]
19.883: [GC pause (G1 Evacuation Pause) (young) 353M->96M(576M), 0.0090005 secs]
20.030: [GC pause (G1 Evacuation Pause) (young) 352M->97M(576M), 0.0092219 secs]
20.177: [GC pause (G1 Evacuation Pause) (young) 353M->97M(576M), 0.0092271 secs]
20.316: [GC pause (G1 Evacuation Pause) (young) 353M->97M(576M), 0.0077835 secs]
20.454: [GC pause (G1 Evacuation Pause) (young) 353M->97M(576M), 0.0088836 secs]
20.589: [GC pause (G1 Evacuation Pause) (young) 353M->96M(576M), 0.0074341 secs]
20.728: [GC pause (G1 Evacuation Pause) (young) 352M->96M(576M), 0.0079113 secs]
20.872: [GC pause (G1 Evacuation Pause) (young) 352M->96M(576M), 0.0068610 secs]
21.007: [GC pause (G1 Evacuation Pause) (young) 352M->97M(576M), 0.0066523 secs]
21.142: [GC pause (G1 Evacuation Pause) (young) 353M->96M(576M), 0.0077428 secs]
21.281: [GC pause (G1 Evacuation Pause) (young) 352M->97M(576M), 0.0077035 secs]
21.409: [GC pause (G1 Evacuation Pause) (young) 353M->96M(576M), 0.0092189 secs]
21.538: [GC pause (G1 Evacuation Pause) (young) 352M->97M(576M), 0.0069779 secs]
21.676: [GC pause (G1 Evacuation Pause) (young) 353M->96M(576M), 0.0071007 secs]
21.809: [GC pause (G1 Evacuation Pause) (young) 352M->96M(576M), 0.0072663 secs]
21.934: [GC pause (G1 Evacuation Pause) (young) 352M->96M(576M), 0.0080834 secs]
22.062: [GC pause (G1 Evacuation Pause) (young) 352M->96M(576M), 0.0064257 secs]
22.190: [GC pause (G1 Evacuation Pause) (young) 352M->97M(576M), 0.0063413 secs]
22.316: [GC pause (G1 Evacuation Pause) (young) 353M->96M(576M), 0.0112773 secs]
22.451: [GC pause (G1 Evacuation Pause) (young) 352M->96M(576M), 0.0069734 secs]
22.572: [GC pause (G1 Evacuation Pause) (young) 352M->96M(576M), 0.0065459 secs]
22.698: [GC pause (G1 Evacuation Pause) (young) 352M->96M(576M), 0.0071997 secs]
22.823: [GC pause (G1 Evacuation Pause) (young) 352M->96M(576M), 0.0118960 secs]
22.945: [GC pause (G1 Evacuation Pause) (young) 352M->96M(576M), 0.0066155 secs]
23.066: [GC pause (G1 Evacuation Pause) (young) 352M->96M(576M), 0.0069255 secs]
23.181: [GC pause (G1 Evacuation Pause) (young) 352M->97M(576M), 0.0066250 secs]
23.303: [GC pause (G1 Evacuation Pause) (young) 353M->97M(576M), 0.0074016 secs]
23.420: [GC pause (G1 Evacuation Pause) (young) 353M->97M(576M), 0.0111037 secs]
23.548: [GC pause (G1 Evacuation Pause) (young) 353M->96M(576M), 0.0072563 secs]
23.668: [GC pause (G1 Evacuation Pause) (young) 352M->96M(576M), 0.0073105 secs]
23.787: [GC pause (G1 Evacuation Pause) (young) 352M->97M(576M), 0.0072819 secs]
23.903: [GC pause (G1 Evacuation Pause) (young) 353M->96M(576M), 0.0074338 secs]
24.018: [GC pause (G1 Evacuation Pause) (young) 352M->96M(576M), 0.0072872 secs]
24.133: [GC pause (G1 Evacuation Pause) (young) 352M->96M(576M), 0.0078735 secs]
24.251: [GC pause (G1 Evacuation Pause) (young) 352M->97M(576M), 0.0091172 secs]
24.363: [GC pause (G1 Evacuation Pause) (young) 353M->97M(576M), 0.0078594 secs]
24.474: [GC pause (G1 Evacuation Pause) (young) 353M->97M(576M), 0.0076199 secs]
24.585: [GC pause (G1 Evacuation Pause) (young) 353M->96M(576M), 0.0078443 secs]
24.700: [GC pause (G1 Evacuation Pause) (young) 352M->96M(576M), 0.0079828 secs]
24.809: [GC pause (G1 Evacuation Pause) (young) 352M->96M(576M), 0.0073440 secs]
24.920: [GC pause (G1 Evacuation Pause) (young) 352M->96M(576M), 0.0072843 secs]
25.033: [GC pause (G1 Evacuation Pause) (young) 352M->96M(576M), 0.0071979 secs]
25.139: [GC pause (G1 Evacuation Pause) (young) 352M->96M(576M), 0.0087076 secs]
25.248: [GC pause (G1 Evacuation Pause) (young) 352M->96M(576M), 0.0076802 secs]
25.363: [GC pause (G1 Evacuation Pause) (young) 352M->96M(576M), 0.0079320 secs]
25.468: [GC pause (G1 Evacuation Pause) (young) 352M->97M(576M), 0.0077971 secs]
25.583: [GC pause (G1 Evacuation Pause) (young) 353M->97M(576M), 0.0070543 secs]
25.690: [GC pause (G1 Evacuation Pause) (young) 353M->96M(576M), 0.0073819 secs]
25.802: [GC pause (G1 Evacuation Pause) (young) 352M->97M(576M), 0.0079167 secs]
25.909: [GC pause (G1 Evacuation Pause) (young) 353M->96M(576M), 0.0071284 secs]
26.019: [GC pause (G1 Evacuation Pause) (young) 352M->96M(576M), 0.0068066 secs]
26.128: [GC pause (G1 Evacuation Pause) (young) 352M->96M(576M), 0.0062342 secs]
26.235: [GC pause (G1 Evacuation Pause) (young) 352M->97M(576M), 0.0096934 secs]
26.344: [GC pause (G1 Evacuation Pause) (young) 353M->97M(576M), 0.0068660 secs]
26.448: [GC pause (G1 Evacuation Pause) (young) 353M->96M(576M), 0.0081159 secs]
26.553: [GC pause (G1 Evacuation Pause) (young) 352M->97M(576M), 0.0070706 secs]
26.657: [GC pause (G1 Evacuation Pause) (young) 353M->97M(576M), 0.0084765 secs]
26.762: [GC pause (G1 Evacuation Pause) (young) 353M->95M(576M), 0.0070396 secs]
26.866: [GC pause (G1 Evacuation Pause) (young) 351M->97M(576M), 0.0072899 secs]
26.967: [GC pause (G1 Evacuation Pause) (young) 353M->96M(576M), 0.0071588 secs]
27.071: [GC pause (G1 Evacuation Pause) (young) 352M->96M(576M), 0.0062413 secs]
27.175: [GC pause (G1 Evacuation Pause) (young) 352M->96M(576M), 0.0080968 secs]
27.277: [GC pause (G1 Evacuation Pause) (young) 352M->96M(576M), 0.0072983 secs]
27.376: [GC pause (G1 Evacuation Pause) (young) 352M->96M(576M), 0.0076653 secs]
27.479: [GC pause (G1 Evacuation Pause) (young) 352M->96M(576M), 0.0068285 secs]
27.577: [GC pause (G1 Evacuation Pause) (young) 352M->96M(576M), 0.0086233 secs]
27.680: [GC pause (G1 Evacuation Pause) (young) 352M->96M(576M), 0.0069173 secs]
27.782: [GC pause (G1 Evacuation Pause) (young) 352M->96M(576M), 0.0075834 secs]
27.882: [GC pause (G1 Evacuation Pause) (young) 352M->96M(576M), 0.0073302 secs]
27.981: [GC pause (G1 Evacuation Pause) (young) 352M->96M(576M), 0.0112028 secs]
28.080: [GC pause (G1 Evacuation Pause) (young) 352M->96M(576M), 0.0069264 secs]
28.175: [GC pause (G1 Evacuation Pause) (young) 352M->96M(576M), 0.0110737 secs]
28.271: [GC pause (G1 Evacuation Pause) (young) 352M->96M(576M), 0.0069227 secs]
28.367: [GC pause (G1 Evacuation Pause) (young) 352M->95M(576M), 0.0097325 secs]
28.459: [GC pause (G1 Evacuation Pause) (young) 351M->95M(576M), 0.0068974 secs]
28.561: [GC pause (G1 Evacuation Pause) (young) 351M->95M(576M), 0.0072885 secs]
28.651: [GC pause (G1 Evacuation Pause) (young) 351M->95M(576M), 0.0096983 secs]
28.753: [GC pause (G1 Evacuation Pause) (young) 351M->95M(576M), 0.0077973 secs]
28.842: [GC pause (G1 Evacuation Pause) (young) 351M->95M(576M), 0.0074855 secs]
28.939: [GC pause (G1 Evacuation Pause) (young) 351M->96M(576M), 0.0067431 secs]
29.032: [GC pause (G1 Evacuation Pause) (young) 352M->96M(576M), 0.0071073 secs]
29.124: [GC pause (G1 Evacuation Pause) (young) 352M->95M(576M), 0.0099610 secs]
29.222: [GC pause (G1 Evacuation Pause) (young) 351M->96M(576M), 0.0058880 secs]
29.318: [GC pause (G1 Evacuation Pause) (young) 352M->95M(576M), 0.0068415 secs]
29.406: [GC pause (G1 Evacuation Pause) (young) 351M->95M(576M), 0.0066500 secs]
29.500: [GC pause (G1 Evacuation Pause) (young) 351M->96M(576M), 0.0064423 secs]
29.585: [GC pause (G1 Evacuation Pause) (young) 352M->96M(576M), 0.0075492 secs]
29.680: [GC pause (G1 Evacuation Pause) (young) 352M->95M(576M), 0.0068866 secs]
29.772: [GC pause (G1 Evacuation Pause) (young) 351M->96M(576M), 0.0055991 secs]
29.866: [GC pause (G1 Evacuation Pause) (young) 352M->96M(576M), 0.0076222 secs]
29.955: [GC pause (G1 Evacuation Pause) (young) 352M->96M(576M), 0.0074470 secs]
30.048: [GC pause (G1 Evacuation Pause) (young) 352M->97M(576M), 0.0060856 secs]
30.137: [GC pause (G1 Evacuation Pause) (young) 353M->96M(576M), 0.0069643 secs]
30.232: [GC pause (G1 Evacuation Pause) (young) 352M->96M(576M), 0.0100571 secs]
30.320: [GC pause (G1 Evacuation Pause) (young) 352M->97M(576M), 0.0068077 secs]
30.413: [GC pause (G1 Evacuation Pause) (young) 353M->97M(576M), 0.0119988 secs]
30.503: [GC pause (G1 Evacuation Pause) (young) 353M->97M(576M), 0.0067786 secs]
30.594: [GC pause (G1 Evacuation Pause) (young) 353M->98M(576M), 0.0085560 secs]
30.684: [GC pause (G1 Evacuation Pause) (young) 354M->98M(576M), 0.0066696 secs]
30.775: [GC pause (G1 Evacuation Pause) (young) 354M->98M(576M), 0.0088458 secs]
30.859: [GC pause (G1 Evacuation Pause) (young) 354M->98M(576M), 0.0066341 secs]
30.952: [GC pause (G1 Evacuation Pause) (young) 354M->99M(576M), 0.0115580 secs]
31.038: [GC pause (G1 Evacuation Pause) (young) 355M->100M(576M), 0.0094225 secs]
31.125: [GC pause (G1 Evacuation Pause) (young) 356M->99M(576M), 0.0047689 secs]
31.213: [GC pause (G1 Evacuation Pause) (young) 355M->100M(576M), 0.0053295 secs]
31.303: [GC pause (G1 Evacuation Pause) (young) 356M->102M(576M), 0.0095199 secs]
31.386: [GC pause (G1 Evacuation Pause) (young) 358M->102M(576M), 0.0054235 secs]
31.474: [GC pause (G1 Evacuation Pause) (young) 358M->103M(576M), 0.0099361 secs]
31.561: [GC pause (G1 Evacuation Pause) (young) 359M->104M(576M), 0.0094467 secs]
31.646: [GC pause (G1 Evacuation Pause) (young) 360M->104M(576M), 0.0082739 secs]
31.732: [GC pause (G1 Evacuation Pause) (young) 360M->106M(576M), 0.0088998 secs]
31.822: [GC pause (G1 Evacuation Pause) (young) 362M->107M(576M), 0.0066025 secs]
31.909: [GC pause (G1 Evacuation Pause) (young) 363M->108M(576M), 0.0065046 secs]
31.996: [GC pause (G1 Evacuation Pause) (young) 364M->110M(576M), 0.0067491 secs]
32.080: [GC pause (G1 Evacuation Pause) (young) 366M->110M(576M), 0.0062144 secs]
32.166: [GC pause (G1 Evacuation Pause) (young) 366M->110M(576M), 0.0066067 secs]
32.249: [GC pause (G1 Evacuation Pause) (young) 366M->112M(576M), 0.0119155 secs]
32.335: [GC pause (G1 Evacuation Pause) (young) 368M->112M(576M), 0.0130152 secs]
32.423: [GC pause (G1 Evacuation Pause) (young) 368M->113M(576M), 0.0093830 secs]
32.511: [GC pause (G1 Evacuation Pause) (young) 369M->116M(576M), 0.0141468 secs]
32.596: [GC pause (G1 Evacuation Pause) (young) 372M->116M(672M), 0.0095008 secs]
32.701: [GC pause (G1 Evacuation Pause) (young) 436M->116M(736M), 0.0066373 secs]
32.818: [GC pause (G1 Evacuation Pause) (young) 468M->116M(800M), 0.0071283 secs]
32.954: [GC pause (G1 Evacuation Pause) (young) 532M->116M(800M), 0.0100485 secs]
33.089: [GC pause (G1 Evacuation Pause) (young) 532M->116M(800M), 0.0063367 secs]
33.220: [GC pause (G1 Evacuation Pause) (young) 532M->116M(800M), 0.0061378 secs]
33.355: [GC pause (G1 Evacuation Pause) (young) 532M->116M(800M), 0.0089342 secs]
33.490: [GC pause (G1 Evacuation Pause) (young) 532M->116M(800M), 0.0071533 secs]
33.619: [GC pause (G1 Evacuation Pause) (young) 532M->115M(800M), 0.0080247 secs]
33.751: [GC pause (G1 Evacuation Pause) (young) 531M->116M(800M), 0.0110166 secs]
33.883: [GC pause (G1 Evacuation Pause) (young) 532M->116M(800M), 0.0064232 secs]
34.015: [GC pause (G1 Evacuation Pause) (young) 532M->115M(800M), 0.0103550 secs]
34.142: [GC pause (G1 Evacuation Pause) (young) 531M->115M(800M), 0.0054260 secs]
34.270: [GC pause (G1 Evacuation Pause) (young) 531M->114M(800M), 0.0055311 secs]
34.395: [GC pause (G1 Evacuation Pause) (young) 530M->116M(800M), 0.0088965 secs]
34.528: [GC pause (G1 Evacuation Pause) (young) 532M->115M(800M), 0.0058248 secs]
34.654: [GC pause (G1 Evacuation Pause) (young) 531M->115M(800M), 0.0046495 secs]
34.779: [GC pause (G1 Evacuation Pause) (young) 531M->115M(800M), 0.0044622 secs]
34.915: [GC pause (G1 Evacuation Pause) (young) 531M->115M(800M), 0.0076895 secs]
35.042: [GC pause (G1 Evacuation Pause) (young) 531M->114M(800M), 0.0066222 secs]
35.166: [GC pause (G1 Evacuation Pause) (young) 530M->115M(800M), 0.0062524 secs]
35.288: [GC pause (G1 Evacuation Pause) (young) 531M->115M(800M), 0.0054916 secs]
35.412: [GC pause (G1 Evacuation Pause) (young) 531M->115M(800M), 0.0082928 secs]
35.542: [GC pause (G1 Evacuation Pause) (young) 531M->114M(800M), 0.0068687 secs]
35.665: [GC pause (G1 Evacuation Pause) (young) 530M->114M(800M), 0.0095662 secs]
35.788: [GC pause (G1 Evacuation Pause) (young) 530M->114M(800M), 0.0090391 secs]
35.912: [GC pause (G1 Evacuation Pause) (young) 530M->114M(800M), 0.0060016 secs]
36.034: [GC pause (G1 Evacuation Pause) (young) 530M->114M(800M), 0.0077824 secs]
36.158: [GC pause (G1 Evacuation Pause) (young) 530M->114M(800M), 0.0061799 secs]
36.277: [GC pause (G1 Evacuation Pause) (young) 530M->114M(800M), 0.0089098 secs]
36.392: [GC pause (G1 Evacuation Pause) (young) 530M->114M(800M), 0.0090214 secs]
36.511: [GC pause (G1 Evacuation Pause) (young) 530M->114M(800M), 0.0074098 secs]
36.629: [GC pause (G1 Evacuation Pause) (young) 530M->113M(800M), 0.0074434 secs]
36.750: [GC pause (G1 Evacuation Pause) (young) 529M->113M(800M), 0.0069222 secs]
36.874: [GC pause (G1 Evacuation Pause) (young) 529M->113M(800M), 0.0052109 secs]
36.990: [GC pause (G1 Evacuation Pause) (young) 529M->113M(800M), 0.0054989 secs]
37.106: [GC pause (G1 Evacuation Pause) (young) 529M->114M(800M), 0.0059441 secs]
37.225: [GC pause (G1 Evacuation Pause) (young) 530M->112M(800M), 0.0051804 secs]
37.337: [GC pause (G1 Evacuation Pause) (young) 528M->113M(800M), 0.0048631 secs]
37.455: [GC pause (G1 Evacuation Pause) (young) 529M->113M(800M), 0.0045973 secs]
37.570: [GC pause (G1 Evacuation Pause) (young) 529M->112M(800M), 0.0071302 secs]
37.683: [GC pause (G1 Evacuation Pause) (young) 528M->113M(800M), 0.0067144 secs]
37.798: [GC pause (G1 Evacuation Pause) (young) 529M->112M(800M), 0.0056864 secs]
37.917: [GC pause (G1 Evacuation Pause) (young) 528M->113M(800M), 0.0077034 secs]
38.036: [GC pause (G1 Evacuation Pause) (young) 529M->113M(800M), 0.0065812 secs]
38.149: [GC pause (G1 Evacuation Pause) (young) 529M->113M(800M), 0.0067034 secs]
38.261: [GC pause (G1 Evacuation Pause) (young) 529M->113M(800M), 0.0070570 secs]
38.373: [GC pause (G1 Evacuation Pause) (young) 529M->113M(800M), 0.0064438 secs]
38.485: [GC pause (G1 Evacuation Pause) (young) 529M->112M(800M), 0.0067951 secs]
38.598: [GC pause (G1 Evacuation Pause) (young) 528M->113M(800M), 0.0064645 secs]
38.708: [GC pause (G1 Evacuation Pause) (young) 529M->113M(800M), 0.0072866 secs]
38.825: [GC pause (G1 Evacuation Pause) (young) 529M->113M(800M), 0.0055551 secs]
38.939: [GC pause (G1 Evacuation Pause) (young) 529M->113M(800M), 0.0061643 secs]
39.049: [GC pause (G1 Evacuation Pause) (young) 529M->113M(800M), 0.0063199 secs]
39.164: [GC pause (G1 Evacuation Pause) (young) 529M->113M(800M), 0.0060347 secs]
39.276: [GC pause (G1 Evacuation Pause) (young) 529M->114M(800M), 0.0064832 secs]
39.382: [GC pause (G1 Evacuation Pause) (young) 530M->113M(800M), 0.0071323 secs]
39.491: [GC pause (G1 Evacuation Pause) (young) 529M->113M(800M), 0.0069464 secs]
39.606: [GC pause (G1 Evacuation Pause) (young) 529M->113M(800M), 0.0063804 secs]
39.716: [GC pause (G1 Evacuation Pause) (young) 529M->114M(800M), 0.0071899 secs]
39.828: [GC pause (G1 Evacuation Pause) (young) 530M->113M(800M), 0.0069279 secs]
39.936: [GC pause (G1 Evacuation Pause) (young) 529M->113M(800M), 0.0073922 secs]
40.040: [GC pause (G1 Evacuation Pause) (young) 529M->113M(800M), 0.0064280 secs]
40.153: [GC pause (G1 Evacuation Pause) (young) 529M->113M(800M), 0.0070181 secs]
40.264: [GC pause (G1 Evacuation Pause) (young) 529M->113M(800M), 0.0059764 secs]
40.375: [GC pause (G1 Evacuation Pause) (young) 529M->113M(800M), 0.0065735 secs]
40.484: [GC pause (G1 Evacuation Pause) (young) 529M->113M(800M), 0.0071838 secs]
40.592: [GC pause (G1 Evacuation Pause) (young) 529M->112M(800M), 0.0067969 secs]
40.698: [GC pause (G1 Evacuation Pause) (young) 528M->113M(800M), 0.0060995 secs]
40.804: [GC pause (G1 Evacuation Pause) (young) 529M->113M(800M), 0.0060841 secs]
40.909: [GC pause (G1 Evacuation Pause) (young) 529M->113M(800M), 0.0070613 secs]
41.017: [GC pause (G1 Evacuation Pause) (young) 529M->112M(800M), 0.0071605 secs]
41.121: [GC pause (G1 Evacuation Pause) (young) 528M->113M(800M), 0.0077987 secs]
41.229: [GC pause (G1 Evacuation Pause) (young) 529M->112M(800M), 0.0077219 secs]
41.333: [GC pause (G1 Evacuation Pause) (young) 528M->113M(800M), 0.0075550 secs]
41.435: [GC pause (G1 Evacuation Pause) (young) 529M->112M(800M), 0.0093026 secs]
41.541: [GC pause (G1 Evacuation Pause) (young) 528M->113M(800M), 0.0070269 secs]
41.645: [GC pause (G1 Evacuation Pause) (young) 529M->112M(800M), 0.0075598 secs]
41.748: [GC pause (G1 Evacuation Pause) (young) 528M->112M(800M), 0.0098492 secs]
41.852: [GC pause (G1 Evacuation Pause) (young) 528M->111M(800M), 0.0074221 secs]
41.956: [GC pause (G1 Evacuation Pause) (young) 527M->112M(800M), 0.0074953 secs]
42.065: [GC pause (G1 Evacuation Pause) (young) 528M->112M(800M), 0.0072684 secs]
42.172: [GC pause (G1 Evacuation Pause) (young) 528M->113M(800M), 0.0079318 secs]
42.275: [GC pause (G1 Evacuation Pause) (young) 529M->113M(800M), 0.0079974 secs]
42.377: [GC pause (G1 Evacuation Pause) (young) 529M->113M(800M), 0.0080768 secs]
42.479: [GC pause (G1 Evacuation Pause) (young) 529M->112M(800M), 0.0083587 secs]
42.583: [GC pause (G1 Evacuation Pause) (young) 528M->111M(800M), 0.0067866 secs]
42.690: [GC pause (G1 Evacuation Pause) (young) 527M->112M(800M), 0.0088958 secs]
42.786: [GC pause (G1 Evacuation Pause) (young) 528M->111M(800M), 0.0084987 secs]
42.884: [GC pause (G1 Evacuation Pause) (young) 527M->112M(800M), 0.0065892 secs]
42.985: [GC pause (G1 Evacuation Pause) (young) 528M->112M(800M), 0.0073550 secs]
43.086: [GC pause (G1 Evacuation Pause) (young) 528M->112M(800M), 0.0076636 secs]
43.186: [GC pause (G1 Evacuation Pause) (young) 528M->112M(800M), 0.0076207 secs]
43.286: [GC pause (G1 Evacuation Pause) (young) 528M->112M(800M), 0.0079757 secs]
43.387: [GC pause (G1 Evacuation Pause) (young) 528M->111M(800M), 0.0078128 secs]
43.489: [GC pause (G1 Evacuation Pause) (young) 527M->111M(800M), 0.0077025 secs]
43.586: [GC pause (G1 Evacuation Pause) (young) 527M->111M(800M), 0.0078841 secs]
43.686: [GC pause (G1 Evacuation Pause) (young) 527M->111M(800M), 0.0085056 secs]
43.786: [GC pause (G1 Evacuation Pause) (young) 527M->111M(800M), 0.0063196 secs]
43.879: [GC pause (G1 Evacuation Pause) (young) 527M->111M(800M), 0.0058356 secs]
43.979: [GC pause (G1 Evacuation Pause) (young) 527M->111M(800M), 0.0081235 secs]
44.072: [GC pause (G1 Evacuation Pause) (young) 527M->112M(800M), 0.0057782 secs]
44.170: [GC pause (G1 Evacuation Pause) (young) 528M->112M(800M), 0.0098419 secs]
44.270: [GC pause (G1 Evacuation Pause) (young) 528M->112M(800M), 0.0104465 secs]
44.370: [GC pause (G1 Evacuation Pause) (young) 528M->112M(800M), 0.0097323 secs]
44.468: [GC pause (G1 Evacuation Pause) (young) 528M->112M(800M), 0.0108296 secs]
44.565: [GC pause (G1 Evacuation Pause) (young) 528M->111M(800M), 0.0068209 secs]
44.661: [GC pause (G1 Evacuation Pause) (young) 527M->111M(800M), 0.0063147 secs]
44.758: [GC pause (G1 Evacuation Pause) (young) 527M->111M(800M), 0.0051720 secs]
44.855: [GC pause (G1 Evacuation Pause) (young) 527M->111M(800M), 0.0086517 secs]
44.953: [GC pause (G1 Evacuation Pause) (young) 527M->111M(800M), 0.0061802 secs]
45.054: [GC pause (G1 Evacuation Pause) (young) 527M->111M(800M), 0.0090172 secs]
45.148: [GC pause (G1 Evacuation Pause) (young) 527M->111M(800M), 0.0084052 secs]
45.242: [GC pause (G1 Evacuation Pause) (young) 527M->111M(800M), 0.0072587 secs]
45.335: [GC pause (G1 Evacuation Pause) (young) 527M->110M(800M), 0.0079816 secs]
45.430: [GC pause (G1 Evacuation Pause) (young) 526M->112M(800M), 0.0084297 secs]
45.529: [GC pause (G1 Evacuation Pause) (young) 528M->110M(800M), 0.0078613 secs]
45.623: [GC pause (G1 Evacuation Pause) (young) 526M->109M(800M), 0.0075305 secs]
45.716: [GC pause (G1 Evacuation Pause) (young) 525M->109M(800M), 0.0086247 secs]
45.809: [GC pause (G1 Evacuation Pause) (young) 525M->110M(800M), 0.0057520 secs]
45.903: [GC pause (G1 Evacuation Pause) (young) 526M->109M(800M), 0.0080337 secs]
45.996: [GC pause (G1 Evacuation Pause) (young) 525M->110M(800M), 0.0069810 secs]
46.088: [GC pause (G1 Evacuation Pause) (young) 526M->109M(800M), 0.0060575 secs]
46.180: [GC pause (G1 Evacuation Pause) (young) 525M->110M(800M), 0.0080412 secs]
46.277: [GC pause (G1 Evacuation Pause) (young) 526M->109M(800M), 0.0080440 secs]
46.369: [GC pause (G1 Evacuation Pause) (young) 525M->110M(800M), 0.0063101 secs]
46.464: [GC pause (G1 Evacuation Pause) (young) 526M->109M(800M), 0.0077483 secs]
46.556: [GC pause (G1 Evacuation Pause) (young) 525M->109M(800M), 0.0082096 secs]
46.647: [GC pause (G1 Evacuation Pause) (young) 525M->110M(800M), 0.0067851 secs]
46.737: [GC pause (G1 Evacuation Pause) (young) 526M->109M(800M), 0.0062359 secs]
46.830: [GC pause (G1 Evacuation Pause) (young) 525M->110M(800M), 0.0073836 secs]
46.920: [GC pause (G1 Evacuation Pause) (young) 526M->110M(800M), 0.0094990 secs]
47.014: [GC pause (G1 Evacuation Pause) (young) 526M->111M(800M), 0.0113312 secs]
47.108: [GC pause (G1 Evacuation Pause) (young) 527M->112M(800M), 0.0083687 secs]
47.199: [GC pause (G1 Evacuation Pause) (young) 528M->110M(800M), 0.0082752 secs]
47.292: [GC pause (G1 Evacuation Pause) (young) 526M->111M(800M), 0.0079108 secs]
47.382: [GC pause (G1 Evacuation Pause) (young) 527M->110M(800M), 0.0059591 secs]
47.469: [GC pause (G1 Evacuation Pause) (young) 526M->110M(800M), 0.0060639 secs]
47.557: [GC pause (G1 Evacuation Pause) (young) 526M->110M(800M), 0.0078670 secs]
47.647: [GC pause (G1 Evacuation Pause) (young) 526M->110M(800M), 0.0063462 secs]
47.737: [GC pause (G1 Evacuation Pause) (young) 526M->110M(800M), 0.0068308 secs]
47.827: [GC pause (G1 Evacuation Pause) (young) 526M->110M(800M), 0.0075489 secs]
47.914: [GC pause (G1 Evacuation Pause) (young) 526M->110M(800M), 0.0059003 secs]
48.003: [GC pause (G1 Evacuation Pause) (young) 526M->110M(800M), 0.0055185 secs]
48.095: [GC pause (G1 Evacuation Pause) (young) 526M->111M(800M), 0.0069944 secs]
48.185: [GC pause (G1 Evacuation Pause) (young) 527M->112M(800M), 0.0049430 secs]
48.273: [GC pause (G1 Evacuation Pause) (young) 528M->112M(800M), 0.0056556 secs]
48.360: [GC pause (G1 Evacuation Pause) (young) 528M->112M(800M), 0.0045530 secs]
48.449: [GC pause (G1 Evacuation Pause) (young) 528M->111M(800M), 0.0072310 secs]
48.537: [GC pause (G1 Evacuation Pause) (young) 527M->112M(800M), 0.0074208 secs]
48.627: [GC pause (G1 Evacuation Pause) (young) 528M->112M(800M), 0.0065994 secs]
48.716: [GC pause (G1 Evacuation Pause) (young) 528M->112M(800M), 0.0065870 secs]
48.805: [GC pause (G1 Evacuation Pause) (young) 528M->112M(800M), 0.0049863 secs]
48.892: [GC pause (G1 Evacuation Pause) (young) 528M->113M(800M), 0.0078465 secs]
48.980: [GC pause (G1 Evacuation Pause) (young) 529M->113M(800M), 0.0047901 secs]
49.064: [GC pause (G1 Evacuation Pause) (young) 529M->113M(800M), 0.0066398 secs]
49.155: [GC pause (G1 Evacuation Pause) (young) 529M->114M(800M), 0.0066122 secs]
49.247: [GC pause (G1 Evacuation Pause) (young) 530M->114M(800M), 0.0065068 secs]
49.329: [GC pause (G1 Evacuation Pause) (young) 530M->114M(800M), 0.0062033 secs]
49.412: [GC pause (G1 Evacuation Pause) (young) 530M->114M(800M), 0.0051305 secs]
49.499: [GC pause (G1 Evacuation Pause) (young) 530M->115M(800M), 0.0057776 secs]
49.587: [GC pause (G1 Evacuation Pause) (young) 531M->115M(800M), 0.0063136 secs]
49.671: [GC pause (G1 Evacuation Pause) (young) 531M->116M(800M), 0.0052809 secs]
49.756: [GC pause (G1 Evacuation Pause) (young) 532M->116M(800M), 0.0062001 secs]
49.846: [GC pause (G1 Evacuation Pause) (young) 532M->116M(800M), 0.0077353 secs]
49.932: [GC pause (G1 Evacuation Pause) (young) 532M->116M(800M), 0.0085191 secs]
50.018: [GC pause (G1 Evacuation Pause) (young) 532M->116M(800M), 0.0054973 secs]
50.104: [GC pause (G1 Evacuation Pause) (young) 532M->117M(800M), 0.0049722 secs]
50.189: [GC pause (G1 Evacuation Pause) (young) 533M->117M(800M), 0.0055712 secs]
50.274: [GC pause (G1 Evacuation Pause) (young) 533M->118M(800M), 0.0052560 secs]
50.361: [GC pause (G1 Evacuation Pause) (young) 534M->119M(800M), 0.0046262 secs]
50.445: [GC pause (G1 Evacuation Pause) (young) 535M->120M(800M), 0.0046963 secs]
50.532: [GC pause (G1 Evacuation Pause) (young) 536M->120M(800M), 0.0045764 secs]
50.619: [GC pause (G1 Evacuation Pause) (young) 536M->121M(800M), 0.0064392 secs]
50.703: [GC pause (G1 Evacuation Pause) (young) 537M->122M(800M), 0.0053873 secs]
50.785: [GC pause (G1 Evacuation Pause) (young) 538M->123M(800M), 0.0057251 secs]
50.872: [GC pause (G1 Evacuation Pause) (young) 539M->123M(800M), 0.0057343 secs]
50.956: [GC pause (G1 Evacuation Pause) (young) 539M->123M(800M), 0.0044795 secs]
51.046: [GC pause (G1 Evacuation Pause) (young) 571M->125M(800M), 0.0052072 secs]
51.130: [GC pause (G1 Evacuation Pause) (young) 541M->125M(800M), 0.0051334 secs]
51.214: [GC pause (G1 Evacuation Pause) (young) 541M->126M(800M), 0.0047211 secs]
51.306: [GC pause (G1 Evacuation Pause) (young) 574M->128M(800M), 0.0047694 secs]
51.389: [GC pause (G1 Evacuation Pause) (young) 544M->128M(800M), 0.0051914 secs]
51.474: [GC pause (G1 Evacuation Pause) (young) 544M->129M(800M), 0.0052294 secs]
51.557: [GC pause (G1 Evacuation Pause) (young) 545M->129M(800M), 0.0049843 secs]
51.642: [GC pause (G1 Evacuation Pause) (young) 577M->131M(800M), 0.0053319 secs]
51.726: [GC pause (G1 Evacuation Pause) (young) 547M->130M(800M), 0.0062258 secs]
51.813: [GC pause (G1 Evacuation Pause) (young) 578M->132M(800M), 0.0051100 secs]
51.896: [GC pause (G1 Evacuation Pause) (young) 548M->132M(800M), 0.0058866 secs]
51.979: [GC pause (G1 Evacuation Pause) (young) 548M->133M(800M), 0.0050797 secs]
52.062: [GC pause (G1 Evacuation Pause) (young) 549M->133M(800M), 0.0061241 secs]
52.151: [GC pause (G1 Evacuation Pause) (young) 581M->135M(800M), 0.0049857 secs]
52.232: [GC pause (G1 Evacuation Pause) (young) 551M->135M(800M), 0.0053559 secs]
52.312: [GC pause (G1 Evacuation Pause) (young) 551M->135M(800M), 0.0061493 secs]
52.393: [GC pause (G1 Evacuation Pause) (young) 551M->135M(800M), 0.0062254 secs]
52.479: [GC pause (G1 Evacuation Pause) (young) 583M->137M(800M), 0.0063793 secs]
52.561: [GC pause (G1 Evacuation Pause) (young) 553M->137M(800M), 0.0062657 secs]
52.640: [GC pause (G1 Evacuation Pause) (young) 553M->136M(800M), 0.0061334 secs]
52.728: [GC pause (G1 Evacuation Pause) (young) 584M->139M(800M), 0.0061155 secs]
52.810: [GC pause (G1 Evacuation Pause) (young) 555M->139M(800M), 0.0058092 secs]
52.893: [GC pause (G1 Evacuation Pause) (young) 555M->140M(800M), 0.0055839 secs]
52.980: [GC pause (G1 Evacuation Pause) (young) 588M->143M(800M), 0.0052736 secs]
53.062: [GC pause (G1 Evacuation Pause) (young) 559M->143M(800M), 0.0059314 secs]
53.143: [GC pause (G1 Evacuation Pause) (young) 559M->142M(800M), 0.0057861 secs]
53.228: [GC pause (G1 Evacuation Pause) (young) 590M->145M(800M), 0.0053091 secs]
53.310: [GC pause (G1 Evacuation Pause) (young) 561M->145M(800M), 0.0058308 secs]
53.390: [GC pause (G1 Evacuation Pause) (young) 561M->146M(800M), 0.0049391 secs]
53.469: [GC pause (G1 Evacuation Pause) (young) 562M->148M(800M), 0.0057794 secs]
53.554: [GC pause (G1 Evacuation Pause) (young) 564M->147M(800M), 0.0060319 secs]
53.637: [GC pause (G1 Evacuation Pause) (young) 595M->149M(800M), 0.0061241 secs]
53.714: [GC pause (G1 Evacuation Pause) (young) 565M->149M(800M), 0.0052034 secs]
53.796: [GC pause (G1 Evacuation Pause) (young) 565M->150M(800M), 0.0060492 secs]
53.875: [GC pause (G1 Evacuation Pause) (young) 566M->150M(800M), 0.0062120 secs]
53.956: [GC pause (G1 Evacuation Pause) (young) 598M->151M(800M), 0.0040921 secs]
54.035: [GC pause (G1 Evacuation Pause) (young) 567M->151M(800M), 0.0052459 secs]
54.120: [GC pause (G1 Evacuation Pause) (young) 599M->153M(800M), 0.0060790 secs]
54.199: [GC pause (G1 Evacuation Pause) (young) 569M->152M(800M), 0.0060001 secs]
54.284: [GC pause (G1 Evacuation Pause) (young) 600M->153M(800M), 0.0061374 secs]
54.361: [GC pause (G1 Evacuation Pause) (young) 569M->153M(800M), 0.0064042 secs]
54.440: [GC pause (G1 Evacuation Pause) (young) 569M->153M(800M), 0.0058683 secs]
54.516: [GC pause (G1 Evacuation Pause) (young) 569M->153M(800M), 0.0051535 secs]
54.595: [GC pause (G1 Evacuation Pause) (young) 569M->153M(800M), 0.0063728 secs]
54.680: [GC pause (G1 Evacuation Pause) (young) 601M->154M(800M), 0.0060677 secs]
54.756: [GC pause (G1 Evacuation Pause) (young) 570M->154M(800M), 0.0048786 secs]
54.835: [GC pause (G1 Evacuation Pause) (young) 570M->154M(800M), 0.0059352 secs]
54.911: [GC pause (G1 Evacuation Pause) (young) 570M->154M(800M), 0.0062550 secs]
54.994: [GC pause (G1 Evacuation Pause) (young) 602M->155M(800M), 0.0064119 secs]
55.071: [GC pause (G1 Evacuation Pause) (young) 571M->156M(800M), 0.0063665 secs]
55.151: [GC pause (G1 Evacuation Pause) (young) 572M->155M(800M), 0.0048883 secs]
55.226: [GC pause (G1 Evacuation Pause) (young) 571M->155M(800M), 0.0051177 secs]
55.303: [GC pause (G1 Evacuation Pause) (young) 571M->155M(800M), 0.0066288 secs]
55.377: [GC pause (G1 Evacuation Pause) (young) 571M->155M(800M), 0.0043696 secs]
55.457: [GC pause (G1 Evacuation Pause) (young) 571M->155M(800M), 0.0053120 secs]
55.536: [GC pause (G1 Evacuation Pause) (young) 571M->155M(800M), 0.0065069 secs]
55.614: [GC pause (G1 Evacuation Pause) (young) 571M->155M(800M), 0.0051029 secs]
55.690: [GC pause (G1 Evacuation Pause) (young) 571M->156M(800M), 0.0067645 secs]
55.763: [GC pause (G1 Evacuation Pause) (young) 572M->155M(800M), 0.0067861 secs]
55.839: [GC pause (G1 Evacuation Pause) (young) 571M->155M(800M), 0.0042406 secs]
55.913: [GC pause (G1 Evacuation Pause) (young) 571M->155M(800M), 0.0066876 secs]
55.987: [GC pause (G1 Evacuation Pause) (young) 571M->155M(800M), 0.0049546 secs]
56.066: [GC pause (G1 Evacuation Pause) (young) 571M->155M(800M), 0.0063860 secs]
56.142: [GC pause (G1 Evacuation Pause) (young) 571M->155M(800M), 0.0050886 secs]
56.216: [GC pause (G1 Evacuation Pause) (young) 571M->154M(800M), 0.0050506 secs]
56.298: [GC pause (G1 Evacuation Pause) (young) 602M->155M(800M), 0.0070923 secs]
56.376: [GC pause (G1 Evacuation Pause) (young) 571M->155M(800M), 0.0077512 secs]
56.449: [GC pause (G1 Evacuation Pause) (young) 571M->155M(800M), 0.0074922 secs]
56.526: [GC pause (G1 Evacuation Pause) (young) 571M->155M(800M), 0.0053847 secs]
56.599: [GC pause (G1 Evacuation Pause) (young) 571M->154M(800M), 0.0067289 secs]
56.682: [GC pause (G1 Evacuation Pause) (young) 602M->154M(800M), 0.0070459 secs]
56.763: [GC pause (G1 Evacuation Pause) (young) 602M->155M(800M), 0.0068232 secs]
56.842: [GC pause (G1 Evacuation Pause) (young) 571M->155M(800M), 0.0054007 secs]
56.915: [GC pause (G1 Evacuation Pause) (young) 571M->155M(800M), 0.0075015 secs]
56.992: [GC pause (G1 Evacuation Pause) (young) 571M->155M(800M), 0.0072590 secs]
57.069: [GC pause (G1 Evacuation Pause) (young) 571M->155M(800M), 0.0061890 secs]
57.143: [GC pause (G1 Evacuation Pause) (young) 571M->154M(800M), 0.0044778 secs]
57.226: [GC pause (G1 Evacuation Pause) (young) 602M->155M(800M), 0.0048294 secs]
57.299: [GC pause (G1 Evacuation Pause) (young) 571M->155M(800M), 0.0052057 secs]
57.372: [GC pause (G1 Evacuation Pause) (young) 571M->155M(800M), 0.0073402 secs]
57.449: [GC pause (G1 Evacuation Pause) (young) 571M->155M(800M), 0.0058012 secs]
57.525: [GC pause (G1 Evacuation Pause) (young) 571M->155M(800M), 0.0069381 secs]
57.600: [GC pause (G1 Evacuation Pause) (young) 571M->154M(800M), 0.0073854 secs]
57.679: [GC pause (G1 Evacuation Pause) (young) 602M->154M(800M), 0.0069039 secs]
57.760: [GC pause (G1 Evacuation Pause) (young) 602M->155M(800M), 0.0078248 secs]
57.833: [GC pause (G1 Evacuation Pause) (young) 571M->154M(800M), 0.0059936 secs]
57.911: [GC pause (G1 Evacuation Pause) (young) 602M->154M(800M), 0.0077081 secs]
57.991: [GC pause (G1 Evacuation Pause) (young) 602M->155M(800M), 0.0079167 secs]
58.063: [GC pause (G1 Evacuation Pause) (young) 571M->154M(800M), 0.0062101 secs]
58.141: [GC pause (G1 Evacuation Pause) (young) 602M->155M(800M), 0.0108452 secs]
58.217: [GC pause (G1 Evacuation Pause) (young) 571M->153M(800M), 0.0067042 secs]
58.296: [GC pause (G1 Evacuation Pause) (young) 601M->153M(800M), 0.0059350 secs]
58.378: [GC pause (G1 Evacuation Pause) (young) 601M->154M(800M), 0.0068091 secs]
58.455: [GC pause (G1 Evacuation Pause) (young) 602M->153M(800M), 0.0102444 secs]
58.533: [GC pause (G1 Evacuation Pause) (young) 601M->155M(800M), 0.0081516 secs]
58.606: [GC pause (G1 Evacuation Pause) (young) 571M->154M(800M), 0.0060102 secs]
58.686: [GC pause (G1 Evacuation Pause) (young) 602M->154M(800M), 0.0063350 secs]
58.765: [GC pause (G1 Evacuation Pause) (young) 602M->154M(800M), 0.0066232 secs]
58.839: [GC pause (G1 Evacuation Pause) (young) 602M->154M(800M), 0.0082991 secs]
58.916: [GC pause (G1 Evacuation Pause) (young) 602M->154M(800M), 0.0064369 secs]
58.994: [GC pause (G1 Evacuation Pause) (young) 602M->153M(800M), 0.0068614 secs]
59.071: [GC pause (G1 Evacuation Pause) (young) 601M->153M(800M), 0.0077920 secs]
59.148: [GC pause (G1 Evacuation Pause) (young) 601M->153M(800M), 0.0059998 secs]
59.227: [GC pause (G1 Evacuation Pause) (young) 601M->153M(800M), 0.0060653 secs]
59.305: [GC pause (G1 Evacuation Pause) (young) 601M->153M(800M), 0.0065958 secs]
59.378: [GC pause (G1 Evacuation Pause) (young) 601M->154M(800M), 0.0073914 secs]
59.457: [GC pause (G1 Evacuation Pause) (young) 602M->153M(800M), 0.0060045 secs]
59.534: [GC pause (G1 Evacuation Pause) (young) 601M->153M(800M), 0.0071157 secs]
59.612: [GC pause (G1 Evacuation Pause) (young) 601M->152M(800M), 0.0060891 secs]
59.689: [GC pause (G1 Evacuation Pause) (young) 600M->153M(800M), 0.0061991 secs]
59.768: [GC pause (G1 Evacuation Pause) (young) 601M->153M(800M), 0.0063975 secs]
59.840: [GC pause (G1 Evacuation Pause) (young) 601M->153M(800M), 0.0077228 secs]
59.918: [GC pause (G1 Evacuation Pause) (young) 601M->153M(800M), 0.0066382 secs]
59.992: [GC pause (G1 Evacuation Pause) (young) 601M->153M(800M), 0.0068206 secs]
60.072: [GC pause (G1 Evacuation Pause) (young) 601M->153M(800M), 0.0063239 secs]
60.148: [GC pause (G1 Evacuation Pause) (young) 601M->153M(800M), 0.0057985 secs]
60.222: [GC pause (G1 Evacuation Pause) (young) 601M->153M(800M), 0.0062449 secs]
60.299: [GC pause (G1 Evacuation Pause) (young) 601M->154M(800M), 0.0053216 secs]
60.375: [GC pause (G1 Evacuation Pause) (young) 602M->153M(800M), 0.0046171 secs]
60.452: [GC pause (G1 Evacuation Pause) (young) 601M->152M(800M), 0.0063824 secs]
60.528: [GC pause (G1 Evacuation Pause) (young) 600M->153M(800M), 0.0043853 secs]
60.603: [GC pause (G1 Evacuation Pause) (young) 601M->153M(800M), 0.0049423 secs]
60.677: [GC pause (G1 Evacuation Pause) (young) 601M->154M(800M), 0.0055829 secs]
60.751: [GC pause (G1 Evacuation Pause) (young) 602M->153M(800M), 0.0065479 secs]
60.826: [GC pause (G1 Evacuation Pause) (young) 601M->153M(800M), 0.0057574 secs]
60.904: [GC pause (G1 Evacuation Pause) (young) 601M->152M(800M), 0.0056895 secs]
60.980: [GC pause (G1 Evacuation Pause) (young) 600M->152M(800M), 0.0070818 secs]
61.052: [GC pause (G1 Evacuation Pause) (young) 600M->152M(800M), 0.0063130 secs]
61.128: [GC pause (G1 Evacuation Pause) (young) 600M->152M(800M), 0.0061065 secs]
61.205: [GC pause (G1 Evacuation Pause) (young) 600M->153M(800M), 0.0058767 secs]
61.280: [GC pause (G1 Evacuation Pause) (young) 601M->153M(800M), 0.0053234 secs]
61.354: [GC pause (G1 Evacuation Pause) (young) 601M->153M(800M), 0.0065080 secs]
61.428: [GC pause (G1 Evacuation Pause) (young) 601M->152M(800M), 0.0061178 secs]
61.505: [GC pause (G1 Evacuation Pause) (young) 600M->152M(800M), 0.0057559 secs]
61.581: [GC pause (G1 Evacuation Pause) (young) 600M->152M(800M), 0.0047122 secs]
61.654: [GC pause (G1 Evacuation Pause) (young) 600M->153M(800M), 0.0043928 secs]
61.730: [GC pause (G1 Evacuation Pause) (young) 601M->153M(800M), 0.0060268 secs]
61.805: [GC pause (G1 Evacuation Pause) (young) 601M->153M(800M), 0.0058715 secs]
61.879: [GC pause (G1 Evacuation Pause) (young) 601M->152M(800M), 0.0061182 secs]
61.949: [GC pause (G1 Evacuation Pause) (young) 600M->153M(800M), 0.0058506 secs]
62.024: [GC pause (G1 Evacuation Pause) (young) 601M->152M(800M), 0.0055741 secs]
62.098: [GC pause (G1 Evacuation Pause) (young) 600M->152M(800M), 0.0057745 secs]
62.172: [GC pause (G1 Evacuation Pause) (young) 600M->152M(800M), 0.0043145 secs]
62.245: [GC pause (G1 Evacuation Pause) (young) 600M->151M(800M), 0.0052150 secs]
62.321: [GC pause (G1 Evacuation Pause) (young) 599M->152M(800M), 0.0053266 secs]
62.396: [GC pause (G1 Evacuation Pause) (young) 600M->152M(800M), 0.0039680 secs]
62.468: [GC pause (G1 Evacuation Pause) (young) 600M->152M(800M), 0.0056607 secs]
62.540: [GC pause (G1 Evacuation Pause) (young) 600M->152M(800M), 0.0057870 secs]
62.613: [GC pause (G1 Evacuation Pause) (young) 600M->152M(800M), 0.0049413 secs]
62.686: [GC pause (G1 Evacuation Pause) (young) 600M->152M(800M), 0.0047902 secs]
62.759: [GC pause (G1 Evacuation Pause) (young) 600M->153M(800M), 0.0054639 secs]
62.830: [GC pause (G1 Evacuation Pause) (young) 601M->152M(800M), 0.0042385 secs]
62.904: [GC pause (G1 Evacuation Pause) (young) 600M->151M(800M), 0.0056400 secs]
62.976: [GC pause (G1 Evacuation Pause) (young) 599M->151M(800M), 0.0055187 secs]
63.048: [GC pause (G1 Evacuation Pause) (young) 599M->151M(800M), 0.0054838 secs]
63.122: [GC pause (G1 Evacuation Pause) (young) 599M->151M(800M), 0.0057017 secs]
63.194: [GC pause (G1 Evacuation Pause) (young) 599M->151M(800M), 0.0057102 secs]
63.267: [GC pause (G1 Evacuation Pause) (young) 599M->151M(800M), 0.0044213 secs]
63.335: [GC pause (G1 Evacuation Pause) (young) 599M->152M(800M), 0.0038206 secs]
63.406: [GC pause (G1 Evacuation Pause) (young) 600M->151M(800M), 0.0038798 secs]
63.480: [GC pause (G1 Evacuation Pause) (young) 599M->150M(800M), 0.0040077 secs]
63.548: [GC pause (G1 Evacuation Pause) (young) 598M->151M(800M), 0.0040396 secs]
63.623: [GC pause (G1 Evacuation Pause) (young) 599M->151M(800M), 0.0043820 secs]
63.695: [GC pause (G1 Evacuation Pause) (young) 599M->151M(800M), 0.0053779 secs]
63.767: [GC pause (G1 Evacuation Pause) (young) 599M->151M(800M), 0.0048949 secs]
63.839: [GC pause (G1 Evacuation Pause) (young) 599M->152M(800M), 0.0059244 secs]
63.909: [GC pause (G1 Evacuation Pause) (young) 600M->150M(800M), 0.0049737 secs]
63.977: [GC pause (G1 Evacuation Pause) (young) 598M->151M(800M), 0.0037007 secs]
64.049: [GC pause (G1 Evacuation Pause) (young) 599M->151M(800M), 0.0041202 secs]
64.122: [GC pause (G1 Evacuation Pause) (young) 599M->151M(800M), 0.0037597 secs]
64.192: [GC pause (G1 Evacuation Pause) (young) 599M->151M(800M), 0.0045655 secs]
64.265: [GC pause (G1 Evacuation Pause) (young) 599M->151M(800M), 0.0049185 secs]
64.333: [GC pause (G1 Evacuation Pause) (young) 599M->151M(800M), 0.0049562 secs]
64.405: [GC pause (G1 Evacuation Pause) (young) 599M->151M(800M), 0.0052216 secs]
64.474: [GC pause (G1 Evacuation Pause) (young) 599M->151M(800M), 0.0056520 secs]
64.545: [GC pause (G1 Evacuation Pause) (young) 599M->151M(800M), 0.0051378 secs]
64.617: [GC pause (G1 Evacuation Pause) (young) 599M->151M(800M), 0.0057068 secs]
64.686: [GC pause (G1 Evacuation Pause) (young) 599M->151M(800M), 0.0051035 secs]
64.757: [GC pause (G1 Evacuation Pause) (young) 599M->151M(800M), 0.0049483 secs]
64.828: [GC pause (G1 Evacuation Pause) (young) 599M->151M(800M), 0.0057471 secs]
64.897: [GC pause (G1 Evacuation Pause) (young) 599M->151M(800M), 0.0048195 secs]
64.968: [GC pause (G1 Evacuation Pause) (young) 599M->150M(800M), 0.0051801 secs]
65.039: [GC pause (G1 Evacuation Pause) (young) 598M->151M(800M), 0.0057530 secs]
65.109: [GC pause (G1 Evacuation Pause) (young) 599M->150M(800M), 0.0056426 secs]
65.176: [GC pause (G1 Evacuation Pause) (young) 598M->150M(800M), 0.0050098 secs]
65.247: [GC pause (G1 Evacuation Pause) (young) 598M->150M(800M), 0.0040188 secs]
65.315: [GC pause (G1 Evacuation Pause) (young) 598M->150M(800M), 0.0040087 secs]
65.382: [GC pause (G1 Evacuation Pause) (young) 598M->151M(800M), 0.0043423 secs]
65.455: [GC pause (G1 Evacuation Pause) (young) 599M->150M(800M), 0.0053950 secs]
65.525: [GC pause (G1 Evacuation Pause) (young) 598M->150M(800M), 0.0037172 secs]
65.592: [GC pause (G1 Evacuation Pause) (young) 598M->150M(800M), 0.0037673 secs]
65.661: [GC pause (G1 Evacuation Pause) (young) 598M->149M(800M), 0.0045581 secs]
65.730: [GC pause (G1 Evacuation Pause) (young) 597M->150M(800M), 0.0036900 secs]
65.798: [GC pause (G1 Evacuation Pause) (young) 598M->150M(800M), 0.0057332 secs]
65.866: [GC pause (G1 Evacuation Pause) (young) 598M->151M(800M), 0.0048069 secs]
65.936: [GC pause (G1 Evacuation Pause) (young) 599M->151M(800M), 0.0049145 secs]
66.005: [GC pause (G1 Evacuation Pause) (young) 599M->150M(800M), 0.0052635 secs]
66.071: [GC pause (G1 Evacuation Pause) (young) 598M->150M(800M), 0.0055854 secs]
66.144: [GC pause (G1 Evacuation Pause) (young) 598M->151M(800M), 0.0056551 secs]
66.212: [GC pause (G1 Evacuation Pause) (young) 599M->150M(800M), 0.0049592 secs]
66.279: [GC pause (G1 Evacuation Pause) (young) 598M->151M(800M), 0.0054573 secs]
66.348: [GC pause (G1 Evacuation Pause) (young) 599M->151M(800M), 0.0037583 secs]
66.418: [GC pause (G1 Evacuation Pause) (young) 599M->150M(800M), 0.0052355 secs]
66.486: [GC pause (G1 Evacuation Pause) (young) 598M->150M(800M), 0.0052649 secs]
66.553: [GC pause (G1 Evacuation Pause) (young) 598M->151M(800M), 0.0059329 secs]
66.622: [GC pause (G1 Evacuation Pause) (young) 599M->151M(800M), 0.0054196 secs]
66.691: [GC pause (G1 Evacuation Pause) (young) 599M->151M(800M), 0.0060035 secs]
66.760: [GC pause (G1 Evacuation Pause) (young) 599M->150M(800M), 0.0037919 secs]
66.827: [GC pause (G1 Evacuation Pause) (young) 598M->150M(800M), 0.0039045 secs]
66.896: [GC pause (G1 Evacuation Pause) (young) 598M->150M(800M), 0.0037009 secs]
66.968: [GC pause (G1 Evacuation Pause) (young) 598M->151M(800M), 0.0038797 secs]
67.034: [GC pause (G1 Evacuation Pause) (young) 599M->151M(800M), 0.0042682 secs]
67.104: [GC pause (G1 Evacuation Pause) (young) 599M->150M(800M), 0.0055061 secs]
67.173: [GC pause (G1 Evacuation Pause) (young) 598M->150M(800M), 0.0052398 secs]
67.241: [GC pause (G1 Evacuation Pause) (young) 598M->150M(800M), 0.0054862 secs]
67.309: [GC pause (G1 Evacuation Pause) (young) 598M->150M(800M), 0.0044667 secs]
67.376: [GC pause (G1 Evacuation Pause) (young) 598M->150M(800M), 0.0059486 secs]
67.444: [GC pause (G1 Evacuation Pause) (young) 598M->150M(800M), 0.0056066 secs]
67.514: [GC pause (G1 Evacuation Pause) (young) 598M->150M(800M), 0.0041248 secs]
67.584: [GC pause (G1 Evacuation Pause) (young) 598M->150M(800M), 0.0047615 secs]
67.650: [GC pause (G1 Evacuation Pause) (young) 598M->151M(800M), 0.0062743 secs]
67.716: [GC pause (G1 Evacuation Pause) (young) 599M->150M(800M), 0.0052337 secs]
67.786: [GC pause (G1 Evacuation Pause) (young) 598M->150M(800M), 0.0100183 secs]
67.854: [GC pause (G1 Evacuation Pause) (young) 598M->150M(800M), 0.0047019 secs]
67.920: [GC pause (G1 Evacuation Pause) (young) 598M->150M(800M), 0.0063690 secs]
67.986: [GC pause (G1 Evacuation Pause) (young) 598M->151M(800M), 0.0058093 secs]
68.055: [GC pause (G1 Evacuation Pause) (young) 599M->151M(800M), 0.0058256 secs]
68.122: [GC pause (G1 Evacuation Pause) (young) 599M->151M(800M), 0.0064731 secs]
68.191: [GC pause (G1 Evacuation Pause) (young) 599M->151M(800M), 0.0058789 secs]
68.259: [GC pause (G1 Evacuation Pause) (young) 599M->152M(800M), 0.0046303 secs]
68.328: [GC pause (G1 Evacuation Pause) (young) 600M->151M(800M), 0.0067685 secs]
68.394: [GC pause (G1 Evacuation Pause) (young) 599M->150M(800M), 0.0062202 secs]
68.463: [GC pause (G1 Evacuation Pause) (young) 598M->150M(800M), 0.0072735 secs]
68.529: [GC pause (G1 Evacuation Pause) (young) 598M->150M(800M), 0.0060477 secs]
68.597: [GC pause (G1 Evacuation Pause) (young) 598M->150M(800M), 0.0055278 secs]
68.666: [GC pause (G1 Evacuation Pause) (young) 598M->151M(800M), 0.0052276 secs]
68.731: [GC pause (G1 Evacuation Pause) (young) 599M->150M(800M), 0.0052602 secs]
68.797: [GC pause (G1 Evacuation Pause) (young) 598M->150M(800M), 0.0045940 secs]
68.862: [GC pause (G1 Evacuation Pause) (young) 598M->150M(800M), 0.0062675 secs]
68.927: [GC pause (G1 Evacuation Pause) (young) 598M->150M(800M), 0.0045971 secs]
68.995: [GC pause (G1 Evacuation Pause) (young) 598M->150M(800M), 0.0062483 secs]
69.060: [GC pause (G1 Evacuation Pause) (young) 598M->150M(800M), 0.0062574 secs]
69.127: [GC pause (G1 Evacuation Pause) (young) 598M->150M(800M), 0.0053304 secs]
69.196: [GC pause (G1 Evacuation Pause) (young) 598M->150M(800M), 0.0037505 secs]
69.260: [GC pause (G1 Evacuation Pause) (young) 598M->150M(800M), 0.0050981 secs]
69.325: [GC pause (G1 Evacuation Pause) (young) 598M->150M(800M), 0.0043720 secs]
69.389: [GC pause (G1 Evacuation Pause) (young) 598M->150M(800M), 0.0043629 secs]
69.455: [GC pause (G1 Evacuation Pause) (young) 598M->151M(800M), 0.0050062 secs]
69.520: [GC pause (G1 Evacuation Pause) (young) 599M->150M(800M), 0.0060747 secs]
69.586: [GC pause (G1 Evacuation Pause) (young) 598M->150M(800M), 0.0040387 secs]
69.651: [GC pause (G1 Evacuation Pause) (young) 598M->150M(800M), 0.0062308 secs]
69.716: [GC pause (G1 Evacuation Pause) (young) 598M->151M(800M), 0.0061153 secs]
69.783: [GC pause (G1 Evacuation Pause) (young) 599M->150M(800M), 0.0040591 secs]
69.846: [GC pause (G1 Evacuation Pause) (young) 598M->150M(800M), 0.0044150 secs]
69.910: [GC pause (G1 Evacuation Pause) (young) 598M->150M(800M), 0.0057176 secs]
69.975: [GC pause (G1 Evacuation Pause) (young) 598M->150M(800M), 0.0039636 secs]
70.042: [GC pause (G1 Evacuation Pause) (young) 598M->150M(800M), 0.0037299 secs]
70.107: [GC pause (G1 Evacuation Pause) (young) 598M->150M(800M), 0.0042373 secs]
70.171: [GC pause (G1 Evacuation Pause) (young) 598M->150M(800M), 0.0046324 secs]
70.235: [GC pause (G1 Evacuation Pause) (young) 598M->150M(800M), 0.0048949 secs]
70.297: [GC pause (G1 Evacuation Pause) (young) 598M->150M(800M), 0.0048939 secs]
70.360: [GC pause (G1 Evacuation Pause) (young) 598M->150M(800M), 0.0050365 secs]
70.425: [GC pause (G1 Evacuation Pause) (young) 598M->151M(800M), 0.0047035 secs]
70.488: [GC pause (G1 Evacuation Pause) (young) 599M->151M(800M), 0.0062966 secs]
70.551: [GC pause (G1 Evacuation Pause) (young) 599M->151M(800M), 0.0066064 secs]
70.613: [GC pause (G1 Evacuation Pause) (young) 599M->151M(800M), 0.0059395 secs]
70.680: [GC pause (G1 Evacuation Pause) (young) 599M->150M(800M), 0.0040875 secs]
70.743: [GC pause (G1 Evacuation Pause) (young) 598M->150M(800M), 0.0061482 secs]
70.808: [GC pause (G1 Evacuation Pause) (young) 598M->150M(800M), 0.0063272 secs]
70.878: [GC pause (G1 Evacuation Pause) (young) 598M->150M(800M), 0.0063605 secs]
70.943: [GC pause (G1 Evacuation Pause) (young) 598M->151M(800M), 0.0059865 secs]
71.007: [GC pause (G1 Evacuation Pause) (young) 599M->150M(800M), 0.0051251 secs]
71.070: [GC pause (G1 Evacuation Pause) (young) 598M->150M(800M), 0.0050204 secs]
71.132: [GC pause (G1 Evacuation Pause) (young) 598M->150M(800M), 0.0066102 secs]
71.197: [GC pause (G1 Evacuation Pause) (young) 598M->151M(800M), 0.0051465 secs]
71.262: [GC pause (G1 Evacuation Pause) (young) 599M->151M(800M), 0.0066576 secs]
71.326: [GC pause (G1 Evacuation Pause) (young) 599M->150M(800M), 0.0048575 secs]
71.388: [GC pause (G1 Evacuation Pause) (young) 598M->150M(800M), 0.0069776 secs]
71.453: [GC pause (G1 Evacuation Pause) (young) 598M->150M(800M), 0.0073201 secs]
71.517: [GC pause (G1 Evacuation Pause) (young) 598M->150M(800M), 0.0071169 secs]
71.581: [GC pause (G1 Evacuation Pause) (young) 598M->150M(800M), 0.0052563 secs]
71.644: [GC pause (G1 Evacuation Pause) (young) 598M->150M(800M), 0.0039460 secs]
71.710: [GC pause (G1 Evacuation Pause) (young) 598M->150M(800M), 0.0049464 secs]
71.771: [GC pause (G1 Evacuation Pause) (young) 598M->150M(800M), 0.0058450 secs]
71.835: [GC pause (G1 Evacuation Pause) (young) 598M->149M(800M), 0.0051191 secs]
71.895: [GC pause (G1 Evacuation Pause) (young) 597M->150M(800M), 0.0055992 secs]
71.960: [GC pause (G1 Evacuation Pause) (young) 598M->150M(800M), 0.0045800 secs]
72.025: [GC pause (G1 Evacuation Pause) (young) 598M->150M(800M), 0.0040131 secs]
72.087: [GC pause (G1 Evacuation Pause) (young) 598M->150M(800M), 0.0040224 secs]
72.151: [GC pause (G1 Evacuation Pause) (young) 598M->150M(800M), 0.0064513 secs]
72.216: [GC pause (G1 Evacuation Pause) (young) 598M->150M(800M), 0.0051123 secs]
72.278: [GC pause (G1 Evacuation Pause) (young) 598M->151M(800M), 0.0059746 secs]
72.341: [GC pause (G1 Evacuation Pause) (young) 599M->150M(800M), 0.0044767 secs]
72.404: [GC pause (G1 Evacuation Pause) (young) 598M->151M(800M), 0.0065336 secs]
72.466: [GC pause (G1 Evacuation Pause) (young) 599M->150M(800M), 0.0036413 secs]
72.529: [GC pause (G1 Evacuation Pause) (young) 598M->150M(800M), 0.0058401 secs]
72.594: [GC pause (G1 Evacuation Pause) (young) 598M->150M(800M), 0.0042019 secs]
72.657: [GC pause (G1 Evacuation Pause) (young) 598M->150M(800M), 0.0059235 secs]
72.721: [GC pause (G1 Evacuation Pause) (young) 598M->150M(800M), 0.0039715 secs]
72.782: [GC pause (G1 Evacuation Pause) (young) 598M->151M(800M), 0.0054755 secs]
72.844: [GC pause (G1 Evacuation Pause) (young) 599M->150M(800M), 0.0048828 secs]
72.904: [GC pause (G1 Evacuation Pause) (young) 598M->150M(800M), 0.0055952 secs]
72.969: [GC pause (G1 Evacuation Pause) (young) 598M->151M(800M), 0.0060282 secs]
73.034: [GC pause (G1 Evacuation Pause) (young) 599M->150M(800M), 0.0045807 secs]
73.096: [GC pause (G1 Evacuation Pause) (young) 598M->150M(800M), 0.0059007 secs]
73.157: [GC pause (G1 Evacuation Pause) (young) 598M->150M(800M), 0.0044451 secs]
73.221: [GC pause (G1 Evacuation Pause) (young) 598M->150M(800M), 0.0099521 secs]
73.286: [GC pause (G1 Evacuation Pause) (young) 598M->150M(800M), 0.0043888 secs]
73.345: [GC pause (G1 Evacuation Pause) (young) 598M->151M(800M), 0.0061592 secs]
73.410: [GC pause (G1 Evacuation Pause) (young) 599M->150M(800M), 0.0055351 secs]
73.470: [GC pause (G1 Evacuation Pause) (young) 598M->150M(800M), 0.0040361 secs]
73.532: [GC pause (G1 Evacuation Pause) (young) 598M->150M(800M), 0.0050952 secs]
73.592: [GC pause (G1 Evacuation Pause) (young) 598M->150M(800M), 0.0054675 secs]
73.653: [GC pause (G1 Evacuation Pause) (young) 598M->149M(800M), 0.0053971 secs]
73.716: [GC pause (G1 Evacuation Pause) (young) 597M->149M(800M), 0.0048305 secs]
73.777: [GC pause (G1 Evacuation Pause) (young) 597M->149M(800M), 0.0055831 secs]
73.841: [GC pause (G1 Evacuation Pause) (young) 597M->150M(800M), 0.0054300 secs]
73.900: [GC pause (G1 Evacuation Pause) (young) 598M->149M(800M), 0.0054494 secs]
73.965: [GC pause (G1 Evacuation Pause) (young) 597M->149M(800M), 0.0053136 secs]
74.028: [GC pause (G1 Evacuation Pause) (young) 597M->149M(800M), 0.0050530 secs]
74.088: [GC pause (G1 Evacuation Pause) (young) 597M->149M(800M), 0.0046004 secs]
74.149: [GC pause (G1 Evacuation Pause) (young) 597M->149M(800M), 0.0038588 secs]
74.209: [GC pause (G1 Evacuation Pause) (young) 597M->149M(800M), 0.0054270 secs]
74.272: [GC pause (G1 Evacuation Pause) (young) 597M->149M(800M), 0.0050508 secs]
74.333: [GC pause (G1 Evacuation Pause) (young) 597M->149M(800M), 0.0053846 secs]
74.395: [GC pause (G1 Evacuation Pause) (young) 597M->149M(800M), 0.0038907 secs]
74.457: [GC pause (G1 Evacuation Pause) (young) 597M->149M(800M), 0.0046183 secs]
74.516: [GC pause (G1 Evacuation Pause) (young) 597M->149M(800M), 0.0039108 secs]
74.577: [GC pause (G1 Evacuation Pause) (young) 597M->149M(800M), 0.0047559 secs]
74.639: [GC pause (G1 Evacuation Pause) (young) 597M->149M(800M), 0.0052577 secs]
74.701: [GC pause (G1 Evacuation Pause) (young) 597M->149M(800M), 0.0097471 secs]
74.763: [GC pause (G1 Evacuation Pause) (young) 597M->149M(800M), 0.0047210 secs]
74.824: [GC pause (G1 Evacuation Pause) (young) 597M->149M(800M), 0.0058764 secs]
74.887: [GC pause (G1 Evacuation Pause) (young) 597M->149M(800M), 0.0045093 secs]
74.948: [GC pause (G1 Evacuation Pause) (young) 597M->149M(800M), 0.0050642 secs]
75.009: [GC pause (G1 Evacuation Pause) (young) 597M->149M(800M), 0.0054732 secs]
75.070: [GC pause (G1 Evacuation Pause) (young) 597M->149M(800M), 0.0061397 secs]
75.129: [GC pause (G1 Evacuation Pause) (young) 597M->149M(800M), 0.0056653 secs]
75.191: [GC pause (G1 Evacuation Pause) (young) 597M->149M(800M), 0.0062304 secs]
75.249: [GC pause (G1 Evacuation Pause) (young) 597M->150M(800M), 0.0055470 secs]
75.312: [GC pause (G1 Evacuation Pause) (young) 598M->150M(800M), 0.0061873 secs]
75.371: [GC pause (G1 Evacuation Pause) (young) 598M->149M(800M), 0.0064149 secs]
75.435: [GC pause (G1 Evacuation Pause) (young) 597M->149M(800M), 0.0099352 secs]
75.494: [GC pause (G1 Evacuation Pause) (young) 597M->149M(800M), 0.0160951 secs]
75.556: [GC pause (G1 Evacuation Pause) (young) 597M->148M(832M), 0.0098033 secs]
75.619: [GC pause (G1 Evacuation Pause) (young) 596M->149M(864M), 0.0059147 secs]
75.685: [GC pause (G1 Evacuation Pause) (young) 629M->150M(896M), 0.0070242 secs]
75.750: [GC pause (G1 Evacuation Pause) (young) 630M->149M(928M), 0.0063966 secs]
75.818: [GC pause (G1 Evacuation Pause) (young) 661M->149M(960M), 0.0059362 secs]
75.890: [GC pause (G1 Evacuation Pause) (young) 693M->149M(960M), 0.0056800 secs]
75.963: [GC pause (G1 Evacuation Pause) (young) 693M->149M(960M), 0.0099465 secs]
76.037: [GC pause (G1 Evacuation Pause) (young) 693M->149M(960M), 0.0063954 secs]
76.111: [GC pause (G1 Evacuation Pause) (young) 693M->149M(960M), 0.0056182 secs]
76.184: [GC pause (G1 Evacuation Pause) (young) 693M->149M(960M), 0.0054912 secs]
76.255: [GC pause (G1 Evacuation Pause) (young) 693M->149M(960M), 0.0056549 secs]
76.328: [GC pause (G1 Evacuation Pause) (young) 693M->149M(960M), 0.0098261 secs]
76.402: [GC pause (G1 Evacuation Pause) (young) 693M->148M(960M), 0.0066953 secs]
76.475: [GC pause (G1 Evacuation Pause) (young) 692M->149M(960M), 0.0057797 secs]
76.547: [GC pause (G1 Evacuation Pause) (young) 693M->148M(960M), 0.0054521 secs]
76.617: [GC pause (G1 Evacuation Pause) (young) 692M->149M(960M), 0.0056795 secs]
76.687: [GC pause (G1 Evacuation Pause) (young) 693M->149M(960M), 0.0046761 secs]
76.760: [GC pause (G1 Evacuation Pause) (young) 693M->149M(960M), 0.0036235 secs]
76.830: [GC pause (G1 Evacuation Pause) (young) 693M->148M(960M), 0.0039132 secs]
76.903: [GC pause (G1 Evacuation Pause) (young) 692M->148M(960M), 0.0043063 secs]
76.976: [GC pause (G1 Evacuation Pause) (young) 692M->149M(960M), 0.0042845 secs]
77.049: [GC pause (G1 Evacuation Pause) (young) 693M->149M(960M), 0.0042620 secs]
77.119: [GC pause (G1 Evacuation Pause) (young) 693M->149M(960M), 0.0042428 secs]
77.190: [GC pause (G1 Evacuation Pause) (young) 693M->149M(960M), 0.0043332 secs]
77.262: [GC pause (G1 Evacuation Pause) (young) 693M->149M(960M), 0.0045478 secs]
77.333: [GC pause (G1 Evacuation Pause) (young) 693M->149M(960M), 0.0044109 secs]
77.406: [GC pause (G1 Evacuation Pause) (young) 693M->150M(960M), 0.0041188 secs]
77.477: [GC pause (G1 Evacuation Pause) (young) 694M->149M(960M), 0.0044016 secs]
77.546: [GC pause (G1 Evacuation Pause) (young) 693M->149M(960M), 0.0042771 secs]
77.618: [GC pause (G1 Evacuation Pause) (young) 693M->150M(960M), 0.0042133 secs]
77.690: [GC pause (G1 Evacuation Pause) (young) 694M->149M(960M), 0.0040863 secs]
77.762: [GC pause (G1 Evacuation Pause) (young) 693M->149M(960M), 0.0041930 secs]
77.832: [GC pause (G1 Evacuation Pause) (young) 693M->149M(960M), 0.0043148 secs]
77.905: [GC pause (G1 Evacuation Pause) (young) 693M->150M(960M), 0.0046384 secs]
77.973: [GC pause (G1 Evacuation Pause) (young) 694M->149M(960M), 0.0055484 secs]
78.044: [GC pause (G1 Evacuation Pause) (young) 693M->149M(960M), 0.0045305 secs]
78.115: [GC pause (G1 Evacuation Pause) (young) 693M->149M(960M), 0.0042639 secs]
78.182: [GC pause (G1 Evacuation Pause) (young) 693M->149M(960M), 0.0043462 secs]
78.254: [GC pause (G1 Evacuation Pause) (young) 693M->149M(960M), 0.0043376 secs]
78.325: [GC pause (G1 Evacuation Pause) (young) 693M->149M(960M), 0.0048158 secs]
78.398: [GC pause (G1 Evacuation Pause) (young) 693M->149M(960M), 0.0062569 secs]
78.471: [GC pause (G1 Evacuation Pause) (young) 693M->149M(960M), 0.0045027 secs]
78.541: [GC pause (G1 Evacuation Pause) (young) 693M->149M(960M), 0.0055360 secs]
78.610: [GC pause (G1 Evacuation Pause) (young) 693M->149M(960M), 0.0044184 secs]
78.681: [GC pause (G1 Evacuation Pause) (young) 693M->149M(960M), 0.0046835 secs]
78.752: [GC pause (G1 Evacuation Pause) (young) 693M->148M(960M), 0.0045063 secs]
78.821: [GC pause (G1 Evacuation Pause) (young) 692M->149M(960M), 0.0049423 secs]
78.892: [GC pause (G1 Evacuation Pause) (young) 693M->149M(960M), 0.0047830 secs]
78.963: [GC pause (G1 Evacuation Pause) (young) 693M->149M(960M), 0.0047869 secs]
79.032: [GC pause (G1 Evacuation Pause) (young) 693M->149M(960M), 0.0050206 secs]
79.102: [GC pause (G1 Evacuation Pause) (young) 693M->149M(960M), 0.0050375 secs]
79.173: [GC pause (G1 Evacuation Pause) (young) 693M->149M(960M), 0.0050700 secs]
79.242: [GC pause (G1 Evacuation Pause) (young) 693M->149M(960M), 0.0048467 secs]
79.311: [GC pause (G1 Evacuation Pause) (young) 693M->149M(960M), 0.0048235 secs]
79.382: [GC pause (G1 Evacuation Pause) (young) 693M->149M(960M), 0.0053900 secs]
79.449: [GC pause (G1 Evacuation Pause) (young) 693M->149M(960M), 0.0053654 secs]
79.520: [GC pause (G1 Evacuation Pause) (young) 693M->149M(960M), 0.0050909 secs]
79.588: [GC pause (G1 Evacuation Pause) (young) 693M->149M(960M), 0.0059350 secs]
79.658: [GC pause (G1 Evacuation Pause) (young) 693M->148M(960M), 0.0049672 secs]
79.726: [GC pause (G1 Evacuation Pause) (young) 692M->148M(960M), 0.0060443 secs]
79.795: [GC pause (G1 Evacuation Pause) (young) 692M->149M(960M), 0.0049734 secs]
79.866: [GC pause (G1 Evacuation Pause) (young) 693M->149M(960M), 0.0050158 secs]
79.933: [GC pause (G1 Evacuation Pause) (young) 693M->149M(960M), 0.0051046 secs]
80.004: [GC pause (G1 Evacuation Pause) (young) 693M->149M(960M), 0.0052336 secs]
80.072: [GC pause (G1 Evacuation Pause) (young) 693M->149M(960M), 0.0050079 secs]
80.140: [GC pause (G1 Evacuation Pause) (young) 693M->149M(960M), 0.0050989 secs]
80.209: [GC pause (G1 Evacuation Pause) (young) 693M->149M(960M), 0.0052029 secs]
80.276: [GC pause (G1 Evacuation Pause) (young) 693M->149M(960M), 0.0049761 secs]
80.344: [GC pause (G1 Evacuation Pause) (young) 693M->149M(960M), 0.0050900 secs]
80.414: [GC pause (G1 Evacuation Pause) (young) 693M->150M(960M), 0.0048055 secs]
80.482: [GC pause (G1 Evacuation Pause) (young) 694M->149M(960M), 0.0051766 secs]
80.550: [GC pause (G1 Evacuation Pause) (young) 693M->149M(960M), 0.0051679 secs]
80.618: [GC pause (G1 Evacuation Pause) (young) 693M->149M(960M), 0.0050934 secs]
80.686: [GC pause (G1 Evacuation Pause) (young) 693M->149M(960M), 0.0050766 secs]
80.756: [GC pause (G1 Evacuation Pause) (young) 693M->149M(960M), 0.0053406 secs]
80.825: [GC pause (G1 Evacuation Pause) (young) 693M->149M(960M), 0.0050212 secs]
80.892: [GC pause (G1 Evacuation Pause) (young) 693M->149M(960M), 0.0056085 secs]
80.963: [GC pause (G1 Evacuation Pause) (young) 693M->149M(960M), 0.0050858 secs]
81.030: [GC pause (G1 Evacuation Pause) (young) 693M->150M(960M), 0.0047832 secs]
81.098: [GC pause (G1 Evacuation Pause) (young) 694M->150M(960M), 0.0052781 secs]
81.166: [GC pause (G1 Evacuation Pause) (young) 694M->149M(960M), 0.0059108 secs]
81.233: [GC pause (G1 Evacuation Pause) (young) 693M->149M(960M), 0.0059586 secs]
81.300: [GC pause (G1 Evacuation Pause) (young) 693M->149M(960M), 0.0052224 secs]
81.368: [GC pause (G1 Evacuation Pause) (young) 693M->149M(960M), 0.0051084 secs]
81.439: [GC pause (G1 Evacuation Pause) (young) 693M->149M(960M), 0.0053101 secs]
81.507: [GC pause (G1 Evacuation Pause) (young) 693M->149M(960M), 0.0050727 secs]
81.575: [GC pause (G1 Evacuation Pause) (young) 693M->149M(960M), 0.0059349 secs]
81.642: [GC pause (G1 Evacuation Pause) (young) 693M->149M(960M), 0.0059797 secs]
81.712: [GC pause (G1 Evacuation Pause) (young) 693M->149M(960M), 0.0053213 secs]
81.777: [GC pause (G1 Evacuation Pause) (young) 693M->150M(960M), 0.0053239 secs]
81.844: [GC pause (G1 Evacuation Pause) (young) 694M->149M(960M), 0.0100819 secs]
81.913: [GC pause (G1 Evacuation Pause) (young) 693M->149M(960M), 0.0053682 secs]
81.982: [GC pause (G1 Evacuation Pause) (young) 693M->149M(960M), 0.0065477 secs]
82.050: [GC pause (G1 Evacuation Pause) (young) 693M->149M(960M), 0.0048536 secs]
82.115: [GC pause (G1 Evacuation Pause) (young) 693M->149M(960M), 0.0054907 secs]
82.182: [GC pause (G1 Evacuation Pause) (young) 693M->149M(960M), 0.0044164 secs]
82.252: [GC pause (G1 Evacuation Pause) (young) 693M->148M(960M), 0.0056935 secs]
82.318: [GC pause (G1 Evacuation Pause) (young) 692M->149M(960M), 0.0053375 secs]
82.386: [GC pause (G1 Evacuation Pause) (young) 693M->148M(960M), 0.0060039 secs]
82.454: [GC pause (G1 Evacuation Pause) (young) 692M->149M(960M), 0.0060606 secs]
82.526: [GC pause (G1 Evacuation Pause) (young) 693M->149M(960M), 0.0071074 secs]
82.589: [GC pause (G1 Evacuation Pause) (young) 693M->150M(960M), 0.0052683 secs]
82.656: [GC pause (G1 Evacuation Pause) (young) 694M->149M(960M), 0.0054740 secs]
82.722: [GC pause (G1 Evacuation Pause) (young) 693M->149M(960M), 0.0052893 secs]
82.787: [GC pause (G1 Evacuation Pause) (young) 693M->149M(960M), 0.0053549 secs]
82.854: [GC pause (G1 Evacuation Pause) (young) 693M->150M(960M), 0.0053737 secs]
82.919: [GC pause (G1 Evacuation Pause) (young) 694M->149M(960M), 0.0052955 secs]
82.988: [GC pause (G1 Evacuation Pause) (young) 693M->149M(960M), 0.0053447 secs]
83.052: [GC pause (G1 Evacuation Pause) (young) 693M->149M(960M), 0.0057836 secs]
83.120: [GC pause (G1 Evacuation Pause) (young) 693M->150M(960M), 0.0058286 secs]
83.187: [GC pause (G1 Evacuation Pause) (young) 694M->148M(960M), 0.0052601 secs]
83.252: [GC pause (G1 Evacuation Pause) (young) 692M->149M(960M), 0.0053113 secs]
83.319: [GC pause (G1 Evacuation Pause) (young) 693M->148M(960M), 0.0056194 secs]
83.384: [GC pause (G1 Evacuation Pause) (young) 692M->148M(960M), 0.0053705 secs]
83.449: [GC pause (G1 Evacuation Pause) (young) 692M->148M(960M), 0.0094501 secs]
83.516: [GC pause (G1 Evacuation Pause) (young) 692M->148M(960M), 0.0054068 secs]
83.583: [GC pause (G1 Evacuation Pause) (young) 692M->148M(960M), 0.0053418 secs]
83.648: [GC pause (G1 Evacuation Pause) (young) 692M->148M(960M), 0.0061997 secs]
83.713: [GC pause (G1 Evacuation Pause) (young) 692M->147M(960M), 0.0054304 secs]
83.781: [GC pause (G1 Evacuation Pause) (young) 691M->148M(960M), 0.0053089 secs]
83.848: [GC pause (G1 Evacuation Pause) (young) 692M->148M(960M), 0.0052790 secs]
83.913: [GC pause (G1 Evacuation Pause) (young) 692M->148M(960M), 0.0050558 secs]
83.978: [GC pause (G1 Evacuation Pause) (young) 692M->148M(960M), 0.0052489 secs]
84.041: [GC pause (G1 Evacuation Pause) (young) 692M->148M(960M), 0.0053369 secs]
84.105: [GC pause (G1 Evacuation Pause) (young) 692M->147M(960M), 0.0053891 secs]
84.171: [GC pause (G1 Evacuation Pause) (young) 691M->147M(960M), 0.0042565 secs]
84.238: [GC pause (G1 Evacuation Pause) (young) 691M->147M(960M), 0.0062019 secs]
84.306: [GC pause (G1 Evacuation Pause) (young) 691M->147M(960M), 0.0054553 secs]
84.368: [GC pause (G1 Evacuation Pause) (young) 691M->147M(960M), 0.0051528 secs]
84.434: [GC pause (G1 Evacuation Pause) (young) 691M->147M(960M), 0.0053581 secs]
84.497: [GC pause (G1 Evacuation Pause) (young) 691M->148M(960M), 0.0045052 secs]
84.563: [GC pause (G1 Evacuation Pause) (young) 692M->147M(960M), 0.0051369 secs]
84.626: [GC pause (G1 Evacuation Pause) (young) 691M->147M(960M), 0.0040069 secs]
84.691: [GC pause (G1 Evacuation Pause) (young) 691M->147M(960M), 0.0058224 secs]
84.757: [GC pause (G1 Evacuation Pause) (young) 691M->147M(960M), 0.0054613 secs]
84.824: [GC pause (G1 Evacuation Pause) (young) 691M->147M(960M), 0.0054901 secs]
84.885: [GC pause (G1 Evacuation Pause) (young) 691M->147M(960M), 0.0054468 secs]
84.952: [GC pause (G1 Evacuation Pause) (young) 691M->147M(960M), 0.0062503 secs]
85.020: [GC pause (G1 Evacuation Pause) (young) 691M->147M(960M), 0.0048369 secs]
85.082: [GC pause (G1 Evacuation Pause) (young) 691M->147M(960M), 0.0043539 secs]
85.150: [GC pause (G1 Evacuation Pause) (young) 691M->147M(960M), 0.0048344 secs]
85.219: [GC pause (G1 Evacuation Pause) (young) 691M->148M(960M), 0.0051144 secs]
85.284: [GC pause (G1 Evacuation Pause) (young) 692M->147M(960M), 0.0053891 secs]
85.347: [GC pause (G1 Evacuation Pause) (young) 691M->147M(960M), 0.0054187 secs]
85.410: [GC pause (G1 Evacuation Pause) (young) 691M->147M(960M), 0.0140753 secs]
85.477: [GC pause (G1 Evacuation Pause) (young) 691M->147M(960M), 0.0059065 secs]
85.543: [GC pause (G1 Evacuation Pause) (young) 691M->147M(960M), 0.0101222 secs]
85.609: [GC pause (G1 Evacuation Pause) (young) 691M->147M(960M), 0.0056280 secs]
85.673: [GC pause (G1 Evacuation Pause) (young) 691M->148M(960M), 0.0058152 secs]
85.739: [GC pause (G1 Evacuation Pause) (young) 692M->147M(960M), 0.0097620 secs]
85.803: [GC pause (G1 Evacuation Pause) (young) 691M->147M(960M), 0.0058149 secs]
85.869: [GC pause (G1 Evacuation Pause) (young) 691M->147M(960M), 0.0058837 secs]
85.934: [GC pause (G1 Evacuation Pause) (young) 691M->147M(960M), 0.0098005 secs]
86.000: [GC pause (G1 Evacuation Pause) (young) 691M->148M(960M), 0.0063822 secs]
86.064: [GC pause (G1 Evacuation Pause) (young) 692M->147M(960M), 0.0059830 secs]
86.128: [GC pause (G1 Evacuation Pause) (young) 691M->147M(960M), 0.0052646 secs]
86.191: [GC pause (G1 Evacuation Pause) (young) 691M->147M(960M), 0.0052187 secs]
86.256: [GC pause (G1 Evacuation Pause) (young) 691M->147M(960M), 0.0041881 secs]
86.318: [GC pause (G1 Evacuation Pause) (young) 691M->147M(960M), 0.0048384 secs]
86.382: [GC pause (G1 Evacuation Pause) (young) 691M->147M(960M), 0.0044690 secs]
86.448: [GC pause (G1 Evacuation Pause) (young) 691M->147M(960M), 0.0040914 secs]
86.509: [GC pause (G1 Evacuation Pause) (young) 691M->147M(960M), 0.0053364 secs]
86.574: [GC pause (G1 Evacuation Pause) (young) 691M->148M(960M), 0.0052225 secs]
86.638: [GC pause (G1 Evacuation Pause) (young) 692M->147M(960M), 0.0041273 secs]
86.702: [GC pause (G1 Evacuation Pause) (young) 691M->147M(960M), 0.0048155 secs]
86.763: [GC pause (G1 Evacuation Pause) (young) 691M->147M(960M), 0.0058775 secs]
86.829: [GC pause (G1 Evacuation Pause) (young) 691M->147M(960M), 0.0047499 secs]
86.891: [GC pause (G1 Evacuation Pause) (young) 691M->147M(960M), 0.0043606 secs]
86.956: [GC pause (G1 Evacuation Pause) (young) 691M->147M(960M), 0.0051120 secs]
87.018: [GC pause (G1 Evacuation Pause) (young) 691M->146M(960M), 0.0055564 secs]
87.081: [GC pause (G1 Evacuation Pause) (young) 690M->147M(960M), 0.0052135 secs]
87.143: [GC pause (G1 Evacuation Pause) (young) 691M->147M(960M), 0.0048820 secs]
87.205: [GC pause (G1 Evacuation Pause) (young) 691M->147M(960M), 0.0049674 secs]
87.268: [GC pause (G1 Evacuation Pause) (young) 691M->146M(960M), 0.0039783 secs]
87.329: [GC pause (G1 Evacuation Pause) (young) 690M->146M(960M), 0.0049679 secs]
87.393: [GC pause (G1 Evacuation Pause) (young) 690M->147M(960M), 0.0041772 secs]
87.454: [GC pause (G1 Evacuation Pause) (young) 691M->146M(960M), 0.0047231 secs]
87.518: [GC pause (G1 Evacuation Pause) (young) 690M->147M(960M), 0.0046939 secs]
87.581: [GC pause (G1 Evacuation Pause) (young) 691M->146M(960M), 0.0048808 secs]
87.643: [GC pause (G1 Evacuation Pause) (young) 690M->147M(960M), 0.0046578 secs]
87.704: [GC pause (G1 Evacuation Pause) (young) 691M->147M(960M), 0.0046090 secs]
87.767: [GC pause (G1 Evacuation Pause) (young) 691M->147M(960M), 0.0046073 secs]
87.829: [GC pause (G1 Evacuation Pause) (young) 691M->148M(960M), 0.0045437 secs]
87.894: [GC pause (G1 Evacuation Pause) (young) 692M->147M(960M), 0.0048028 secs]
87.952: [GC pause (G1 Evacuation Pause) (young) 691M->146M(960M), 0.0093453 secs]
88.018: [GC pause (G1 Evacuation Pause) (young) 690M->147M(960M), 0.0045199 secs]
88.079: [GC pause (G1 Evacuation Pause) (young) 691M->147M(960M), 0.0041461 secs]
88.141: [GC pause (G1 Evacuation Pause) (young) 691M->147M(960M), 0.0042261 secs]
88.205: [GC pause (G1 Evacuation Pause) (young) 691M->146M(960M), 0.0048534 secs]
88.266: [GC pause (G1 Evacuation Pause) (young) 690M->146M(960M), 0.0045097 secs]
88.329: [GC pause (G1 Evacuation Pause) (young) 690M->146M(960M), 0.0050315 secs]
88.391: [GC pause (G1 Evacuation Pause) (young) 690M->147M(960M), 0.0059531 secs]
88.451: [GC pause (G1 Evacuation Pause) (young) 691M->147M(960M), 0.0056047 secs]
88.512: [GC pause (G1 Evacuation Pause) (young) 691M->146M(960M), 0.0058978 secs]
88.574: [GC pause (G1 Evacuation Pause) (young) 690M->146M(960M), 0.0054373 secs]
88.635: [GC pause (G1 Evacuation Pause) (young) 690M->147M(960M), 0.0057412 secs]
88.700: [GC pause (G1 Evacuation Pause) (young) 691M->146M(960M), 0.0063551 secs]
88.764: [GC pause (G1 Evacuation Pause) (young) 690M->146M(960M), 0.0057696 secs]
88.825: [GC pause (G1 Evacuation Pause) (young) 690M->147M(960M), 0.0060408 secs]
88.892: [GC pause (G1 Evacuation Pause) (young) 691M->146M(960M), 0.0054240 secs]
88.953: [GC pause (G1 Evacuation Pause) (young) 690M->146M(960M), 0.0054313 secs]
89.017: [GC pause (G1 Evacuation Pause) (young) 690M->147M(960M), 0.0056473 secs]
89.080: [GC pause (G1 Evacuation Pause) (young) 691M->146M(960M), 0.0054130 secs]
89.142: [GC pause (G1 Evacuation Pause) (young) 690M->146M(960M), 0.0054998 secs]
89.204: [GC pause (G1 Evacuation Pause) (young) 690M->147M(960M), 0.0056695 secs]
89.265: [GC pause (G1 Evacuation Pause) (young) 691M->146M(960M), 0.0099822 secs]
89.328: [GC pause (G1 Evacuation Pause) (young) 690M->146M(960M), 0.0090219 secs]
89.390: [GC pause (G1 Evacuation Pause) (young) 690M->146M(960M), 0.0049895 secs]
89.452: [GC pause (G1 Evacuation Pause) (young) 690M->147M(960M), 0.0053154 secs]
89.514: [GC pause (G1 Evacuation Pause) (young) 691M->146M(960M), 0.0048178 secs]
89.577: [GC pause (G1 Evacuation Pause) (young) 690M->146M(960M), 0.0053141 secs]
89.639: [GC pause (G1 Evacuation Pause) (young) 690M->146M(960M), 0.0044649 secs]
89.699: [GC pause (G1 Evacuation Pause) (young) 690M->146M(960M), 0.0110502 secs]
89.763: [GC pause (G1 Evacuation Pause) (young) 690M->146M(960M), 0.0043006 secs]
89.826: [GC pause (G1 Evacuation Pause) (young) 690M->146M(960M), 0.0047052 secs]
89.886: [GC pause (G1 Evacuation Pause) (young) 690M->146M(960M), 0.0085090 secs]
89.949: [GC pause (G1 Evacuation Pause) (young) 690M->146M(960M), 0.0052777 secs]
90.008: [GC pause (G1 Evacuation Pause) (young) 690M->146M(960M), 0.0094409 secs]
90.069: [GC pause (G1 Evacuation Pause) (young) 690M->146M(960M), 0.0054700 secs]
90.131: [GC pause (G1 Evacuation Pause) (young) 690M->146M(960M), 0.0045329 secs]
90.194: [GC pause (G1 Evacuation Pause) (young) 690M->146M(960M), 0.0043644 secs]
90.254: [GC pause (G1 Evacuation Pause) (young) 690M->146M(960M), 0.0041187 secs]
90.315: [GC pause (G1 Evacuation Pause) (young) 690M->145M(960M), 0.0042409 secs]
90.375: [GC pause (G1 Evacuation Pause) (young) 689M->146M(960M), 0.0045434 secs]
90.436: [GC pause (G1 Evacuation Pause) (young) 690M->145M(960M), 0.0042571 secs]
90.496: [GC pause (G1 Evacuation Pause) (young) 689M->145M(960M), 0.0040414 secs]
90.557: [GC pause (G1 Evacuation Pause) (young) 689M->145M(960M), 0.0041276 secs]
90.619: [GC pause (G1 Evacuation Pause) (young) 689M->145M(960M), 0.0039430 secs]
90.679: [GC pause (G1 Evacuation Pause) (young) 689M->145M(960M), 0.0035752 secs]
90.740: [GC pause (G1 Evacuation Pause) (young) 689M->145M(960M), 0.0044255 secs]
90.800: [GC pause (G1 Evacuation Pause) (young) 689M->145M(960M), 0.0043877 secs]
90.861: [GC pause (G1 Evacuation Pause) (young) 689M->144M(960M), 0.0041679 secs]
90.921: [GC pause (G1 Evacuation Pause) (young) 688M->145M(960M), 0.0038801 secs]
90.980: [GC pause (G1 Evacuation Pause) (young) 689M->144M(960M), 0.0039451 secs]
91.041: [GC pause (G1 Evacuation Pause) (young) 688M->144M(960M), 0.0039817 secs]
91.100: [GC pause (G1 Evacuation Pause) (young) 688M->144M(960M), 0.0042378 secs]
91.159: [GC pause (G1 Evacuation Pause) (young) 688M->146M(960M), 0.0053313 secs]
91.221: [GC pause (G1 Evacuation Pause) (young) 690M->144M(960M), 0.0041341 secs]
91.281: [GC pause (G1 Evacuation Pause) (young) 688M->145M(960M), 0.0039641 secs]
91.343: [GC pause (G1 Evacuation Pause) (young) 689M->145M(960M), 0.0039610 secs]
91.402: [GC pause (G1 Evacuation Pause) (young) 689M->145M(960M), 0.0040460 secs]
91.464: [GC pause (G1 Evacuation Pause) (young) 689M->145M(960M), 0.0039879 secs]
91.523: [GC pause (G1 Evacuation Pause) (young) 689M->144M(960M), 0.0041186 secs]
91.582: [GC pause (G1 Evacuation Pause) (young) 688M->145M(960M), 0.0039906 secs]
91.643: [GC pause (G1 Evacuation Pause) (young) 689M->145M(960M), 0.0042348 secs]
91.704: [GC pause (G1 Evacuation Pause) (young) 689M->144M(960M), 0.0045017 secs]
91.763: [GC pause (G1 Evacuation Pause) (young) 688M->145M(960M), 0.0040383 secs]
91.823: [GC pause (G1 Evacuation Pause) (young) 689M->144M(960M), 0.0038323 secs]
91.884: [GC pause (G1 Evacuation Pause) (young) 688M->144M(960M), 0.0039462 secs]
91.942: [GC pause (G1 Evacuation Pause) (young) 688M->145M(960M), 0.0090220 secs]
92.002: [GC pause (G1 Evacuation Pause) (young) 689M->144M(960M), 0.0037828 secs]
92.063: [GC pause (G1 Evacuation Pause) (young) 688M->145M(960M), 0.0034609 secs]
92.123: [GC pause (G1 Evacuation Pause) (young) 689M->145M(960M), 0.0083197 secs]
92.185: [GC pause (G1 Evacuation Pause) (young) 689M->144M(960M), 0.0044297 secs]
92.243: [GC pause (G1 Evacuation Pause) (young) 688M->144M(960M), 0.0038956 secs]
92.304: [GC pause (G1 Evacuation Pause) (young) 688M->144M(960M), 0.0037872 secs]
92.363: [GC pause (G1 Evacuation Pause) (young) 688M->144M(960M), 0.0037795 secs]
92.421: [GC pause (G1 Evacuation Pause) (young) 688M->144M(960M), 0.0038473 secs]
92.483: [GC pause (G1 Evacuation Pause) (young) 688M->144M(960M), 0.0045051 secs]
92.544: [GC pause (G1 Evacuation Pause) (young) 688M->143M(960M), 0.0039365 secs]
92.604: [GC pause (G1 Evacuation Pause) (young) 687M->143M(960M), 0.0039094 secs]
92.665: [GC pause (G1 Evacuation Pause) (young) 687M->143M(960M), 0.0049146 secs]
92.724: [GC pause (G1 Evacuation Pause) (young) 687M->143M(960M), 0.0041260 secs]
92.785: [GC pause (G1 Evacuation Pause) (young) 687M->143M(960M), 0.0040322 secs]
92.844: [GC pause (G1 Evacuation Pause) (young) 687M->144M(960M), 0.0052049 secs]
92.905: [GC pause (G1 Evacuation Pause) (young) 688M->144M(960M), 0.0043662 secs]
92.964: [GC pause (G1 Evacuation Pause) (young) 688M->144M(960M), 0.0043224 secs]
93.025: [GC pause (G1 Evacuation Pause) (young) 688M->144M(960M), 0.0039839 secs]
93.085: [GC pause (G1 Evacuation Pause) (young) 688M->144M(960M), 0.0042307 secs]
93.142: [GC pause (G1 Evacuation Pause) (young) 688M->144M(960M), 0.0039536 secs]
93.200: [GC pause (G1 Evacuation Pause) (young) 688M->144M(960M), 0.0041034 secs]
93.260: [GC pause (G1 Evacuation Pause) (young) 688M->144M(960M), 0.0051025 secs]
93.316: [GC pause (G1 Evacuation Pause) (young) 688M->144M(960M), 0.0051297 secs]
93.376: [GC pause (G1 Evacuation Pause) (young) 688M->144M(960M), 0.0040897 secs]
93.435: [GC pause (G1 Evacuation Pause) (young) 688M->144M(960M), 0.0039479 secs]
93.494: [GC pause (G1 Evacuation Pause) (young) 688M->144M(960M), 0.0039752 secs]
93.553: [GC pause (G1 Evacuation Pause) (young) 688M->143M(960M), 0.0041237 secs]
93.610: [GC pause (G1 Evacuation Pause) (young) 687M->144M(960M), 0.0044868 secs]
93.669: [GC pause (G1 Evacuation Pause) (young) 688M->144M(960M), 0.0051512 secs]
93.727: [GC pause (G1 Evacuation Pause) (young) 688M->144M(960M), 0.0042684 secs]
93.785: [GC pause (G1 Evacuation Pause) (young) 688M->143M(960M), 0.0055505 secs]
93.845: [GC pause (G1 Evacuation Pause) (young) 687M->143M(960M), 0.0045290 secs]
93.904: [GC pause (G1 Evacuation Pause) (young) 687M->143M(960M), 0.0049812 secs]
93.961: [GC pause (G1 Evacuation Pause) (young) 687M->143M(960M), 0.0038294 secs]
94.017: [GC pause (G1 Evacuation Pause) (young) 687M->143M(960M), 0.0033047 secs]
94.076: [GC pause (G1 Evacuation Pause) (young) 687M->143M(960M), 0.0039557 secs]
94.134: [GC pause (G1 Evacuation Pause) (young) 687M->143M(960M), 0.0084196 secs]
94.194: [GC pause (G1 Evacuation Pause) (young) 687M->143M(960M), 0.0036291 secs]
94.253: [GC pause (G1 Evacuation Pause) (young) 687M->143M(960M), 0.0050368 secs]
94.313: [GC pause (G1 Evacuation Pause) (young) 687M->144M(960M), 0.0051002 secs]
94.369: [GC pause (G1 Evacuation Pause) (young) 688M->143M(960M), 0.0037661 secs]
94.429: [GC pause (G1 Evacuation Pause) (young) 687M->143M(960M), 0.0042499 secs]
94.485: [GC pause (G1 Evacuation Pause) (young) 687M->143M(960M), 0.0051567 secs]
94.544: [GC pause (G1 Evacuation Pause) (young) 687M->143M(960M), 0.0043451 secs]
94.603: [GC pause (G1 Evacuation Pause) (young) 687M->143M(960M), 0.0035488 secs]
94.663: [GC pause (G1 Evacuation Pause) (young) 687M->143M(960M), 0.0038709 secs]
94.720: [GC pause (G1 Evacuation Pause) (young) 687M->143M(960M), 0.0036766 secs]
94.778: [GC pause (G1 Evacuation Pause) (young) 687M->143M(960M), 0.0038047 secs]
94.835: [GC pause (G1 Evacuation Pause) (young) 687M->143M(960M), 0.0049243 secs]
94.895: [GC pause (G1 Evacuation Pause) (young) 687M->144M(960M), 0.0042744 secs]
94.954: [GC pause (G1 Evacuation Pause) (young) 688M->143M(960M), 0.0039444 secs]
95.011: [GC pause (G1 Evacuation Pause) (young) 687M->143M(960M), 0.0050242 secs]
95.066: [GC pause (G1 Evacuation Pause) (young) 687M->143M(960M), 0.0040459 secs]
95.126: [GC pause (G1 Evacuation Pause) (young) 687M->143M(960M), 0.0040137 secs]
95.184: [GC pause (G1 Evacuation Pause) (young) 687M->143M(960M), 0.0056230 secs]
95.240: [GC pause (G1 Evacuation Pause) (young) 687M->144M(960M), 0.0047267 secs]
95.299: [GC pause (G1 Evacuation Pause) (young) 688M->143M(960M), 0.0038640 secs]
95.358: [GC pause (G1 Evacuation Pause) (young) 687M->143M(960M), 0.0038582 secs]
95.414: [GC pause (G1 Evacuation Pause) (young) 687M->143M(960M), 0.0041586 secs]
95.471: [GC pause (G1 Evacuation Pause) (young) 687M->143M(960M), 0.0039146 secs]
95.527: [GC pause (G1 Evacuation Pause) (young) 687M->143M(960M), 0.0037569 secs]
95.584: [GC pause (G1 Evacuation Pause) (young) 687M->144M(960M), 0.0040717 secs]
95.644: [GC pause (G1 Evacuation Pause) (young) 688M->143M(960M), 0.0085725 secs]
95.701: [GC pause (G1 Evacuation Pause) (young) 687M->143M(960M), 0.0040142 secs]
95.761: [GC pause (G1 Evacuation Pause) (young) 687M->144M(960M), 0.0042563 secs]
95.818: [GC pause (G1 Evacuation Pause) (young) 688M->143M(960M), 0.0041916 secs]
95.874: [GC pause (G1 Evacuation Pause) (young) 687M->143M(960M), 0.0044861 secs]
95.931: [GC pause (G1 Evacuation Pause) (young) 687M->144M(960M), 0.0050893 secs]
95.992: [GC pause (G1 Evacuation Pause) (young) 688M->143M(960M), 0.0041299 secs]
96.050: [GC pause (G1 Evacuation Pause) (young) 687M->143M(960M), 0.0049950 secs]
96.107: [GC pause (G1 Evacuation Pause) (young) 687M->143M(960M), 0.0040581 secs]
96.163: [GC pause (G1 Evacuation Pause) (young) 687M->143M(960M), 0.0044096 secs]
96.219: [GC pause (G1 Evacuation Pause) (young) 687M->143M(960M), 0.0044298 secs]
96.278: [GC pause (G1 Evacuation Pause) (young) 687M->143M(960M), 0.0039436 secs]
96.333: [GC pause (G1 Evacuation Pause) (young) 687M->143M(960M), 0.0045559 secs]
96.390: [GC pause (G1 Evacuation Pause) (young) 687M->143M(960M), 0.0043647 secs]
96.447: [GC pause (G1 Evacuation Pause) (young) 687M->143M(960M), 0.0044229 secs]
96.502: [GC pause (G1 Evacuation Pause) (young) 687M->143M(960M), 0.0041641 secs]
96.560: [GC pause (G1 Evacuation Pause) (young) 687M->143M(960M), 0.0044092 secs]
96.617: [GC pause (G1 Evacuation Pause) (young) 687M->143M(960M), 0.0044004 secs]
96.675: [GC pause (G1 Evacuation Pause) (young) 687M->142M(960M), 0.0042703 secs]
96.733: [GC pause (G1 Evacuation Pause) (young) 686M->142M(960M), 0.0049583 secs]
96.789: [GC pause (G1 Evacuation Pause) (young) 686M->142M(960M), 0.0041351 secs]
96.847: [GC pause (G1 Evacuation Pause) (young) 686M->142M(960M), 0.0040781 secs]
96.904: [GC pause (G1 Evacuation Pause) (young) 686M->143M(960M), 0.0040433 secs]
96.965: [GC pause (G1 Evacuation Pause) (young) 687M->142M(960M), 0.0044880 secs]
97.019: [GC pause (G1 Evacuation Pause) (young) 686M->143M(960M), 0.0045089 secs]
97.075: [GC pause (G1 Evacuation Pause) (young) 687M->142M(960M), 0.0042785 secs]
97.130: [GC pause (G1 Evacuation Pause) (young) 686M->143M(960M), 0.0044121 secs]
97.188: [GC pause (G1 Evacuation Pause) (young) 687M->142M(960M), 0.0043943 secs]
97.246: [GC pause (G1 Evacuation Pause) (young) 686M->142M(960M), 0.0082847 secs]
97.302: [GC pause (G1 Evacuation Pause) (young) 686M->142M(960M), 0.0034491 secs]
97.362: [GC pause (G1 Evacuation Pause) (young) 686M->142M(960M), 0.0044003 secs]
97.418: [GC pause (G1 Evacuation Pause) (young) 686M->143M(960M), 0.0036399 secs]
97.473: [GC pause (G1 Evacuation Pause) (young) 687M->143M(960M), 0.0042480 secs]
97.528: [GC pause (G1 Evacuation Pause) (young) 687M->143M(960M), 0.0035559 secs]
97.585: [GC pause (G1 Evacuation Pause) (young) 687M->142M(960M), 0.0040170 secs]
97.641: [GC pause (G1 Evacuation Pause) (young) 686M->143M(960M), 0.0038592 secs]
97.698: [GC pause (G1 Evacuation Pause) (young) 687M->142M(960M), 0.0044278 secs]
97.754: [GC pause (G1 Evacuation Pause) (young) 686M->143M(960M), 0.0038076 secs]
97.813: [GC pause (G1 Evacuation Pause) (young) 687M->142M(960M), 0.0088249 secs]
97.870: [GC pause (G1 Evacuation Pause) (young) 686M->142M(960M), 0.0042101 secs]
97.928: [GC pause (G1 Evacuation Pause) (young) 686M->143M(960M), 0.0036715 secs]
97.983: [GC pause (G1 Evacuation Pause) (young) 687M->143M(960M), 0.0085120 secs]
98.036: [GC pause (G1 Evacuation Pause) (young) 687M->143M(960M), 0.0038656 secs]
98.093: [GC pause (G1 Evacuation Pause) (young) 687M->143M(960M), 0.0044001 secs]
98.149: [GC pause (G1 Evacuation Pause) (young) 687M->143M(960M), 0.0044726 secs]
98.206: [GC pause (G1 Evacuation Pause) (young) 687M->142M(960M), 0.0043686 secs]
98.262: [GC pause (G1 Evacuation Pause) (young) 686M->142M(960M), 0.0051025 secs]
98.318: [GC pause (G1 Evacuation Pause) (young) 686M->142M(960M), 0.0087241 secs]
98.376: [GC pause (G1 Evacuation Pause) (young) 686M->143M(960M), 0.0088127 secs]
98.434: [GC pause (G1 Evacuation Pause) (young) 687M->143M(960M), 0.0044241 secs]
98.490: [GC pause (G1 Evacuation Pause) (young) 687M->143M(960M), 0.0051201 secs]
98.546: [GC pause (G1 Evacuation Pause) (young) 687M->143M(960M), 0.0054357 secs]
98.604: [GC pause (G1 Evacuation Pause) (young) 687M->143M(960M), 0.0086365 secs]
98.660: [GC pause (G1 Evacuation Pause) (young) 687M->143M(960M), 0.0053331 secs]
98.717: [GC pause (G1 Evacuation Pause) (young) 687M->143M(960M), 0.0052907 secs]
98.771: [GC pause (G1 Evacuation Pause) (young) 687M->143M(960M), 0.0036837 secs]
98.826: [GC pause (G1 Evacuation Pause) (young) 687M->142M(960M), 0.0038932 secs]
98.882: [GC pause (G1 Evacuation Pause) (young) 686M->143M(960M), 0.0036564 secs]
98.939: [GC pause (G1 Evacuation Pause) (young) 687M->142M(960M), 0.0035695 secs]
98.994: [GC pause (G1 Evacuation Pause) (young) 686M->142M(960M), 0.0039321 secs]
99.048: [GC pause (G1 Evacuation Pause) (young) 686M->142M(960M), 0.0048405 secs]
99.106: [GC pause (G1 Evacuation Pause) (young) 686M->142M(960M), 0.0037492 secs]
99.161: [GC pause (G1 Evacuation Pause) (young) 686M->142M(960M), 0.0036108 secs]
99.216: [GC pause (G1 Evacuation Pause) (young) 686M->142M(960M), 0.0039457 secs]
99.271: [GC pause (G1 Evacuation Pause) (young) 686M->142M(960M), 0.0048775 secs]
99.327: [GC pause (G1 Evacuation Pause) (young) 686M->142M(960M), 0.0038799 secs]
99.381: [GC pause (G1 Evacuation Pause) (young) 686M->142M(960M), 0.0056280 secs]
99.438: [GC pause (G1 Evacuation Pause) (young) 686M->142M(960M), 0.0035337 secs]
99.492: [GC pause (G1 Evacuation Pause) (young) 686M->142M(960M), 0.0036013 secs]
99.547: [GC pause (G1 Evacuation Pause) (young) 686M->142M(960M), 0.0051337 secs]
99.603: [GC pause (G1 Evacuation Pause) (young) 686M->142M(960M), 0.0042411 secs]
99.658: [GC pause (G1 Evacuation Pause) (young) 686M->142M(960M), 0.0052500 secs]
99.713: [GC pause (G1 Evacuation Pause) (young) 686M->142M(960M), 0.0052019 secs]
99.769: [GC pause (G1 Evacuation Pause) (young) 686M->142M(960M), 0.0048169 secs]
99.824: [GC pause (G1 Evacuation Pause) (young) 686M->142M(960M), 0.0036710 secs]
99.880: [GC pause (G1 Evacuation Pause) (young) 686M->142M(960M), 0.0047683 secs]
99.934: [GC pause (G1 Evacuation Pause) (young) 686M->142M(960M), 0.0038752 secs]
99.990: [GC pause (G1 Evacuation Pause) (young) 686M->142M(960M), 0.0039235 secs]
100.045: [GC pause (G1 Evacuation Pause) (young) 686M->142M(960M), 0.0039524 secs]
100.101: [GC pause (G1 Evacuation Pause) (young) 686M->142M(960M), 0.0036831 secs]
100.155: [GC pause (G1 Evacuation Pause) (young) 686M->142M(960M), 0.0035552 secs]
100.211: [GC pause (G1 Evacuation Pause) (young) 686M->142M(960M), 0.0083873 secs]
100.264: [GC pause (G1 Evacuation Pause) (young) 686M->142M(960M), 0.0041801 secs]
100.317: [GC pause (G1 Evacuation Pause) (young) 686M->142M(960M), 0.0038477 secs]
100.372: [GC pause (G1 Evacuation Pause) (young) 686M->142M(960M), 0.0035018 secs]
100.426: [GC pause (G1 Evacuation Pause) (young) 686M->142M(960M), 0.0033215 secs]
100.482: [GC pause (G1 Evacuation Pause) (young) 686M->142M(960M), 0.0038830 secs]
100.538: [GC pause (G1 Evacuation Pause) (young) 686M->142M(960M), 0.0043017 secs]
100.590: [GC pause (G1 Evacuation Pause) (young) 686M->142M(960M), 0.0086845 secs]
100.646: [GC pause (G1 Evacuation Pause) (young) 686M->142M(960M), 0.0054449 secs]
100.702: [GC pause (G1 Evacuation Pause) (young) 686M->142M(960M), 0.0087000 secs]
100.756: [GC pause (G1 Evacuation Pause) (young) 686M->143M(960M), 0.0117680 secs]
100.815: [GC pause (G1 Evacuation Pause) (young) 687M->141M(960M), 0.0087297 secs]
100.870: [GC pause (G1 Evacuation Pause) (young) 685M->142M(960M), 0.0174434 secs]
100.929: [GC pause (G1 Evacuation Pause) (young) 686M->142M(960M), 0.0049972 secs]
100.986: [GC pause (G1 Evacuation Pause) (young) 686M->142M(960M), 0.0086212 secs]
101.041: [GC pause (G1 Evacuation Pause) (young) 686M->142M(960M), 0.0050051 secs]
101.097: [GC pause (G1 Evacuation Pause) (young) 686M->143M(960M), 0.0089460 secs]
101.154: [GC pause (G1 Evacuation Pause) (young) 687M->142M(960M), 0.0087071 secs]
101.207: [GC pause (G1 Evacuation Pause) (young) 686M->142M(960M), 0.0152162 secs]
101.267: [GC pause (G1 Evacuation Pause) (young) 686M->142M(960M), 0.0087390 secs]
101.323: [GC pause (G1 Evacuation Pause) (young) 686M->142M(960M), 0.0050914 secs]
101.378: [GC pause (G1 Evacuation Pause) (young) 686M->142M(960M), 0.0088765 secs]
101.433: [GC pause (G1 Evacuation Pause) (young) 686M->142M(960M), 0.0051286 secs]
101.488: [GC pause (G1 Evacuation Pause) (young) 686M->143M(960M), 0.0053461 secs]
101.542: [GC pause (G1 Evacuation Pause) (young) 687M->143M(960M), 0.0090031 secs]
101.597: [GC pause (G1 Evacuation Pause) (young) 687M->143M(960M), 0.0053871 secs]
101.653: [GC pause (G1 Evacuation Pause) (young) 687M->142M(960M), 0.0088731 secs]
101.708: [GC pause (G1 Evacuation Pause) (young) 686M->143M(960M), 0.0081378 secs]
101.764: [GC pause (G1 Evacuation Pause) (young) 687M->143M(960M), 0.0041814 secs]
101.817: [GC pause (G1 Evacuation Pause) (young) 687M->142M(960M), 0.0049914 secs]
101.871: [GC pause (G1 Evacuation Pause) (young) 686M->142M(960M), 0.0039204 secs]
101.926: [GC pause (G1 Evacuation Pause) (young) 686M->142M(960M), 0.0051700 secs]
101.980: [GC pause (G1 Evacuation Pause) (young) 686M->142M(960M), 0.0034290 secs]
102.034: [GC pause (G1 Evacuation Pause) (young) 686M->143M(960M), 0.0034860 secs]
102.087: [GC pause (G1 Evacuation Pause) (young) 687M->143M(960M), 0.0050544 secs]
102.144: [GC pause (G1 Evacuation Pause) (young) 687M->143M(960M), 0.0039610 secs]
102.198: [GC pause (G1 Evacuation Pause) (young) 687M->142M(960M), 0.0036490 secs]
102.251: [GC pause (G1 Evacuation Pause) (young) 686M->143M(960M), 0.0035160 secs]
102.304: [GC pause (G1 Evacuation Pause) (young) 687M->143M(960M), 0.0042935 secs]
102.358: [GC pause (G1 Evacuation Pause) (young) 687M->142M(960M), 0.0038469 secs]
102.413: [GC pause (G1 Evacuation Pause) (young) 686M->143M(960M), 0.0041106 secs]
102.465: [GC pause (G1 Evacuation Pause) (young) 687M->143M(960M), 0.0042374 secs]
102.517: [GC pause (G1 Evacuation Pause) (young) 687M->142M(960M), 0.0039141 secs]
102.572: [GC pause (G1 Evacuation Pause) (young) 686M->143M(960M), 0.0042316 secs]
102.626: [GC pause (G1 Evacuation Pause) (young) 687M->142M(960M), 0.0101596 secs]
102.682: [GC pause (G1 Evacuation Pause) (young) 686M->142M(960M), 0.0091227 secs]
102.738: [GC pause (G1 Evacuation Pause) (young) 686M->142M(960M), 0.0052280 secs]
102.793: [GC pause (G1 Evacuation Pause) (young) 686M->143M(960M), 0.0089752 secs]
102.848: [GC pause (G1 Evacuation Pause) (young) 687M->142M(960M), 0.0050750 secs]
102.902: [GC pause (G1 Evacuation Pause) (young) 686M->142M(960M), 0.0049872 secs]
102.958: [GC pause (G1 Evacuation Pause) (young) 686M->142M(960M), 0.0051021 secs]
103.012: [GC pause (G1 Evacuation Pause) (young) 686M->143M(960M), 0.0051337 secs]
103.065: [GC pause (G1 Evacuation Pause) (young) 687M->142M(960M), 0.0050760 secs]
103.120: [GC pause (G1 Evacuation Pause) (young) 686M->143M(960M), 0.0051526 secs]
103.172: [GC pause (G1 Evacuation Pause) (young) 687M->142M(960M), 0.0050263 secs]
103.226: [GC pause (G1 Evacuation Pause) (young) 686M->142M(960M), 0.0050192 secs]
103.281: [GC pause (G1 Evacuation Pause) (young) 686M->143M(960M), 0.0052111 secs]
103.334: [GC pause (G1 Evacuation Pause) (young) 687M->143M(960M), 0.0055151 secs]
103.387: [GC pause (G1 Evacuation Pause) (young) 687M->142M(960M), 0.0050469 secs]
103.442: [GC pause (G1 Evacuation Pause) (young) 686M->143M(960M), 0.0050903 secs]
103.493: [GC pause (G1 Evacuation Pause) (young) 687M->142M(960M), 0.0085910 secs]
103.550: [GC pause (G1 Evacuation Pause) (young) 686M->142M(960M), 0.0050455 secs]
103.603: [GC pause (G1 Evacuation Pause) (young) 686M->142M(960M), 0.0052362 secs]
103.656: [GC pause (G1 Evacuation Pause) (young) 686M->142M(960M), 0.0050608 secs]
103.710: [GC pause (G1 Evacuation Pause) (young) 686M->142M(960M), 0.0040888 secs]
103.766: [GC pause (G1 Evacuation Pause) (young) 686M->142M(960M), 0.0039133 secs]
103.820: [GC pause (G1 Evacuation Pause) (young) 686M->143M(960M), 0.0034551 secs]
103.872: [GC pause (G1 Evacuation Pause) (young) 687M->142M(960M), 0.0034244 secs]
103.927: [GC pause (G1 Evacuation Pause) (young) 686M->142M(960M), 0.0086071 secs]
103.982: [GC pause (G1 Evacuation Pause) (young) 686M->141M(960M), 0.0032757 secs]
104.036: [GC pause (G1 Evacuation Pause) (young) 685M->142M(960M), 0.0038310 secs]
104.089: [GC pause (G1 Evacuation Pause) (young) 686M->142M(960M), 0.0038673 secs]
104.143: [GC pause (G1 Evacuation Pause) (young) 686M->143M(960M), 0.0038642 secs]
104.197: [GC pause (G1 Evacuation Pause) (young) 687M->142M(960M), 0.0038213 secs]
104.250: [GC pause (G1 Evacuation Pause) (young) 686M->142M(960M), 0.0038406 secs]
104.301: [GC pause (G1 Evacuation Pause) (young) 686M->142M(960M), 0.0038352 secs]
104.355: [GC pause (G1 Evacuation Pause) (young) 686M->142M(960M), 0.0042991 secs]
104.409: [GC pause (G1 Evacuation Pause) (young) 686M->142M(960M), 0.0039771 secs]
104.463: [GC pause (G1 Evacuation Pause) (young) 686M->141M(960M), 0.0033674 secs]
104.514: [GC pause (G1 Evacuation Pause) (young) 685M->141M(960M), 0.0033299 secs]
104.568: [GC pause (G1 Evacuation Pause) (young) 685M->141M(960M), 0.0035908 secs]
104.621: [GC pause (G1 Evacuation Pause) (young) 685M->141M(960M), 0.0047442 secs]
104.676: [GC pause (G1 Evacuation Pause) (young) 685M->141M(960M), 0.0037798 secs]
104.731: [GC pause (G1 Evacuation Pause) (young) 685M->141M(960M), 0.0037128 secs]
104.786: [GC pause (G1 Evacuation Pause) (young) 685M->142M(960M), 0.0048992 secs]
104.838: [GC pause (G1 Evacuation Pause) (young) 686M->141M(960M), 0.0038061 secs]
104.893: [GC pause (G1 Evacuation Pause) (young) 685M->141M(960M), 0.0037377 secs]
104.946: [GC pause (G1 Evacuation Pause) (young) 685M->141M(960M), 0.0038668 secs]
104.999: [GC pause (G1 Evacuation Pause) (young) 685M->140M(960M), 0.0038238 secs]
105.052: [GC pause (G1 Evacuation Pause) (young) 684M->140M(960M), 0.0037134 secs]
105.104: [GC pause (G1 Evacuation Pause) (young) 684M->140M(960M), 0.0040843 secs]
105.157: [GC pause (G1 Evacuation Pause) (young) 684M->140M(960M), 0.0047967 secs]
105.211: [GC pause (G1 Evacuation Pause) (young) 684M->141M(960M), 0.0036439 secs]
105.266: [GC pause (G1 Evacuation Pause) (young) 685M->141M(960M), 0.0036513 secs]
105.319: [GC pause (G1 Evacuation Pause) (young) 685M->140M(960M), 0.0047698 secs]
105.371: [GC pause (G1 Evacuation Pause) (young) 684M->140M(960M), 0.0037396 secs]
105.425: [GC pause (G1 Evacuation Pause) (young) 684M->140M(960M), 0.0050657 secs]
105.479: [GC pause (G1 Evacuation Pause) (young) 684M->140M(960M), 0.0046832 secs]
105.533: [GC pause (G1 Evacuation Pause) (young) 684M->140M(960M), 0.0035500 secs]
105.584: [GC pause (G1 Evacuation Pause) (young) 684M->140M(960M), 0.0045374 secs]
105.636: [GC pause (G1 Evacuation Pause) (young) 684M->140M(960M), 0.0035016 secs]
105.690: [GC pause (G1 Evacuation Pause) (young) 684M->140M(960M), 0.0040694 secs]
105.742: [GC pause (G1 Evacuation Pause) (young) 684M->140M(960M), 0.0037482 secs]
105.796: [GC pause (G1 Evacuation Pause) (young) 684M->140M(960M), 0.0079458 secs]
105.849: [GC pause (G1 Evacuation Pause) (young) 684M->140M(960M), 0.0035735 secs]
105.903: [GC pause (G1 Evacuation Pause) (young) 684M->140M(960M), 0.0031594 secs]
105.958: [GC pause (G1 Evacuation Pause) (young) 684M->140M(960M), 0.0032892 secs]
106.010: [GC pause (G1 Evacuation Pause) (young) 684M->140M(960M), 0.0035817 secs]
106.064: [GC pause (G1 Evacuation Pause) (young) 684M->140M(960M), 0.0047121 secs]
106.118: [GC pause (G1 Evacuation Pause) (young) 684M->140M(960M), 0.0036579 secs]
106.170: [GC pause (G1 Evacuation Pause) (young) 684M->140M(960M), 0.0045573 secs]
106.223: [GC pause (G1 Evacuation Pause) (young) 684M->140M(960M), 0.0046596 secs]
106.276: [GC pause (G1 Evacuation Pause) (young) 684M->141M(960M), 0.0035730 secs]
106.330: [GC pause (G1 Evacuation Pause) (young) 685M->139M(960M), 0.0046144 secs]
106.382: [GC pause (G1 Evacuation Pause) (young) 683M->140M(960M), 0.0036980 secs]
106.435: [GC pause (G1 Evacuation Pause) (young) 684M->140M(960M), 0.0035641 secs]
106.488: [GC pause (G1 Evacuation Pause) (young) 684M->140M(960M), 0.0033591 secs]
106.543: [GC pause (G1 Evacuation Pause) (young) 684M->140M(960M), 0.0033473 secs]
106.594: [GC pause (G1 Evacuation Pause) (young) 684M->139M(960M), 0.0045784 secs]
106.647: [GC pause (G1 Evacuation Pause) (young) 683M->139M(960M), 0.0047468 secs]
106.703: [GC pause (G1 Evacuation Pause) (young) 683M->139M(960M), 0.0031366 secs]
106.756: [GC pause (G1 Evacuation Pause) (young) 683M->139M(960M), 0.0039981 secs]
106.810: [GC pause (G1 Evacuation Pause) (young) 683M->139M(960M), 0.0037550 secs]
106.865: [GC pause (G1 Evacuation Pause) (young) 683M->139M(960M), 0.0037191 secs]
106.918: [GC pause (G1 Evacuation Pause) (young) 683M->139M(960M), 0.0046457 secs]
106.970: [GC pause (G1 Evacuation Pause) (young) 683M->139M(960M), 0.0037029 secs]
107.024: [GC pause (G1 Evacuation Pause) (young) 683M->139M(960M), 0.0076733 secs]
107.078: [GC pause (G1 Evacuation Pause) (young) 683M->139M(960M), 0.0047789 secs]
107.131: [GC pause (G1 Evacuation Pause) (young) 683M->139M(960M), 0.0051603 secs]
107.185: [GC pause (G1 Evacuation Pause) (young) 683M->138M(960M), 0.0046845 secs]
107.239: [GC pause (G1 Evacuation Pause) (young) 682M->138M(960M), 0.0047026 secs]
107.291: [GC pause (G1 Evacuation Pause) (young) 682M->138M(960M), 0.0051087 secs]
107.344: [GC pause (G1 Evacuation Pause) (young) 682M->137M(960M), 0.0046401 secs]
107.398: [GC pause (G1 Evacuation Pause) (young) 681M->138M(960M), 0.0051374 secs]
107.452: [GC pause (G1 Evacuation Pause) (young) 682M->137M(960M), 0.0048765 secs]
107.505: [GC pause (G1 Evacuation Pause) (young) 681M->138M(960M), 0.0046691 secs]
107.560: [GC pause (G1 Evacuation Pause) (young) 682M->138M(960M), 0.0034344 secs]
107.612: [GC pause (G1 Evacuation Pause) (young) 682M->138M(960M), 0.0038369 secs]
107.664: [GC pause (G1 Evacuation Pause) (young) 682M->138M(960M), 0.0031732 secs]
107.715: [GC pause (G1 Evacuation Pause) (young) 682M->137M(960M), 0.0030692 secs]
107.768: [GC pause (G1 Evacuation Pause) (young) 681M->137M(960M), 0.0045746 secs]
107.822: [GC pause (G1 Evacuation Pause) (young) 681M->137M(960M), 0.0031711 secs]
107.877: [GC pause (G1 Evacuation Pause) (young) 681M->137M(960M), 0.0035634 secs]
107.929: [GC pause (G1 Evacuation Pause) (young) 681M->137M(960M), 0.0048198 secs]
107.985: [GC pause (G1 Evacuation Pause) (young) 681M->137M(960M), 0.0066065 secs]
108.038: [GC pause (G1 Evacuation Pause) (young) 681M->136M(960M), 0.0043317 secs]
108.093: [GC pause (G1 Evacuation Pause) (young) 680M->136M(960M), 0.0046530 secs]
108.147: [GC pause (G1 Evacuation Pause) (young) 680M->136M(960M), 0.0042870 secs]
108.198: [GC pause (G1 Evacuation Pause) (young) 680M->136M(960M), 0.0048654 secs]
108.251: [GC pause (G1 Evacuation Pause) (young) 680M->136M(960M), 0.0042770 secs]
108.305: [GC pause (G1 Evacuation Pause) (young) 680M->137M(960M), 0.0077328 secs]
108.359: [GC pause (G1 Evacuation Pause) (young) 681M->136M(960M), 0.0075188 secs]
108.414: [GC pause (G1 Evacuation Pause) (young) 680M->137M(960M), 0.0037457 secs]
108.465: [GC pause (G1 Evacuation Pause) (young) 681M->137M(960M), 0.0037226 secs]
108.519: [GC pause (G1 Evacuation Pause) (young) 681M->137M(960M), 0.0028084 secs]
108.571: [GC pause (G1 Evacuation Pause) (young) 681M->136M(960M), 0.0029111 secs]
108.623: [GC pause (G1 Evacuation Pause) (young) 680M->136M(960M), 0.0029376 secs]
108.677: [GC pause (G1 Evacuation Pause) (young) 680M->136M(960M), 0.0033954 secs]
108.730: [GC pause (G1 Evacuation Pause) (young) 680M->136M(960M), 0.0033399 secs]
108.783: [GC pause (G1 Evacuation Pause) (young) 680M->136M(960M), 0.0029755 secs]
108.836: [GC pause (G1 Evacuation Pause) (young) 680M->136M(960M), 0.0038949 secs]
108.889: [GC pause (G1 Evacuation Pause) (young) 680M->135M(960M), 0.0029743 secs]
108.942: [GC pause (G1 Evacuation Pause) (young) 679M->135M(960M), 0.0029112 secs]
108.994: [GC pause (G1 Evacuation Pause) (young) 679M->134M(960M), 0.0040110 secs]
109.049: [GC pause (G1 Evacuation Pause) (young) 678M->134M(960M), 0.0034969 secs]
109.103: [GC pause (G1 Evacuation Pause) (young) 678M->135M(960M), 0.0035254 secs]
109.155: [GC pause (G1 Evacuation Pause) (young) 679M->135M(960M), 0.0058676 secs]
109.210: [GC pause (G1 Evacuation Pause) (young) 679M->135M(960M), 0.0033942 secs]
109.263: [GC pause (G1 Evacuation Pause) (young) 679M->135M(960M), 0.0040710 secs]
109.318: [GC pause (G1 Evacuation Pause) (young) 679M->134M(960M), 0.0028034 secs]
109.371: [GC pause (G1 Evacuation Pause) (young) 678M->135M(960M), 0.0040366 secs]
109.425: [GC pause (G1 Evacuation Pause) (young) 679M->134M(960M), 0.0039974 secs]
109.477: [GC pause (G1 Evacuation Pause) (young) 678M->134M(960M), 0.0028039 secs]
109.532: [GC pause (G1 Evacuation Pause) (young) 678M->135M(960M), 0.0030818 secs]
109.586: [GC pause (G1 Evacuation Pause) (young) 679M->135M(960M), 0.0032263 secs]
109.637: [GC pause (G1 Evacuation Pause) (young) 679M->135M(960M), 0.0041152 secs]
109.691: [GC pause (G1 Evacuation Pause) (young) 679M->135M(960M), 0.0037055 secs]
109.745: [GC pause (G1 Evacuation Pause) (young) 679M->135M(960M), 0.0026622 secs]
109.798: [GC pause (G1 Evacuation Pause) (young) 679M->134M(960M), 0.0063402 secs]
109.851: [GC pause (G1 Evacuation Pause) (young) 678M->134M(960M), 0.0027759 secs]
109.905: [GC pause (G1 Evacuation Pause) (young) 678M->134M(960M), 0.0027520 secs]
109.958: [GC pause (G1 Evacuation Pause) (young) 678M->134M(960M), 0.0029916 secs]
110.010: [GC pause (G1 Evacuation Pause) (young) 678M->133M(960M), 0.0026754 secs]
110.062: [GC pause (G1 Evacuation Pause) (young) 677M->133M(960M), 0.0029480 secs]
110.117: [GC pause (G1 Evacuation Pause) (young) 677M->133M(960M), 0.0030108 secs]
110.170: [GC pause (G1 Evacuation Pause) (young) 677M->133M(960M), 0.0040388 secs]
110.223: [GC pause (G1 Evacuation Pause) (young) 677M->133M(960M), 0.0040101 secs]
110.276: [GC pause (G1 Evacuation Pause) (young) 677M->133M(960M), 0.0032215 secs]
110.329: [GC pause (G1 Evacuation Pause) (young) 677M->133M(960M), 0.0030040 secs]
110.381: [GC pause (G1 Evacuation Pause) (young) 677M->134M(960M), 0.0031724 secs]
110.434: [GC pause (G1 Evacuation Pause) (young) 678M->134M(960M), 0.0035817 secs]
110.489: [GC pause (G1 Evacuation Pause) (young) 678M->133M(960M), 0.0031819 secs]
110.542: [GC pause (G1 Evacuation Pause) (young) 677M->134M(960M), 0.0040805 secs]
110.595: [GC pause (G1 Evacuation Pause) (young) 678M->134M(960M), 0.0032529 secs]
110.648: [GC pause (G1 Evacuation Pause) (young) 678M->133M(960M), 0.0031502 secs]
110.702: [GC pause (G1 Evacuation Pause) (young) 677M->133M(960M), 0.0032626 secs]
110.754: [GC pause (G1 Evacuation Pause) (young) 677M->133M(960M), 0.0031336 secs]
110.809: [GC pause (G1 Evacuation Pause) (young) 677M->134M(960M), 0.0030638 secs]
110.861: [GC pause (G1 Evacuation Pause) (young) 678M->134M(960M), 0.0031862 secs]
110.915: [GC pause (G1 Evacuation Pause) (young) 678M->134M(960M), 0.0031270 secs]
110.967: [GC pause (G1 Evacuation Pause) (young) 678M->134M(960M), 0.0038933 secs]
111.020: [GC pause (G1 Evacuation Pause) (young) 678M->134M(960M), 0.0029279 secs]
111.074: [GC pause (G1 Evacuation Pause) (young) 678M->133M(960M), 0.0026339 secs]
111.126: [GC pause (G1 Evacuation Pause) (young) 677M->133M(960M), 0.0024565 secs]
111.180: [GC pause (G1 Evacuation Pause) (young) 677M->133M(960M), 0.0028659 secs]
111.233: [GC pause (G1 Evacuation Pause) (young) 677M->133M(960M), 0.0029753 secs]
111.287: [GC pause (G1 Evacuation Pause) (young) 677M->133M(960M), 0.0035182 secs]
111.338: [GC pause (G1 Evacuation Pause) (young) 677M->132M(960M), 0.0028385 secs]
111.393: [GC pause (G1 Evacuation Pause) (young) 676M->133M(960M), 0.0028607 secs]
111.446: [GC pause (G1 Evacuation Pause) (young) 677M->133M(960M), 0.0029928 secs]
111.497: [GC pause (G1 Evacuation Pause) (young) 677M->133M(960M), 0.0030887 secs]
111.552: [GC pause (G1 Evacuation Pause) (young) 677M->133M(960M), 0.0037961 secs]
111.603: [GC pause (G1 Evacuation Pause) (young) 677M->133M(960M), 0.0029457 secs]
111.658: [GC pause (G1 Evacuation Pause) (young) 677M->133M(960M), 0.0028563 secs]
111.710: [GC pause (G1 Evacuation Pause) (young) 677M->133M(960M), 0.0025602 secs]
111.765: [GC pause (G1 Evacuation Pause) (young) 677M->133M(960M), 0.0061537 secs]
111.818: [GC pause (G1 Evacuation Pause) (young) 677M->133M(960M), 0.0038853 secs]
111.870: [GC pause (G1 Evacuation Pause) (young) 677M->133M(960M), 0.0034963 secs]
111.923: [GC pause (G1 Evacuation Pause) (young) 677M->132M(960M), 0.0029339 secs]
111.976: [GC pause (G1 Evacuation Pause) (young) 676M->133M(960M), 0.0031054 secs]
112.031: [GC pause (G1 Evacuation Pause) (young) 677M->132M(960M), 0.0035834 secs]
112.082: [GC pause (G1 Evacuation Pause) (young) 676M->132M(960M), 0.0025402 secs]
112.134: [GC pause (G1 Evacuation Pause) (young) 676M->132M(960M), 0.0029729 secs]
112.186: [GC pause (G1 Evacuation Pause) (young) 676M->133M(960M), 0.0033859 secs]
112.239: [GC pause (G1 Evacuation Pause) (young) 677M->133M(960M), 0.0039248 secs]
112.293: [GC pause (G1 Evacuation Pause) (young) 677M->132M(960M), 0.0038129 secs]
112.345: [GC pause (G1 Evacuation Pause) (young) 676M->133M(960M), 0.0036407 secs]
112.397: [GC pause (G1 Evacuation Pause) (young) 677M->133M(960M), 0.0024711 secs]
112.451: [GC pause (G1 Evacuation Pause) (young) 677M->132M(960M), 0.0026685 secs]
112.505: [GC pause (G1 Evacuation Pause) (young) 676M->133M(960M), 0.0029519 secs]
112.557: [GC pause (G1 Evacuation Pause) (young) 677M->133M(960M), 0.0025078 secs]
112.610: [GC pause (G1 Evacuation Pause) (young) 677M->132M(960M), 0.0025126 secs]
112.663: [GC pause (G1 Evacuation Pause) (young) 676M->131M(960M), 0.0057502 secs]
112.717: [GC pause (G1 Evacuation Pause) (young) 675M->133M(960M), 0.0024754 secs]
112.767: [GC pause (G1 Evacuation Pause) (young) 677M->133M(960M), 0.0023872 secs]
112.821: [GC pause (G1 Evacuation Pause) (young) 677M->133M(960M), 0.0025389 secs]
112.875: [GC pause (G1 Evacuation Pause) (young) 677M->131M(960M), 0.0026811 secs]
112.926: [GC pause (G1 Evacuation Pause) (young) 675M->132M(960M), 0.0026866 secs]
112.979: [GC pause (G1 Evacuation Pause) (young) 676M->132M(960M), 0.0024035 secs]
113.032: [GC pause (G1 Evacuation Pause) (young) 676M->131M(960M), 0.0026956 secs]
113.087: [GC pause (G1 Evacuation Pause) (young) 675M->132M(960M), 0.0028101 secs]
113.142: [GC pause (G1 Evacuation Pause) (young) 676M->133M(960M), 0.0030326 secs]
113.194: [GC pause (G1 Evacuation Pause) (young) 677M->132M(960M), 0.0035612 secs]
113.247: [GC pause (G1 Evacuation Pause) (young) 676M->132M(960M), 0.0028314 secs]
113.301: [GC pause (G1 Evacuation Pause) (young) 676M->132M(960M), 0.0028027 secs]
113.353: [GC pause (G1 Evacuation Pause) (young) 676M->132M(960M), 0.0029290 secs]
113.407: [GC pause (G1 Evacuation Pause) (young) 676M->132M(960M), 0.0061741 secs]
113.458: [GC pause (G1 Evacuation Pause) (young) 676M->132M(960M), 0.0031649 secs]
113.512: [GC pause (G1 Evacuation Pause) (young) 676M->132M(960M), 0.0031800 secs]
113.566: [GC pause (G1 Evacuation Pause) (young) 676M->131M(960M), 0.0027844 secs]
113.619: [GC pause (G1 Evacuation Pause) (young) 675M->131M(960M), 0.0035139 secs]
113.672: [GC pause (G1 Evacuation Pause) (young) 675M->132M(960M), 0.0024732 secs]
113.724: [GC pause (G1 Evacuation Pause) (young) 676M->131M(960M), 0.0027967 secs]
113.776: [GC pause (G1 Evacuation Pause) (young) 675M->131M(960M), 0.0026643 secs]
113.830: [GC pause (G1 Evacuation Pause) (young) 675M->131M(960M), 0.0028514 secs]
113.883: [GC pause (G1 Evacuation Pause) (young) 675M->131M(960M), 0.0032368 secs]
113.935: [GC pause (G1 Evacuation Pause) (young) 675M->132M(960M), 0.0028737 secs]
113.989: [GC pause (G1 Evacuation Pause) (young) 676M->131M(960M), 0.0028513 secs]
114.042: [GC pause (G1 Evacuation Pause) (young) 675M->131M(960M), 0.0028544 secs]
114.096: [GC pause (G1 Evacuation Pause) (young) 675M->131M(960M), 0.0058571 secs]
114.149: [GC pause (G1 Evacuation Pause) (young) 675M->131M(960M), 0.0025348 secs]
114.201: [GC pause (G1 Evacuation Pause) (young) 675M->131M(960M), 0.0030296 secs]
114.253: [GC pause (G1 Evacuation Pause) (young) 675M->131M(960M), 0.0028196 secs]
114.305: [GC pause (G1 Evacuation Pause) (young) 675M->132M(960M), 0.0030666 secs]
114.357: [GC pause (G1 Evacuation Pause) (young) 676M->131M(960M), 0.0027119 secs]
114.409: [GC pause (G1 Evacuation Pause) (young) 675M->131M(960M), 0.0024924 secs]
114.458: [GC pause (G1 Evacuation Pause) (young) 675M->131M(960M), 0.0025925 secs]
114.510: [GC pause (G1 Evacuation Pause) (young) 675M->132M(960M), 0.0028491 secs]
114.563: [GC pause (G1 Evacuation Pause) (young) 676M->130M(960M), 0.0027001 secs]
114.618: [GC pause (G1 Evacuation Pause) (young) 674M->131M(960M), 0.0039054 secs]
114.673: [GC pause (G1 Evacuation Pause) (young) 675M->130M(960M), 0.0025371 secs]
114.727: [GC pause (G1 Evacuation Pause) (young) 674M->130M(960M), 0.0028738 secs]
114.778: [GC pause (G1 Evacuation Pause) (young) 674M->131M(960M), 0.0029152 secs]
114.834: [GC pause (G1 Evacuation Pause) (young) 675M->131M(960M), 0.0056926 secs]
114.888: [GC pause (G1 Evacuation Pause) (young) 675M->130M(960M), 0.0027282 secs]
114.942: [GC pause (G1 Evacuation Pause) (young) 674M->130M(960M), 0.0026677 secs]
114.995: [GC pause (G1 Evacuation Pause) (young) 674M->130M(960M), 0.0036323 secs]
115.048: [GC pause (G1 Evacuation Pause) (young) 674M->130M(960M), 0.0035490 secs]
115.102: [GC pause (G1 Evacuation Pause) (young) 674M->130M(960M), 0.0035223 secs]
115.154: [GC pause (G1 Evacuation Pause) (young) 674M->130M(960M), 0.0035235 secs]
115.209: [GC pause (G1 Evacuation Pause) (young) 674M->130M(960M), 0.0035270 secs]
115.263: [GC pause (G1 Evacuation Pause) (young) 674M->130M(960M), 0.0037108 secs]
115.314: [GC pause (G1 Evacuation Pause) (young) 674M->130M(960M), 0.0090752 secs]
115.369: [GC pause (G1 Evacuation Pause) (young) 674M->130M(960M), 0.0029655 secs]
115.423: [GC pause (G1 Evacuation Pause) (young) 674M->130M(960M), 0.0027732 secs]
115.476: [GC pause (G1 Evacuation Pause) (young) 674M->130M(960M), 0.0033895 secs]
115.529: [GC pause (G1 Evacuation Pause) (young) 674M->130M(960M), 0.0027200 secs]
115.581: [GC pause (G1 Evacuation Pause) (young) 674M->130M(960M), 0.0029787 secs]
115.634: [GC pause (G1 Evacuation Pause) (young) 674M->130M(960M), 0.0055818 secs]
115.688: [GC pause (G1 Evacuation Pause) (young) 674M->130M(960M), 0.0034790 secs]
115.741: [GC pause (G1 Evacuation Pause) (young) 674M->130M(960M), 0.0029885 secs]
115.796: [GC pause (G1 Evacuation Pause) (young) 674M->130M(960M), 0.0028994 secs]
115.848: [GC pause (G1 Evacuation Pause) (young) 674M->130M(960M), 0.0026910 secs]
115.904: [GC pause (G1 Evacuation Pause) (young) 674M->130M(960M), 0.0026802 secs]
115.957: [GC pause (G1 Evacuation Pause) (young) 674M->130M(960M), 0.0056284 secs]
116.010: [GC pause (G1 Evacuation Pause) (young) 674M->130M(960M), 0.0027163 secs]
116.065: [GC pause (G1 Evacuation Pause) (young) 674M->131M(960M), 0.0035172 secs]
116.119: [GC pause (G1 Evacuation Pause) (young) 675M->130M(960M), 0.0026863 secs]
116.171: [GC pause (G1 Evacuation Pause) (young) 674M->130M(960M), 0.0026967 secs]
116.222: [GC pause (G1 Evacuation Pause) (young) 674M->130M(960M), 0.0025795 secs]
116.276: [GC pause (G1 Evacuation Pause) (young) 674M->130M(960M), 0.0028924 secs]
116.328: [GC pause (G1 Evacuation Pause) (young) 674M->131M(960M), 0.0026063 secs]
116.383: [GC pause (G1 Evacuation Pause) (young) 675M->130M(960M), 0.0036189 secs]
116.436: [GC pause (G1 Evacuation Pause) (young) 674M->130M(960M), 0.0022376 secs]
116.489: [GC pause (G1 Evacuation Pause) (young) 674M->130M(960M), 0.0034821 secs]
116.544: [GC pause (G1 Evacuation Pause) (young) 674M->129M(960M), 0.0027505 secs]
116.598: [GC pause (G1 Evacuation Pause) (young) 673M->130M(960M), 0.0026263 secs]
116.650: [GC pause (G1 Evacuation Pause) (young) 674M->130M(960M), 0.0024328 secs]
116.701: [GC pause (G1 Evacuation Pause) (young) 674M->130M(960M), 0.0053230 secs]
116.755: [GC pause (G1 Evacuation Pause) (young) 674M->129M(960M), 0.0052472 secs]
116.809: [GC pause (G1 Evacuation Pause) (young) 673M->129M(960M), 0.0021686 secs]
116.860: [GC pause (G1 Evacuation Pause) (young) 673M->129M(960M), 0.0024963 secs]
116.914: [GC pause (G1 Evacuation Pause) (young) 673M->129M(960M), 0.0023787 secs]
116.966: [GC pause (G1 Evacuation Pause) (young) 673M->129M(960M), 0.0028313 secs]
117.020: [GC pause (G1 Evacuation Pause) (young) 673M->129M(960M), 0.0025955 secs]
117.071: [GC pause (G1 Evacuation Pause) (young) 673M->129M(960M), 0.0023179 secs]
117.124: [GC pause (G1 Evacuation Pause) (young) 673M->129M(960M), 0.0053140 secs]
117.178: [GC pause (G1 Evacuation Pause) (young) 673M->129M(960M), 0.0023687 secs]
117.231: [GC pause (G1 Evacuation Pause) (young) 673M->129M(960M), 0.0023164 secs]
117.284: [GC pause (G1 Evacuation Pause) (young) 673M->130M(960M), 0.0024692 secs]
117.334: [GC pause (G1 Evacuation Pause) (young) 674M->130M(960M), 0.0023540 secs]
117.388: [GC pause (G1 Evacuation Pause) (young) 674M->129M(960M), 0.0025456 secs]
117.442: [GC pause (G1 Evacuation Pause) (young) 673M->129M(960M), 0.0026816 secs]
117.494: [GC pause (G1 Evacuation Pause) (young) 673M->130M(960M), 0.0034441 secs]
117.548: [GC pause (G1 Evacuation Pause) (young) 674M->130M(960M), 0.0035211 secs]
117.600: [GC pause (G1 Evacuation Pause) (young) 674M->129M(960M), 0.0026416 secs]
117.653: [GC pause (G1 Evacuation Pause) (young) 673M->130M(960M), 0.0026197 secs]
117.707: [GC pause (G1 Evacuation Pause) (young) 674M->130M(960M), 0.0029465 secs]
117.760: [GC pause (G1 Evacuation Pause) (young) 674M->129M(960M), 0.0024148 secs]
117.814: [GC pause (G1 Evacuation Pause) (young) 673M->130M(960M), 0.0029261 secs]
117.868: [GC pause (G1 Evacuation Pause) (young) 674M->130M(960M), 0.0024287 secs]
117.921: [GC pause (G1 Evacuation Pause) (young) 674M->130M(960M), 0.0054618 secs]
117.972: [GC pause (G1 Evacuation Pause) (young) 674M->130M(960M), 0.0026607 secs]
118.024: [GC pause (G1 Evacuation Pause) (young) 674M->129M(960M), 0.0024736 secs]
118.078: [GC pause (G1 Evacuation Pause) (young) 673M->129M(960M), 0.0052885 secs]
118.132: [GC pause (G1 Evacuation Pause) (young) 673M->129M(960M), 0.0038798 secs]
118.185: [GC pause (G1 Evacuation Pause) (young) 673M->129M(960M), 0.0026459 secs]
118.237: [GC pause (G1 Evacuation Pause) (young) 673M->129M(960M), 0.0025806 secs]
118.292: [GC pause (G1 Evacuation Pause) (young) 673M->129M(960M), 0.0025125 secs]
118.345: [GC pause (G1 Evacuation Pause) (young) 673M->128M(960M), 0.0033349 secs]
118.395: [GC pause (G1 Evacuation Pause) (young) 672M->129M(960M), 0.0034110 secs]
118.448: [GC pause (G1 Evacuation Pause) (young) 673M->129M(960M), 0.0034555 secs]
118.502: [GC pause (G1 Evacuation Pause) (young) 673M->129M(960M), 0.0036108 secs]
118.556: [GC pause (G1 Evacuation Pause) (young) 673M->129M(960M), 0.0035277 secs]
118.609: [GC pause (G1 Evacuation Pause) (young) 673M->129M(960M), 0.0034389 secs]
118.661: [GC pause (G1 Evacuation Pause) (young) 673M->129M(960M), 0.0034507 secs]
118.713: [GC pause (G1 Evacuation Pause) (young) 673M->129M(960M), 0.0034458 secs]
118.767: [GC pause (G1 Evacuation Pause) (young) 673M->130M(960M), 0.0057364 secs]
118.821: [GC pause (G1 Evacuation Pause) (young) 674M->129M(960M), 0.0036885 secs]
118.876: [GC pause (G1 Evacuation Pause) (young) 673M->128M(960M), 0.0033329 secs]
118.930: [GC pause (G1 Evacuation Pause) (young) 672M->128M(960M), 0.0024928 secs]
118.983: [GC pause (G1 Evacuation Pause) (young) 672M->128M(960M), 0.0023536 secs]
119.036: [GC pause (G1 Evacuation Pause) (young) 672M->128M(960M), 0.0022383 secs]
119.090: [GC pause (G1 Evacuation Pause) (young) 672M->128M(960M), 0.0024612 secs]
119.145: [GC pause (G1 Evacuation Pause) (young) 672M->128M(960M), 0.0022324 secs]
119.198: [GC pause (G1 Evacuation Pause) (young) 672M->128M(960M), 0.0021952 secs]
119.252: [GC pause (G1 Evacuation Pause) (young) 672M->128M(960M), 0.0022960 secs]
119.304: [GC pause (G1 Evacuation Pause) (young) 672M->128M(960M), 0.0028526 secs]
119.358: [GC pause (G1 Evacuation Pause) (young) 672M->128M(960M), 0.0025945 secs]
119.413: [GC pause (G1 Evacuation Pause) (young) 672M->129M(960M), 0.0029467 secs]
119.465: [GC pause (G1 Evacuation Pause) (young) 673M->128M(960M), 0.0034172 secs]
119.517: [GC pause (G1 Evacuation Pause) (young) 672M->128M(960M), 0.0034403 secs]
119.569: [GC pause (G1 Evacuation Pause) (young) 672M->128M(960M), 0.0035153 secs]
119.621: [GC pause (G1 Evacuation Pause) (young) 672M->128M(960M), 0.0033709 secs]
119.675: [GC pause (G1 Evacuation Pause) (young) 672M->128M(960M), 0.0032201 secs]
119.728: [GC pause (G1 Evacuation Pause) (young) 672M->128M(960M), 0.0026182 secs]
119.781: [GC pause (G1 Evacuation Pause) (young) 672M->128M(960M), 0.0050378 secs]
119.834: [GC pause (G1 Evacuation Pause) (young) 672M->128M(960M), 0.0025604 secs]
119.886: [GC pause (G1 Evacuation Pause) (young) 672M->128M(960M), 0.0024468 secs]
119.938: [GC pause (G1 Evacuation Pause) (young) 672M->128M(960M), 0.0031373 secs]
119.992: [GC pause (G1 Evacuation Pause) (young) 672M->128M(960M), 0.0023055 secs]
120.045: [GC pause (G1 Evacuation Pause) (young) 672M->128M(960M), 0.0021688 secs]
120.097: [GC pause (G1 Evacuation Pause) (young) 672M->128M(960M), 0.0021451 secs]
120.151: [GC pause (G1 Evacuation Pause) (young) 672M->128M(960M), 0.0021587 secs]
120.204: [GC pause (G1 Evacuation Pause) (young) 672M->128M(960M), 0.0023722 secs]
120.256: [GC pause (G1 Evacuation Pause) (young) 672M->128M(960M), 0.0024168 secs]
120.309: [GC pause (G1 Evacuation Pause) (young) 672M->128M(960M), 0.0024014 secs]
120.363: [GC pause (G1 Evacuation Pause) (young) 672M->128M(960M), 0.0024453 secs]
120.417: [GC pause (G1 Evacuation Pause) (young) 672M->128M(960M), 0.0025531 secs]
120.466: [GC pause (G1 Evacuation Pause) (young) 672M->128M(960M), 0.0024129 secs]
120.519: [GC pause (G1 Evacuation Pause) (young) 672M->128M(960M), 0.0025524 secs]
120.570: [GC pause (G1 Evacuation Pause) (young) 672M->128M(960M), 0.0023860 secs]
120.621: [GC pause (G1 Evacuation Pause) (young) 672M->128M(960M), 0.0031538 secs]
120.674: [GC pause (G1 Evacuation Pause) (young) 672M->128M(960M), 0.0032987 secs]
120.726: [GC pause (G1 Evacuation Pause) (young) 672M->128M(960M), 0.0033144 secs]
120.778: [GC pause (G1 Evacuation Pause) (young) 672M->128M(960M), 0.0034012 secs]
120.830: [GC pause (G1 Evacuation Pause) (young) 672M->127M(960M), 0.0059513 secs]
120.885: [GC pause (G1 Evacuation Pause) (young) 671M->128M(960M), 0.0032237 secs]
120.939: [GC pause (G1 Evacuation Pause) (young) 672M->128M(960M), 0.0036154 secs]
120.990: [GC pause (G1 Evacuation Pause) (young) 672M->127M(960M), 0.0035022 secs]
121.043: [GC pause (G1 Evacuation Pause) (young) 671M->127M(960M), 0.0033231 secs]
121.093: [GC pause (G1 Evacuation Pause) (young) 671M->128M(960M), 0.0031761 secs]
121.147: [GC pause (G1 Evacuation Pause) (young) 672M->127M(960M), 0.0092896 secs]
121.202: [GC pause (G1 Evacuation Pause) (young) 671M->127M(960M), 0.0024885 secs]
121.256: [GC pause (G1 Evacuation Pause) (young) 671M->127M(960M), 0.0026496 secs]
121.310: [GC pause (G1 Evacuation Pause) (young) 671M->127M(960M), 0.0024367 secs]
121.362: [GC pause (G1 Evacuation Pause) (young) 671M->126M(960M), 0.0024497 secs]
121.415: [GC pause (G1 Evacuation Pause) (young) 670M->127M(960M), 0.0023695 secs]
121.468: [GC pause (G1 Evacuation Pause) (young) 671M->127M(960M), 0.0026782 secs]
121.520: [GC pause (G1 Evacuation Pause) (young) 671M->126M(960M), 0.0020049 secs]
121.571: [GC pause (G1 Evacuation Pause) (young) 670M->126M(960M), 0.0021084 secs]
121.624: [GC pause (G1 Evacuation Pause) (young) 670M->126M(960M), 0.0020385 secs]
121.677: [GC pause (G1 Evacuation Pause) (young) 670M->126M(960M), 0.0024246 secs]
121.730: [GC pause (G1 Evacuation Pause) (young) 670M->127M(960M), 0.0029831 secs]
121.783: [GC pause (G1 Evacuation Pause) (young) 671M->126M(960M), 0.0022053 secs]
121.835: [GC pause (G1 Evacuation Pause) (young) 670M->126M(960M), 0.0019501 secs]
121.887: [GC pause (G1 Evacuation Pause) (young) 670M->126M(960M), 0.0021307 secs]
121.939: [GC pause (G1 Evacuation Pause) (young) 670M->126M(960M), 0.0020676 secs]
121.993: [GC pause (G1 Evacuation Pause) (young) 670M->126M(960M), 0.0021906 secs]
122.044: [GC pause (G1 Evacuation Pause) (young) 670M->126M(960M), 0.0021320 secs]
122.097: [GC pause (G1 Evacuation Pause) (young) 670M->127M(960M), 0.0021384 secs]
122.150: [GC pause (G1 Evacuation Pause) (young) 671M->126M(960M), 0.0019918 secs]
122.203: [GC pause (G1 Evacuation Pause) (young) 670M->127M(960M), 0.0020678 secs]
122.254: [GC pause (G1 Evacuation Pause) (young) 671M->126M(960M), 0.0019990 secs]
122.306: [GC pause (G1 Evacuation Pause) (young) 670M->126M(960M), 0.0019982 secs]
122.357: [GC pause (G1 Evacuation Pause) (young) 670M->126M(960M), 0.0020475 secs]
122.410: [GC pause (G1 Evacuation Pause) (young) 670M->126M(960M), 0.0020461 secs]
122.461: [GC pause (G1 Evacuation Pause) (young) 670M->126M(960M), 0.0020100 secs]
122.516: [GC pause (G1 Evacuation Pause) (young) 670M->126M(960M), 0.0019941 secs]
122.568: [GC pause (G1 Evacuation Pause) (young) 670M->126M(960M), 0.0020214 secs]
122.622: [GC pause (G1 Evacuation Pause) (young) 670M->126M(960M), 0.0019862 secs]
122.675: [GC pause (G1 Evacuation Pause) (young) 670M->126M(960M), 0.0023063 secs]
122.728: [GC pause (G1 Evacuation Pause) (young) 670M->126M(960M), 0.0023442 secs]
122.780: [GC pause (G1 Evacuation Pause) (young) 670M->126M(960M), 0.0023393 secs]
122.833: [GC pause (G1 Evacuation Pause) (young) 670M->126M(960M), 0.0030147 secs]
122.887: [GC pause (G1 Evacuation Pause) (young) 670M->126M(960M), 0.0070921 secs]
122.939: [GC pause (G1 Evacuation Pause) (young) 670M->126M(960M), 0.0028806 secs]
122.993: [GC pause (G1 Evacuation Pause) (young) 670M->126M(960M), 0.0024975 secs]
123.047: [GC pause (G1 Evacuation Pause) (young) 670M->126M(960M), 0.0029361 secs]
123.100: [GC pause (G1 Evacuation Pause) (young) 670M->125M(960M), 0.0024462 secs]
123.153: [GC pause (G1 Evacuation Pause) (young) 669M->125M(960M), 0.0023382 secs]
123.205: [GC pause (G1 Evacuation Pause) (young) 669M->125M(960M), 0.0022580 secs]
123.260: [GC pause (G1 Evacuation Pause) (young) 669M->125M(960M), 0.0023576 secs]
123.311: [GC pause (G1 Evacuation Pause) (young) 669M->126M(960M), 0.0024952 secs]
123.365: [GC pause (G1 Evacuation Pause) (young) 670M->125M(960M), 0.0028411 secs]
123.416: [GC pause (G1 Evacuation Pause) (young) 669M->125M(960M), 0.0023132 secs]
123.469: [GC pause (G1 Evacuation Pause) (young) 669M->126M(960M), 0.0024345 secs]
123.521: [GC pause (G1 Evacuation Pause) (young) 670M->126M(960M), 0.0019618 secs]
123.573: [GC pause (G1 Evacuation Pause) (young) 670M->126M(960M), 0.0019048 secs]
123.626: [GC pause (G1 Evacuation Pause) (young) 670M->125M(960M), 0.0020497 secs]
123.681: [GC pause (G1 Evacuation Pause) (young) 669M->126M(960M), 0.0025246 secs]
123.733: [GC pause (G1 Evacuation Pause) (young) 670M->125M(960M), 0.0024413 secs]
123.785: [GC pause (G1 Evacuation Pause) (young) 669M->125M(960M), 0.0023603 secs]
123.839: [GC pause (G1 Evacuation Pause) (young) 669M->125M(960M), 0.0054653 secs]
123.892: [GC pause (G1 Evacuation Pause) (young) 669M->125M(960M), 0.0020003 secs]
123.944: [GC pause (G1 Evacuation Pause) (young) 669M->125M(960M), 0.0025203 secs]
123.998: [GC pause (G1 Evacuation Pause) (young) 669M->125M(960M), 0.0023892 secs]
124.049: [GC pause (G1 Evacuation Pause) (young) 669M->126M(960M), 0.0023362 secs]
124.100: [GC pause (G1 Evacuation Pause) (young) 670M->126M(960M), 0.0028606 secs]
124.155: [GC pause (G1 Evacuation Pause) (young) 670M->125M(960M), 0.0023605 secs]
124.209: [GC pause (G1 Evacuation Pause) (young) 669M->125M(960M), 0.0023270 secs]
124.260: [GC pause (G1 Evacuation Pause) (young) 669M->125M(960M), 0.0020046 secs]
124.313: [GC pause (G1 Evacuation Pause) (young) 669M->126M(960M), 0.0021384 secs]
124.364: [GC pause (G1 Evacuation Pause) (young) 670M->126M(960M), 0.0020480 secs]
124.416: [GC pause (G1 Evacuation Pause) (young) 670M->125M(960M), 0.0018949 secs]
124.471: [GC pause (G1 Evacuation Pause) (young) 669M->125M(960M), 0.0020127 secs]
124.523: [GC pause (G1 Evacuation Pause) (young) 669M->125M(960M), 0.0018607 secs]
124.577: [GC pause (G1 Evacuation Pause) (young) 669M->125M(960M), 0.0021168 secs]
124.629: [GC pause (G1 Evacuation Pause) (young) 669M->125M(960M), 0.0019200 secs]
124.680: [GC pause (G1 Evacuation Pause) (young) 669M->126M(960M), 0.0020153 secs]
124.733: [GC pause (G1 Evacuation Pause) (young) 670M->125M(960M), 0.0023756 secs]
124.786: [GC pause (G1 Evacuation Pause) (young) 669M->125M(960M), 0.0028977 secs]
124.838: [GC pause (G1 Evacuation Pause) (young) 669M->125M(960M), 0.0022063 secs]
124.891: [GC pause (G1 Evacuation Pause) (young) 669M->125M(960M), 0.0022589 secs]
124.944: [GC pause (G1 Evacuation Pause) (young) 669M->125M(960M), 0.0022178 secs]
124.996: [GC pause (G1 Evacuation Pause) (young) 669M->126M(960M), 0.0019873 secs]
125.051: [GC pause (G1 Evacuation Pause) (young) 670M->126M(960M), 0.0019334 secs]
125.101: [GC pause (G1 Evacuation Pause) (young) 670M->125M(960M), 0.0019335 secs]
125.156: [GC pause (G1 Evacuation Pause) (young) 669M->126M(960M), 0.0021475 secs]
125.209: [GC pause (G1 Evacuation Pause) (young) 670M->126M(960M), 0.0045259 secs]
125.261: [GC pause (G1 Evacuation Pause) (young) 670M->126M(960M), 0.0024780 secs]
125.315: [GC pause (G1 Evacuation Pause) (young) 670M->126M(960M), 0.0046487 secs]
125.370: [GC pause (G1 Evacuation Pause) (young) 670M->127M(960M), 0.0025107 secs]
125.421: [GC pause (G1 Evacuation Pause) (young) 671M->127M(960M), 0.0024756 secs]
125.471: [GC pause (G1 Evacuation Pause) (young) 671M->127M(960M), 0.0030729 secs]
125.525: [GC pause (G1 Evacuation Pause) (young) 671M->127M(960M), 0.0025845 secs]
125.577: [GC pause (G1 Evacuation Pause) (young) 671M->128M(960M), 0.0025412 secs]
125.629: [GC pause (G1 Evacuation Pause) (young) 672M->128M(960M), 0.0033428 secs]
125.681: [GC pause (G1 Evacuation Pause) (young) 672M->128M(960M), 0.0025151 secs]
125.734: [GC pause (G1 Evacuation Pause) (young) 672M->129M(960M), 0.0025964 secs]
125.788: [GC pause (G1 Evacuation Pause) (young) 673M->128M(960M), 0.0025830 secs]
125.840: [GC pause (G1 Evacuation Pause) (young) 672M->129M(960M), 0.0028103 secs]
125.893: [GC pause (G1 Evacuation Pause) (young) 673M->129M(960M), 0.0027422 secs]
125.947: [GC pause (G1 Evacuation Pause) (young) 673M->130M(960M), 0.0034647 secs]
125.999: [GC pause (G1 Evacuation Pause) (young) 674M->130M(960M), 0.0028967 secs]
126.051: [GC pause (G1 Evacuation Pause) (young) 674M->130M(960M), 0.0026807 secs]
126.106: [GC pause (G1 Evacuation Pause) (young) 674M->130M(960M), 0.0023782 secs]
126.159: [GC pause (G1 Evacuation Pause) (young) 674M->131M(960M), 0.0023307 secs]
126.210: [GC pause (G1 Evacuation Pause) (young) 675M->130M(960M), 0.0023225 secs]
126.261: [GC pause (G1 Evacuation Pause) (young) 674M->131M(960M), 0.0024695 secs]
126.317: [GC pause (G1 Evacuation Pause) (young) 675M->131M(960M), 0.0028526 secs]
126.370: [GC pause (G1 Evacuation Pause) (young) 675M->131M(960M), 0.0030110 secs]
126.423: [GC pause (G1 Evacuation Pause) (young) 675M->132M(960M), 0.0024878 secs]
126.476: [GC pause (G1 Evacuation Pause) (young) 676M->132M(960M), 0.0023961 secs]
126.530: [GC pause (G1 Evacuation Pause) (young) 676M->132M(960M), 0.0024681 secs]
126.581: [GC pause (G1 Evacuation Pause) (young) 676M->133M(960M), 0.0024111 secs]
126.634: [GC pause (G1 Evacuation Pause) (young) 677M->133M(960M), 0.0025035 secs]
126.689: [GC pause (G1 Evacuation Pause) (young) 677M->133M(960M), 0.0025238 secs]
126.742: [GC pause (G1 Evacuation Pause) (young) 677M->133M(960M), 0.0025746 secs]
126.793: [GC pause (G1 Evacuation Pause) (young) 677M->133M(960M), 0.0038109 secs]
126.847: [GC pause (G1 Evacuation Pause) (young) 677M->134M(960M), 0.0030618 secs]
126.898: [GC pause (G1 Evacuation Pause) (young) 678M->134M(960M), 0.0038649 secs]
126.953: [GC pause (G1 Evacuation Pause) (young) 678M->134M(960M), 0.0026655 secs]
127.006: [GC pause (G1 Evacuation Pause) (young) 678M->134M(960M), 0.0025735 secs]
127.060: [GC pause (G1 Evacuation Pause) (young) 678M->134M(960M), 0.0025973 secs]
127.114: [GC pause (G1 Evacuation Pause) (young) 678M->135M(960M), 0.0026139 secs]
127.168: [GC pause (G1 Evacuation Pause) (young) 679M->135M(960M), 0.0025332 secs]
127.220: [GC pause (G1 Evacuation Pause) (young) 679M->134M(960M), 0.0027309 secs]
127.275: [GC pause (G1 Evacuation Pause) (young) 678M->134M(960M), 0.0026269 secs]
127.328: [GC pause (G1 Evacuation Pause) (young) 678M->134M(960M), 0.0063638 secs]
127.383: [GC pause (G1 Evacuation Pause) (young) 678M->134M(960M), 0.0026857 secs]
127.434: [GC pause (G1 Evacuation Pause) (young) 678M->134M(960M), 0.0024885 secs]
127.487: [GC pause (G1 Evacuation Pause) (young) 678M->134M(960M), 0.0031077 secs]
127.541: [GC pause (G1 Evacuation Pause) (young) 678M->135M(960M), 0.0039867 secs]
127.595: [GC pause (G1 Evacuation Pause) (young) 679M->134M(960M), 0.0030417 secs]
127.648: [GC pause (G1 Evacuation Pause) (young) 678M->135M(960M), 0.0030808 secs]
127.701: [GC pause (G1 Evacuation Pause) (young) 679M->134M(960M), 0.0031172 secs]
127.755: [GC pause (G1 Evacuation Pause) (young) 678M->135M(960M), 0.0031926 secs]
127.806: [GC pause (G1 Evacuation Pause) (young) 679M->134M(960M), 0.0025659 secs]
127.858: [GC pause (G1 Evacuation Pause) (young) 678M->134M(960M), 0.0025591 secs]
127.912: [GC pause (G1 Evacuation Pause) (young) 678M->134M(960M), 0.0025077 secs]
127.965: [GC pause (G1 Evacuation Pause) (young) 678M->135M(960M), 0.0024963 secs]
128.017: [GC pause (G1 Evacuation Pause) (young) 679M->134M(960M), 0.0025446 secs]
128.068: [GC pause (G1 Evacuation Pause) (young) 678M->134M(960M), 0.0025072 secs]
128.120: [GC pause (G1 Evacuation Pause) (young) 678M->134M(960M), 0.0024513 secs]
128.174: [GC pause (G1 Evacuation Pause) (young) 678M->134M(960M), 0.0024397 secs]
128.225: [GC pause (G1 Evacuation Pause) (young) 678M->134M(960M), 0.0024490 secs]
128.277: [GC pause (G1 Evacuation Pause) (young) 678M->135M(960M), 0.0028188 secs]
128.330: [GC pause (G1 Evacuation Pause) (young) 679M->134M(960M), 0.0030106 secs]
128.383: [GC pause (G1 Evacuation Pause) (young) 678M->134M(960M), 0.0025125 secs]
128.437: [GC pause (G1 Evacuation Pause) (young) 678M->134M(960M), 0.0025072 secs]
128.490: [GC pause (G1 Evacuation Pause) (young) 678M->134M(960M), 0.0026684 secs]
128.543: [GC pause (G1 Evacuation Pause) (young) 678M->134M(960M), 0.0032788 secs]
128.594: [GC pause (G1 Evacuation Pause) (young) 678M->134M(960M), 0.0025975 secs]
128.648: [GC pause (G1 Evacuation Pause) (young) 678M->134M(960M), 0.0024969 secs]
128.700: [GC pause (G1 Evacuation Pause) (young) 678M->134M(960M), 0.0025225 secs]
128.754: [GC pause (G1 Evacuation Pause) (young) 678M->134M(960M), 0.0025941 secs]
128.807: [GC pause (G1 Evacuation Pause) (young) 678M->134M(960M), 0.0024883 secs]
128.859: [GC pause (G1 Evacuation Pause) (young) 678M->134M(960M), 0.0033281 secs]
128.912: [GC pause (G1 Evacuation Pause) (young) 678M->134M(960M), 0.0031350 secs]
128.966: [GC pause (G1 Evacuation Pause) (young) 678M->134M(960M), 0.0065679 secs]
129.020: [GC pause (G1 Evacuation Pause) (young) 678M->134M(960M), 0.0030518 secs]
129.072: [GC pause (G1 Evacuation Pause) (young) 678M->134M(960M), 0.0031099 secs]
129.125: [GC pause (G1 Evacuation Pause) (young) 678M->134M(960M), 0.0030427 secs]
129.179: [GC pause (G1 Evacuation Pause) (young) 678M->134M(960M), 0.0039047 secs]
129.231: [GC pause (G1 Evacuation Pause) (young) 678M->134M(960M), 0.0030655 secs]
129.286: [GC pause (G1 Evacuation Pause) (young) 678M->134M(960M), 0.0030800 secs]
129.339: [GC pause (G1 Evacuation Pause) (young) 678M->134M(960M), 0.0030175 secs]
129.393: [GC pause (G1 Evacuation Pause) (young) 678M->134M(960M), 0.0030543 secs]
129.446: [GC pause (G1 Evacuation Pause) (young) 678M->134M(960M), 0.0031266 secs]
129.499: [GC pause (G1 Evacuation Pause) (young) 678M->134M(960M), 0.0038476 secs]
129.554: [GC pause (G1 Evacuation Pause) (young) 678M->134M(960M), 0.0024750 secs]
129.607: [GC pause (G1 Evacuation Pause) (young) 678M->133M(960M), 0.0025369 secs]
129.658: [GC pause (G1 Evacuation Pause) (young) 677M->134M(960M), 0.0031940 secs]
129.713: [GC pause (G1 Evacuation Pause) (young) 678M->134M(960M), 0.0025613 secs]
129.765: [GC pause (G1 Evacuation Pause) (young) 678M->134M(960M), 0.0030139 secs]
129.818: [GC pause (G1 Evacuation Pause) (young) 678M->134M(960M), 0.0025375 secs]
129.870: [GC pause (G1 Evacuation Pause) (young) 678M->133M(960M), 0.0025165 secs]
129.924: [GC pause (G1 Evacuation Pause) (young) 677M->133M(960M), 0.0024761 secs]
129.979: [GC pause (G1 Evacuation Pause) (young) 677M->134M(960M), 0.0025787 secs]
130.031: [GC pause (G1 Evacuation Pause) (young) 678M->134M(960M), 0.0025961 secs]
130.084: [GC pause (G1 Evacuation Pause) (young) 678M->134M(960M), 0.0026003 secs]
130.137: [GC pause (G1 Evacuation Pause) (young) 678M->133M(960M), 0.0063118 secs]
130.192: [GC pause (G1 Evacuation Pause) (young) 677M->133M(960M), 0.0030563 secs]
130.247: [GC pause (G1 Evacuation Pause) (young) 677M->133M(960M), 0.0031411 secs]
130.300: [GC pause (G1 Evacuation Pause) (young) 677M->133M(960M), 0.0060340 secs]
130.353: [GC pause (G1 Evacuation Pause) (young) 677M->133M(960M), 0.0024500 secs]
130.406: [GC pause (G1 Evacuation Pause) (young) 677M->133M(960M), 0.0026617 secs]
130.460: [GC pause (G1 Evacuation Pause) (young) 677M->134M(960M), 0.0024114 secs]
130.512: [GC pause (G1 Evacuation Pause) (young) 678M->134M(960M), 0.0025337 secs]
130.567: [GC pause (G1 Evacuation Pause) (young) 678M->133M(960M), 0.0025348 secs]
130.618: [GC pause (G1 Evacuation Pause) (young) 677M->134M(960M), 0.0037062 secs]
130.672: [GC pause (G1 Evacuation Pause) (young) 678M->133M(960M), 0.0025475 secs]
130.723: [GC pause (G1 Evacuation Pause) (young) 677M->134M(960M), 0.0024545 secs]
130.778: [GC pause (G1 Evacuation Pause) (young) 678M->133M(960M), 0.0024368 secs]
130.830: [GC pause (G1 Evacuation Pause) (young) 677M->133M(960M), 0.0025569 secs]
130.883: [GC pause (G1 Evacuation Pause) (young) 677M->133M(960M), 0.0029459 secs]
130.936: [GC pause (G1 Evacuation Pause) (young) 677M->133M(960M), 0.0029723 secs]
130.989: [GC pause (G1 Evacuation Pause) (young) 677M->133M(960M), 0.0029935 secs]
131.043: [GC pause (G1 Evacuation Pause) (young) 677M->133M(960M), 0.0029733 secs]
131.096: [GC pause (G1 Evacuation Pause) (young) 677M->133M(960M), 0.0029910 secs]
131.150: [GC pause (G1 Evacuation Pause) (young) 677M->133M(960M), 0.0029696 secs]
131.202: [GC pause (G1 Evacuation Pause) (young) 677M->133M(960M), 0.0061425 secs]
131.256: [GC pause (G1 Evacuation Pause) (young) 677M->133M(960M), 0.0063201 secs]
131.309: [GC pause (G1 Evacuation Pause) (young) 677M->133M(960M), 0.0061764 secs]
131.364: [GC pause (G1 Evacuation Pause) (young) 677M->133M(960M), 0.0063187 secs]
131.421: [GC pause (G1 Evacuation Pause) (young) 677M->133M(960M), 0.0041667 secs]
131.475: [GC pause (G1 Evacuation Pause) (young) 677M->133M(960M), 0.0039880 secs]
131.528: [GC pause (G1 Evacuation Pause) (young) 677M->133M(960M), 0.0064805 secs]
131.582: [GC pause (G1 Evacuation Pause) (young) 677M->132M(960M), 0.0038625 secs]
131.634: [GC pause (G1 Evacuation Pause) (young) 676M->133M(960M), 0.0063199 secs]
131.689: [GC pause (G1 Evacuation Pause) (young) 677M->133M(960M), 0.0104158 secs]
131.746: [GC pause (G1 Evacuation Pause) (young) 677M->133M(960M), 0.0024902 secs]
131.800: [GC pause (G1 Evacuation Pause) (young) 677M->133M(960M), 0.0025031 secs]
131.852: [GC pause (G1 Evacuation Pause) (young) 677M->133M(960M), 0.0029053 secs]
131.905: [GC pause (G1 Evacuation Pause) (young) 677M->133M(960M), 0.0026341 secs]
131.958: [GC pause (G1 Evacuation Pause) (young) 677M->133M(960M), 0.0024365 secs]
132.012: [GC pause (G1 Evacuation Pause) (young) 677M->133M(960M), 0.0024092 secs]
132.064: [GC pause (G1 Evacuation Pause) (young) 677M->133M(960M), 0.0024454 secs]
132.116: [GC pause (G1 Evacuation Pause) (young) 677M->133M(960M), 0.0036590 secs]
132.170: [GC pause (G1 Evacuation Pause) (young) 677M->133M(960M), 0.0023900 secs]
132.220: [GC pause (G1 Evacuation Pause) (young) 677M->134M(960M), 0.0025114 secs]
132.275: [GC pause (G1 Evacuation Pause) (young) 678M->133M(960M), 0.0024337 secs]
132.328: [GC pause (G1 Evacuation Pause) (young) 677M->133M(960M), 0.0023489 secs]
132.383: [GC pause (G1 Evacuation Pause) (young) 677M->133M(960M), 0.0026359 secs]
132.437: [GC pause (G1 Evacuation Pause) (young) 677M->133M(960M), 0.0036373 secs]
132.488: [GC pause (G1 Evacuation Pause) (young) 677M->133M(960M), 0.0028920 secs]
132.541: [GC pause (G1 Evacuation Pause) (young) 677M->133M(960M), 0.0029913 secs]
132.593: [GC pause (G1 Evacuation Pause) (young) 677M->133M(960M), 0.0030161 secs]
132.645: [GC pause (G1 Evacuation Pause) (young) 677M->133M(960M), 0.0024789 secs]
132.699: [GC pause (G1 Evacuation Pause) (young) 677M->133M(960M), 0.0025119 secs]
132.753: [GC pause (G1 Evacuation Pause) (young) 677M->133M(960M), 0.0023883 secs]
132.806: [GC pause (G1 Evacuation Pause) (young) 677M->133M(960M), 0.0026089 secs]
132.857: [GC pause (G1 Evacuation Pause) (young) 677M->133M(960M), 0.0029854 secs]
132.911: [GC pause (G1 Evacuation Pause) (young) 677M->133M(960M), 0.0029299 secs]
132.963: [GC pause (G1 Evacuation Pause) (young) 677M->133M(960M), 0.0029356 secs]
133.016: [GC pause (G1 Evacuation Pause) (young) 677M->133M(960M), 0.0059525 secs]
133.070: [GC pause (G1 Evacuation Pause) (young) 677M->132M(960M), 0.0024010 secs]
133.122: [GC pause (G1 Evacuation Pause) (young) 676M->132M(960M), 0.0023912 secs]
133.177: [GC pause (G1 Evacuation Pause) (young) 676M->132M(960M), 0.0029533 secs]
133.230: [GC pause (G1 Evacuation Pause) (young) 676M->133M(960M), 0.0037186 secs]
133.284: [GC pause (G1 Evacuation Pause) (young) 677M->132M(960M), 0.0037348 secs]
133.336: [GC pause (G1 Evacuation Pause) (young) 676M->133M(960M), 0.0028894 secs]
133.391: [GC pause (G1 Evacuation Pause) (young) 677M->132M(960M), 0.0029340 secs]
133.445: [GC pause (G1 Evacuation Pause) (young) 676M->133M(960M), 0.0029340 secs]
133.498: [GC pause (G1 Evacuation Pause) (young) 677M->133M(960M), 0.0036736 secs]
133.552: [GC pause (G1 Evacuation Pause) (young) 677M->133M(960M), 0.0028781 secs]
133.605: [GC pause (G1 Evacuation Pause) (young) 677M->133M(960M), 0.0028722 secs]
133.658: [GC pause (G1 Evacuation Pause) (young) 677M->133M(960M), 0.0029045 secs]
133.711: [GC pause (G1 Evacuation Pause) (young) 677M->132M(960M), 0.0028978 secs]
133.766: [GC pause (G1 Evacuation Pause) (young) 676M->132M(960M), 0.0029779 secs]
133.819: [GC pause (G1 Evacuation Pause) (young) 676M->132M(960M), 0.0037894 secs]
133.871: [GC pause (G1 Evacuation Pause) (young) 676M->132M(960M), 0.0036892 secs]
133.924: [GC pause (G1 Evacuation Pause) (young) 676M->132M(960M), 0.0029072 secs]
133.978: [GC pause (G1 Evacuation Pause) (young) 676M->133M(960M), 0.0036502 secs]
134.031: [GC pause (G1 Evacuation Pause) (young) 677M->133M(960M), 0.0036606 secs]
134.082: [GC pause (G1 Evacuation Pause) (young) 677M->132M(960M), 0.0028978 secs]
134.134: [GC pause (G1 Evacuation Pause) (young) 676M->132M(960M), 0.0036407 secs]
134.190: [GC pause (G1 Evacuation Pause) (young) 676M->133M(960M), 0.0023245 secs]
134.241: [GC pause (G1 Evacuation Pause) (young) 677M->132M(960M), 0.0023353 secs]
134.295: [GC pause (G1 Evacuation Pause) (young) 676M->132M(960M), 0.0023710 secs]
134.349: [GC pause (G1 Evacuation Pause) (young) 676M->132M(960M), 0.0024343 secs]
134.401: [GC pause (G1 Evacuation Pause) (young) 676M->132M(960M), 0.0023481 secs]
134.453: [GC pause (G1 Evacuation Pause) (young) 676M->133M(960M), 0.0024438 secs]
134.506: [GC pause (G1 Evacuation Pause) (young) 677M->132M(960M), 0.0024236 secs]
134.559: [GC pause (G1 Evacuation Pause) (young) 676M->132M(960M), 0.0024289 secs]
134.612: [GC pause (G1 Evacuation Pause) (young) 676M->132M(960M), 0.0024084 secs]
134.665: [GC pause (G1 Evacuation Pause) (young) 676M->133M(960M), 0.0023991 secs]
134.718: [GC pause (G1 Evacuation Pause) (young) 677M->133M(960M), 0.0029256 secs]
134.770: [GC pause (G1 Evacuation Pause) (young) 677M->132M(960M), 0.0028758 secs]
134.821: [GC pause (G1 Evacuation Pause) (young) 676M->132M(960M), 0.0029189 secs]
134.873: [GC pause (G1 Evacuation Pause) (young) 676M->133M(960M), 0.0029362 secs]
134.926: [GC pause (G1 Evacuation Pause) (young) 677M->133M(960M), 0.0026331 secs]
134.976: [GC pause (G1 Evacuation Pause) (young) 677M->132M(960M), 0.0027518 secs]
135.029: [GC pause (G1 Evacuation Pause) (young) 676M->132M(960M), 0.0029268 secs]
135.085: [GC pause (G1 Evacuation Pause) (young) 676M->132M(960M), 0.0024735 secs]
135.138: [GC pause (G1 Evacuation Pause) (young) 676M->133M(960M), 0.0023784 secs]
135.191: [GC pause (G1 Evacuation Pause) (young) 677M->133M(960M), 0.0025292 secs]
135.245: [GC pause (G1 Evacuation Pause) (young) 677M->132M(960M), 0.0023766 secs]
135.296: [GC pause (G1 Evacuation Pause) (young) 676M->132M(960M), 0.0024303 secs]
135.347: [GC pause (G1 Evacuation Pause) (young) 676M->133M(960M), 0.0062482 secs]
135.401: [GC pause (G1 Evacuation Pause) (young) 677M->132M(960M), 0.0059064 secs]
135.455: [GC pause (G1 Evacuation Pause) (young) 676M->132M(960M), 0.0028349 secs]
135.507: [GC pause (G1 Evacuation Pause) (young) 676M->132M(960M), 0.0060203 secs]
135.561: [GC pause (G1 Evacuation Pause) (young) 676M->133M(960M), 0.0029121 secs]
135.617: [GC pause (G1 Evacuation Pause) (young) 677M->132M(960M), 0.0028893 secs]
135.669: [GC pause (G1 Evacuation Pause) (young) 676M->133M(960M), 0.0029248 secs]
135.722: [GC pause (G1 Evacuation Pause) (young) 677M->132M(960M), 0.0029265 secs]
135.776: [GC pause (G1 Evacuation Pause) (young) 676M->133M(960M), 0.0029518 secs]
135.828: [GC pause (G1 Evacuation Pause) (young) 677M->133M(960M), 0.0028231 secs]
135.882: [GC pause (G1 Evacuation Pause) (young) 677M->133M(960M), 0.0023772 secs]
135.935: [GC pause (G1 Evacuation Pause) (young) 677M->132M(960M), 0.0029125 secs]
135.987: [GC pause (G1 Evacuation Pause) (young) 676M->132M(960M), 0.0024584 secs]
136.040: [GC pause (G1 Evacuation Pause) (young) 676M->132M(960M), 0.0036558 secs]
136.094: [GC pause (G1 Evacuation Pause) (young) 676M->132M(960M), 0.0030264 secs]
136.148: [GC pause (G1 Evacuation Pause) (young) 676M->132M(960M), 0.0029660 secs]
136.200: [GC pause (G1 Evacuation Pause) (young) 676M->133M(960M), 0.0037360 secs]
136.253: [GC pause (G1 Evacuation Pause) (young) 677M->132M(960M), 0.0029658 secs]
136.304: [GC pause (G1 Evacuation Pause) (young) 676M->133M(960M), 0.0029775 secs]
136.359: [GC pause (G1 Evacuation Pause) (young) 677M->132M(960M), 0.0029634 secs]
136.412: [GC pause (G1 Evacuation Pause) (young) 676M->132M(960M), 0.0037623 secs]
136.464: [GC pause (G1 Evacuation Pause) (young) 676M->132M(960M), 0.0029021 secs]
136.517: [GC pause (G1 Evacuation Pause) (young) 676M->132M(960M), 0.0036348 secs]
136.571: [GC pause (G1 Evacuation Pause) (young) 676M->133M(960M), 0.0029238 secs]
136.625: [GC pause (G1 Evacuation Pause) (young) 677M->133M(960M), 0.0030228 secs]
136.677: [GC pause (G1 Evacuation Pause) (young) 677M->133M(960M), 0.0029740 secs]
136.729: [GC pause (G1 Evacuation Pause) (young) 677M->133M(960M), 0.0024142 secs]
136.783: [GC pause (G1 Evacuation Pause) (young) 677M->132M(960M), 0.0040240 secs]
136.834: [GC pause (G1 Evacuation Pause) (young) 676M->132M(960M), 0.0036736 secs]
136.887: [GC pause (G1 Evacuation Pause) (young) 676M->133M(960M), 0.0057652 secs]
136.941: [GC pause (G1 Evacuation Pause) (young) 677M->133M(960M), 0.0029423 secs]
136.995: [GC pause (G1 Evacuation Pause) (young) 677M->132M(960M), 0.0029063 secs]
137.047: [GC pause (G1 Evacuation Pause) (young) 676M->132M(960M), 0.0033177 secs]
137.101: [GC pause (G1 Evacuation Pause) (young) 676M->133M(960M), 0.0028923 secs]
137.155: [GC pause (G1 Evacuation Pause) (young) 677M->133M(960M), 0.0029242 secs]
137.208: [GC pause (G1 Evacuation Pause) (young) 677M->133M(960M), 0.0029619 secs]
137.261: [GC pause (G1 Evacuation Pause) (young) 677M->133M(960M), 0.0038188 secs]
137.314: [GC pause (G1 Evacuation Pause) (young) 677M->132M(960M), 0.0029656 secs]
137.368: [GC pause (G1 Evacuation Pause) (young) 676M->132M(960M), 0.0028688 secs]
137.421: [GC pause (G1 Evacuation Pause) (young) 676M->133M(960M), 0.0029604 secs]
137.475: [GC pause (G1 Evacuation Pause) (young) 677M->133M(960M), 0.0036962 secs]
137.527: [GC pause (G1 Evacuation Pause) (young) 677M->132M(960M), 0.0029946 secs]
137.580: [GC pause (G1 Evacuation Pause) (young) 676M->132M(960M), 0.0029220 secs]
137.632: [GC pause (G1 Evacuation Pause) (young) 676M->132M(960M), 0.0029531 secs]
137.686: [GC pause (G1 Evacuation Pause) (young) 676M->132M(960M), 0.0028570 secs]
137.740: [GC pause (G1 Evacuation Pause) (young) 676M->132M(960M), 0.0029481 secs]
137.793: [GC pause (G1 Evacuation Pause) (young) 676M->133M(960M), 0.0029233 secs]
137.844: [GC pause (G1 Evacuation Pause) (young) 677M->133M(960M), 0.0026238 secs]
137.897: [GC pause (G1 Evacuation Pause) (young) 677M->132M(960M), 0.0029203 secs]
137.951: [GC pause (G1 Evacuation Pause) (young) 676M->132M(960M), 0.0028781 secs]
138.003: [GC pause (G1 Evacuation Pause) (young) 676M->133M(960M), 0.0029994 secs]
138.057: [GC pause (G1 Evacuation Pause) (young) 677M->133M(960M), 0.0026777 secs]
138.110: [GC pause (G1 Evacuation Pause) (young) 677M->132M(960M), 0.0024289 secs]
138.163: [GC pause (G1 Evacuation Pause) (young) 676M->133M(960M), 0.0024030 secs]
138.215: [GC pause (G1 Evacuation Pause) (young) 677M->132M(960M), 0.0024244 secs]
138.269: [GC pause (G1 Evacuation Pause) (young) 676M->133M(960M), 0.0024388 secs]
138.320: [GC pause (G1 Evacuation Pause) (young) 677M->132M(960M), 0.0028731 secs]
138.374: [GC pause (G1 Evacuation Pause) (young) 676M->132M(960M), 0.0059737 secs]
138.426: [GC pause (G1 Evacuation Pause) (young) 676M->133M(960M), 0.0029316 secs]
138.479: [GC pause (G1 Evacuation Pause) (young) 677M->132M(960M), 0.0028963 secs]
138.531: [GC pause (G1 Evacuation Pause) (young) 676M->132M(960M), 0.0028747 secs]
138.584: [GC pause (G1 Evacuation Pause) (young) 676M->132M(960M), 0.0059376 secs]
138.638: [GC pause (G1 Evacuation Pause) (young) 676M->133M(960M), 0.0038097 secs]
138.690: [GC pause (G1 Evacuation Pause) (young) 677M->133M(960M), 0.0032262 secs]
138.741: [GC pause (G1 Evacuation Pause) (young) 677M->133M(960M), 0.0037110 secs]
138.794: [GC pause (G1 Evacuation Pause) (young) 677M->133M(960M), 0.0037478 secs]
138.848: [GC pause (G1 Evacuation Pause) (young) 677M->132M(960M), 0.0029737 secs]
138.901: [GC pause (G1 Evacuation Pause) (young) 676M->132M(960M), 0.0036303 secs]
138.955: [GC pause (G1 Evacuation Pause) (young) 676M->132M(960M), 0.0023961 secs]
139.007: [GC pause (G1 Evacuation Pause) (young) 676M->133M(960M), 0.0024581 secs]
139.061: [GC pause (G1 Evacuation Pause) (young) 677M->133M(960M), 0.0028346 secs]
139.114: [GC pause (G1 Evacuation Pause) (young) 677M->132M(960M), 0.0024171 secs]
139.166: [GC pause (G1 Evacuation Pause) (young) 676M->133M(960M), 0.0024697 secs]
139.219: [GC pause (G1 Evacuation Pause) (young) 677M->132M(960M), 0.0024939 secs]
139.272: [GC pause (G1 Evacuation Pause) (young) 676M->133M(960M), 0.0036726 secs]
139.322: [GC pause (G1 Evacuation Pause) (young) 677M->132M(960M), 0.0028737 secs]
139.375: [GC pause (G1 Evacuation Pause) (young) 676M->132M(960M), 0.0029096 secs]
139.425: [GC pause (G1 Evacuation Pause) (young) 676M->133M(960M), 0.0028982 secs]
139.477: [GC pause (G1 Evacuation Pause) (young) 677M->133M(960M), 0.0030073 secs]
139.530: [GC pause (G1 Evacuation Pause) (young) 677M->133M(960M), 0.0029990 secs]
139.582: [GC pause (G1 Evacuation Pause) (young) 677M->133M(960M), 0.0029808 secs]
139.635: [GC pause (G1 Evacuation Pause) (young) 677M->132M(960M), 0.0036584 secs]
139.687: [GC pause (G1 Evacuation Pause) (young) 676M->133M(960M), 0.0036837 secs]
139.741: [GC pause (G1 Evacuation Pause) (young) 677M->133M(960M), 0.0028937 secs]
139.794: [GC pause (G1 Evacuation Pause) (young) 677M->132M(960M), 0.0025583 secs]
139.848: [GC pause (G1 Evacuation Pause) (young) 676M->132M(960M), 0.0036673 secs]
139.901: [GC pause (G1 Evacuation Pause) (young) 676M->133M(960M), 0.0025325 secs]
139.954: [GC pause (G1 Evacuation Pause) (young) 677M->133M(960M), 0.0029937 secs]
140.008: [GC pause (G1 Evacuation Pause) (young) 677M->132M(960M), 0.0029008 secs]
140.061: [GC pause (G1 Evacuation Pause) (young) 676M->133M(960M), 0.0029146 secs]
140.114: [GC pause (G1 Evacuation Pause) (young) 677M->133M(960M), 0.0037748 secs]
140.168: [GC pause (G1 Evacuation Pause) (young) 677M->132M(960M), 0.0029397 secs]
140.221: [GC pause (G1 Evacuation Pause) (young) 676M->132M(960M), 0.0038668 secs]
140.273: [GC pause (G1 Evacuation Pause) (young) 676M->133M(960M), 0.0037384 secs]
140.327: [GC pause (G1 Evacuation Pause) (young) 677M->132M(960M), 0.0036120 secs]
140.379: [GC pause (G1 Evacuation Pause) (young) 676M->132M(960M), 0.0030362 secs]
140.432: [GC pause (G1 Evacuation Pause) (young) 676M->133M(960M), 0.0036890 secs]
140.484: [GC pause (G1 Evacuation Pause) (young) 677M->133M(960M), 0.0037237 secs]
140.539: [GC pause (G1 Evacuation Pause) (young) 677M->133M(960M), 0.0029277 secs]
140.592: [GC pause (G1 Evacuation Pause) (young) 677M->132M(960M), 0.0036170 secs]
140.644: [GC pause (G1 Evacuation Pause) (young) 676M->132M(960M), 0.0028557 secs]
140.696: [GC pause (G1 Evacuation Pause) (young) 676M->132M(960M), 0.0024216 secs]
140.748: [GC pause (G1 Evacuation Pause) (young) 676M->133M(960M), 0.0024149 secs]
140.802: [GC pause (G1 Evacuation Pause) (young) 677M->132M(960M), 0.0023945 secs]
140.855: [GC pause (G1 Evacuation Pause) (young) 676M->132M(960M), 0.0024248 secs]
140.909: [GC pause (G1 Evacuation Pause) (young) 676M->132M(960M), 0.0060190 secs]
140.962: [GC pause (G1 Evacuation Pause) (young) 676M->132M(960M), 0.0028630 secs]
141.014: [GC pause (G1 Evacuation Pause) (young) 676M->133M(960M), 0.0031196 secs]
141.068: [GC pause (G1 Evacuation Pause) (young) 677M->133M(960M), 0.0038486 secs]
141.121: [GC pause (G1 Evacuation Pause) (young) 677M->132M(960M), 0.0037905 secs]
141.175: [GC pause (G1 Evacuation Pause) (young) 676M->132M(960M), 0.0038191 secs]
141.227: [GC pause (G1 Evacuation Pause) (young) 676M->133M(960M), 0.0037968 secs]
141.280: [GC pause (G1 Evacuation Pause) (young) 677M->132M(960M), 0.0037824 secs]
141.335: [GC pause (G1 Evacuation Pause) (young) 676M->133M(960M), 0.0061389 secs]
141.387: [GC pause (G1 Evacuation Pause) (young) 677M->133M(960M), 0.0038625 secs]
141.441: [GC pause (G1 Evacuation Pause) (young) 677M->133M(960M), 0.0037292 secs]
141.495: [GC pause (G1 Evacuation Pause) (young) 677M->132M(960M), 0.0061263 secs]
141.548: [GC pause (G1 Evacuation Pause) (young) 676M->132M(960M), 0.0037979 secs]
141.601: [GC pause (G1 Evacuation Pause) (young) 676M->132M(960M), 0.0038167 secs]
141.653: [GC pause (G1 Evacuation Pause) (young) 676M->133M(960M), 0.0038999 secs]
141.707: [GC pause (G1 Evacuation Pause) (young) 677M->132M(960M), 0.0037771 secs]
141.761: [GC pause (G1 Evacuation Pause) (young) 676M->132M(960M), 0.0037829 secs]
141.813: [GC pause (G1 Evacuation Pause) (young) 676M->133M(960M), 0.0039434 secs]
141.866: [GC pause (G1 Evacuation Pause) (young) 677M->133M(960M), 0.0062410 secs]
141.918: [GC pause (G1 Evacuation Pause) (young) 677M->132M(960M), 0.0038163 secs]
141.972: [GC pause (G1 Evacuation Pause) (young) 676M->132M(960M), 0.0063180 secs]
142.026: [GC pause (G1 Evacuation Pause) (young) 676M->132M(960M), 0.0060585 secs]
142.080: [GC pause (G1 Evacuation Pause) (young) 676M->132M(960M), 0.0039644 secs]
142.135: [GC pause (G1 Evacuation Pause) (young) 676M->132M(960M), 0.0059994 secs]
142.187: [GC pause (G1 Evacuation Pause) (young) 676M->132M(960M), 0.0037080 secs]
142.239: [GC pause (G1 Evacuation Pause) (young) 676M->133M(960M), 0.0037914 secs]
142.295: [GC pause (G1 Evacuation Pause) (young) 677M->132M(960M), 0.0037998 secs]
142.347: [GC pause (G1 Evacuation Pause) (young) 676M->133M(960M), 0.0023939 secs]
142.401: [GC pause (G1 Evacuation Pause) (young) 677M->133M(960M), 0.0061679 secs]
142.455: [GC pause (G1 Evacuation Pause) (young) 677M->132M(960M), 0.0024077 secs]
142.507: [GC pause (G1 Evacuation Pause) (young) 676M->132M(960M), 0.0024324 secs]
142.560: [GC pause (G1 Evacuation Pause) (young) 676M->133M(960M), 0.0028880 secs]
142.614: [GC pause (G1 Evacuation Pause) (young) 677M->132M(960M), 0.0024275 secs]
142.665: [GC pause (G1 Evacuation Pause) (young) 676M->132M(960M), 0.0024861 secs]
142.719: [GC pause (G1 Evacuation Pause) (young) 676M->133M(960M), 0.0029361 secs]
142.772: [GC pause (G1 Evacuation Pause) (young) 677M->133M(960M), 0.0030364 secs]
142.824: [GC pause (G1 Evacuation Pause) (young) 677M->133M(960M), 0.0030993 secs]
142.880: [GC pause (G1 Evacuation Pause) (young) 677M->132M(960M), 0.0030037 secs]
142.932: [GC pause (G1 Evacuation Pause) (young) 676M->133M(960M), 0.0029570 secs]
142.984: [GC pause (G1 Evacuation Pause) (young) 677M->132M(960M), 0.0025050 secs]
143.037: [GC pause (G1 Evacuation Pause) (young) 676M->132M(960M), 0.0030128 secs]
143.090: [GC pause (G1 Evacuation Pause) (young) 676M->133M(960M), 0.0025388 secs]
143.142: [GC pause (G1 Evacuation Pause) (young) 677M->133M(960M), 0.0037345 secs]
143.195: [GC pause (G1 Evacuation Pause) (young) 677M->133M(960M), 0.0036020 secs]
143.249: [GC pause (G1 Evacuation Pause) (young) 677M->132M(960M), 0.0023908 secs]
143.303: [GC pause (G1 Evacuation Pause) (young) 676M->132M(960M), 0.0023441 secs]
143.355: [GC pause (G1 Evacuation Pause) (young) 676M->132M(960M), 0.0023978 secs]
143.408: [GC pause (G1 Evacuation Pause) (young) 676M->132M(960M), 0.0023707 secs]
143.460: [GC pause (G1 Evacuation Pause) (young) 676M->133M(960M), 0.0028864 secs]
143.516: [GC pause (G1 Evacuation Pause) (young) 677M->132M(960M), 0.0033872 secs]
143.569: [GC pause (G1 Evacuation Pause) (young) 676M->132M(960M), 0.0028275 secs]
143.623: [GC pause (G1 Evacuation Pause) (young) 676M->132M(960M), 0.0028378 secs]
143.675: [GC pause (G1 Evacuation Pause) (young) 676M->132M(960M), 0.0028661 secs]
143.727: [GC pause (G1 Evacuation Pause) (young) 676M->132M(960M), 0.0024255 secs]
143.780: [GC pause (G1 Evacuation Pause) (young) 676M->132M(960M), 0.0024568 secs]
143.833: [GC pause (G1 Evacuation Pause) (young) 676M->132M(960M), 0.0036839 secs]
143.886: [GC pause (G1 Evacuation Pause) (young) 676M->132M(960M), 0.0028847 secs]
143.941: [GC pause (G1 Evacuation Pause) (young) 676M->132M(960M), 0.0037859 secs]
143.994: [GC pause (G1 Evacuation Pause) (young) 676M->132M(960M), 0.0037592 secs]
144.047: [GC pause (G1 Evacuation Pause) (young) 676M->132M(960M), 0.0035947 secs]
144.101: [GC pause (G1 Evacuation Pause) (young) 676M->132M(960M), 0.0038017 secs]
144.154: [GC pause (G1 Evacuation Pause) (young) 676M->132M(960M), 0.0036840 secs]
144.206: [GC pause (G1 Evacuation Pause) (young) 676M->132M(960M), 0.0038418 secs]
144.261: [GC pause (G1 Evacuation Pause) (young) 676M->132M(960M), 0.0036662 secs]
144.315: [GC pause (G1 Evacuation Pause) (young) 676M->133M(960M), 0.0061173 secs]
144.369: [GC pause (G1 Evacuation Pause) (young) 677M->132M(960M), 0.0036429 secs]
144.421: [GC pause (G1 Evacuation Pause) (young) 676M->132M(960M), 0.0037133 secs]
144.474: [GC pause (G1 Evacuation Pause) (young) 676M->132M(960M), 0.0037681 secs]
144.527: [GC pause (G1 Evacuation Pause) (young) 676M->131M(960M), 0.0035693 secs]
144.579: [GC pause (G1 Evacuation Pause) (young) 675M->131M(960M), 0.0059935 secs]
144.633: [GC pause (G1 Evacuation Pause) (young) 675M->132M(960M), 0.0037513 secs]
144.687: [GC pause (G1 Evacuation Pause) (young) 676M->132M(960M), 0.0038307 secs]
144.738: [GC pause (G1 Evacuation Pause) (young) 676M->132M(960M), 0.0037379 secs]
144.792: [GC pause (G1 Evacuation Pause) (young) 676M->132M(960M), 0.0037767 secs]
144.848: [GC pause (G1 Evacuation Pause) (young) 676M->132M(960M), 0.0045171 secs]
144.902: [GC pause (G1 Evacuation Pause) (young) 676M->132M(960M), 0.0037411 secs]
144.954: [GC pause (G1 Evacuation Pause) (young) 676M->132M(960M), 0.0036441 secs]
145.010: [GC pause (G1 Evacuation Pause) (young) 676M->133M(960M), 0.0037388 secs]
145.063: [GC pause (G1 Evacuation Pause) (young) 677M->132M(960M), 0.0029879 secs]
145.116: [GC pause (G1 Evacuation Pause) (young) 676M->132M(960M), 0.0036426 secs]
145.169: [GC pause (G1 Evacuation Pause) (young) 676M->132M(960M), 0.0036006 secs]
145.222: [GC pause (G1 Evacuation Pause) (young) 676M->132M(960M), 0.0036096 secs]
145.274: [GC pause (G1 Evacuation Pause) (young) 676M->131M(960M), 0.0028689 secs]
145.326: [GC pause (G1 Evacuation Pause) (young) 675M->132M(960M), 0.0033584 secs]
145.379: [GC pause (G1 Evacuation Pause) (young) 676M->132M(960M), 0.0037102 secs]
145.433: [GC pause (G1 Evacuation Pause) (young) 676M->132M(960M), 0.0036041 secs]
145.487: [GC pause (G1 Evacuation Pause) (young) 676M->133M(960M), 0.0036171 secs]
145.539: [GC pause (G1 Evacuation Pause) (young) 677M->132M(960M), 0.0029195 secs]
145.592: [GC pause (G1 Evacuation Pause) (young) 676M->131M(960M), 0.0029000 secs]
145.643: [GC pause (G1 Evacuation Pause) (young) 675M->132M(960M), 0.0036839 secs]
145.697: [GC pause (G1 Evacuation Pause) (young) 676M->132M(960M), 0.0032325 secs]
145.750: [GC pause (G1 Evacuation Pause) (young) 676M->131M(960M), 0.0024952 secs]
145.804: [GC pause (G1 Evacuation Pause) (young) 675M->132M(960M), 0.0023944 secs]
145.857: [GC pause (G1 Evacuation Pause) (young) 676M->132M(960M), 0.0023411 secs]
145.908: [GC pause (G1 Evacuation Pause) (young) 676M->132M(960M), 0.0027055 secs]
145.961: [GC pause (G1 Evacuation Pause) (young) 676M->132M(960M), 0.0024148 secs]
146.015: [GC pause (G1 Evacuation Pause) (young) 676M->132M(960M), 0.0029097 secs]
146.067: [GC pause (G1 Evacuation Pause) (young) 676M->132M(960M), 0.0023598 secs]
146.120: [GC pause (G1 Evacuation Pause) (young) 676M->132M(960M), 0.0035182 secs]
146.173: [GC pause (G1 Evacuation Pause) (young) 676M->132M(960M), 0.0029897 secs]
146.225: [GC pause (G1 Evacuation Pause) (young) 676M->132M(960M), 0.0035254 secs]
146.278: [GC pause (G1 Evacuation Pause) (young) 676M->132M(960M), 0.0033204 secs]
146.331: [GC pause (G1 Evacuation Pause) (young) 676M->133M(960M), 0.0036240 secs]
146.386: [GC pause (G1 Evacuation Pause) (young) 677M->132M(960M), 0.0036576 secs]
146.438: [GC pause (G1 Evacuation Pause) (young) 676M->132M(960M), 0.0028497 secs]
146.488: [GC pause (G1 Evacuation Pause) (young) 676M->132M(960M), 0.0027947 secs]
146.542: [GC pause (G1 Evacuation Pause) (young) 676M->132M(960M), 0.0028772 secs]
146.594: [GC pause (G1 Evacuation Pause) (young) 676M->132M(960M), 0.0035366 secs]
146.647: [GC pause (G1 Evacuation Pause) (young) 676M->132M(960M), 0.0028935 secs]
146.700: [GC pause (G1 Evacuation Pause) (young) 676M->132M(960M), 0.0028156 secs]
146.752: [GC pause (G1 Evacuation Pause) (young) 676M->132M(960M), 0.0028311 secs]
146.805: [GC pause (G1 Evacuation Pause) (young) 676M->133M(960M), 0.0029233 secs]
146.857: [GC pause (G1 Evacuation Pause) (young) 677M->132M(960M), 0.0032691 secs]
146.910: [GC pause (G1 Evacuation Pause) (young) 676M->132M(960M), 0.0028288 secs]
146.962: [GC pause (G1 Evacuation Pause) (young) 676M->132M(960M), 0.0024204 secs]
147.013: [GC pause (G1 Evacuation Pause) (young) 676M->132M(960M), 0.0027854 secs]
147.066: [GC pause (G1 Evacuation Pause) (young) 676M->132M(960M), 0.0036840 secs]
147.119: [GC pause (G1 Evacuation Pause) (young) 676M->132M(960M), 0.0027969 secs]
147.172: [GC pause (G1 Evacuation Pause) (young) 676M->132M(960M), 0.0027781 secs]
147.223: [GC pause (G1 Evacuation Pause) (young) 676M->132M(960M), 0.0028057 secs]
147.278: [GC pause (G1 Evacuation Pause) (young) 676M->133M(960M), 0.0030130 secs]
147.330: [GC pause (G1 Evacuation Pause) (young) 677M->132M(960M), 0.0028483 secs]
147.384: [GC pause (G1 Evacuation Pause) (young) 676M->132M(960M), 0.0024033 secs]
147.436: [GC pause (G1 Evacuation Pause) (young) 676M->132M(960M), 0.0023395 secs]
147.488: [GC pause (G1 Evacuation Pause) (young) 676M->132M(960M), 0.0023722 secs]
147.540: [GC pause (G1 Evacuation Pause) (young) 676M->132M(960M), 0.0035549 secs]
147.594: [GC pause (G1 Evacuation Pause) (young) 676M->132M(960M), 0.0027988 secs]
147.648: [GC pause (G1 Evacuation Pause) (young) 676M->132M(960M), 0.0028547 secs]
147.702: [GC pause (G1 Evacuation Pause) (young) 676M->132M(960M), 0.0028466 secs]
147.755: [GC pause (G1 Evacuation Pause) (young) 676M->132M(960M), 0.0028479 secs]
147.808: [GC pause (G1 Evacuation Pause) (young) 676M->132M(960M), 0.0036569 secs]
147.860: [GC pause (G1 Evacuation Pause) (young) 676M->132M(960M), 0.0027655 secs]
147.913: [GC pause (G1 Evacuation Pause) (young) 676M->132M(960M), 0.0023451 secs]
147.967: [GC pause (G1 Evacuation Pause) (young) 676M->133M(960M), 0.0028783 secs]
148.021: [GC pause (G1 Evacuation Pause) (young) 677M->132M(960M), 0.0027828 secs]
148.074: [GC pause (G1 Evacuation Pause) (young) 676M->132M(960M), 0.0035597 secs]
148.128: [GC pause (G1 Evacuation Pause) (young) 676M->132M(960M), 0.0027708 secs]
148.180: [GC pause (G1 Evacuation Pause) (young) 676M->132M(960M), 0.0034145 secs]
148.234: [GC pause (G1 Evacuation Pause) (young) 676M->132M(960M), 0.0028813 secs]
148.285: [GC pause (G1 Evacuation Pause) (young) 676M->132M(960M), 0.0027211 secs]
148.337: [GC pause (G1 Evacuation Pause) (young) 676M->132M(960M), 0.0028484 secs]
148.390: [GC pause (G1 Evacuation Pause) (young) 676M->132M(960M), 0.0028658 secs]
148.443: [GC pause (G1 Evacuation Pause) (young) 676M->132M(960M), 0.0028054 secs]
148.495: [GC pause (G1 Evacuation Pause) (young) 676M->132M(960M), 0.0035770 secs]
148.547: [GC pause (G1 Evacuation Pause) (young) 676M->132M(960M), 0.0035570 secs]
148.599: [GC pause (G1 Evacuation Pause) (young) 676M->133M(960M), 0.0029301 secs]
148.654: [GC pause (G1 Evacuation Pause) (young) 677M->132M(960M), 0.0036115 secs]
148.708: [GC pause (G1 Evacuation Pause) (young) 676M->132M(960M), 0.0030868 secs]
148.761: [GC pause (G1 Evacuation Pause) (young) 676M->132M(960M), 0.0032510 secs]
148.812: [GC pause (G1 Evacuation Pause) (young) 676M->132M(960M), 0.0038698 secs]
148.865: [GC pause (G1 Evacuation Pause) (young) 676M->132M(960M), 0.0030747 secs]
148.917: [GC pause (G1 Evacuation Pause) (young) 676M->133M(960M), 0.0031778 secs]
148.968: [GC pause (G1 Evacuation Pause) (young) 677M->133M(960M), 0.0034996 secs]
149.019: [GC pause (G1 Evacuation Pause) (young) 677M->132M(960M), 0.0028164 secs]
149.072: [GC pause (G1 Evacuation Pause) (young) 676M->132M(960M), 0.0023664 secs]
149.126: [GC pause (G1 Evacuation Pause) (young) 676M->132M(960M), 0.0023738 secs]
149.178: [GC pause (G1 Evacuation Pause) (young) 676M->133M(960M), 0.0023647 secs]
149.231: [GC pause (G1 Evacuation Pause) (young) 677M->132M(960M), 0.0024777 secs]
149.283: [GC pause (G1 Evacuation Pause) (young) 676M->133M(960M), 0.0025600 secs]
149.337: [GC pause (G1 Evacuation Pause) (young) 677M->133M(960M), 0.0024673 secs]
149.391: [GC pause (G1 Evacuation Pause) (young) 677M->133M(960M), 0.0024500 secs]
149.442: [GC pause (G1 Evacuation Pause) (young) 677M->132M(960M), 0.0023598 secs]
149.493: [GC pause (G1 Evacuation Pause) (young) 676M->133M(960M), 0.0024159 secs]
149.546: [GC pause (G1 Evacuation Pause) (young) 677M->133M(960M), 0.0023968 secs]
149.598: [GC pause (G1 Evacuation Pause) (young) 677M->132M(960M), 0.0024033 secs]
149.651: [GC pause (G1 Evacuation Pause) (young) 676M->132M(960M), 0.0024404 secs]
149.704: [GC pause (G1 Evacuation Pause) (young) 676M->132M(960M), 0.0036543 secs]
149.757: [GC pause (G1 Evacuation Pause) (young) 676M->132M(960M), 0.0028937 secs]
149.809: [GC pause (G1 Evacuation Pause) (young) 676M->133M(960M), 0.0028693 secs]
149.861: [GC pause (G1 Evacuation Pause) (young) 677M->133M(960M), 0.0030130 secs]
149.913: [GC pause (G1 Evacuation Pause) (young) 677M->132M(960M), 0.0024278 secs]
149.966: [GC pause (G1 Evacuation Pause) (young) 676M->133M(960M), 0.0026021 secs]
150.017: [GC pause (G1 Evacuation Pause) (young) 677M->132M(960M), 0.0059854 secs]
150.071: [GC pause (G1 Evacuation Pause) (young) 676M->132M(960M), 0.0095693 secs]
150.126: [GC pause (G1 Evacuation Pause) (young) 676M->133M(960M), 0.0038886 secs]
150.180: [GC pause (G1 Evacuation Pause) (young) 677M->133M(960M), 0.0038268 secs]
150.232: [GC pause (G1 Evacuation Pause) (young) 677M->132M(960M), 0.0035678 secs]
150.286: [GC pause (G1 Evacuation Pause) (young) 676M->132M(960M), 0.0027962 secs]
150.339: [GC pause (G1 Evacuation Pause) (young) 676M->133M(960M), 0.0029507 secs]
150.391: [GC pause (G1 Evacuation Pause) (young) 677M->133M(960M), 0.0029658 secs]
150.444: [GC pause (G1 Evacuation Pause) (young) 677M->133M(960M), 0.0030099 secs]
150.497: [GC pause (G1 Evacuation Pause) (young) 677M->134M(960M), 0.0038895 secs]
150.550: [GC pause (G1 Evacuation Pause) (young) 678M->133M(960M), 0.0037705 secs]
150.604: [GC pause (G1 Evacuation Pause) (young) 677M->133M(960M), 0.0037278 secs]
150.656: [GC pause (G1 Evacuation Pause) (young) 677M->133M(960M), 0.0037829 secs]
150.709: [GC pause (G1 Evacuation Pause) (young) 677M->133M(960M), 0.0060499 secs]
150.763: [GC pause (G1 Evacuation Pause) (young) 677M->133M(960M), 0.0037809 secs]
150.816: [GC pause (G1 Evacuation Pause) (young) 677M->133M(960M), 0.0038389 secs]
150.872: [GC pause (G1 Evacuation Pause) (young) 677M->133M(960M), 0.0038795 secs]
150.926: [GC pause (G1 Evacuation Pause) (young) 677M->133M(960M), 0.0100370 secs]
150.979: [GC pause (G1 Evacuation Pause) (young) 677M->133M(960M), 0.0037863 secs]
151.033: [GC pause (G1 Evacuation Pause) (young) 677M->134M(960M), 0.0029873 secs]
151.086: [GC pause (G1 Evacuation Pause) (young) 678M->133M(960M), 0.0035086 secs]
151.140: [GC pause (G1 Evacuation Pause) (young) 677M->134M(960M), 0.0030185 secs]
151.192: [GC pause (G1 Evacuation Pause) (young) 678M->133M(960M), 0.0028447 secs]
151.247: [GC pause (G1 Evacuation Pause) (young) 677M->133M(960M), 0.0036698 secs]
151.301: [GC pause (G1 Evacuation Pause) (young) 677M->133M(960M), 0.0036290 secs]
151.355: [GC pause (G1 Evacuation Pause) (young) 677M->133M(960M), 0.0029026 secs]
151.407: [GC pause (G1 Evacuation Pause) (young) 677M->133M(960M), 0.0029052 secs]
151.460: [GC pause (G1 Evacuation Pause) (young) 677M->133M(960M), 0.0023462 secs]
151.510: [GC pause (G1 Evacuation Pause) (young) 677M->133M(960M), 0.0024381 secs]
151.563: [GC pause (G1 Evacuation Pause) (young) 677M->133M(960M), 0.0024927 secs]
151.617: [GC pause (G1 Evacuation Pause) (young) 677M->133M(960M), 0.0023171 secs]
151.668: [GC pause (G1 Evacuation Pause) (young) 677M->133M(960M), 0.0025064 secs]
151.721: [GC pause (G1 Evacuation Pause) (young) 677M->133M(960M), 0.0029223 secs]
151.774: [GC pause (G1 Evacuation Pause) (young) 677M->132M(960M), 0.0029306 secs]
151.828: [GC pause (G1 Evacuation Pause) (young) 676M->133M(960M), 0.0035800 secs]
151.881: [GC pause (G1 Evacuation Pause) (young) 677M->133M(960M), 0.0028355 secs]
151.931: [GC pause (G1 Evacuation Pause) (young) 677M->133M(960M), 0.0028357 secs]
151.987: [GC pause (G1 Evacuation Pause) (young) 677M->133M(960M), 0.0028918 secs]
152.038: [GC pause (G1 Evacuation Pause) (young) 677M->133M(960M), 0.0027867 secs]
152.089: [GC pause (G1 Evacuation Pause) (young) 677M->133M(960M), 0.0036659 secs]
152.140: [GC pause (G1 Evacuation Pause) (young) 677M->134M(960M), 0.0029135 secs]
152.195: [GC pause (G1 Evacuation Pause) (young) 678M->134M(960M), 0.0039160 secs]
152.247: [GC pause (G1 Evacuation Pause) (young) 678M->133M(960M), 0.0037068 secs]
152.301: [GC pause (G1 Evacuation Pause) (young) 677M->134M(960M), 0.0037106 secs]
152.354: [GC pause (G1 Evacuation Pause) (young) 678M->133M(960M), 0.0029480 secs]
152.408: [GC pause (G1 Evacuation Pause) (young) 677M->133M(960M), 0.0033155 secs]
152.462: [GC pause (G1 Evacuation Pause) (young) 677M->134M(960M), 0.0035060 secs]
152.516: [GC pause (G1 Evacuation Pause) (young) 678M->134M(960M), 0.0030295 secs]
152.569: [GC pause (G1 Evacuation Pause) (young) 678M->133M(960M), 0.0029395 secs]
152.621: [GC pause (G1 Evacuation Pause) (young) 677M->133M(960M), 0.0030484 secs]
152.676: [GC pause (G1 Evacuation Pause) (young) 677M->133M(960M), 0.0036905 secs]
152.728: [GC pause (G1 Evacuation Pause) (young) 677M->134M(960M), 0.0029957 secs]
152.782: [GC pause (G1 Evacuation Pause) (young) 678M->134M(960M), 0.0031185 secs]
152.834: [GC pause (G1 Evacuation Pause) (young) 678M->134M(960M), 0.0028767 secs]
152.886: [GC pause (G1 Evacuation Pause) (young) 678M->133M(960M), 0.0036916 secs]
152.940: [GC pause (G1 Evacuation Pause) (young) 677M->134M(960M), 0.0038176 secs]
152.993: [GC pause (G1 Evacuation Pause) (young) 678M->134M(960M), 0.0030917 secs]
153.045: [GC pause (G1 Evacuation Pause) (young) 678M->133M(960M), 0.0036919 secs]
153.099: [GC pause (G1 Evacuation Pause) (young) 677M->134M(960M), 0.0024881 secs]
153.151: [GC pause (G1 Evacuation Pause) (young) 678M->134M(960M), 0.0037803 secs]
153.206: [GC pause (G1 Evacuation Pause) (young) 678M->134M(960M), 0.0030433 secs]
153.257: [GC pause (G1 Evacuation Pause) (young) 678M->133M(960M), 0.0028816 secs]
153.312: [GC pause (G1 Evacuation Pause) (young) 677M->133M(960M), 0.0030185 secs]
153.365: [GC pause (G1 Evacuation Pause) (young) 677M->133M(960M), 0.0037945 secs]
153.418: [GC pause (G1 Evacuation Pause) (young) 677M->133M(960M), 0.0037128 secs]
153.470: [GC pause (G1 Evacuation Pause) (young) 677M->133M(960M), 0.0024812 secs]
153.526: [GC pause (G1 Evacuation Pause) (young) 677M->134M(960M), 0.0025669 secs]
153.578: [GC pause (G1 Evacuation Pause) (young) 678M->134M(960M), 0.0023646 secs]
153.631: [GC pause (G1 Evacuation Pause) (young) 678M->133M(960M), 0.0024961 secs]
153.683: [GC pause (G1 Evacuation Pause) (young) 677M->133M(960M), 0.0063034 secs]
153.736: [GC pause (G1 Evacuation Pause) (young) 677M->134M(960M), 0.0024188 secs]
153.790: [GC pause (G1 Evacuation Pause) (young) 678M->134M(960M), 0.0023906 secs]
153.844: [GC pause (G1 Evacuation Pause) (young) 678M->133M(960M), 0.0024637 secs]
153.898: [GC pause (G1 Evacuation Pause) (young) 677M->134M(960M), 0.0025538 secs]
153.951: [GC pause (G1 Evacuation Pause) (young) 678M->134M(960M), 0.0029627 secs]
154.002: [GC pause (G1 Evacuation Pause) (young) 678M->134M(960M), 0.0029756 secs]
154.055: [GC pause (G1 Evacuation Pause) (young) 678M->135M(960M), 0.0031576 secs]
154.108: [GC pause (G1 Evacuation Pause) (young) 679M->134M(960M), 0.0036982 secs]
154.161: [GC pause (G1 Evacuation Pause) (young) 678M->134M(960M), 0.0033145 secs]
154.214: [GC pause (G1 Evacuation Pause) (young) 678M->134M(960M), 0.0031248 secs]
154.268: [GC pause (G1 Evacuation Pause) (young) 678M->134M(960M), 0.0024841 secs]
154.321: [GC pause (G1 Evacuation Pause) (young) 678M->134M(960M), 0.0029729 secs]
154.374: [GC pause (G1 Evacuation Pause) (young) 678M->133M(960M), 0.0024881 secs]
154.428: [GC pause (G1 Evacuation Pause) (young) 677M->134M(960M), 0.0038585 secs]
154.481: [GC pause (G1 Evacuation Pause) (young) 678M->135M(960M), 0.0038149 secs]
154.537: [GC pause (G1 Evacuation Pause) (young) 679M->134M(960M), 0.0034084 secs]
154.591: [GC pause (G1 Evacuation Pause) (young) 678M->134M(960M), 0.0024937 secs]
154.643: [GC pause (G1 Evacuation Pause) (young) 678M->134M(960M), 0.0036150 secs]
154.696: [GC pause (G1 Evacuation Pause) (young) 678M->134M(960M), 0.0029275 secs]
154.749: [GC pause (G1 Evacuation Pause) (young) 678M->134M(960M), 0.0025182 secs]
154.803: [GC pause (G1 Evacuation Pause) (young) 678M->134M(960M), 0.0025085 secs]
154.857: [GC pause (G1 Evacuation Pause) (young) 678M->134M(960M), 0.0024913 secs]
154.909: [GC pause (G1 Evacuation Pause) (young) 678M->134M(960M), 0.0026053 secs]
154.961: [GC pause (G1 Evacuation Pause) (young) 678M->134M(960M), 0.0036927 secs]
155.015: [GC pause (G1 Evacuation Pause) (young) 678M->135M(960M), 0.0029440 secs]
155.069: [GC pause (G1 Evacuation Pause) (young) 679M->135M(960M), 0.0030535 secs]
155.122: [GC pause (G1 Evacuation Pause) (young) 679M->134M(960M), 0.0033448 secs]
155.176: [GC pause (G1 Evacuation Pause) (young) 678M->134M(960M), 0.0031727 secs]
155.231: [GC pause (G1 Evacuation Pause) (young) 678M->134M(960M), 0.0030894 secs]
155.283: [GC pause (G1 Evacuation Pause) (young) 678M->134M(960M), 0.0037992 secs]
155.338: [GC pause (G1 Evacuation Pause) (young) 678M->134M(960M), 0.0031659 secs]
155.390: [GC pause (G1 Evacuation Pause) (young) 678M->134M(960M), 0.0037878 secs]
155.445: [GC pause (G1 Evacuation Pause) (young) 678M->134M(960M), 0.0029866 secs]
155.496: [GC pause (G1 Evacuation Pause) (young) 678M->134M(960M), 0.0024952 secs]
155.550: [GC pause (G1 Evacuation Pause) (young) 678M->134M(960M), 0.0060555 secs]
155.605: [GC pause (G1 Evacuation Pause) (young) 678M->133M(960M), 0.0025265 secs]
155.656: [GC pause (G1 Evacuation Pause) (young) 677M->134M(960M), 0.0029081 secs]
155.709: [GC pause (G1 Evacuation Pause) (young) 678M->133M(960M), 0.0023827 secs]
155.762: [GC pause (G1 Evacuation Pause) (young) 677M->133M(960M), 0.0023430 secs]
155.816: [GC pause (G1 Evacuation Pause) (young) 677M->133M(960M), 0.0026202 secs]
155.871: [GC pause (G1 Evacuation Pause) (young) 677M->134M(960M), 0.0024877 secs]
155.926: [GC pause (G1 Evacuation Pause) (young) 678M->134M(960M), 0.0025327 secs]
155.978: [GC pause (G1 Evacuation Pause) (young) 678M->134M(960M), 0.0024825 secs]
156.032: [GC pause (G1 Evacuation Pause) (young) 678M->134M(960M), 0.0025165 secs]
156.084: [GC pause (G1 Evacuation Pause) (young) 678M->133M(960M), 0.0025018 secs]
156.137: [GC pause (G1 Evacuation Pause) (young) 677M->133M(960M), 0.0023929 secs]
156.189: [GC pause (G1 Evacuation Pause) (young) 677M->134M(960M), 0.0025500 secs]
156.241: [GC pause (G1 Evacuation Pause) (young) 678M->134M(960M), 0.0024525 secs]
156.292: [GC pause (G1 Evacuation Pause) (young) 678M->134M(960M), 0.0025371 secs]
156.345: [GC pause (G1 Evacuation Pause) (young) 678M->134M(960M), 0.0025002 secs]
156.399: [GC pause (G1 Evacuation Pause) (young) 678M->134M(960M), 0.0023876 secs]
156.453: [GC pause (G1 Evacuation Pause) (young) 678M->133M(960M), 0.0025560 secs]
156.505: [GC pause (G1 Evacuation Pause) (young) 677M->134M(960M), 0.0025148 secs]
156.558: [GC pause (G1 Evacuation Pause) (young) 678M->134M(960M), 0.0024598 secs]
156.611: [GC pause (G1 Evacuation Pause) (young) 678M->134M(960M), 0.0037148 secs]
156.665: [GC pause (G1 Evacuation Pause) (young) 678M->134M(960M), 0.0028346 secs]
156.717: [GC pause (G1 Evacuation Pause) (young) 678M->133M(960M), 0.0025272 secs]
156.771: [GC pause (G1 Evacuation Pause) (young) 677M->133M(960M), 0.0029230 secs]
156.824: [GC pause (G1 Evacuation Pause) (young) 677M->133M(960M), 0.0037564 secs]
156.881: [GC pause (G1 Evacuation Pause) (young) 677M->133M(960M), 0.0028687 secs]
156.931: [GC pause (G1 Evacuation Pause) (young) 677M->134M(960M), 0.0024924 secs]
156.985: [GC pause (G1 Evacuation Pause) (young) 678M->133M(960M), 0.0024045 secs]
157.038: [GC pause (G1 Evacuation Pause) (young) 677M->133M(960M), 0.0024493 secs]
157.092: [GC pause (G1 Evacuation Pause) (young) 677M->133M(960M), 0.0026546 secs]
157.146: [GC pause (G1 Evacuation Pause) (young) 677M->133M(960M), 0.0059679 secs]
157.202: [GC pause (G1 Evacuation Pause) (young) 677M->133M(960M), 0.0024368 secs]
157.254: [GC pause (G1 Evacuation Pause) (young) 677M->134M(960M), 0.0025644 secs]
157.308: [GC pause (G1 Evacuation Pause) (young) 678M->134M(960M), 0.0037634 secs]
157.360: [GC pause (G1 Evacuation Pause) (young) 678M->134M(960M), 0.0038510 secs]
157.413: [GC pause (G1 Evacuation Pause) (young) 678M->134M(960M), 0.0038932 secs]
157.466: [GC pause (G1 Evacuation Pause) (young) 678M->134M(960M), 0.0030625 secs]
157.518: [GC pause (G1 Evacuation Pause) (young) 678M->135M(960M), 0.0032809 secs]
157.571: [GC pause (G1 Evacuation Pause) (young) 679M->134M(960M), 0.0030781 secs]
157.624: [GC pause (G1 Evacuation Pause) (young) 678M->134M(960M), 0.0030950 secs]
157.675: [GC pause (G1 Evacuation Pause) (young) 678M->134M(960M), 0.0037912 secs]
157.729: [GC pause (G1 Evacuation Pause) (young) 678M->134M(960M), 0.0031511 secs]
157.783: [GC pause (G1 Evacuation Pause) (young) 678M->134M(960M), 0.0028055 secs]
157.836: [GC pause (G1 Evacuation Pause) (young) 678M->134M(960M), 0.0027835 secs]
157.890: [GC pause (G1 Evacuation Pause) (young) 678M->134M(960M), 0.0027172 secs]
157.942: [GC pause (G1 Evacuation Pause) (young) 678M->134M(960M), 0.0025293 secs]
157.995: [GC pause (G1 Evacuation Pause) (young) 678M->134M(960M), 0.0024902 secs]
158.049: [GC pause (G1 Evacuation Pause) (young) 678M->134M(960M), 0.0025012 secs]
158.101: [GC pause (G1 Evacuation Pause) (young) 678M->134M(960M), 0.0025086 secs]
158.153: [GC pause (G1 Evacuation Pause) (young) 678M->134M(960M), 0.0037589 secs]
158.207: [GC pause (G1 Evacuation Pause) (young) 678M->134M(960M), 0.0032114 secs]
158.257: [GC pause (G1 Evacuation Pause) (young) 678M->134M(960M), 0.0031038 secs]
158.310: [GC pause (G1 Evacuation Pause) (young) 678M->134M(960M), 0.0038759 secs]
158.361: [GC pause (G1 Evacuation Pause) (young) 678M->134M(960M), 0.0031651 secs]
158.414: [GC pause (G1 Evacuation Pause) (young) 678M->134M(960M), 0.0025263 secs]
158.465: [GC pause (G1 Evacuation Pause) (young) 678M->134M(960M), 0.0030755 secs]
158.519: [GC pause (G1 Evacuation Pause) (young) 678M->134M(960M), 0.0036638 secs]
158.571: [GC pause (G1 Evacuation Pause) (young) 678M->135M(960M), 0.0030861 secs]
158.625: [GC pause (G1 Evacuation Pause) (young) 679M->135M(960M), 0.0033456 secs]
158.676: [GC pause (G1 Evacuation Pause) (young) 679M->134M(960M), 0.0038012 secs]
158.728: [GC pause (G1 Evacuation Pause) (young) 678M->134M(960M), 0.0032739 secs]
158.784: [GC pause (G1 Evacuation Pause) (young) 678M->134M(960M), 0.0031114 secs]
158.836: [GC pause (G1 Evacuation Pause) (young) 678M->134M(960M), 0.0029581 secs]
158.890: [GC pause (G1 Evacuation Pause) (young) 678M->134M(960M), 0.0038416 secs]
158.941: [GC pause (G1 Evacuation Pause) (young) 678M->134M(960M), 0.0031941 secs]
158.996: [GC pause (G1 Evacuation Pause) (young) 678M->134M(960M), 0.0032519 secs]
159.051: [GC pause (G1 Evacuation Pause) (young) 678M->134M(960M), 0.0030191 secs]
159.104: [GC pause (G1 Evacuation Pause) (young) 678M->135M(960M), 0.0033313 secs]
159.157: [GC pause (G1 Evacuation Pause) (young) 679M->135M(960M), 0.0038052 secs]
159.211: [GC pause (G1 Evacuation Pause) (young) 679M->134M(960M), 0.0032230 secs]
159.265: [GC pause (G1 Evacuation Pause) (young) 678M->134M(960M), 0.0030147 secs]
159.317: [GC pause (G1 Evacuation Pause) (young) 678M->135M(960M), 0.0064005 secs]
159.371: [GC pause (G1 Evacuation Pause) (young) 679M->135M(960M), 0.0024752 secs]
159.425: [GC pause (G1 Evacuation Pause) (young) 679M->134M(960M), 0.0025285 secs]
159.479: [GC pause (G1 Evacuation Pause) (young) 678M->134M(960M), 0.0026586 secs]
159.532: [GC pause (G1 Evacuation Pause) (young) 678M->134M(960M), 0.0030932 secs]
159.585: [GC pause (G1 Evacuation Pause) (young) 678M->134M(960M), 0.0030169 secs]
159.637: [GC pause (G1 Evacuation Pause) (young) 678M->134M(960M), 0.0032328 secs]
159.692: [GC pause (G1 Evacuation Pause) (young) 678M->134M(960M), 0.0033049 secs]
159.745: [GC pause (G1 Evacuation Pause) (young) 678M->135M(960M), 0.0034658 secs]
159.800: [GC pause (G1 Evacuation Pause) (young) 679M->135M(960M), 0.0026168 secs]
159.851: [GC pause (G1 Evacuation Pause) (young) 679M->135M(960M), 0.0026070 secs]
159.903: [GC pause (G1 Evacuation Pause) (young) 679M->135M(960M), 0.0026888 secs]
159.956: [GC pause (G1 Evacuation Pause) (young) 679M->134M(960M), 0.0025029 secs]
160.009: [GC pause (G1 Evacuation Pause) (young) 678M->134M(960M), 0.0025119 secs]
160.064: [GC pause (G1 Evacuation Pause) (young) 678M->134M(960M), 0.0056462 secs]
160.117: [GC pause (G1 Evacuation Pause) (young) 678M->135M(960M), 0.0026924 secs]
160.168: [GC pause (G1 Evacuation Pause) (young) 679M->135M(960M), 0.0026396 secs]
160.223: [GC pause (G1 Evacuation Pause) (young) 679M->135M(960M), 0.0025298 secs]
160.276: [GC pause (G1 Evacuation Pause) (young) 679M->135M(960M), 0.0026062 secs]
160.330: [GC pause (G1 Evacuation Pause) (young) 679M->134M(960M), 0.0029392 secs]
160.382: [GC pause (G1 Evacuation Pause) (young) 678M->134M(960M), 0.0025364 secs]
160.436: [GC pause (G1 Evacuation Pause) (young) 678M->134M(960M), 0.0024842 secs]
160.487: [GC pause (G1 Evacuation Pause) (young) 678M->134M(960M), 0.0025825 secs]
160.541: [GC pause (G1 Evacuation Pause) (young) 678M->134M(960M), 0.0062834 secs]
160.594: [GC pause (G1 Evacuation Pause) (young) 678M->134M(960M), 0.0024847 secs]
160.646: [GC pause (G1 Evacuation Pause) (young) 678M->134M(960M), 0.0025678 secs]
160.698: [GC pause (G1 Evacuation Pause) (young) 678M->134M(960M), 0.0025513 secs]
160.751: [GC pause (G1 Evacuation Pause) (young) 678M->134M(960M), 0.0025273 secs]
160.806: [GC pause (G1 Evacuation Pause) (young) 678M->135M(960M), 0.0026555 secs]
160.858: [GC pause (G1 Evacuation Pause) (young) 679M->135M(960M), 0.0024640 secs]
160.911: [GC pause (G1 Evacuation Pause) (young) 679M->135M(960M), 0.0024791 secs]
160.964: [GC pause (G1 Evacuation Pause) (young) 679M->135M(960M), 0.0025959 secs]
161.017: [GC pause (G1 Evacuation Pause) (young) 679M->135M(960M), 0.0033412 secs]
161.069: [GC pause (G1 Evacuation Pause) (young) 679M->135M(960M), 0.0033616 secs]
161.122: [GC pause (G1 Evacuation Pause) (young) 679M->136M(960M), 0.0026738 secs]
161.176: [GC pause (G1 Evacuation Pause) (young) 680M->135M(960M), 0.0152636 secs]
161.234: [GC pause (G1 Evacuation Pause) (young) 679M->135M(960M), 0.0041273 secs]
161.289: [GC pause (G1 Evacuation Pause) (young) 679M->136M(960M), 0.0092828 secs]
161.344: [GC pause (G1 Evacuation Pause) (young) 680M->135M(960M), 0.0034834 secs]
161.399: [GC pause (G1 Evacuation Pause) (young) 679M->134M(960M), 0.0038900 secs]
161.451: [GC pause (G1 Evacuation Pause) (young) 678M->135M(960M), 0.0033285 secs]
161.505: [GC pause (G1 Evacuation Pause) (young) 679M->135M(960M), 0.0040380 secs]
161.557: [GC pause (G1 Evacuation Pause) (young) 679M->135M(960M), 0.0031848 secs]
161.613: [GC pause (G1 Evacuation Pause) (young) 679M->135M(960M), 0.0039095 secs]
161.665: [GC pause (G1 Evacuation Pause) (young) 679M->135M(960M), 0.0032838 secs]
161.717: [GC pause (G1 Evacuation Pause) (young) 679M->135M(960M), 0.0040105 secs]
161.771: [GC pause (G1 Evacuation Pause) (young) 679M->135M(960M), 0.0032448 secs]
161.825: [GC pause (G1 Evacuation Pause) (young) 679M->135M(960M), 0.0032246 secs]
161.878: [GC pause (G1 Evacuation Pause) (young) 679M->135M(960M), 0.0030405 secs]
161.930: [GC pause (G1 Evacuation Pause) (young) 679M->135M(960M), 0.0033402 secs]
161.985: [GC pause (G1 Evacuation Pause) (young) 679M->135M(960M), 0.0025283 secs]
162.037: [GC pause (G1 Evacuation Pause) (young) 679M->135M(960M), 0.0032650 secs]
162.091: [GC pause (G1 Evacuation Pause) (young) 679M->136M(960M), 0.0065754 secs]
162.144: [GC pause (G1 Evacuation Pause) (young) 680M->135M(960M), 0.0033614 secs]
162.197: [GC pause (G1 Evacuation Pause) (young) 679M->135M(960M), 0.0033730 secs]
162.250: [GC pause (G1 Evacuation Pause) (young) 679M->135M(960M), 0.0033188 secs]
162.303: [GC pause (G1 Evacuation Pause) (young) 679M->135M(960M), 0.0037935 secs]
162.357: [GC pause (G1 Evacuation Pause) (young) 679M->135M(960M), 0.0033622 secs]
162.411: [GC pause (G1 Evacuation Pause) (young) 679M->135M(960M), 0.0029477 secs]
162.464: [GC pause (G1 Evacuation Pause) (young) 679M->134M(960M), 0.0025182 secs]
162.517: [GC pause (G1 Evacuation Pause) (young) 678M->135M(960M), 0.0025766 secs]
162.569: [GC pause (G1 Evacuation Pause) (young) 679M->135M(960M), 0.0025577 secs]
162.622: [GC pause (G1 Evacuation Pause) (young) 679M->135M(960M), 0.0025355 secs]
162.675: [GC pause (G1 Evacuation Pause) (young) 679M->136M(960M), 0.0026109 secs]
162.729: [GC pause (G1 Evacuation Pause) (young) 680M->136M(960M), 0.0026465 secs]
162.784: [GC pause (G1 Evacuation Pause) (young) 680M->136M(960M), 0.0027461 secs]
162.836: [GC pause (G1 Evacuation Pause) (young) 680M->136M(960M), 0.0029642 secs]
162.889: [GC pause (G1 Evacuation Pause) (young) 680M->136M(960M), 0.0025572 secs]
162.941: [GC pause (G1 Evacuation Pause) (young) 680M->136M(960M), 0.0029880 secs]
162.996: [GC pause (G1 Evacuation Pause) (young) 680M->135M(960M), 0.0039041 secs]
163.048: [GC pause (G1 Evacuation Pause) (young) 679M->135M(960M), 0.0023768 secs]
163.101: [GC pause (G1 Evacuation Pause) (young) 679M->135M(960M), 0.0025309 secs]
163.155: [GC pause (G1 Evacuation Pause) (young) 679M->135M(960M), 0.0026195 secs]
163.207: [GC pause (G1 Evacuation Pause) (young) 679M->135M(960M), 0.0038046 secs]
163.262: [GC pause (G1 Evacuation Pause) (young) 679M->135M(960M), 0.0031035 secs]
163.315: [GC pause (G1 Evacuation Pause) (young) 679M->135M(960M), 0.0025794 secs]
163.369: [GC pause (G1 Evacuation Pause) (young) 679M->135M(960M), 0.0025553 secs]
163.422: [GC pause (G1 Evacuation Pause) (young) 679M->134M(960M), 0.0027933 secs]
163.474: [GC pause (G1 Evacuation Pause) (young) 678M->134M(960M), 0.0024950 secs]
163.529: [GC pause (G1 Evacuation Pause) (young) 678M->135M(960M), 0.0025646 secs]
163.582: [GC pause (G1 Evacuation Pause) (young) 679M->135M(960M), 0.0039084 secs]
163.634: [GC pause (G1 Evacuation Pause) (young) 679M->135M(960M), 0.0027002 secs]
163.689: [GC pause (G1 Evacuation Pause) (young) 679M->134M(960M), 0.0063422 secs]
163.743: [GC pause (G1 Evacuation Pause) (young) 678M->134M(960M), 0.0024353 secs]
163.798: [GC pause (G1 Evacuation Pause) (young) 678M->134M(960M), 0.0025772 secs]
163.850: [GC pause (G1 Evacuation Pause) (young) 678M->135M(960M), 0.0026575 secs]
163.901: [GC pause (G1 Evacuation Pause) (young) 679M->135M(960M), 0.0025281 secs]
163.954: [GC pause (G1 Evacuation Pause) (young) 679M->135M(960M), 0.0024690 secs]
164.008: [GC pause (G1 Evacuation Pause) (young) 679M->135M(960M), 0.0026753 secs]
164.059: [GC pause (G1 Evacuation Pause) (young) 679M->135M(960M), 0.0042353 secs]
164.113: [GC pause (G1 Evacuation Pause) (young) 679M->135M(960M), 0.0027174 secs]
164.166: [GC pause (G1 Evacuation Pause) (young) 679M->135M(960M), 0.0024652 secs]
164.218: [GC pause (G1 Evacuation Pause) (young) 679M->135M(960M), 0.0027366 secs]
164.273: [GC pause (G1 Evacuation Pause) (young) 679M->135M(960M), 0.0030232 secs]
164.326: [GC pause (G1 Evacuation Pause) (young) 679M->136M(960M), 0.0028040 secs]
164.377: [GC pause (G1 Evacuation Pause) (young) 680M->135M(960M), 0.0066269 secs]
164.430: [GC pause (G1 Evacuation Pause) (young) 679M->135M(960M), 0.0030441 secs]
164.483: [GC pause (G1 Evacuation Pause) (young) 679M->135M(960M), 0.0024804 secs]
164.537: [GC pause (G1 Evacuation Pause) (young) 679M->135M(960M), 0.0026114 secs]
164.591: [GC pause (G1 Evacuation Pause) (young) 679M->136M(960M), 0.0025411 secs]
164.643: [GC pause (G1 Evacuation Pause) (young) 680M->135M(960M), 0.0040051 secs]
164.696: [GC pause (G1 Evacuation Pause) (young) 679M->135M(960M), 0.0031052 secs]
164.750: [GC pause (G1 Evacuation Pause) (young) 679M->135M(960M), 0.0030537 secs]
164.801: [GC pause (G1 Evacuation Pause) (young) 679M->135M(960M), 0.0030019 secs]
164.853: [GC pause (G1 Evacuation Pause) (young) 679M->135M(960M), 0.0030827 secs]
164.905: [GC pause (G1 Evacuation Pause) (young) 679M->135M(960M), 0.0039011 secs]
164.959: [GC pause (G1 Evacuation Pause) (young) 679M->135M(960M), 0.0039786 secs]
165.012: [GC pause (G1 Evacuation Pause) (young) 679M->135M(960M), 0.0031205 secs]
165.064: [GC pause (G1 Evacuation Pause) (young) 679M->136M(960M), 0.0025695 secs]
165.117: [GC pause (G1 Evacuation Pause) (young) 680M->136M(960M), 0.0028757 secs]
165.169: [GC pause (G1 Evacuation Pause) (young) 680M->135M(960M), 0.0025987 secs]
165.220: [GC pause (G1 Evacuation Pause) (young) 679M->136M(960M), 0.0026497 secs]
165.272: [GC pause (G1 Evacuation Pause) (young) 680M->135M(960M), 0.0027897 secs]
165.324: [GC pause (G1 Evacuation Pause) (young) 679M->135M(960M), 0.0026321 secs]
165.376: [GC pause (G1 Evacuation Pause) (young) 679M->135M(960M), 0.0039694 secs]
165.430: [GC pause (G1 Evacuation Pause) (young) 679M->136M(960M), 0.0041188 secs]
165.483: [GC pause (G1 Evacuation Pause) (young) 680M->136M(960M), 0.0064947 secs]
165.538: [GC pause (G1 Evacuation Pause) (young) 680M->137M(960M), 0.0043195 secs]
165.593: [GC pause (G1 Evacuation Pause) (young) 681M->135M(960M), 0.0040650 secs]
165.647: [GC pause (G1 Evacuation Pause) (young) 679M->135M(960M), 0.0041018 secs]
165.699: [GC pause (G1 Evacuation Pause) (young) 679M->135M(960M), 0.0100581 secs]
165.754: [GC pause (G1 Evacuation Pause) (young) 679M->135M(960M), 0.0040277 secs]
165.807: [GC pause (G1 Evacuation Pause) (young) 679M->135M(960M), 0.0066618 secs]
165.860: [GC pause (G1 Evacuation Pause) (young) 679M->135M(960M), 0.0042663 secs]
165.913: [GC pause (G1 Evacuation Pause) (young) 679M->135M(960M), 0.0065465 secs]
165.968: [GC pause (G1 Evacuation Pause) (young) 679M->136M(960M), 0.0027239 secs]
166.021: [GC pause (G1 Evacuation Pause) (young) 680M->135M(960M), 0.0029494 secs]
166.075: [GC pause (G1 Evacuation Pause) (young) 679M->136M(960M), 0.0039896 secs]
166.128: [GC pause (G1 Evacuation Pause) (young) 680M->136M(960M), 0.0030597 secs]
166.183: [GC pause (G1 Evacuation Pause) (young) 680M->136M(960M), 0.0030576 secs]
166.234: [GC pause (G1 Evacuation Pause) (young) 680M->136M(960M), 0.0031913 secs]
166.288: [GC pause (G1 Evacuation Pause) (young) 680M->135M(960M), 0.0030971 secs]
166.340: [GC pause (G1 Evacuation Pause) (young) 679M->135M(960M), 0.0041116 secs]
166.392: [GC pause (G1 Evacuation Pause) (young) 679M->136M(960M), 0.0067157 secs]
166.446: [GC pause (G1 Evacuation Pause) (young) 680M->136M(960M), 0.0162979 secs]
166.502: [GC pause (G1 Evacuation Pause) (young) 680M->135M(960M), 0.0065428 secs]
166.560: [GC pause (G1 Evacuation Pause) (young) 679M->135M(960M), 0.0041424 secs]
166.611: [GC pause (G1 Evacuation Pause) (young) 679M->135M(960M), 0.0040406 secs]
166.665: [GC pause (G1 Evacuation Pause) (young) 679M->135M(960M), 0.0041866 secs]
166.717: [GC pause (G1 Evacuation Pause) (young) 679M->135M(960M), 0.0040567 secs]
166.771: [GC pause (G1 Evacuation Pause) (young) 679M->136M(960M), 0.0117929 secs]
166.825: [GC pause (G1 Evacuation Pause) (young) 680M->136M(960M), 0.0040578 secs]
166.881: [GC pause (G1 Evacuation Pause) (young) 680M->136M(960M), 0.0041885 secs]
166.933: [GC pause (G1 Evacuation Pause) (young) 680M->135M(960M), 0.0065613 secs]
166.987: [GC pause (G1 Evacuation Pause) (young) 679M->135M(960M), 0.0045810 secs]
167.040: [GC pause (G1 Evacuation Pause) (young) 679M->135M(960M), 0.0040725 secs]
167.091: [GC pause (G1 Evacuation Pause) (young) 679M->134M(960M), 0.0041168 secs]
167.145: [GC pause (G1 Evacuation Pause) (young) 678M->136M(960M), 0.0041631 secs]
167.198: [GC pause (G1 Evacuation Pause) (young) 680M->135M(960M), 0.0068828 secs]
167.254: [GC pause (G1 Evacuation Pause) (young) 679M->135M(960M), 0.0072965 secs]
167.306: [GC pause (G1 Evacuation Pause) (young) 679M->135M(960M), 0.0032701 secs]
167.360: [GC pause (G1 Evacuation Pause) (young) 679M->135M(960M), 0.0031222 secs]
167.410: [GC pause (G1 Evacuation Pause) (young) 679M->135M(960M), 0.0038521 secs]
167.464: [GC pause (G1 Evacuation Pause) (young) 679M->135M(960M), 0.0029780 secs]
167.517: [GC pause (G1 Evacuation Pause) (young) 679M->135M(960M), 0.0033168 secs]
167.570: [GC pause (G1 Evacuation Pause) (young) 679M->136M(960M), 0.0039050 secs]
167.621: [GC pause (G1 Evacuation Pause) (young) 680M->135M(960M), 0.0032405 secs]
167.676: [GC pause (G1 Evacuation Pause) (young) 679M->135M(960M), 0.0030641 secs]
167.730: [GC pause (G1 Evacuation Pause) (young) 679M->135M(960M), 0.0031083 secs]
167.782: [GC pause (G1 Evacuation Pause) (young) 679M->135M(960M), 0.0028192 secs]
167.833: [GC pause (G1 Evacuation Pause) (young) 679M->135M(960M), 0.0026922 secs]
167.886: [GC pause (G1 Evacuation Pause) (young) 679M->135M(960M), 0.0028127 secs]
167.940: [GC pause (G1 Evacuation Pause) (young) 679M->135M(960M), 0.0028712 secs]
167.992: [GC pause (G1 Evacuation Pause) (young) 679M->136M(960M), 0.0066641 secs]
168.046: [GC pause (G1 Evacuation Pause) (young) 680M->136M(960M), 0.0066312 secs]
168.100: [GC pause (G1 Evacuation Pause) (young) 680M->136M(960M), 0.0028226 secs]
168.151: [GC pause (G1 Evacuation Pause) (young) 680M->136M(960M), 0.0028312 secs]
168.206: [GC pause (G1 Evacuation Pause) (young) 680M->135M(960M), 0.0029902 secs]
168.257: [GC pause (G1 Evacuation Pause) (young) 679M->136M(960M), 0.0029714 secs]
168.310: [GC pause (G1 Evacuation Pause) (young) 680M->135M(960M), 0.0028187 secs]
168.364: [GC pause (G1 Evacuation Pause) (young) 679M->135M(960M), 0.0032781 secs]
168.417: [GC pause (G1 Evacuation Pause) (young) 679M->136M(960M), 0.0039388 secs]
168.471: [GC pause (G1 Evacuation Pause) (young) 680M->134M(960M), 0.0030665 secs]
168.526: [GC pause (G1 Evacuation Pause) (young) 678M->135M(960M), 0.0038604 secs]
168.578: [GC pause (G1 Evacuation Pause) (young) 679M->135M(960M), 0.0029476 secs]
168.633: [GC pause (G1 Evacuation Pause) (young) 679M->135M(960M), 0.0031117 secs]
168.683: [GC pause (G1 Evacuation Pause) (young) 679M->135M(960M), 0.0031800 secs]
168.737: [GC pause (G1 Evacuation Pause) (young) 679M->135M(960M), 0.0038711 secs]
168.787: [GC pause (G1 Evacuation Pause) (young) 679M->135M(960M), 0.0031045 secs]
168.842: [GC pause (G1 Evacuation Pause) (young) 679M->135M(960M), 0.0032108 secs]
168.894: [GC pause (G1 Evacuation Pause) (young) 679M->134M(960M), 0.0038115 secs]
168.947: [GC pause (G1 Evacuation Pause) (young) 678M->135M(960M), 0.0030358 secs]
168.999: [GC pause (G1 Evacuation Pause) (young) 679M->136M(960M), 0.0029427 secs]
169.053: [GC pause (G1 Evacuation Pause) (young) 680M->135M(960M), 0.0028768 secs]
169.105: [GC pause (G1 Evacuation Pause) (young) 679M->135M(960M), 0.0028762 secs]
169.158: [GC pause (G1 Evacuation Pause) (young) 679M->136M(960M), 0.0030295 secs]
169.210: [GC pause (G1 Evacuation Pause) (young) 680M->134M(960M), 0.0026394 secs]
169.262: [GC pause (G1 Evacuation Pause) (young) 678M->134M(960M), 0.0025647 secs]
169.316: [GC pause (G1 Evacuation Pause) (young) 678M->134M(960M), 0.0026867 secs]
169.367: [GC pause (G1 Evacuation Pause) (young) 678M->135M(960M), 0.0030871 secs]
169.418: [GC pause (G1 Evacuation Pause) (young) 679M->135M(960M), 0.0027067 secs]
169.475: [GC pause (G1 Evacuation Pause) (young) 679M->134M(960M), 0.0025978 secs]
169.526: [GC pause (G1 Evacuation Pause) (young) 678M->135M(960M), 0.0028327 secs]
169.579: [GC pause (G1 Evacuation Pause) (young) 679M->135M(960M), 0.0029766 secs]
169.633: [GC pause (G1 Evacuation Pause) (young) 679M->134M(960M), 0.0024987 secs]
169.685: [GC pause (G1 Evacuation Pause) (young) 678M->135M(960M), 0.0027057 secs]
169.737: [GC pause (G1 Evacuation Pause) (young) 679M->135M(960M), 0.0038598 secs]
169.791: [GC pause (G1 Evacuation Pause) (young) 679M->135M(960M), 0.0030458 secs]
169.843: [GC pause (G1 Evacuation Pause) (young) 679M->135M(960M), 0.0033306 secs]
169.895: [GC pause (G1 Evacuation Pause) (young) 679M->135M(960M), 0.0032813 secs]
169.947: [GC pause (G1 Evacuation Pause) (young) 679M->136M(960M), 0.0039759 secs]
170.002: [GC pause (G1 Evacuation Pause) (young) 680M->135M(960M), 0.0029411 secs]
170.054: [GC pause (G1 Evacuation Pause) (young) 679M->134M(960M), 0.0038203 secs]
170.105: [GC pause (G1 Evacuation Pause) (young) 678M->135M(960M), 0.0033162 secs]
170.159: [GC pause (G1 Evacuation Pause) (young) 679M->135M(960M), 0.0031298 secs]
170.212: [GC pause (G1 Evacuation Pause) (young) 679M->135M(960M), 0.0029771 secs]
170.263: [GC pause (G1 Evacuation Pause) (young) 679M->136M(960M), 0.0030000 secs]
170.317: [GC pause (G1 Evacuation Pause) (young) 680M->135M(960M), 0.0062933 secs]
170.370: [GC pause (G1 Evacuation Pause) (young) 679M->135M(960M), 0.0029177 secs]
170.423: [GC pause (G1 Evacuation Pause) (young) 679M->136M(960M), 0.0032344 secs]
170.476: [GC pause (G1 Evacuation Pause) (young) 680M->136M(960M), 0.0039685 secs]
170.529: [GC pause (G1 Evacuation Pause) (young) 680M->135M(960M), 0.0028469 secs]
170.581: [GC pause (G1 Evacuation Pause) (young) 679M->135M(960M), 0.0026491 secs]
170.632: [GC pause (G1 Evacuation Pause) (young) 679M->135M(960M), 0.0028707 secs]
170.683: [GC pause (G1 Evacuation Pause) (young) 679M->135M(960M), 0.0028189 secs]
170.738: [GC pause (G1 Evacuation Pause) (young) 679M->135M(960M), 0.0029853 secs]
170.787: [GC pause (G1 Evacuation Pause) (young) 679M->135M(960M), 0.0028603 secs]
170.840: [GC pause (G1 Evacuation Pause) (young) 679M->135M(960M), 0.0028010 secs]
170.893: [GC pause (G1 Evacuation Pause) (young) 679M->136M(960M), 0.0030790 secs]
170.944: [GC pause (G1 Evacuation Pause) (young) 680M->136M(960M), 0.0026875 secs]
170.997: [GC pause (G1 Evacuation Pause) (young) 680M->135M(960M), 0.0037965 secs]
171.049: [GC pause (G1 Evacuation Pause) (young) 679M->135M(960M), 0.0029230 secs]
171.101: [GC pause (G1 Evacuation Pause) (young) 679M->135M(960M), 0.0029715 secs]
171.155: [GC pause (G1 Evacuation Pause) (young) 679M->135M(960M), 0.0039575 secs]
171.207: [GC pause (G1 Evacuation Pause) (young) 679M->135M(960M), 0.0030272 secs]
171.260: [GC pause (G1 Evacuation Pause) (young) 679M->135M(960M), 0.0030103 secs]
171.313: [GC pause (G1 Evacuation Pause) (young) 679M->135M(960M), 0.0030512 secs]
171.365: [GC pause (G1 Evacuation Pause) (young) 679M->135M(960M), 0.0031171 secs]
171.418: [GC pause (G1 Evacuation Pause) (young) 679M->136M(960M), 0.0039536 secs]
171.473: [GC pause (G1 Evacuation Pause) (young) 680M->136M(960M), 0.0030274 secs]
171.526: [GC pause (G1 Evacuation Pause) (young) 680M->135M(960M), 0.0063686 secs]
171.579: [GC pause (G1 Evacuation Pause) (young) 679M->136M(960M), 0.0028704 secs]
171.633: [GC pause (G1 Evacuation Pause) (young) 680M->136M(960M), 0.0064125 secs]
171.688: [GC pause (G1 Evacuation Pause) (young) 680M->135M(960M), 0.0031054 secs]
171.742: [GC pause (G1 Evacuation Pause) (young) 679M->136M(960M), 0.0026741 secs]
171.793: [GC pause (G1 Evacuation Pause) (young) 680M->135M(960M), 0.0027410 secs]
171.847: [GC pause (G1 Evacuation Pause) (young) 679M->135M(960M), 0.0029768 secs]
171.902: [GC pause (G1 Evacuation Pause) (young) 679M->135M(960M), 0.0028596 secs]
171.954: [GC pause (G1 Evacuation Pause) (young) 679M->135M(960M), 0.0029569 secs]
172.006: [GC pause (G1 Evacuation Pause) (young) 679M->136M(960M), 0.0064584 secs]
172.059: [GC pause (G1 Evacuation Pause) (young) 680M->136M(960M), 0.0031292 secs]
172.114: [GC pause (G1 Evacuation Pause) (young) 680M->135M(960M), 0.0039251 secs]
172.166: [GC pause (G1 Evacuation Pause) (young) 679M->136M(960M), 0.0039400 secs]
172.221: [GC pause (G1 Evacuation Pause) (young) 680M->135M(960M), 0.0031142 secs]
172.272: [GC pause (G1 Evacuation Pause) (young) 679M->135M(960M), 0.0030337 secs]
172.326: [GC pause (G1 Evacuation Pause) (young) 679M->135M(960M), 0.0040337 secs]
172.382: [GC pause (G1 Evacuation Pause) (young) 679M->135M(960M), 0.0027214 secs]
172.434: [GC pause (G1 Evacuation Pause) (young) 679M->135M(960M), 0.0030169 secs]
172.487: [GC pause (G1 Evacuation Pause) (young) 679M->135M(960M), 0.0024527 secs]
172.541: [GC pause (G1 Evacuation Pause) (young) 679M->135M(960M), 0.0030275 secs]
172.594: [GC pause (G1 Evacuation Pause) (young) 679M->136M(960M), 0.0038187 secs]
172.649: [GC pause (G1 Evacuation Pause) (young) 680M->135M(960M), 0.0032498 secs]
172.701: [GC pause (G1 Evacuation Pause) (young) 679M->136M(960M), 0.0033327 secs]
172.755: [GC pause (G1 Evacuation Pause) (young) 680M->135M(960M), 0.0031537 secs]
172.808: [GC pause (G1 Evacuation Pause) (young) 679M->136M(960M), 0.0040015 secs]
172.862: [GC pause (G1 Evacuation Pause) (young) 680M->135M(960M), 0.0030905 secs]
172.915: [GC pause (G1 Evacuation Pause) (young) 679M->136M(960M), 0.0040257 secs]
172.968: [GC pause (G1 Evacuation Pause) (young) 680M->135M(960M), 0.0032734 secs]
173.024: [GC pause (G1 Evacuation Pause) (young) 679M->135M(960M), 0.0033257 secs]
173.079: [GC pause (G1 Evacuation Pause) (young) 679M->136M(960M), 0.0040024 secs]
173.133: [GC pause (G1 Evacuation Pause) (young) 680M->135M(960M), 0.0034516 secs]
173.184: [GC pause (G1 Evacuation Pause) (young) 679M->136M(960M), 0.0031967 secs]
173.239: [GC pause (G1 Evacuation Pause) (young) 680M->135M(960M), 0.0030995 secs]
173.292: [GC pause (G1 Evacuation Pause) (young) 679M->136M(960M), 0.0065638 secs]
173.345: [GC pause (G1 Evacuation Pause) (young) 680M->136M(960M), 0.0032721 secs]
173.400: [GC pause (G1 Evacuation Pause) (young) 680M->136M(960M), 0.0034832 secs]
173.452: [GC pause (G1 Evacuation Pause) (young) 680M->136M(960M), 0.0032846 secs]
173.506: [GC pause (G1 Evacuation Pause) (young) 680M->137M(960M), 0.0032351 secs]
173.558: [GC pause (G1 Evacuation Pause) (young) 681M->137M(960M), 0.0033712 secs]
173.613: [GC pause (G1 Evacuation Pause) (young) 681M->136M(960M), 0.0032451 secs]
173.667: [GC pause (G1 Evacuation Pause) (young) 680M->136M(960M), 0.0032539 secs]
173.719: [GC pause (G1 Evacuation Pause) (young) 680M->136M(960M), 0.0038886 secs]
173.773: [GC pause (G1 Evacuation Pause) (young) 680M->136M(960M), 0.0039673 secs]
173.824: [GC pause (G1 Evacuation Pause) (young) 680M->136M(960M), 0.0038971 secs]
173.878: [GC pause (G1 Evacuation Pause) (young) 680M->136M(960M), 0.0032290 secs]
173.933: [GC pause (G1 Evacuation Pause) (young) 680M->136M(960M), 0.0031503 secs]
173.985: [GC pause (G1 Evacuation Pause) (young) 680M->135M(960M), 0.0063579 secs]
174.039: [GC pause (G1 Evacuation Pause) (young) 679M->136M(960M), 0.0026017 secs]
174.093: [GC pause (G1 Evacuation Pause) (young) 680M->137M(960M), 0.0038809 secs]
174.147: [GC pause (G1 Evacuation Pause) (young) 681M->136M(960M), 0.0027742 secs]
174.200: [GC pause (G1 Evacuation Pause) (young) 680M->136M(960M), 0.0024304 secs]
174.256: [GC pause (G1 Evacuation Pause) (young) 680M->136M(960M), 0.0032330 secs]
174.308: [GC pause (G1 Evacuation Pause) (young) 680M->136M(960M), 0.0031149 secs]
174.361: [GC pause (G1 Evacuation Pause) (young) 680M->136M(960M), 0.0064764 secs]
174.414: [GC pause (G1 Evacuation Pause) (young) 680M->136M(960M), 0.0026152 secs]
174.469: [GC pause (G1 Evacuation Pause) (young) 680M->136M(960M), 0.0025025 secs]
174.522: [GC pause (G1 Evacuation Pause) (young) 680M->136M(960M), 0.0025367 secs]
174.575: [GC pause (G1 Evacuation Pause) (young) 680M->136M(960M), 0.0030808 secs]
174.628: [GC pause (G1 Evacuation Pause) (young) 680M->136M(960M), 0.0031271 secs]
174.680: [GC pause (G1 Evacuation Pause) (young) 680M->137M(960M), 0.0035302 secs]
174.733: [GC pause (G1 Evacuation Pause) (young) 681M->136M(960M), 0.0038864 secs]
174.785: [GC pause (G1 Evacuation Pause) (young) 680M->136M(960M), 0.0033090 secs]
174.840: [GC pause (G1 Evacuation Pause) (young) 680M->136M(960M), 0.0031670 secs]
174.892: [GC pause (G1 Evacuation Pause) (young) 680M->136M(960M), 0.0027734 secs]
174.943: [GC pause (G1 Evacuation Pause) (young) 680M->136M(960M), 0.0039876 secs]
174.996: [GC pause (G1 Evacuation Pause) (young) 680M->136M(960M), 0.0031130 secs]
175.050: [GC pause (G1 Evacuation Pause) (young) 680M->137M(960M), 0.0040862 secs]
175.104: [GC pause (G1 Evacuation Pause) (young) 681M->137M(960M), 0.0040365 secs]
175.157: [GC pause (G1 Evacuation Pause) (young) 681M->137M(960M), 0.0039768 secs]
175.210: [GC pause (G1 Evacuation Pause) (young) 681M->136M(960M), 0.0031526 secs]
175.262: [GC pause (G1 Evacuation Pause) (young) 680M->136M(960M), 0.0028536 secs]
175.314: [GC pause (G1 Evacuation Pause) (young) 680M->136M(960M), 0.0025755 secs]
175.366: [GC pause (G1 Evacuation Pause) (young) 680M->136M(960M), 0.0027017 secs]
175.420: [GC pause (G1 Evacuation Pause) (young) 680M->136M(960M), 0.0026685 secs]
175.474: [GC pause (G1 Evacuation Pause) (young) 680M->136M(960M), 0.0067064 secs]
175.527: [GC pause (G1 Evacuation Pause) (young) 680M->137M(960M), 0.0031837 secs]
175.579: [GC pause (G1 Evacuation Pause) (young) 681M->136M(960M), 0.0030686 secs]
175.633: [GC pause (G1 Evacuation Pause) (young) 680M->137M(960M), 0.0031058 secs]
175.686: [GC pause (G1 Evacuation Pause) (young) 681M->136M(960M), 0.0026236 secs]
175.738: [GC pause (G1 Evacuation Pause) (young) 680M->137M(960M), 0.0031852 secs]
175.792: [GC pause (G1 Evacuation Pause) (young) 681M->136M(960M), 0.0047719 secs]
175.844: [GC pause (G1 Evacuation Pause) (young) 680M->136M(960M), 0.0029914 secs]
175.897: [GC pause (G1 Evacuation Pause) (young) 680M->136M(960M), 0.0025959 secs]
175.951: [GC pause (G1 Evacuation Pause) (young) 680M->137M(960M), 0.0028304 secs]
176.003: [GC pause (G1 Evacuation Pause) (young) 681M->137M(960M), 0.0028473 secs]
176.056: [GC pause (G1 Evacuation Pause) (young) 681M->136M(960M), 0.0039609 secs]
176.110: [GC pause (G1 Evacuation Pause) (young) 680M->136M(960M), 0.0036142 secs]
176.163: [GC pause (G1 Evacuation Pause) (young) 680M->136M(960M), 0.0039604 secs]
176.216: [GC pause (G1 Evacuation Pause) (young) 680M->138M(960M), 0.0034148 secs]
176.269: [GC pause (G1 Evacuation Pause) (young) 682M->136M(960M), 0.0040213 secs]
176.322: [GC pause (G1 Evacuation Pause) (young) 680M->137M(960M), 0.0031271 secs]
176.375: [GC pause (G1 Evacuation Pause) (young) 681M->136M(960M), 0.0031262 secs]
176.428: [GC pause (G1 Evacuation Pause) (young) 680M->137M(960M), 0.0029617 secs]
176.481: [GC pause (G1 Evacuation Pause) (young) 681M->137M(960M), 0.0027871 secs]
176.533: [GC pause (G1 Evacuation Pause) (young) 681M->136M(960M), 0.0031573 secs]
176.586: [GC pause (G1 Evacuation Pause) (young) 680M->135M(960M), 0.0031236 secs]
176.640: [GC pause (G1 Evacuation Pause) (young) 679M->137M(960M), 0.0032219 secs]
176.695: [GC pause (G1 Evacuation Pause) (young) 681M->136M(960M), 0.0033014 secs]
176.746: [GC pause (G1 Evacuation Pause) (young) 680M->136M(960M), 0.0032511 secs]
176.798: [GC pause (G1 Evacuation Pause) (young) 680M->136M(960M), 0.0030654 secs]
176.852: [GC pause (G1 Evacuation Pause) (young) 680M->138M(960M), 0.0029678 secs]
176.906: [GC pause (G1 Evacuation Pause) (young) 682M->137M(960M), 0.0042275 secs]
176.959: [GC pause (G1 Evacuation Pause) (young) 681M->137M(960M), 0.0033028 secs]
177.013: [GC pause (G1 Evacuation Pause) (young) 681M->137M(960M), 0.0032114 secs]
177.066: [GC pause (G1 Evacuation Pause) (young) 681M->138M(960M), 0.0042381 secs]
177.121: [GC pause (G1 Evacuation Pause) (young) 682M->137M(960M), 0.0033300 secs]
177.174: [GC pause (G1 Evacuation Pause) (young) 681M->136M(960M), 0.0041038 secs]
177.228: [GC pause (G1 Evacuation Pause) (young) 680M->137M(960M), 0.0027537 secs]
177.281: [GC pause (G1 Evacuation Pause) (young) 681M->138M(960M), 0.0069591 secs]
177.334: [GC pause (G1 Evacuation Pause) (young) 682M->137M(960M), 0.0026668 secs]
177.387: [GC pause (G1 Evacuation Pause) (young) 681M->137M(960M), 0.0027931 secs]
177.440: [GC pause (G1 Evacuation Pause) (young) 681M->137M(960M), 0.0031171 secs]
177.493: [GC pause (G1 Evacuation Pause) (young) 681M->137M(960M), 0.0032839 secs]
177.545: [GC pause (G1 Evacuation Pause) (young) 681M->138M(960M), 0.0042148 secs]
177.599: [GC pause (G1 Evacuation Pause) (young) 682M->138M(960M), 0.0042725 secs]
177.652: [GC pause (G1 Evacuation Pause) (young) 682M->137M(960M), 0.0041125 secs]
177.704: [GC pause (G1 Evacuation Pause) (young) 681M->137M(960M), 0.0031870 secs]
177.757: [GC pause (G1 Evacuation Pause) (young) 681M->136M(960M), 0.0031212 secs]
177.811: [GC pause (G1 Evacuation Pause) (young) 680M->137M(960M), 0.0068812 secs]
177.864: [GC pause (G1 Evacuation Pause) (young) 681M->136M(960M), 0.0030974 secs]
177.919: [GC pause (G1 Evacuation Pause) (young) 680M->136M(960M), 0.0026364 secs]
177.972: [GC pause (G1 Evacuation Pause) (young) 680M->137M(960M), 0.0026783 secs]
178.025: [GC pause (G1 Evacuation Pause) (young) 681M->138M(960M), 0.0026431 secs]
178.079: [GC pause (G1 Evacuation Pause) (young) 682M->136M(960M), 0.0026441 secs]
178.131: [GC pause (G1 Evacuation Pause) (young) 680M->137M(960M), 0.0069372 secs]
178.186: [GC pause (G1 Evacuation Pause) (young) 681M->137M(960M), 0.0026860 secs]
178.241: [GC pause (G1 Evacuation Pause) (young) 681M->137M(960M), 0.0026674 secs]
178.294: [GC pause (G1 Evacuation Pause) (young) 681M->136M(960M), 0.0026052 secs]
178.347: [GC pause (G1 Evacuation Pause) (young) 680M->136M(960M), 0.0066566 secs]
178.400: [GC pause (G1 Evacuation Pause) (young) 680M->136M(960M), 0.0028686 secs]
178.453: [GC pause (G1 Evacuation Pause) (young) 680M->136M(960M), 0.0028816 secs]
178.508: [GC pause (G1 Evacuation Pause) (young) 680M->136M(960M), 0.0025503 secs]
178.560: [GC pause (G1 Evacuation Pause) (young) 680M->137M(960M), 0.0028259 secs]
178.615: [GC pause (G1 Evacuation Pause) (young) 681M->136M(960M), 0.0027612 secs]
178.668: [GC pause (G1 Evacuation Pause) (young) 680M->137M(960M), 0.0041384 secs]
178.722: [GC pause (G1 Evacuation Pause) (young) 681M->137M(960M), 0.0027262 secs]
178.776: [GC pause (G1 Evacuation Pause) (young) 681M->137M(960M), 0.0029303 secs]
178.828: [GC pause (G1 Evacuation Pause) (young) 681M->137M(960M), 0.0030919 secs]
178.880: [GC pause (G1 Evacuation Pause) (young) 681M->137M(960M), 0.0068635 secs]
178.934: [GC pause (G1 Evacuation Pause) (young) 681M->137M(960M), 0.0067479 secs]
178.988: [GC pause (G1 Evacuation Pause) (young) 681M->137M(960M), 0.0031379 secs]
179.044: [GC pause (G1 Evacuation Pause) (young) 681M->137M(960M), 0.0026583 secs]
179.094: [GC pause (G1 Evacuation Pause) (young) 681M->137M(960M), 0.0028112 secs]
179.148: [GC pause (G1 Evacuation Pause) (young) 681M->137M(960M), 0.0030698 secs]
179.201: [GC pause (G1 Evacuation Pause) (young) 681M->137M(960M), 0.0031312 secs]
179.253: [GC pause (G1 Evacuation Pause) (young) 681M->137M(960M), 0.0025795 secs]
179.304: [GC pause (G1 Evacuation Pause) (young) 681M->137M(960M), 0.0027274 secs]
179.358: [GC pause (G1 Evacuation Pause) (young) 681M->137M(960M), 0.0027897 secs]
179.411: [GC pause (G1 Evacuation Pause) (young) 681M->137M(960M), 0.0031960 secs]
179.463: [GC pause (G1 Evacuation Pause) (young) 681M->137M(960M), 0.0028412 secs]
179.516: [GC pause (G1 Evacuation Pause) (young) 681M->137M(960M), 0.0031502 secs]
179.569: [GC pause (G1 Evacuation Pause) (young) 681M->137M(960M), 0.0040980 secs]
179.619: [GC pause (G1 Evacuation Pause) (young) 681M->138M(960M), 0.0032847 secs]
179.675: [GC pause (G1 Evacuation Pause) (young) 682M->137M(960M), 0.0034671 secs]
179.728: [GC pause (G1 Evacuation Pause) (young) 681M->137M(960M), 0.0033843 secs]
179.779: [GC pause (G1 Evacuation Pause) (young) 681M->137M(960M), 0.0041367 secs]
179.832: [GC pause (G1 Evacuation Pause) (young) 681M->137M(960M), 0.0032340 secs]
179.887: [GC pause (G1 Evacuation Pause) (young) 681M->138M(960M), 0.0032295 secs]
179.938: [GC pause (G1 Evacuation Pause) (young) 682M->137M(960M), 0.0032121 secs]
179.991: [GC pause (G1 Evacuation Pause) (young) 681M->137M(960M), 0.0034182 secs]
180.045: [GC pause (G1 Evacuation Pause) (young) 681M->138M(960M), 0.0033382 secs]
180.097: [GC pause (G1 Evacuation Pause) (young) 682M->137M(960M), 0.0041529 secs]
180.152: [GC pause (G1 Evacuation Pause) (young) 681M->137M(960M), 0.0028176 secs]
180.204: [GC pause (G1 Evacuation Pause) (young) 681M->137M(960M), 0.0028830 secs]
180.258: [GC pause (G1 Evacuation Pause) (young) 681M->138M(960M), 0.0029017 secs]
180.309: [GC pause (G1 Evacuation Pause) (young) 682M->137M(960M), 0.0025894 secs]
180.363: [GC pause (G1 Evacuation Pause) (young) 681M->138M(960M), 0.0026168 secs]
180.415: [GC pause (G1 Evacuation Pause) (young) 682M->138M(960M), 0.0041562 secs]
180.467: [GC pause (G1 Evacuation Pause) (young) 682M->138M(960M), 0.0033767 secs]
180.520: [GC pause (G1 Evacuation Pause) (young) 682M->138M(960M), 0.0033126 secs]
180.573: [GC pause (G1 Evacuation Pause) (young) 682M->138M(960M), 0.0033942 secs]
180.627: [GC pause (G1 Evacuation Pause) (young) 682M->138M(960M), 0.0035986 secs]
180.679: [GC pause (G1 Evacuation Pause) (young) 682M->138M(960M), 0.0036394 secs]
180.731: [GC pause (G1 Evacuation Pause) (young) 682M->138M(960M), 0.0033359 secs]
180.785: [GC pause (G1 Evacuation Pause) (young) 682M->138M(960M), 0.0033722 secs]
180.837: [GC pause (G1 Evacuation Pause) (young) 682M->138M(960M), 0.0041707 secs]
180.890: [GC pause (G1 Evacuation Pause) (young) 682M->138M(960M), 0.0033657 secs]
180.943: [GC pause (G1 Evacuation Pause) (young) 682M->138M(960M), 0.0034865 secs]
180.996: [GC pause (G1 Evacuation Pause) (young) 682M->138M(960M), 0.0034197 secs]
181.049: [GC pause (G1 Evacuation Pause) (young) 682M->138M(960M), 0.0031486 secs]
181.101: [GC pause (G1 Evacuation Pause) (young) 682M->138M(960M), 0.0034578 secs]
181.154: [GC pause (G1 Evacuation Pause) (young) 682M->139M(960M), 0.0046698 secs]
181.207: [GC pause (G1 Evacuation Pause) (young) 683M->138M(960M), 0.0033906 secs]
181.259: [GC pause (G1 Evacuation Pause) (young) 682M->137M(960M), 0.0034353 secs]
181.311: [GC pause (G1 Evacuation Pause) (young) 681M->137M(960M), 0.0030769 secs]
181.362: [GC pause (G1 Evacuation Pause) (young) 681M->138M(960M), 0.0033696 secs]
181.415: [GC pause (G1 Evacuation Pause) (young) 682M->137M(960M), 0.0034708 secs]
181.468: [GC pause (G1 Evacuation Pause) (young) 681M->137M(960M), 0.0033307 secs]
181.522: [GC pause (G1 Evacuation Pause) (young) 681M->137M(960M), 0.0034473 secs]
181.577: [GC pause (G1 Evacuation Pause) (young) 681M->137M(960M), 0.0027611 secs]
181.631: [GC pause (G1 Evacuation Pause) (young) 681M->137M(960M), 0.0025586 secs]
181.683: [GC pause (G1 Evacuation Pause) (young) 681M->137M(960M), 0.0026579 secs]
181.737: [GC pause (G1 Evacuation Pause) (young) 681M->137M(960M), 0.0028956 secs]
181.790: [GC pause (G1 Evacuation Pause) (young) 681M->137M(960M), 0.0026906 secs]
181.844: [GC pause (G1 Evacuation Pause) (young) 681M->137M(960M), 0.0028866 secs]
181.896: [GC pause (G1 Evacuation Pause) (young) 681M->137M(960M), 0.0034970 secs]
181.949: [GC pause (G1 Evacuation Pause) (young) 681M->136M(960M), 0.0033063 secs]
182.004: [GC pause (G1 Evacuation Pause) (young) 680M->137M(960M), 0.0025545 secs]
182.058: [GC pause (G1 Evacuation Pause) (young) 681M->136M(960M), 0.0027726 secs]
182.110: [GC pause (G1 Evacuation Pause) (young) 680M->136M(960M), 0.0027592 secs]
182.164: [GC pause (G1 Evacuation Pause) (young) 680M->136M(960M), 0.0028202 secs]
182.216: [GC pause (G1 Evacuation Pause) (young) 680M->137M(960M), 0.0028983 secs]
182.269: [GC pause (G1 Evacuation Pause) (young) 681M->136M(960M), 0.0033064 secs]
182.322: [GC pause (G1 Evacuation Pause) (young) 680M->137M(960M), 0.0033551 secs]
182.376: [GC pause (G1 Evacuation Pause) (young) 681M->137M(960M), 0.0032280 secs]
182.430: [GC pause (G1 Evacuation Pause) (young) 681M->137M(960M), 0.0034569 secs]
182.484: [GC pause (G1 Evacuation Pause) (young) 681M->137M(960M), 0.0031370 secs]
182.537: [GC pause (G1 Evacuation Pause) (young) 681M->136M(960M), 0.0032615 secs]
182.589: [GC pause (G1 Evacuation Pause) (young) 680M->137M(960M), 0.0033267 secs]
182.642: [GC pause (G1 Evacuation Pause) (young) 681M->136M(960M), 0.0030833 secs]
182.694: [GC pause (G1 Evacuation Pause) (young) 680M->136M(960M), 0.0031769 secs]
182.748: [GC pause (G1 Evacuation Pause) (young) 680M->136M(960M), 0.0063935 secs]
182.799: [GC pause (G1 Evacuation Pause) (young) 680M->136M(960M), 0.0031520 secs]
182.853: [GC pause (G1 Evacuation Pause) (young) 680M->137M(960M), 0.0066349 secs]
182.905: [GC pause (G1 Evacuation Pause) (young) 681M->137M(960M), 0.0029662 secs]
182.960: [GC pause (G1 Evacuation Pause) (young) 681M->137M(960M), 0.0030445 secs]
183.014: [GC pause (G1 Evacuation Pause) (young) 681M->137M(960M), 0.0032210 secs]
183.065: [GC pause (G1 Evacuation Pause) (young) 681M->136M(960M), 0.0030426 secs]
183.121: [GC pause (G1 Evacuation Pause) (young) 680M->137M(960M), 0.0031376 secs]
183.174: [GC pause (G1 Evacuation Pause) (young) 681M->136M(960M), 0.0033556 secs]
183.228: [GC pause (G1 Evacuation Pause) (young) 680M->136M(960M), 0.0030389 secs]
183.281: [GC pause (G1 Evacuation Pause) (young) 680M->136M(960M), 0.0026392 secs]
183.335: [GC pause (G1 Evacuation Pause) (young) 680M->137M(960M), 0.0066516 secs]
183.389: [GC pause (G1 Evacuation Pause) (young) 681M->136M(960M), 0.0026221 secs]
183.441: [GC pause (G1 Evacuation Pause) (young) 680M->136M(960M), 0.0029748 secs]
183.494: [GC pause (G1 Evacuation Pause) (young) 680M->136M(960M), 0.0025650 secs]
183.549: [GC pause (G1 Evacuation Pause) (young) 680M->136M(960M), 0.0039689 secs]
183.600: [GC pause (G1 Evacuation Pause) (young) 680M->137M(960M), 0.0026434 secs]
183.653: [GC pause (G1 Evacuation Pause) (young) 681M->136M(960M), 0.0029703 secs]
183.707: [GC pause (G1 Evacuation Pause) (young) 680M->136M(960M), 0.0030887 secs]
183.759: [GC pause (G1 Evacuation Pause) (young) 680M->137M(960M), 0.0034479 secs]
183.812: [GC pause (G1 Evacuation Pause) (young) 681M->136M(960M), 0.0034294 secs]
183.865: [GC pause (G1 Evacuation Pause) (young) 680M->137M(960M), 0.0033128 secs]
183.918: [GC pause (G1 Evacuation Pause) (young) 681M->137M(960M), 0.0032034 secs]
183.971: [GC pause (G1 Evacuation Pause) (young) 681M->136M(960M), 0.0065817 secs]
184.026: [GC pause (G1 Evacuation Pause) (young) 680M->136M(960M), 0.0031943 secs]
184.077: [GC pause (G1 Evacuation Pause) (young) 680M->136M(960M), 0.0025827 secs]
184.130: [GC pause (G1 Evacuation Pause) (young) 680M->137M(960M), 0.0025072 secs]
184.184: [GC pause (G1 Evacuation Pause) (young) 681M->136M(960M), 0.0031211 secs]
184.235: [GC pause (G1 Evacuation Pause) (young) 680M->137M(960M), 0.0040418 secs]
184.288: [GC pause (G1 Evacuation Pause) (young) 681M->137M(960M), 0.0033542 secs]
184.342: [GC pause (G1 Evacuation Pause) (young) 681M->137M(960M), 0.0030703 secs]
184.394: [GC pause (G1 Evacuation Pause) (young) 681M->137M(960M), 0.0025918 secs]
184.448: [GC pause (G1 Evacuation Pause) (young) 681M->136M(960M), 0.0029867 secs]
184.502: [GC pause (G1 Evacuation Pause) (young) 680M->136M(960M), 0.0027284 secs]
184.555: [GC pause (G1 Evacuation Pause) (young) 680M->136M(960M), 0.0024967 secs]
184.608: [GC pause (G1 Evacuation Pause) (young) 680M->137M(960M), 0.0028649 secs]
184.662: [GC pause (G1 Evacuation Pause) (young) 681M->136M(960M), 0.0064756 secs]
184.716: [GC pause (G1 Evacuation Pause) (young) 680M->136M(960M), 0.0025066 secs]
184.768: [GC pause (G1 Evacuation Pause) (young) 680M->136M(960M), 0.0025791 secs]
184.821: [GC pause (G1 Evacuation Pause) (young) 680M->136M(960M), 0.0024709 secs]
184.876: [GC pause (G1 Evacuation Pause) (young) 680M->136M(960M), 0.0024806 secs]
184.927: [GC pause (G1 Evacuation Pause) (young) 680M->136M(960M), 0.0025577 secs]
184.980: [GC pause (G1 Evacuation Pause) (young) 680M->136M(960M), 0.0031620 secs]
185.034: [GC pause (G1 Evacuation Pause) (young) 680M->136M(960M), 0.0030646 secs]
185.087: [GC pause (G1 Evacuation Pause) (young) 680M->136M(960M), 0.0031916 secs]
185.140: [GC pause (G1 Evacuation Pause) (young) 680M->136M(960M), 0.0034760 secs]
185.194: [GC pause (G1 Evacuation Pause) (young) 680M->136M(960M), 0.0039002 secs]
185.246: [GC pause (G1 Evacuation Pause) (young) 680M->136M(960M), 0.0033370 secs]
185.298: [GC pause (G1 Evacuation Pause) (young) 680M->136M(960M), 0.0033126 secs]
185.351: [GC pause (G1 Evacuation Pause) (young) 680M->137M(960M), 0.0039950 secs]
185.404: [GC pause (G1 Evacuation Pause) (young) 681M->136M(960M), 0.0038991 secs]
185.454: [GC pause (G1 Evacuation Pause) (young) 680M->136M(960M), 0.0032217 secs]
185.509: [GC pause (G1 Evacuation Pause) (young) 680M->136M(960M), 0.0034388 secs]
185.560: [GC pause (G1 Evacuation Pause) (young) 680M->136M(960M), 0.0063036 secs]
185.614: [GC pause (G1 Evacuation Pause) (young) 680M->136M(960M), 0.0038738 secs]
185.668: [GC pause (G1 Evacuation Pause) (young) 680M->136M(960M), 0.0038639 secs]
185.723: [GC pause (G1 Evacuation Pause) (young) 680M->136M(960M), 0.0031975 secs]
185.777: [GC pause (G1 Evacuation Pause) (young) 680M->136M(960M), 0.0032107 secs]
185.831: [GC pause (G1 Evacuation Pause) (young) 680M->136M(960M), 0.0031008 secs]
185.883: [GC pause (G1 Evacuation Pause) (young) 680M->136M(960M), 0.0039366 secs]
185.935: [GC pause (G1 Evacuation Pause) (young) 680M->137M(960M), 0.0031500 secs]
185.988: [GC pause (G1 Evacuation Pause) (young) 681M->136M(960M), 0.0032035 secs]
186.041: [GC pause (G1 Evacuation Pause) (young) 680M->137M(960M), 0.0025313 secs]
186.094: [GC pause (G1 Evacuation Pause) (young) 681M->137M(960M), 0.0026765 secs]
186.146: [GC pause (G1 Evacuation Pause) (young) 681M->137M(960M), 0.0025477 secs]
186.199: [GC pause (G1 Evacuation Pause) (young) 681M->137M(960M), 0.0026381 secs]
186.254: [GC pause (G1 Evacuation Pause) (young) 681M->136M(960M), 0.0034713 secs]
186.306: [GC pause (G1 Evacuation Pause) (young) 680M->136M(960M), 0.0039067 secs]
186.361: [GC pause (G1 Evacuation Pause) (young) 680M->136M(960M), 0.0036078 secs]
186.415: [GC pause (G1 Evacuation Pause) (young) 680M->137M(960M), 0.0035318 secs]
186.466: [GC pause (G1 Evacuation Pause) (young) 681M->136M(960M), 0.0035656 secs]
186.519: [GC pause (G1 Evacuation Pause) (young) 680M->137M(960M), 0.0039907 secs]
186.574: [GC pause (G1 Evacuation Pause) (young) 681M->136M(960M), 0.0032743 secs]
186.627: [GC pause (G1 Evacuation Pause) (young) 680M->136M(960M), 0.0033544 secs]
186.680: [GC pause (G1 Evacuation Pause) (young) 680M->136M(960M), 0.0033775 secs]
186.734: [GC pause (G1 Evacuation Pause) (young) 680M->136M(960M), 0.0031749 secs]
186.786: [GC pause (G1 Evacuation Pause) (young) 680M->136M(960M), 0.0033862 secs]
186.840: [GC pause (G1 Evacuation Pause) (young) 680M->136M(960M), 0.0030535 secs]
186.893: [GC pause (G1 Evacuation Pause) (young) 680M->136M(960M), 0.0032904 secs]
186.944: [GC pause (G1 Evacuation Pause) (young) 680M->137M(960M), 0.0025980 secs]
186.998: [GC pause (G1 Evacuation Pause) (young) 681M->136M(960M), 0.0025338 secs]
187.051: [GC pause (G1 Evacuation Pause) (young) 680M->136M(960M), 0.0025523 secs]
187.104: [GC pause (G1 Evacuation Pause) (young) 680M->136M(960M), 0.0026151 secs]
187.157: [GC pause (G1 Evacuation Pause) (young) 680M->137M(960M), 0.0039806 secs]
187.210: [GC pause (G1 Evacuation Pause) (young) 681M->136M(960M), 0.0033960 secs]
187.263: [GC pause (G1 Evacuation Pause) (young) 680M->137M(960M), 0.0032257 secs]
187.317: [GC pause (G1 Evacuation Pause) (young) 681M->137M(960M), 0.0065734 secs]
187.370: [GC pause (G1 Evacuation Pause) (young) 681M->136M(960M), 0.0035417 secs]
187.422: [GC pause (G1 Evacuation Pause) (young) 680M->136M(960M), 0.0033406 secs]
187.475: [GC pause (G1 Evacuation Pause) (young) 680M->136M(960M), 0.0025793 secs]
187.528: [GC pause (G1 Evacuation Pause) (young) 680M->137M(960M), 0.0026728 secs]
187.581: [GC pause (G1 Evacuation Pause) (young) 681M->136M(960M), 0.0035357 secs]
187.635: [GC pause (G1 Evacuation Pause) (young) 680M->137M(960M), 0.0033341 secs]
187.688: [GC pause (G1 Evacuation Pause) (young) 681M->136M(960M), 0.0033894 secs]
187.743: [GC pause (G1 Evacuation Pause) (young) 680M->136M(960M), 0.0034685 secs]
187.796: [GC pause (G1 Evacuation Pause) (young) 680M->136M(960M), 0.0032637 secs]
187.850: [GC pause (G1 Evacuation Pause) (young) 680M->138M(960M), 0.0027744 secs]
187.903: [GC pause (G1 Evacuation Pause) (young) 682M->137M(960M), 0.0027118 secs]
187.955: [GC pause (G1 Evacuation Pause) (young) 681M->136M(960M), 0.0034290 secs]
188.010: [GC pause (G1 Evacuation Pause) (young) 680M->137M(960M), 0.0035848 secs]
188.061: [GC pause (G1 Evacuation Pause) (young) 681M->137M(960M), 0.0030993 secs]
188.115: [GC pause (G1 Evacuation Pause) (young) 681M->137M(960M), 0.0031314 secs]
188.167: [GC pause (G1 Evacuation Pause) (young) 681M->137M(960M), 0.0034742 secs]
188.220: [GC pause (G1 Evacuation Pause) (young) 681M->137M(960M), 0.0041345 secs]
188.275: [GC pause (G1 Evacuation Pause) (young) 681M->137M(960M), 0.0032153 secs]
188.326: [GC pause (G1 Evacuation Pause) (young) 681M->137M(960M), 0.0032871 secs]
188.380: [GC pause (G1 Evacuation Pause) (young) 681M->137M(960M), 0.0076890 secs]
188.432: [GC pause (G1 Evacuation Pause) (young) 681M->137M(960M), 0.0034965 secs]
188.485: [GC pause (G1 Evacuation Pause) (young) 681M->137M(960M), 0.0040257 secs]
188.538: [GC pause (G1 Evacuation Pause) (young) 681M->137M(960M), 0.0040125 secs]
188.593: [GC pause (G1 Evacuation Pause) (young) 681M->137M(960M), 0.0041921 secs]
188.646: [GC pause (G1 Evacuation Pause) (young) 681M->138M(960M), 0.0041586 secs]
188.698: [GC pause (G1 Evacuation Pause) (young) 682M->138M(960M), 0.0037021 secs]
188.753: [GC pause (G1 Evacuation Pause) (young) 682M->137M(960M), 0.0032164 secs]
188.808: [GC pause (G1 Evacuation Pause) (young) 681M->137M(960M), 0.0036459 secs]
188.859: [GC pause (G1 Evacuation Pause) (young) 681M->137M(960M), 0.0036238 secs]
188.913: [GC pause (G1 Evacuation Pause) (young) 681M->137M(960M), 0.0038608 secs]
188.967: [GC pause (G1 Evacuation Pause) (young) 681M->137M(960M), 0.0033819 secs]
189.019: [GC pause (G1 Evacuation Pause) (young) 681M->137M(960M), 0.0039839 secs]
189.071: [GC pause (G1 Evacuation Pause) (young) 681M->137M(960M), 0.0034434 secs]
189.124: [GC pause (G1 Evacuation Pause) (young) 681M->138M(960M), 0.0036624 secs]
189.176: [GC pause (G1 Evacuation Pause) (young) 682M->137M(960M), 0.0040228 secs]
189.229: [GC pause (G1 Evacuation Pause) (young) 681M->137M(960M), 0.0042069 secs]
189.283: [GC pause (G1 Evacuation Pause) (young) 681M->137M(960M), 0.0043035 secs]
189.336: [GC pause (G1 Evacuation Pause) (young) 681M->137M(960M), 0.0041864 secs]
189.391: [GC pause (G1 Evacuation Pause) (young) 681M->137M(960M), 0.0041562 secs]
189.444: [GC pause (G1 Evacuation Pause) (young) 681M->136M(960M), 0.0041313 secs]
189.497: [GC pause (G1 Evacuation Pause) (young) 680M->136M(960M), 0.0034918 secs]
189.551: [GC pause (G1 Evacuation Pause) (young) 680M->136M(960M), 0.0030179 secs]
189.603: [GC pause (G1 Evacuation Pause) (young) 680M->136M(960M), 0.0039478 secs]
189.656: [GC pause (G1 Evacuation Pause) (young) 680M->136M(960M), 0.0030817 secs]
189.708: [GC pause (G1 Evacuation Pause) (young) 680M->136M(960M), 0.0030522 secs]
189.760: [GC pause (G1 Evacuation Pause) (young) 680M->136M(960M), 0.0031683 secs]
189.811: [GC pause (G1 Evacuation Pause) (young) 680M->136M(960M), 0.0030101 secs]
189.865: [GC pause (G1 Evacuation Pause) (young) 680M->136M(960M), 0.0031194 secs]
189.919: [GC pause (G1 Evacuation Pause) (young) 680M->137M(960M), 0.0032233 secs]
189.972: [GC pause (G1 Evacuation Pause) (young) 681M->136M(960M), 0.0039728 secs]
190.025: [GC pause (G1 Evacuation Pause) (young) 680M->136M(960M), 0.0031072 secs]
190.078: [GC pause (G1 Evacuation Pause) (young) 680M->136M(960M), 0.0031041 secs]
190.131: [GC pause (G1 Evacuation Pause) (young) 680M->136M(960M), 0.0040096 secs]
190.184: [GC pause (G1 Evacuation Pause) (young) 680M->136M(960M), 0.0039577 secs]
190.236: [GC pause (G1 Evacuation Pause) (young) 680M->136M(960M), 0.0031641 secs]
190.289: [GC pause (G1 Evacuation Pause) (young) 680M->136M(960M), 0.0039230 secs]
190.342: [GC pause (G1 Evacuation Pause) (young) 680M->137M(960M), 0.0068215 secs]
190.397: [GC pause (G1 Evacuation Pause) (young) 681M->136M(960M), 0.0049194 secs]
190.447: [GC pause (G1 Evacuation Pause) (young) 680M->136M(960M), 0.0040119 secs]
190.501: [GC pause (G1 Evacuation Pause) (young) 680M->137M(960M), 0.0068616 secs]
190.555: [GC pause (G1 Evacuation Pause) (young) 681M->136M(960M), 0.0040783 secs]
190.609: [GC pause (G1 Evacuation Pause) (young) 680M->136M(960M), 0.0041150 secs]
190.661: [GC pause (G1 Evacuation Pause) (young) 680M->136M(960M), 0.0064318 secs]
190.714: [GC pause (G1 Evacuation Pause) (young) 680M->136M(960M), 0.0067442 secs]
190.768: [GC pause (G1 Evacuation Pause) (young) 680M->136M(960M), 0.0065045 secs]
190.822: [GC pause (G1 Evacuation Pause) (young) 680M->136M(960M), 0.0066877 secs]
190.876: [GC pause (G1 Evacuation Pause) (young) 680M->136M(960M), 0.0040799 secs]
190.927: [GC pause (G1 Evacuation Pause) (young) 680M->137M(960M), 0.0041876 secs]
190.981: [GC pause (G1 Evacuation Pause) (young) 681M->136M(960M), 0.0040836 secs]
191.034: [GC pause (G1 Evacuation Pause) (young) 680M->136M(960M), 0.0041211 secs]
191.086: [GC pause (G1 Evacuation Pause) (young) 680M->136M(960M), 0.0039647 secs]
191.139: [GC pause (G1 Evacuation Pause) (young) 680M->135M(960M), 0.0040511 secs]
191.191: [GC pause (G1 Evacuation Pause) (young) 679M->136M(960M), 0.0040521 secs]
191.245: [GC pause (G1 Evacuation Pause) (young) 680M->136M(960M), 0.0039591 secs]
191.298: [GC pause (G1 Evacuation Pause) (young) 680M->135M(960M), 0.0038889 secs]
191.352: [GC pause (G1 Evacuation Pause) (young) 679M->135M(960M), 0.0039287 secs]
191.405: [GC pause (G1 Evacuation Pause) (young) 679M->135M(960M), 0.0041415 secs]
191.457: [GC pause (G1 Evacuation Pause) (young) 679M->136M(960M), 0.0045717 secs]
191.512: [GC pause (G1 Evacuation Pause) (young) 680M->136M(960M), 0.0042332 secs]
191.566: [GC pause (G1 Evacuation Pause) (young) 680M->136M(960M), 0.0040904 secs]
191.620: [GC pause (G1 Evacuation Pause) (young) 680M->137M(960M), 0.0040443 secs]
191.673: [GC pause (G1 Evacuation Pause) (young) 681M->136M(960M), 0.0157431 secs]
191.729: [GC pause (G1 Evacuation Pause) (young) 680M->136M(960M), 0.0041947 secs]
191.782: [GC pause (G1 Evacuation Pause) (young) 680M->136M(960M), 0.0042333 secs]
191.835: [GC pause (G1 Evacuation Pause) (young) 680M->137M(960M), 0.0069382 secs]
191.888: [GC pause (G1 Evacuation Pause) (young) 681M->136M(960M), 0.0040268 secs]
191.943: [GC pause (G1 Evacuation Pause) (young) 680M->136M(960M), 0.0041119 secs]
191.995: [GC pause (G1 Evacuation Pause) (young) 680M->136M(960M), 0.0040512 secs]
192.048: [GC pause (G1 Evacuation Pause) (young) 680M->136M(960M), 0.0049140 secs]
192.100: [GC pause (G1 Evacuation Pause) (young) 680M->136M(960M), 0.0030668 secs]
192.154: [GC pause (G1 Evacuation Pause) (young) 680M->136M(960M), 0.0030504 secs]
192.207: [GC pause (G1 Evacuation Pause) (young) 680M->136M(960M), 0.0030046 secs]
192.261: [GC pause (G1 Evacuation Pause) (young) 680M->136M(960M), 0.0030271 secs]
192.313: [GC pause (G1 Evacuation Pause) (young) 680M->136M(960M), 0.0065011 secs]
192.367: [GC pause (G1 Evacuation Pause) (young) 680M->137M(960M), 0.0039439 secs]
192.420: [GC pause (G1 Evacuation Pause) (young) 681M->136M(960M), 0.0032037 secs]
192.472: [GC pause (G1 Evacuation Pause) (young) 680M->136M(960M), 0.0031104 secs]
192.523: [GC pause (G1 Evacuation Pause) (young) 680M->136M(960M), 0.0031729 secs]
192.577: [GC pause (G1 Evacuation Pause) (young) 680M->136M(960M), 0.0032103 secs]
192.630: [GC pause (G1 Evacuation Pause) (young) 680M->135M(960M), 0.0030572 secs]
192.683: [GC pause (G1 Evacuation Pause) (young) 679M->136M(960M), 0.0025503 secs]
192.737: [GC pause (G1 Evacuation Pause) (young) 680M->135M(960M), 0.0030443 secs]
192.789: [GC pause (G1 Evacuation Pause) (young) 679M->136M(960M), 0.0030853 secs]
192.841: [GC pause (G1 Evacuation Pause) (young) 680M->135M(960M), 0.0062942 secs]
192.897: [GC pause (G1 Evacuation Pause) (young) 679M->135M(960M), 0.0024788 secs]
192.949: [GC pause (G1 Evacuation Pause) (young) 679M->135M(960M), 0.0024934 secs]
193.003: [GC pause (G1 Evacuation Pause) (young) 679M->135M(960M), 0.0024963 secs]
193.055: [GC pause (G1 Evacuation Pause) (young) 679M->135M(960M), 0.0029626 secs]
193.107: [GC pause (G1 Evacuation Pause) (young) 679M->135M(960M), 0.0030046 secs]
193.159: [GC pause (G1 Evacuation Pause) (young) 679M->136M(960M), 0.0030884 secs]
193.213: [GC pause (G1 Evacuation Pause) (young) 680M->136M(960M), 0.0037943 secs]
193.267: [GC pause (G1 Evacuation Pause) (young) 680M->135M(960M), 0.0029206 secs]
193.320: [GC pause (G1 Evacuation Pause) (young) 679M->135M(960M), 0.0025073 secs]
193.373: [GC pause (G1 Evacuation Pause) (young) 679M->136M(960M), 0.0024128 secs]
193.425: [GC pause (G1 Evacuation Pause) (young) 680M->136M(960M), 0.0025387 secs]
193.478: [GC pause (G1 Evacuation Pause) (young) 680M->135M(960M), 0.0025279 secs]
193.530: [GC pause (G1 Evacuation Pause) (young) 679M->136M(960M), 0.0027885 secs]
193.582: [GC pause (G1 Evacuation Pause) (young) 680M->136M(960M), 0.0031394 secs]
193.635: [GC pause (G1 Evacuation Pause) (young) 680M->136M(960M), 0.0029945 secs]
193.687: [GC pause (G1 Evacuation Pause) (young) 680M->136M(960M), 0.0030286 secs]
193.741: [GC pause (G1 Evacuation Pause) (young) 680M->135M(960M), 0.0038555 secs]
193.793: [GC pause (G1 Evacuation Pause) (young) 679M->135M(960M), 0.0030621 secs]
193.845: [GC pause (G1 Evacuation Pause) (young) 679M->135M(960M), 0.0038520 secs]
193.899: [GC pause (G1 Evacuation Pause) (young) 679M->135M(960M), 0.0039979 secs]
193.951: [GC pause (G1 Evacuation Pause) (young) 679M->135M(960M), 0.0039683 secs]
194.004: [GC pause (G1 Evacuation Pause) (young) 679M->135M(960M), 0.0039433 secs]
194.057: [GC pause (G1 Evacuation Pause) (young) 679M->135M(960M), 0.0040474 secs]
194.110: [GC pause (G1 Evacuation Pause) (young) 679M->135M(960M), 0.0039910 secs]
194.163: [GC pause (G1 Evacuation Pause) (young) 679M->135M(960M), 0.0030407 secs]
194.217: [GC pause (G1 Evacuation Pause) (young) 679M->136M(960M), 0.0030636 secs]
194.271: [GC pause (G1 Evacuation Pause) (young) 680M->136M(960M), 0.0039062 secs]
194.323: [GC pause (G1 Evacuation Pause) (young) 680M->136M(960M), 0.0038996 secs]
194.376: [GC pause (G1 Evacuation Pause) (young) 680M->136M(960M), 0.0029522 secs]
194.428: [GC pause (G1 Evacuation Pause) (young) 680M->136M(960M), 0.0038744 secs]
194.482: [GC pause (G1 Evacuation Pause) (young) 680M->135M(960M), 0.0029918 secs]
194.535: [GC pause (G1 Evacuation Pause) (young) 679M->135M(960M), 0.0030911 secs]
194.586: [GC pause (G1 Evacuation Pause) (young) 679M->135M(960M), 0.0029582 secs]
194.639: [GC pause (G1 Evacuation Pause) (young) 679M->135M(960M), 0.0030511 secs]
194.694: [GC pause (G1 Evacuation Pause) (young) 679M->135M(960M), 0.0030752 secs]
194.745: [GC pause (G1 Evacuation Pause) (young) 679M->135M(960M), 0.0038066 secs]
194.797: [GC pause (G1 Evacuation Pause) (young) 679M->135M(960M), 0.0029112 secs]
194.851: [GC pause (G1 Evacuation Pause) (young) 679M->136M(960M), 0.0037872 secs]
194.903: [GC pause (G1 Evacuation Pause) (young) 680M->135M(960M), 0.0025541 secs]
194.956: [GC pause (G1 Evacuation Pause) (young) 679M->136M(960M), 0.0024884 secs]
195.009: [GC pause (G1 Evacuation Pause) (young) 680M->136M(960M), 0.0025641 secs]
195.063: [GC pause (G1 Evacuation Pause) (young) 680M->135M(960M), 0.0029565 secs]
195.116: [GC pause (G1 Evacuation Pause) (young) 679M->136M(960M), 0.0030214 secs]
195.169: [GC pause (G1 Evacuation Pause) (young) 680M->135M(960M), 0.0030025 secs]
195.222: [GC pause (G1 Evacuation Pause) (young) 679M->136M(960M), 0.0030757 secs]
195.274: [GC pause (G1 Evacuation Pause) (young) 680M->136M(960M), 0.0030510 secs]
195.326: [GC pause (G1 Evacuation Pause) (young) 680M->136M(960M), 0.0030691 secs]
195.379: [GC pause (G1 Evacuation Pause) (young) 680M->135M(960M), 0.0029603 secs]
195.432: [GC pause (G1 Evacuation Pause) (young) 679M->134M(960M), 0.0029943 secs]
195.482: [GC pause (G1 Evacuation Pause) (young) 678M->135M(960M), 0.0029091 secs]
195.538: [GC pause (G1 Evacuation Pause) (young) 679M->134M(960M), 0.0030397 secs]
195.589: [GC pause (G1 Evacuation Pause) (young) 678M->135M(960M), 0.0030191 secs]
195.644: [GC pause (G1 Evacuation Pause) (young) 679M->135M(960M), 0.0030188 secs]
195.698: [GC pause (G1 Evacuation Pause) (young) 679M->136M(960M), 0.0026356 secs]
195.749: [GC pause (G1 Evacuation Pause) (young) 680M->135M(960M), 0.0029234 secs]
195.803: [GC pause (G1 Evacuation Pause) (young) 679M->135M(960M), 0.0029671 secs]
195.857: [GC pause (G1 Evacuation Pause) (young) 679M->135M(960M), 0.0030006 secs]
195.910: [GC pause (G1 Evacuation Pause) (young) 679M->135M(960M), 0.0030443 secs]
195.962: [GC pause (G1 Evacuation Pause) (young) 679M->135M(960M), 0.0029057 secs]
196.014: [GC pause (G1 Evacuation Pause) (young) 679M->135M(960M), 0.0030004 secs]
196.068: [GC pause (G1 Evacuation Pause) (young) 679M->136M(960M), 0.0031558 secs]
196.123: [GC pause (G1 Evacuation Pause) (young) 680M->135M(960M), 0.0029647 secs]
196.176: [GC pause (G1 Evacuation Pause) (young) 679M->135M(960M), 0.0037877 secs]
196.229: [GC pause (G1 Evacuation Pause) (young) 679M->135M(960M), 0.0025655 secs]
196.282: [GC pause (G1 Evacuation Pause) (young) 679M->136M(960M), 0.0024046 secs]
196.334: [GC pause (G1 Evacuation Pause) (young) 680M->136M(960M), 0.0025021 secs]
196.387: [GC pause (G1 Evacuation Pause) (young) 680M->135M(960M), 0.0026346 secs]
196.439: [GC pause (G1 Evacuation Pause) (young) 679M->135M(960M), 0.0025568 secs]
196.492: [GC pause (G1 Evacuation Pause) (young) 679M->135M(960M), 0.0061931 secs]
196.548: [GC pause (G1 Evacuation Pause) (young) 679M->136M(960M), 0.0064814 secs]
196.601: [GC pause (G1 Evacuation Pause) (young) 680M->135M(960M), 0.0030361 secs]
196.654: [GC pause (G1 Evacuation Pause) (young) 679M->135M(960M), 0.0038543 secs]
196.704: [GC pause (G1 Evacuation Pause) (young) 679M->135M(960M), 0.0030222 secs]
196.756: [GC pause (G1 Evacuation Pause) (young) 679M->134M(960M), 0.0029015 secs]
196.808: [GC pause (G1 Evacuation Pause) (young) 678M->134M(960M), 0.0028071 secs]
196.862: [GC pause (G1 Evacuation Pause) (young) 678M->135M(960M), 0.0029094 secs]
196.914: [GC pause (G1 Evacuation Pause) (young) 679M->134M(960M), 0.0023993 secs]
196.969: [GC pause (G1 Evacuation Pause) (young) 678M->135M(960M), 0.0061536 secs]
197.022: [GC pause (G1 Evacuation Pause) (young) 679M->134M(960M), 0.0022579 secs]
197.077: [GC pause (G1 Evacuation Pause) (young) 678M->134M(960M), 0.0024514 secs]
197.130: [GC pause (G1 Evacuation Pause) (young) 678M->134M(960M), 0.0037143 secs]
197.183: [GC pause (G1 Evacuation Pause) (young) 678M->134M(960M), 0.0038125 secs]
197.237: [GC pause (G1 Evacuation Pause) (young) 678M->135M(960M), 0.0036606 secs]
197.292: [GC pause (G1 Evacuation Pause) (young) 679M->135M(960M), 0.0030124 secs]
197.345: [GC pause (G1 Evacuation Pause) (young) 679M->135M(960M), 0.0032156 secs]
197.396: [GC pause (G1 Evacuation Pause) (young) 679M->135M(960M), 0.0038348 secs]
197.453: [GC pause (G1 Evacuation Pause) (young) 679M->134M(960M), 0.0030730 secs]
197.506: [GC pause (G1 Evacuation Pause) (young) 678M->134M(960M), 0.0028163 secs]
197.559: [GC pause (G1 Evacuation Pause) (young) 678M->134M(960M), 0.0028566 secs]
197.612: [GC pause (G1 Evacuation Pause) (young) 678M->134M(960M), 0.0029348 secs]
197.664: [GC pause (G1 Evacuation Pause) (young) 678M->135M(960M), 0.0029160 secs]
197.718: [GC pause (G1 Evacuation Pause) (young) 679M->135M(960M), 0.0025714 secs]
197.769: [GC pause (G1 Evacuation Pause) (young) 679M->134M(960M), 0.0023607 secs]
197.822: [GC pause (G1 Evacuation Pause) (young) 678M->134M(960M), 0.0030809 secs]
197.875: [GC pause (G1 Evacuation Pause) (young) 678M->135M(960M), 0.0028066 secs]
197.930: [GC pause (G1 Evacuation Pause) (young) 679M->134M(960M), 0.0061030 secs]
197.985: [GC pause (G1 Evacuation Pause) (young) 678M->134M(960M), 0.0029898 secs]
198.039: [GC pause (G1 Evacuation Pause) (young) 678M->134M(960M), 0.0038229 secs]
198.093: [GC pause (G1 Evacuation Pause) (young) 678M->134M(960M), 0.0038629 secs]
198.149: [GC pause (G1 Evacuation Pause) (young) 678M->134M(960M), 0.0061719 secs]
198.202: [GC pause (G1 Evacuation Pause) (young) 678M->135M(960M), 0.0038465 secs]
198.255: [GC pause (G1 Evacuation Pause) (young) 679M->135M(960M), 0.0038067 secs]
198.308: [GC pause (G1 Evacuation Pause) (young) 679M->134M(960M), 0.0063521 secs]
198.362: [GC pause (G1 Evacuation Pause) (young) 678M->134M(960M), 0.0037426 secs]
198.415: [GC pause (G1 Evacuation Pause) (young) 678M->135M(960M), 0.0040707 secs]
198.468: [GC pause (G1 Evacuation Pause) (young) 679M->134M(960M), 0.0038536 secs]
198.522: [GC pause (G1 Evacuation Pause) (young) 678M->135M(960M), 0.0063295 secs]
198.576: [GC pause (G1 Evacuation Pause) (young) 679M->134M(960M), 0.0062848 secs]
198.630: [GC pause (G1 Evacuation Pause) (young) 678M->135M(960M), 0.0039048 secs]
198.684: [GC pause (G1 Evacuation Pause) (young) 679M->134M(960M), 0.0042148 secs]
198.739: [GC pause (G1 Evacuation Pause) (young) 678M->134M(960M), 0.0037724 secs]
198.792: [GC pause (G1 Evacuation Pause) (young) 678M->134M(960M), 0.0037299 secs]
198.845: [GC pause (G1 Evacuation Pause) (young) 678M->135M(960M), 0.0064118 secs]
198.898: [GC pause (G1 Evacuation Pause) (young) 679M->134M(960M), 0.0065667 secs]
198.952: [GC pause (G1 Evacuation Pause) (young) 678M->135M(960M), 0.0038810 secs]
199.005: [GC pause (G1 Evacuation Pause) (young) 679M->135M(960M), 0.0038622 secs]
199.057: [GC pause (G1 Evacuation Pause) (young) 679M->135M(960M), 0.0038901 secs]
199.113: [GC pause (G1 Evacuation Pause) (young) 679M->135M(960M), 0.0061745 secs]
199.167: [GC pause (G1 Evacuation Pause) (young) 679M->136M(960M), 0.0039337 secs]
199.220: [GC pause (G1 Evacuation Pause) (young) 680M->135M(960M), 0.0062812 secs]
199.272: [GC pause (G1 Evacuation Pause) (young) 679M->135M(960M), 0.0063665 secs]
199.325: [GC pause (G1 Evacuation Pause) (young) 679M->136M(960M), 0.0059941 secs]
199.379: [GC pause (G1 Evacuation Pause) (young) 680M->135M(960M), 0.0038668 secs]
199.431: [GC pause (G1 Evacuation Pause) (young) 679M->136M(960M), 0.0031816 secs]
199.484: [GC pause (G1 Evacuation Pause) (young) 680M->135M(960M), 0.0029053 secs]
199.537: [GC pause (G1 Evacuation Pause) (young) 679M->136M(960M), 0.0027903 secs]
199.592: [GC pause (G1 Evacuation Pause) (young) 680M->136M(960M), 0.0027040 secs]
199.644: [GC pause (G1 Evacuation Pause) (young) 680M->135M(960M), 0.0024542 secs]
199.696: [GC pause (G1 Evacuation Pause) (young) 679M->135M(960M), 0.0023906 secs]
199.749: [GC pause (G1 Evacuation Pause) (young) 679M->136M(960M), 0.0025105 secs]
199.802: [GC pause (G1 Evacuation Pause) (young) 680M->136M(960M), 0.0027475 secs]
199.856: [GC pause (G1 Evacuation Pause) (young) 680M->136M(960M), 0.0030130 secs]
199.910: [GC pause (G1 Evacuation Pause) (young) 680M->135M(960M), 0.0024341 secs]
199.963: [GC pause (G1 Evacuation Pause) (young) 679M->136M(960M), 0.0024614 secs]
200.016: [GC pause (G1 Evacuation Pause) (young) 680M->136M(960M), 0.0038085 secs]
200.070: [GC pause (G1 Evacuation Pause) (young) 680M->135M(960M), 0.0037973 secs]
200.124: [GC pause (G1 Evacuation Pause) (young) 679M->135M(960M), 0.0029517 secs]
200.176: [GC pause (G1 Evacuation Pause) (young) 679M->136M(960M), 0.0029417 secs]
200.228: [GC pause (G1 Evacuation Pause) (young) 680M->135M(960M), 0.0038481 secs]
200.279: [GC pause (G1 Evacuation Pause) (young) 679M->135M(960M), 0.0029954 secs]
200.331: [GC pause (G1 Evacuation Pause) (young) 679M->136M(960M), 0.0030113 secs]
200.383: [GC pause (G1 Evacuation Pause) (young) 680M->136M(960M), 0.0030786 secs]
200.435: [GC pause (G1 Evacuation Pause) (young) 680M->135M(960M), 0.0028535 secs]
200.488: [GC pause (G1 Evacuation Pause) (young) 679M->136M(960M), 0.0028709 secs]
200.539: [GC pause (G1 Evacuation Pause) (young) 680M->136M(960M), 0.0038005 secs]
200.594: [GC pause (G1 Evacuation Pause) (young) 680M->136M(960M), 0.0037209 secs]
200.646: [GC pause (G1 Evacuation Pause) (young) 680M->136M(960M), 0.0032499 secs]
200.699: [GC pause (G1 Evacuation Pause) (young) 680M->137M(960M), 0.0024313 secs]
200.754: [GC pause (G1 Evacuation Pause) (young) 681M->136M(960M), 0.0024991 secs]
200.806: [GC pause (G1 Evacuation Pause) (young) 680M->135M(960M), 0.0023689 secs]
200.860: [GC pause (G1 Evacuation Pause) (young) 679M->136M(960M), 0.0030550 secs]
200.912: [GC pause (G1 Evacuation Pause) (young) 680M->137M(960M), 0.0033550 secs]
200.965: [GC pause (G1 Evacuation Pause) (young) 681M->135M(960M), 0.0029679 secs]
201.019: [GC pause (G1 Evacuation Pause) (young) 679M->136M(960M), 0.0030073 secs]
201.072: [GC pause (G1 Evacuation Pause) (young) 680M->135M(960M), 0.0024943 secs]
201.126: [GC pause (G1 Evacuation Pause) (young) 679M->136M(960M), 0.0024399 secs]
201.179: [GC pause (G1 Evacuation Pause) (young) 680M->136M(960M), 0.0026791 secs]
201.233: [GC pause (G1 Evacuation Pause) (young) 680M->136M(960M), 0.0031759 secs]
201.286: [GC pause (G1 Evacuation Pause) (young) 680M->136M(960M), 0.0029375 secs]
201.338: [GC pause (G1 Evacuation Pause) (young) 680M->136M(960M), 0.0025346 secs]
201.392: [GC pause (G1 Evacuation Pause) (young) 680M->136M(960M), 0.0026493 secs]
201.446: [GC pause (G1 Evacuation Pause) (young) 680M->136M(960M), 0.0037084 secs]
201.497: [GC pause (G1 Evacuation Pause) (young) 680M->136M(960M), 0.0030664 secs]
201.550: [GC pause (G1 Evacuation Pause) (young) 680M->136M(960M), 0.0033064 secs]
201.603: [GC pause (G1 Evacuation Pause) (young) 680M->136M(960M), 0.0030883 secs]
201.656: [GC pause (G1 Evacuation Pause) (young) 680M->136M(960M), 0.0027785 secs]
201.709: [GC pause (G1 Evacuation Pause) (young) 680M->136M(960M), 0.0062197 secs]
201.761: [GC pause (G1 Evacuation Pause) (young) 680M->136M(960M), 0.0038952 secs]
201.815: [GC pause (G1 Evacuation Pause) (young) 680M->136M(960M), 0.0056506 secs]
201.868: [GC pause (G1 Evacuation Pause) (young) 680M->136M(960M), 0.0038382 secs]
201.921: [GC pause (G1 Evacuation Pause) (young) 680M->136M(960M), 0.0034656 secs]
201.973: [GC pause (G1 Evacuation Pause) (young) 680M->136M(960M), 0.0029598 secs]
202.026: [GC pause (G1 Evacuation Pause) (young) 680M->136M(960M), 0.0030778 secs]
202.080: [GC pause (G1 Evacuation Pause) (young) 680M->136M(960M), 0.0030783 secs]
202.134: [GC pause (G1 Evacuation Pause) (young) 680M->136M(960M), 0.0030096 secs]
202.187: [GC pause (G1 Evacuation Pause) (young) 680M->136M(960M), 0.0037712 secs]
202.240: [GC pause (G1 Evacuation Pause) (young) 680M->137M(960M), 0.0030115 secs]
202.298: [GC pause (G1 Evacuation Pause) (young) 681M->136M(960M), 0.0032028 secs]
202.352: [GC pause (G1 Evacuation Pause) (young) 680M->136M(960M), 0.0038730 secs]
202.404: [GC pause (G1 Evacuation Pause) (young) 680M->136M(960M), 0.0038610 secs]
202.457: [GC pause (G1 Evacuation Pause) (young) 680M->136M(960M), 0.0038674 secs]
202.511: [GC pause (G1 Evacuation Pause) (young) 680M->136M(960M), 0.0030218 secs]
202.564: [GC pause (G1 Evacuation Pause) (young) 680M->137M(960M), 0.0031054 secs]
202.618: [GC pause (G1 Evacuation Pause) (young) 681M->136M(960M), 0.0024525 secs]
202.672: [GC pause (G1 Evacuation Pause) (young) 680M->136M(960M), 0.0025493 secs]
202.725: [GC pause (G1 Evacuation Pause) (young) 680M->136M(960M), 0.0029484 secs]
202.780: [GC pause (G1 Evacuation Pause) (young) 680M->136M(960M), 0.0031391 secs]
202.834: [GC pause (G1 Evacuation Pause) (young) 680M->136M(960M), 0.0029876 secs]
202.887: [GC pause (G1 Evacuation Pause) (young) 680M->136M(960M), 0.0036824 secs]
202.940: [GC pause (G1 Evacuation Pause) (young) 680M->136M(960M), 0.0062767 secs]
202.993: [GC pause (G1 Evacuation Pause) (young) 680M->136M(960M), 0.0025151 secs]
203.046: [GC pause (G1 Evacuation Pause) (young) 680M->136M(960M), 0.0025722 secs]
203.099: [GC pause (G1 Evacuation Pause) (young) 680M->136M(960M), 0.0064162 secs]
203.152: [GC pause (G1 Evacuation Pause) (young) 680M->136M(960M), 0.0025771 secs]
203.206: [GC pause (G1 Evacuation Pause) (young) 680M->136M(960M), 0.0064391 secs]
203.259: [GC pause (G1 Evacuation Pause) (young) 680M->136M(960M), 0.0025549 secs]
203.312: [GC pause (G1 Evacuation Pause) (young) 680M->136M(960M), 0.0026640 secs]
203.365: [GC pause (G1 Evacuation Pause) (young) 680M->136M(960M), 0.0025142 secs]
203.417: [GC pause (G1 Evacuation Pause) (young) 680M->136M(960M), 0.0024411 secs]
203.471: [GC pause (G1 Evacuation Pause) (young) 680M->136M(960M), 0.0025135 secs]
203.526: [GC pause (G1 Evacuation Pause) (young) 680M->135M(960M), 0.0026774 secs]
203.579: [GC pause (G1 Evacuation Pause) (young) 679M->135M(960M), 0.0025052 secs]
203.632: [GC pause (G1 Evacuation Pause) (young) 679M->136M(960M), 0.0029344 secs]
203.684: [GC pause (G1 Evacuation Pause) (young) 680M->136M(960M), 0.0029409 secs]
203.737: [GC pause (G1 Evacuation Pause) (young) 680M->135M(960M), 0.0028935 secs]
203.791: [GC pause (G1 Evacuation Pause) (young) 679M->135M(960M), 0.0029362 secs]
203.842: [GC pause (G1 Evacuation Pause) (young) 679M->136M(960M), 0.0029019 secs]
203.896: [GC pause (G1 Evacuation Pause) (young) 680M->135M(960M), 0.0028447 secs]
203.949: [GC pause (G1 Evacuation Pause) (young) 679M->135M(960M), 0.0030023 secs]
204.003: [GC pause (G1 Evacuation Pause) (young) 679M->136M(960M), 0.0038061 secs]
204.058: [GC pause (G1 Evacuation Pause) (young) 680M->136M(960M), 0.0030019 secs]
204.109: [GC pause (G1 Evacuation Pause) (young) 680M->135M(960M), 0.0028939 secs]
204.161: [GC pause (G1 Evacuation Pause) (young) 679M->135M(960M), 0.0062700 secs]
204.215: [GC pause (G1 Evacuation Pause) (young) 679M->136M(960M), 0.0030192 secs]
204.269: [GC pause (G1 Evacuation Pause) (young) 680M->135M(960M), 0.0037900 secs]
204.320: [GC pause (G1 Evacuation Pause) (young) 679M->135M(960M), 0.0028476 secs]
204.373: [GC pause (G1 Evacuation Pause) (young) 679M->136M(960M), 0.0030517 secs]
204.424: [GC pause (G1 Evacuation Pause) (young) 680M->135M(960M), 0.0029153 secs]
204.479: [GC pause (G1 Evacuation Pause) (young) 679M->135M(960M), 0.0029614 secs]
204.531: [GC pause (G1 Evacuation Pause) (young) 679M->135M(960M), 0.0028668 secs]
204.585: [GC pause (G1 Evacuation Pause) (young) 679M->135M(960M), 0.0028838 secs]
204.641: [GC pause (G1 Evacuation Pause) (young) 679M->135M(960M), 0.0036956 secs]
204.695: [GC pause (G1 Evacuation Pause) (young) 679M->136M(960M), 0.0037037 secs]
204.747: [GC pause (G1 Evacuation Pause) (young) 680M->135M(960M), 0.0024981 secs]
204.803: [GC pause (G1 Evacuation Pause) (young) 679M->136M(960M), 0.0024904 secs]
204.854: [GC pause (G1 Evacuation Pause) (young) 680M->135M(960M), 0.0027561 secs]
204.911: [GC pause (G1 Evacuation Pause) (young) 679M->136M(960M), 0.0025483 secs]
204.963: [GC pause (G1 Evacuation Pause) (young) 680M->135M(960M), 0.0030551 secs]
205.014: [GC pause (G1 Evacuation Pause) (young) 679M->136M(960M), 0.0029420 secs]
205.070: [GC pause (G1 Evacuation Pause) (young) 680M->137M(960M), 0.0031382 secs]
205.121: [GC pause (G1 Evacuation Pause) (young) 681M->136M(960M), 0.0029820 secs]
205.175: [GC pause (G1 Evacuation Pause) (young) 680M->136M(960M), 0.0029198 secs]
205.229: [GC pause (G1 Evacuation Pause) (young) 680M->137M(960M), 0.0033397 secs]
205.281: [GC pause (G1 Evacuation Pause) (young) 681M->136M(960M), 0.0031274 secs]
205.335: [GC pause (G1 Evacuation Pause) (young) 680M->136M(960M), 0.0030699 secs]
205.387: [GC pause (G1 Evacuation Pause) (young) 680M->136M(960M), 0.0029246 secs]
205.441: [GC pause (G1 Evacuation Pause) (young) 680M->136M(960M), 0.0030165 secs]
205.495: [GC pause (G1 Evacuation Pause) (young) 680M->136M(960M), 0.0029440 secs]
205.548: [GC pause (G1 Evacuation Pause) (young) 680M->136M(960M), 0.0061514 secs]
205.600: [GC pause (G1 Evacuation Pause) (young) 680M->136M(960M), 0.0030915 secs]
205.652: [GC pause (G1 Evacuation Pause) (young) 680M->135M(960M), 0.0029536 secs]
205.706: [GC pause (G1 Evacuation Pause) (young) 679M->135M(960M), 0.0060482 secs]
205.759: [GC pause (G1 Evacuation Pause) (young) 679M->136M(960M), 0.0061826 secs]
205.813: [GC pause (G1 Evacuation Pause) (young) 680M->135M(960M), 0.0030721 secs]
205.866: [GC pause (G1 Evacuation Pause) (young) 679M->136M(960M), 0.0029518 secs]
205.920: [GC pause (G1 Evacuation Pause) (young) 680M->136M(960M), 0.0037702 secs]
205.973: [GC pause (G1 Evacuation Pause) (young) 680M->135M(960M), 0.0036382 secs]
206.028: [GC pause (G1 Evacuation Pause) (young) 679M->136M(960M), 0.0027855 secs]
206.078: [GC pause (G1 Evacuation Pause) (young) 680M->136M(960M), 0.0023936 secs]
206.133: [GC pause (G1 Evacuation Pause) (young) 680M->135M(960M), 0.0024548 secs]
206.186: [GC pause (G1 Evacuation Pause) (young) 679M->135M(960M), 0.0025760 secs]
206.239: [GC pause (G1 Evacuation Pause) (young) 679M->136M(960M), 0.0027176 secs]
206.291: [GC pause (G1 Evacuation Pause) (young) 680M->135M(960M), 0.0026740 secs]
206.344: [GC pause (G1 Evacuation Pause) (young) 679M->135M(960M), 0.0028691 secs]
206.399: [GC pause (G1 Evacuation Pause) (young) 679M->135M(960M), 0.0026234 secs]
206.453: [GC pause (G1 Evacuation Pause) (young) 679M->136M(960M), 0.0025509 secs]
206.504: [GC pause (G1 Evacuation Pause) (young) 680M->136M(960M), 0.0028079 secs]
206.556: [GC pause (G1 Evacuation Pause) (young) 680M->136M(960M), 0.0025973 secs]
206.608: [GC pause (G1 Evacuation Pause) (young) 680M->135M(960M), 0.0026540 secs]
206.661: [GC pause (G1 Evacuation Pause) (young) 679M->135M(960M), 0.0060574 secs]
206.713: [GC pause (G1 Evacuation Pause) (young) 679M->136M(960M), 0.0025242 secs]
206.766: [GC pause (G1 Evacuation Pause) (young) 680M->136M(960M), 0.0029024 secs]
206.817: [GC pause (G1 Evacuation Pause) (young) 680M->135M(960M), 0.0036755 secs]
206.870: [GC pause (G1 Evacuation Pause) (young) 679M->135M(960M), 0.0027059 secs]
206.923: [GC pause (G1 Evacuation Pause) (young) 679M->136M(960M), 0.0030912 secs]
206.975: [GC pause (G1 Evacuation Pause) (young) 680M->136M(960M), 0.0031603 secs]
207.028: [GC pause (G1 Evacuation Pause) (young) 680M->136M(960M), 0.0030193 secs]
207.080: [GC pause (G1 Evacuation Pause) (young) 680M->136M(960M), 0.0037677 secs]
207.132: [GC pause (G1 Evacuation Pause) (young) 680M->136M(960M), 0.0030894 secs]
207.187: [GC pause (G1 Evacuation Pause) (young) 680M->136M(960M), 0.0029359 secs]
207.240: [GC pause (G1 Evacuation Pause) (young) 680M->136M(960M), 0.0025334 secs]
207.292: [GC pause (G1 Evacuation Pause) (young) 680M->136M(960M), 0.0027960 secs]
207.348: [GC pause (G1 Evacuation Pause) (young) 680M->136M(960M), 0.0027540 secs]
207.401: [GC pause (G1 Evacuation Pause) (young) 680M->136M(960M), 0.0027799 secs]
207.454: [GC pause (G1 Evacuation Pause) (young) 680M->136M(960M), 0.0029978 secs]
207.507: [GC pause (G1 Evacuation Pause) (young) 680M->136M(960M), 0.0031869 secs]
207.559: [GC pause (G1 Evacuation Pause) (young) 680M->138M(960M), 0.0031246 secs]
207.613: [GC pause (G1 Evacuation Pause) (young) 682M->136M(960M), 0.0028807 secs]
207.665: [GC pause (G1 Evacuation Pause) (young) 680M->136M(960M), 0.0029883 secs]
207.718: [GC pause (G1 Evacuation Pause) (young) 680M->136M(960M), 0.0030366 secs]
207.770: [GC pause (G1 Evacuation Pause) (young) 680M->136M(960M), 0.0029483 secs]
207.824: [GC pause (G1 Evacuation Pause) (young) 680M->136M(960M), 0.0031170 secs]
207.876: [GC pause (G1 Evacuation Pause) (young) 680M->136M(960M), 0.0065440 secs]
207.930: [GC pause (G1 Evacuation Pause) (young) 680M->136M(960M), 0.0060288 secs]
207.985: [GC pause (G1 Evacuation Pause) (young) 680M->136M(960M), 0.0065371 secs]
208.041: [GC pause (G1 Evacuation Pause) (young) 680M->136M(960M), 0.0059213 secs]
208.094: [GC pause (G1 Evacuation Pause) (young) 680M->136M(960M), 0.0029351 secs]
208.148: [GC pause (G1 Evacuation Pause) (young) 680M->136M(960M), 0.0064602 secs]
208.200: [GC pause (G1 Evacuation Pause) (young) 680M->136M(960M), 0.0027996 secs]
208.253: [GC pause (G1 Evacuation Pause) (young) 680M->136M(960M), 0.0027266 secs]
208.307: [GC pause (G1 Evacuation Pause) (young) 680M->136M(960M), 0.0025640 secs]
208.357: [GC pause (G1 Evacuation Pause) (young) 680M->136M(960M), 0.0031219 secs]
208.413: [GC pause (G1 Evacuation Pause) (young) 680M->136M(960M), 0.0028463 secs]
208.466: [GC pause (G1 Evacuation Pause) (young) 680M->137M(960M), 0.0028822 secs]
208.521: [GC pause (G1 Evacuation Pause) (young) 681M->136M(960M), 0.0026869 secs]
208.573: [GC pause (G1 Evacuation Pause) (young) 680M->136M(960M), 0.0025978 secs]
208.626: [GC pause (G1 Evacuation Pause) (young) 680M->136M(960M), 0.0027716 secs]
208.679: [GC pause (G1 Evacuation Pause) (young) 680M->136M(960M), 0.0026010 secs]
208.731: [GC pause (G1 Evacuation Pause) (young) 680M->136M(960M), 0.0026620 secs]
208.785: [GC pause (G1 Evacuation Pause) (young) 680M->136M(960M), 0.0026695 secs]
208.838: [GC pause (G1 Evacuation Pause) (young) 680M->136M(960M), 0.0025442 secs]
208.892: [GC pause (G1 Evacuation Pause) (young) 680M->136M(960M), 0.0027189 secs]
208.945: [GC pause (G1 Evacuation Pause) (young) 680M->136M(960M), 0.0026901 secs]

~~~
