~~~
Java HotSpot(TM) 64-Bit Server VM (25.201-b09) for linux-amd64 JRE (1.8.0_201-b09), built on Dec 15 2018 11:35:59 by "java_re" with gcc 7.3.0
Memory: 4k page, physical 3882052k(1340336k free), swap 8388604k(7179092k free)
CommandLine flags: -XX:InitialHeapSize=62112832 -XX:MaxHeapSize=993805312 -XX:ParallelGCThreads=4 -XX:+PrintGC -XX:+PrintGCTimeStamps -XX:+UseCompressedClassPointers -XX:+UseCompressedOops -XX:+UseParallelGC 
0.280: [GC (Allocation Failure)  15360K->1720K(58880K), 0.0032168 secs]
0.400: [GC (Allocation Failure)  17080K->2032K(74240K), 0.0025864 secs]
0.522: [GC (Allocation Failure)  32752K->2552K(74240K), 0.0028332 secs]
0.639: [GC (Allocation Failure)  33272K->3136K(104960K), 0.0040280 secs]
0.810: [GC (GCLocker Initiated GC)  64576K->4265K(104960K), 0.0086600 secs]
0.977: [GC (Allocation Failure)  65714K->5570K(167424K), 0.0041663 secs]
1.034: [GC (Metadata GC Threshold)  41966K->5485K(167936K), 0.0081133 secs]
1.042: [Full GC (Metadata GC Threshold)  5485K->4943K(155136K), 0.0345413 secs]
1.663: [GC (Allocation Failure)  127311K->9647K(224256K), 0.0059951 secs]
2.391: [GC (Allocation Failure)  201135K->18736K(276992K), 0.0099934 secs]
4.496: [GC (Allocation Failure)  262173K->28776K(285184K), 0.0100716 secs]
5.465: [GC (Allocation Failure)  276537K->37457K(288768K), 0.0074603 secs]
5.472: [Full GC (Ergonomics)  37457K->29806K(328704K), 0.0774932 secs]
6.216: [GC (Allocation Failure)  277462K->45742K(372736K), 0.0074875 secs]
6.881: [GC (Allocation Failure)  335200K->52974K(374784K), 0.0070973 secs]
7.451: [GC (Allocation Failure)  342666K->61167K(365568K), 0.0063869 secs]
7.935: [GC (Allocation Failure)  341526K->71919K(370176K), 0.0056593 secs]
8.399: [GC (Allocation Failure)  352174K->80111K(357888K), 0.0055143 secs]
8.405: [Full GC (Ergonomics)  80111K->44667K(391168K), 0.0380749 secs]
8.847: [GC (Allocation Failure)  312834K->75996K(397312K), 0.0041163 secs]
9.237: [GC (Allocation Failure)  344139K->82173K(381952K), 0.0048607 secs]
9.598: [GC (Allocation Failure)  334826K->90365K(389632K), 0.0048785 secs]
9.902: [GC (Allocation Failure)  343126K->92413K(369152K), 0.0050643 secs]
10.191: [GC (Allocation Failure)  324565K->95997K(372736K), 0.0053626 secs]
10.456: [GC (Allocation Failure)  328042K->97533K(365568K), 0.0053024 secs]
10.725: [GC (Allocation Failure)  311195K->98557K(356864K), 0.0060480 secs]
10.967: [GC (Allocation Failure)  312112K->100093K(359424K), 0.0056302 secs]
11.200: [GC (Allocation Failure)  299442K->101117K(345088K), 0.0056243 secs]
11.414: [GC (Allocation Failure)  300417K->102141K(354816K), 0.0056412 secs]
11.610: [GC (Allocation Failure)  290473K->103165K(335872K), 0.0056899 secs]
11.806: [GC (Allocation Failure)  291423K->104189K(351232K), 0.0059150 secs]
11.990: [GC (Allocation Failure)  284070K->105213K(329728K), 0.0061017 secs]
12.175: [GC (Allocation Failure)  285230K->106301K(348160K), 0.0060840 secs]
12.352: [GC (Allocation Failure)  279355K->107325K(324608K), 0.0060254 secs]
12.525: [GC (Allocation Failure)  280337K->107869K(346624K), 0.0064112 secs]
12.688: [GC (Allocation Failure)  276739K->108925K(322048K), 0.0063714 secs]
12.839: [GC (Allocation Failure)  277773K->108445K(345600K), 0.0063791 secs]
13.002: [GC (Allocation Failure)  274139K->109493K(346112K), 0.0063999 secs]
13.147: [GC (Allocation Failure)  275202K->109013K(346112K), 0.0062413 secs]
13.294: [GC (Allocation Failure)  274696K->109037K(318976K), 0.0060211 secs]
13.439: [GC (Allocation Failure)  274743K->108989K(346112K), 0.0058799 secs]
13.575: [GC (Allocation Failure)  275215K->109005K(345600K), 0.0071849 secs]
13.722: [GC (Allocation Failure)  275199K->109061K(346112K), 0.0064887 secs]
13.865: [GC (Allocation Failure)  276846K->109629K(345600K), 0.0058612 secs]
14.006: [GC (Allocation Failure)  277398K->108597K(347648K), 0.0061565 secs]
14.150: [GC (Allocation Failure)  280036K->109093K(347136K), 0.0058894 secs]
14.290: [GC (Allocation Failure)  280522K->109117K(349696K), 0.0068504 secs]
14.423: [GC (Allocation Failure)  284705K->109141K(349184K), 0.0069216 secs]
14.563: [GC (Allocation Failure)  284250K->108621K(351232K), 0.0064554 secs]
14.705: [GC (Allocation Failure)  288409K->108661K(351232K), 0.0073189 secs]
14.847: [GC (Allocation Failure)  288467K->109725K(354304K), 0.0069019 secs]
14.996: [GC (Allocation Failure)  294733K->109197K(354304K), 0.0067931 secs]
15.139: [GC (Allocation Failure)  294215K->109205K(356864K), 0.0067914 secs]
15.288: [GC (Allocation Failure)  297864K->109253K(356352K), 0.0069339 secs]
15.425: [GC (Allocation Failure)  297898K->109237K(357888K), 0.0077484 secs]
15.573: [GC (Allocation Failure)  301047K->109277K(357376K), 0.0069302 secs]
15.712: [GC (Allocation Failure)  301064K->108757K(359936K), 0.0066626 secs]
15.857: [GC (Allocation Failure)  304745K->109341K(359936K), 0.0065679 secs]
16.008: [GC (Allocation Failure)  305310K->108781K(361984K), 0.0081326 secs]
16.149: [GC (Allocation Failure)  307897K->109301K(361472K), 0.0077691 secs]
16.290: [GC (Allocation Failure)  308401K->109829K(362496K), 0.0061765 secs]
16.426: [GC (Allocation Failure)  311030K->109837K(362496K), 0.0061849 secs]
16.565: [GC (Allocation Failure)  311021K->109349K(364544K), 0.0059558 secs]
16.698: [GC (Allocation Failure)  313138K->109429K(364544K), 0.0067011 secs]
16.836: [GC (Allocation Failure)  313245K->109405K(365568K), 0.0059935 secs]
16.974: [GC (Allocation Failure)  315295K->109397K(365568K), 0.0059937 secs]
17.120: [GC (Allocation Failure)  315273K->109437K(366592K), 0.0064034 secs]
17.255: [GC (Allocation Failure)  317426K->108949K(366592K), 0.0063943 secs]
17.380: [GC (Allocation Failure)  316927K->109485K(367616K), 0.0069579 secs]
17.520: [GC (Allocation Failure)  319546K->109501K(367616K), 0.0064019 secs]
17.656: [GC (Allocation Failure)  319582K->109509K(368128K), 0.0065884 secs]
17.788: [GC (Allocation Failure)  321139K->109485K(368640K), 0.0062276 secs]
17.925: [GC (Allocation Failure)  321105K->109565K(369664K), 0.0066776 secs]
18.053: [GC (Allocation Failure)  322774K->109549K(369664K), 0.0058901 secs]
18.184: [GC (Allocation Failure)  322742K->109061K(369664K), 0.0055894 secs]
18.313: [GC (Allocation Failure)  322766K->110109K(369664K), 0.0073023 secs]
18.443: [GC (Allocation Failure)  323840K->110133K(370688K), 0.0061515 secs]
18.577: [GC (Allocation Failure)  324889K->110085K(370688K), 0.0060700 secs]
18.699: [GC (Allocation Failure)  324827K->109621K(369664K), 0.0063771 secs]
18.824: [GC (Allocation Failure)  324361K->109677K(370176K), 0.0057902 secs]
18.954: [GC (Allocation Failure)  324447K->109725K(370176K), 0.0066522 secs]
19.082: [GC (Allocation Failure)  325523K->110229K(370688K), 0.0072447 secs]
19.199: [GC (Allocation Failure)  326018K->110245K(371712K), 0.0067591 secs]
19.328: [GC (Allocation Failure)  327094K->109749K(371712K), 0.0068977 secs]
19.453: [GC (Allocation Failure)  326587K->110317K(371712K), 0.0060393 secs]
19.582: [GC (Allocation Failure)  327153K->110269K(371712K), 0.0070765 secs]
19.707: [GC (Allocation Failure)  327090K->110285K(371712K), 0.0069704 secs]
19.827: [GC (Allocation Failure)  327131K->109317K(371712K), 0.0069844 secs]
19.946: [GC (Allocation Failure)  326151K->109885K(371712K), 0.0071099 secs]
20.070: [GC (Allocation Failure)  326717K->110341K(371712K), 0.0070523 secs]
20.186: [GC (Allocation Failure)  327165K->109821K(370688K), 0.0070888 secs]
20.301: [GC (Allocation Failure)  326639K->110413K(371200K), 0.0069795 secs]
20.413: [GC (Allocation Failure)  327234K->109885K(372224K), 0.0069396 secs]
20.534: [GC (Allocation Failure)  327770K->109901K(372224K), 0.0065633 secs]
20.656: [GC (Allocation Failure)  327781K->110469K(372224K), 0.0062823 secs]
20.773: [GC (Allocation Failure)  328336K->110445K(372224K), 0.0066923 secs]
20.884: [GC (Allocation Failure)  328305K->109941K(372224K), 0.0064703 secs]
21.000: [GC (Allocation Failure)  327799K->109925K(372224K), 0.0063193 secs]
21.114: [GC (Allocation Failure)  327838K->110013K(372224K), 0.0059395 secs]
21.225: [GC (Allocation Failure)  327868K->110573K(372224K), 0.0057447 secs]
21.335: [GC (Allocation Failure)  328453K->110077K(372224K), 0.0056100 secs]
21.440: [GC (Allocation Failure)  327946K->110061K(372224K), 0.0057411 secs]
21.553: [GC (Allocation Failure)  327923K->110045K(372224K), 0.0062173 secs]
21.665: [GC (Allocation Failure)  327906K->110613K(372224K), 0.0057413 secs]
21.776: [GC (Allocation Failure)  328467K->110117K(372224K), 0.0058795 secs]
21.888: [GC (Allocation Failure)  327968K->110133K(371200K), 0.0056335 secs]
22.000: [GC (Allocation Failure)  327988K->110117K(371712K), 0.0068212 secs]
22.106: [GC (Allocation Failure)  327935K->110677K(371712K), 0.0067997 secs]
22.209: [GC (Allocation Failure)  328530K->110141K(372736K), 0.0060526 secs]
22.310: [GC (Allocation Failure)  329037K->110117K(372736K), 0.0066090 secs]
22.417: [GC (Allocation Failure)  329013K->110669K(372736K), 0.0061225 secs]
22.523: [GC (Allocation Failure)  329564K->109693K(371712K), 0.0059726 secs]
22.634: [GC (Allocation Failure)  328611K->110701K(372224K), 0.0070289 secs]
22.738: [GC (Allocation Failure)  328569K->110717K(372224K), 0.0067219 secs]
22.840: [GC (Allocation Failure)  328570K->110221K(372224K), 0.0057748 secs]
22.938: [GC (Allocation Failure)  328071K->110749K(372224K), 0.0062176 secs]
23.037: [GC (Allocation Failure)  328601K->110213K(372224K), 0.0061856 secs]
23.136: [GC (Allocation Failure)  328062K->110221K(372224K), 0.0057524 secs]
23.237: [GC (Allocation Failure)  328069K->110805K(372224K), 0.0061519 secs]
23.338: [GC (Allocation Failure)  328651K->110277K(372224K), 0.0060406 secs]
23.441: [GC (Allocation Failure)  328119K->110285K(371200K), 0.0068772 secs]
23.536: [GC (Allocation Failure)  328131K->110293K(371712K), 0.0059952 secs]
23.634: [GC (Allocation Failure)  328147K->109797K(372736K), 0.0055473 secs]
23.731: [GC (Allocation Failure)  328686K->110837K(372736K), 0.0057003 secs]
23.826: [GC (Allocation Failure)  329705K->110285K(372736K), 0.0065820 secs]
23.929: [GC (Allocation Failure)  329177K->110893K(372736K), 0.0063880 secs]
24.026: [GC (Allocation Failure)  329790K->110885K(371712K), 0.0068751 secs]
24.123: [GC (Allocation Failure)  328706K->110333K(372224K), 0.0059951 secs]
24.221: [GC (Allocation Failure)  328165K->110397K(372224K), 0.0064742 secs]
24.322: [GC (Allocation Failure)  328237K->110917K(372224K), 0.0070692 secs]
24.417: [GC (Allocation Failure)  328714K->110933K(372224K), 0.0059601 secs]
24.513: [GC (Allocation Failure)  328771K->110981K(372224K), 0.0062378 secs]
24.606: [GC (Allocation Failure)  328825K->111989K(371200K), 0.0063385 secs]
24.698: [GC (Allocation Failure)  329831K->112549K(371712K), 0.0059879 secs]
24.787: [GC (Allocation Failure)  330408K->112021K(372224K), 0.0065898 secs]
24.884: [GC (Allocation Failure)  330425K->112037K(372224K), 0.0060261 secs]
24.976: [GC (Allocation Failure)  330359K->112053K(372736K), 0.0057741 secs]
25.072: [GC (Allocation Failure)  330941K->112605K(372736K), 0.0062211 secs]
25.164: [GC (Allocation Failure)  331496K->113141K(372736K), 0.0058300 secs]
25.256: [GC (Allocation Failure)  332043K->114149K(372736K), 0.0057224 secs]
25.345: [GC (Allocation Failure)  333018K->114157K(372736K), 0.0057648 secs]
25.436: [GC (Allocation Failure)  333004K->114173K(372736K), 0.0058364 secs]
25.528: [GC (Allocation Failure)  333078K->114157K(372736K), 0.0064369 secs]
25.622: [GC (Allocation Failure)  332962K->114149K(372736K), 0.0063472 secs]
25.715: [GC (Allocation Failure)  333061K->114757K(372736K), 0.0063890 secs]
25.802: [GC (Allocation Failure)  333595K->114733K(370688K), 0.0061931 secs]
25.890: [GC (Allocation Failure)  333597K->115806K(372736K), 0.0060871 secs]
25.978: [GC (Allocation Failure)  334060K->116334K(372224K), 0.0058111 secs]
26.066: [GC (Allocation Failure)  334675K->117374K(372224K), 0.0065095 secs]
26.154: [GC (Allocation Failure)  335257K->117870K(370688K), 0.0057801 secs]
26.239: [GC (Allocation Failure)  335688K->117366K(371712K), 0.0064585 secs]
26.327: [GC (Allocation Failure)  335128K->118438K(371712K), 0.0055220 secs]
26.412: [GC (Allocation Failure)  336168K->118870K(371712K), 0.0057835 secs]
26.499: [GC (Allocation Failure)  336688K->119990K(372224K), 0.0052157 secs]
26.584: [GC (Allocation Failure)  337780K->120478K(372224K), 0.0053234 secs]
26.672: [GC (Allocation Failure)  338259K->121006K(369152K), 0.0053149 secs]
26.759: [GC (Allocation Failure)  338861K->121062K(371712K), 0.0054145 secs]
26.839: [GC (Allocation Failure)  338809K->121038K(371712K), 0.0063034 secs]
26.925: [GC (Allocation Failure)  338879K->123550K(372224K), 0.0056055 secs]
27.006: [GC (Allocation Failure)  341295K->124670K(372224K), 0.0062160 secs]
27.090: [GC (Allocation Failure)  342462K->125710K(372224K), 0.0063809 secs]
27.179: [GC (Allocation Failure)  343534K->127262K(369152K), 0.0064952 secs]
27.267: [GC (Allocation Failure)  345033K->127246K(371712K), 0.0064737 secs]
27.347: [GC (Allocation Failure)  345036K->126782K(371712K), 0.0077513 secs]
27.433: [GC (Allocation Failure)  344560K->127830K(372224K), 0.0065502 secs]
27.516: [GC (Allocation Failure)  346704K->129286K(372224K), 0.0063293 secs]
27.601: [GC (Allocation Failure)  348120K->129862K(372224K), 0.0066682 secs]
27.684: [GC (Allocation Failure)  349744K->130390K(372736K), 0.0061638 secs]
27.767: [GC (Allocation Failure)  350236K->129926K(373760K), 0.0067574 secs]
27.844: [GC (Allocation Failure)  350681K->129398K(368128K), 0.0075589 secs]
27.926: [GC (Allocation Failure)  350333K->132422K(373248K), 0.0062650 secs]
28.011: [GC (Allocation Failure)  352424K->134054K(373248K), 0.0073054 secs]
28.092: [GC (Allocation Failure)  354029K->135094K(372224K), 0.0065226 secs]
28.180: [GC (Allocation Failure)  354914K->136102K(372736K), 0.0066321 secs]
28.265: [GC (Allocation Failure)  355937K->138166K(373760K), 0.0065567 secs]
28.346: [GC (Allocation Failure)  359085K->138694K(373760K), 0.0069781 secs]
28.429: [GC (Allocation Failure)  359616K->140758K(373760K), 0.0066032 secs]
28.509: [GC (Allocation Failure)  361728K->142758K(373760K), 0.0065039 secs]
28.590: [GC (Allocation Failure)  363623K->143846K(372736K), 0.0079497 secs]
28.671: [GC (Allocation Failure)  364724K->145902K(373248K), 0.0066032 secs]
28.678: [Full GC (Ergonomics)  145902K->63706K(388608K), 0.0431133 secs]
28.773: [GC (Allocation Failure)  284751K->111931K(389632K), 0.0064179 secs]
28.850: [GC (Allocation Failure)  333913K->111883K(387072K), 0.0064559 secs]
28.933: [GC (Allocation Failure)  334044K->112443K(389120K), 0.0060144 secs]
29.016: [GC (Allocation Failure)  334196K->114443K(389120K), 0.0065108 secs]
29.094: [GC (Allocation Failure)  336246K->117068K(390144K), 0.0065318 secs]
29.172: [GC (Allocation Failure)  339931K->118140K(390144K), 0.0062740 secs]
29.253: [GC (Allocation Failure)  341116K->121196K(389120K), 0.0065146 secs]
29.330: [GC (Allocation Failure)  344063K->122708K(389632K), 0.0086718 secs]
29.413: [GC (Allocation Failure)  345665K->124740K(390656K), 0.0077156 secs]
29.491: [GC (Allocation Failure)  348689K->125860K(390656K), 0.0068498 secs]
29.576: [GC (Allocation Failure)  349983K->126316K(389632K), 0.0068741 secs]
29.657: [GC (Allocation Failure)  349252K->125892K(390144K), 0.0072153 secs]
29.734: [GC (Allocation Failure)  348832K->128436K(390144K), 0.0061966 secs]
29.814: [GC (Allocation Failure)  351383K->130956K(390144K), 0.0064678 secs]
29.887: [GC (Allocation Failure)  353813K->134092K(389120K), 0.0068086 secs]
29.965: [GC (Allocation Failure)  357076K->134652K(389632K), 0.0060441 secs]
30.041: [GC (Allocation Failure)  357520K->136172K(389632K), 0.0068536 secs]
30.120: [GC (Allocation Failure)  359197K->141244K(390144K), 0.0063646 secs]
30.196: [GC (Allocation Failure)  364282K->142364K(390144K), 0.0055794 secs]
30.272: [GC (Allocation Failure)  365861K->144940K(390144K), 0.0065833 secs]
30.348: [GC (Allocation Failure)  368307K->148012K(389632K), 0.0061639 secs]
30.431: [GC (Allocation Failure)  372151K->151093K(390144K), 0.0057451 secs]
30.509: [GC (Allocation Failure)  375023K->151045K(390656K), 0.0057570 secs]
30.586: [GC (Allocation Failure)  374993K->154693K(390656K), 0.0059160 secs]
30.658: [GC (Allocation Failure)  378562K->158797K(390656K), 0.0077164 secs]
30.666: [Full GC (Ergonomics)  158797K->63203K(396288K), 0.0400602 secs]
30.758: [GC (Allocation Failure)  286991K->110372K(396288K), 0.0066282 secs]
30.837: [GC (Allocation Failure)  334364K->111436K(395264K), 0.0065377 secs]
30.914: [GC (Allocation Failure)  335626K->113924K(395776K), 0.0064188 secs]
30.988: [GC (Allocation Failure)  338155K->115524K(396800K), 0.0063259 secs]
31.065: [GC (Allocation Failure)  340327K->118612K(393728K), 0.0065393 secs]
31.146: [GC (Allocation Failure)  343608K->120701K(396288K), 0.0063874 secs]
31.220: [GC (Allocation Failure)  345689K->122165K(396288K), 0.0064114 secs]
31.294: [GC (Allocation Failure)  347154K->125845K(396288K), 0.0065196 secs]
31.371: [GC (Allocation Failure)  351965K->127397K(396800K), 0.0065302 secs]
31.450: [GC (Allocation Failure)  353489K->127885K(397824K), 0.0064449 secs]
31.526: [GC (Allocation Failure)  354894K->129437K(392704K), 0.0062590 secs]
31.600: [GC (Allocation Failure)  356435K->134541K(397824K), 0.0057729 secs]
31.672: [GC (Allocation Failure)  361216K->136149K(397312K), 0.0056493 secs]
31.751: [GC (Allocation Failure)  362852K->138693K(396800K), 0.0059324 secs]
31.823: [GC (Allocation Failure)  364742K->138141K(397312K), 0.0059011 secs]
31.895: [GC (Allocation Failure)  364110K->141277K(396288K), 0.0059772 secs]
31.966: [GC (Allocation Failure)  367276K->142829K(396800K), 0.0059077 secs]
32.035: [GC (Allocation Failure)  368809K->146973K(397312K), 0.0062661 secs]
32.113: [GC (Allocation Failure)  373377K->149973K(397312K), 0.0052576 secs]
32.185: [GC (Allocation Failure)  376493K->153622K(397824K), 0.0051364 secs]
32.253: [GC (Allocation Failure)  380637K->156710K(397824K), 0.0053810 secs]
32.326: [GC (Allocation Failure)  383824K->160766K(396800K), 0.0056255 secs]
32.400: [GC (Allocation Failure)  387938K->162878K(397312K), 0.0059923 secs]
32.406: [Full GC (Ergonomics)  162878K->61961K(399872K), 0.0341221 secs]
32.490: [GC (Allocation Failure)  288845K->107082K(400896K), 0.0064239 secs]
32.564: [GC (Allocation Failure)  335128K->108146K(400896K), 0.0053392 secs]
32.635: [GC (Allocation Failure)  336472K->111202K(400896K), 0.0057420 secs]
32.708: [GC (Allocation Failure)  339091K->114227K(397312K), 0.0049764 secs]
32.781: [GC (Allocation Failure)  342187K->116851K(400384K), 0.0051725 secs]
32.854: [GC (Allocation Failure)  344847K->118403K(400384K), 0.0056830 secs]
32.926: [GC (Allocation Failure)  346419K->123987K(400384K), 0.0053254 secs]
32.997: [GC (Allocation Failure)  352033K->128627K(400896K), 0.0057922 secs]
33.072: [GC (Allocation Failure)  356770K->132803K(399872K), 0.0056572 secs]
33.137: [GC (Allocation Failure)  360946K->134355K(400384K), 0.0071621 secs]
33.206: [GC (Allocation Failure)  362416K->137859K(400384K), 0.0058049 secs]
33.278: [GC (Allocation Failure)  365791K->143043K(400896K), 0.0064798 secs]
33.347: [GC (Allocation Failure)  371137K->148692K(399872K), 0.0058956 secs]
33.420: [GC (Allocation Failure)  376892K->152228K(400384K), 0.0057052 secs]
33.491: [GC (Allocation Failure)  380337K->153316K(400384K), 0.0057700 secs]
33.562: [GC (Allocation Failure)  382417K->156412K(400896K), 0.0065794 secs]
33.634: [GC (Allocation Failure)  385634K->161516K(401920K), 0.0059354 secs]
33.640: [Full GC (Ergonomics)  161516K->60943K(406016K), 0.0359941 secs]
33.721: [GC (Allocation Failure)  290970K->104976K(406016K), 0.0059378 secs]
33.791: [GC (Allocation Failure)  335033K->105552K(406016K), 0.0063727 secs]
33.862: [GC (Allocation Failure)  335777K->109112K(406016K), 0.0058462 secs]
33.929: [GC (Allocation Failure)  339046K->115304K(406016K), 0.0058154 secs]
34.001: [GC (Allocation Failure)  345339K->118328K(400384K), 0.0058712 secs]
34.075: [GC (Allocation Failure)  348309K->122489K(405504K), 0.0060164 secs]
34.146: [GC (Allocation Failure)  352548K->126081K(405504K), 0.0056068 secs]
34.217: [GC (Allocation Failure)  356207K->130137K(406016K), 0.0055351 secs]
34.290: [GC (Allocation Failure)  361329K->134329K(406016K), 0.0056953 secs]
34.358: [GC (Allocation Failure)  365501K->137385K(406528K), 0.0056073 secs]
34.430: [GC (Allocation Failure)  369596K->140473K(406528K), 0.0066766 secs]
34.505: [GC (Allocation Failure)  372790K->145545K(406528K), 0.0065777 secs]
34.575: [GC (Allocation Failure)  378766K->148745K(407040K), 0.0056058 secs]
34.644: [GC (Allocation Failure)  382077K->151257K(408064K), 0.0055030 secs]
34.716: [GC (Allocation Failure)  385556K->155314K(404992K), 0.0050098 secs]
34.787: [GC (Allocation Failure)  389670K->158482K(407552K), 0.0060948 secs]
34.856: [GC (Allocation Failure)  392823K->164098K(407552K), 0.0057525 secs]
34.862: [Full GC (Ergonomics)  164098K->59637K(410624K), 0.0366721 secs]
34.943: [GC (Allocation Failure)  293782K->101175K(411648K), 0.0048875 secs]
35.013: [GC (Allocation Failure)  336381K->103687K(410624K), 0.0060125 secs]
35.084: [GC (Allocation Failure)  339099K->105319K(411136K), 0.0050475 secs]
35.152: [GC (Allocation Failure)  339381K->107855K(410112K), 0.0075459 secs]
35.220: [GC (Allocation Failure)  341964K->108831K(410624K), 0.0070546 secs]
35.292: [GC (Allocation Failure)  341961K->114047K(406528K), 0.0051313 secs]
35.357: [GC (Allocation Failure)  347304K->117607K(409600K), 0.0076429 secs]
35.426: [GC (Allocation Failure)  350321K->123711K(410112K), 0.0074774 secs]
35.495: [GC (Allocation Failure)  356384K->127903K(409600K), 0.0057233 secs]
35.561: [GC (Allocation Failure)  361609K->131984K(410112K), 0.0066962 secs]
35.630: [GC (Allocation Failure)  365700K->136608K(411648K), 0.0069131 secs]
35.698: [GC (Allocation Failure)  371945K->141168K(411648K), 0.0071146 secs]
35.764: [GC (Allocation Failure)  376452K->146896K(410624K), 0.0063721 secs]
35.833: [GC (Allocation Failure)  382348K->151520K(411136K), 0.0068914 secs]
35.899: [GC (Allocation Failure)  386884K->154512K(412160K), 0.0059886 secs]
35.968: [GC (Allocation Failure)  390880K->161232K(412160K), 0.0057234 secs]
36.035: [GC (Allocation Failure)  397690K->164313K(411136K), 0.0057397 secs]
36.041: [Full GC (Ergonomics)  164313K->58887K(415744K), 0.0425524 secs]
36.120: [GC (Allocation Failure)  295186K->101896K(416256K), 0.0054417 secs]
36.186: [GC (Allocation Failure)  338033K->102984K(416256K), 0.0069817 secs]
36.255: [GC (Allocation Failure)  338226K->107568K(416256K), 0.0077295 secs]
36.322: [GC (Allocation Failure)  342716K->115752K(416256K), 0.0061139 secs]
36.393: [GC (Allocation Failure)  350957K->120937K(416256K), 0.0071274 secs]
36.460: [GC (Allocation Failure)  356066K->123545K(415232K), 0.0076712 secs]
36.532: [GC (Allocation Failure)  358771K->128649K(415744K), 0.0061537 secs]
36.598: [GC (Allocation Failure)  363961K->132705K(415744K), 0.0071770 secs]
36.666: [GC (Allocation Failure)  368950K->138401K(416256K), 0.0057477 secs]
36.732: [GC (Allocation Failure)  374633K->144601K(416256K), 0.0065377 secs]
36.798: [GC (Allocation Failure)  381028K->152202K(416768K), 0.0050698 secs]
36.863: [GC (Allocation Failure)  388506K->157930K(415744K), 0.0058450 secs]
36.932: [GC (Allocation Failure)  394966K->162522K(416256K), 0.0050123 secs]
37.001: [GC (Allocation Failure)  399430K->167594K(417792K), 0.0053258 secs]
37.068: [GC (Allocation Failure)  406515K->172266K(417792K), 0.0061202 secs]
37.074: [Full GC (Ergonomics)  172266K->59403K(423936K), 0.0398796 secs]
37.152: [GC (Allocation Failure)  298255K->101997K(422400K), 0.0058077 secs]
37.220: [GC (Allocation Failure)  339137K->103965K(423424K), 0.0056529 secs]
37.287: [GC (Allocation Failure)  341443K->112765K(422400K), 0.0050910 secs]
37.350: [GC (Allocation Failure)  348836K->115301K(422912K), 0.0075092 secs]
37.414: [GC (Allocation Failure)  351355K->120381K(422912K), 0.0050881 secs]
37.478: [GC (Allocation Failure)  357047K->125053K(422912K), 0.0056828 secs]
37.543: [GC (Allocation Failure)  361768K->130197K(422912K), 0.0049727 secs]
37.608: [GC (Allocation Failure)  367491K->134245K(422912K), 0.0062578 secs]
37.674: [GC (Allocation Failure)  371361K->140486K(422912K), 0.0055780 secs]
37.744: [GC (Allocation Failure)  378487K->149678K(423424K), 0.0049213 secs]
37.807: [GC (Allocation Failure)  387412K->152710K(423424K), 0.0055435 secs]
37.870: [GC (Allocation Failure)  390551K->156870K(423424K), 0.0055263 secs]
37.932: [GC (Allocation Failure)  394799K->167671K(423424K), 0.0067893 secs]
37.996: [GC (Allocation Failure)  405574K->173223K(423424K), 0.0057868 secs]
38.002: [Full GC (Ergonomics)  173223K->59407K(430080K), 0.0366223 secs]
38.074: [GC (Allocation Failure)  297178K->100944K(429056K), 0.0053247 secs]
38.141: [GC (Allocation Failure)  337126K->102497K(429568K), 0.0050674 secs]
38.205: [GC (Allocation Failure)  338843K->107057K(429568K), 0.0053185 secs]
38.269: [GC (Allocation Failure)  344035K->113265K(429568K), 0.0063347 secs]
38.336: [GC (Allocation Failure)  350011K->117889K(429568K), 0.0070790 secs]
38.400: [GC (Allocation Failure)  355037K->124497K(429568K), 0.0082089 secs]
38.465: [GC (Allocation Failure)  361794K->131729K(430592K), 0.0058132 secs]
38.528: [GC (Allocation Failure)  370070K->135874K(428544K), 0.0053669 secs]
38.592: [GC (Allocation Failure)  374158K->139378K(430080K), 0.0072474 secs]
38.655: [GC (Allocation Failure)  376645K->148690K(424448K), 0.0066820 secs]
38.718: [GC (Allocation Failure)  386026K->155786K(429568K), 0.0052871 secs]
38.777: [GC (Allocation Failure)  392989K->162026K(429568K), 0.0054781 secs]
38.841: [GC (Allocation Failure)  399304K->169691K(429568K), 0.0076915 secs]
38.904: [GC (Allocation Failure)  408241K->174763K(430080K), 0.0058937 secs]
38.968: [GC (Allocation Failure)  413126K->180459K(431104K), 0.0087319 secs]
38.977: [Full GC (Ergonomics)  180459K->59924K(436736K), 0.0365856 secs]
39.047: [GC (Allocation Failure)  299354K->101461K(436736K), 0.0059513 secs]
39.113: [GC (Allocation Failure)  341060K->102949K(435712K), 0.0058317 secs]
39.178: [GC (Allocation Failure)  341313K->109189K(436224K), 0.0052552 secs]
39.236: [GC (Allocation Failure)  347766K->117365K(435200K), 0.0083698 secs]
39.299: [GC (Allocation Failure)  354507K->121414K(435712K), 0.0055950 secs]
39.363: [GC (Allocation Failure)  358536K->126598K(435712K), 0.0048942 secs]
39.427: [GC (Allocation Failure)  364254K->134326K(435712K), 0.0060920 secs]
39.490: [GC (Allocation Failure)  372054K->140390K(435712K), 0.0055762 secs]
39.552: [GC (Allocation Failure)  378739K->145606K(435712K), 0.0049166 secs]
39.609: [GC (Allocation Failure)  383940K->153727K(435712K), 0.0055128 secs]
39.677: [GC (Allocation Failure)  393172K->158399K(436224K), 0.0050563 secs]
39.737: [GC (Allocation Failure)  397731K->164623K(437248K), 0.0049415 secs]
39.798: [GC (Allocation Failure)  404986K->170151K(437248K), 0.0049738 secs]
39.861: [GC (Allocation Failure)  410589K->178375K(436224K), 0.0050047 secs]
39.922: [GC (Allocation Failure)  418853K->184511K(436736K), 0.0064977 secs]
39.928: [Full GC (Ergonomics)  184511K->58904K(440320K), 0.0368054 secs]
40.000: [GC (Allocation Failure)  299308K->99449K(439808K), 0.0054242 secs]
40.065: [GC (Allocation Failure)  338692K->101513K(440320K), 0.0055456 secs]
40.130: [GC (Allocation Failure)  340818K->106137K(440320K), 0.0058084 secs]
40.188: [GC (Allocation Failure)  345679K->111697K(436736K), 0.0049624 secs]
40.252: [GC (Allocation Failure)  350897K->116369K(439296K), 0.0049717 secs]
40.311: [GC (Allocation Failure)  354978K->119394K(439808K), 0.0056343 secs]
40.370: [GC (Allocation Failure)  358480K->127106K(440320K), 0.0048560 secs]
40.432: [GC (Allocation Failure)  366351K->134322K(440320K), 0.0068060 secs]
40.491: [GC (Allocation Failure)  373581K->144002K(439296K), 0.0049768 secs]
40.549: [GC (Allocation Failure)  383365K->151778K(439808K), 0.0063914 secs]
40.614: [GC (Allocation Failure)  391180K->157851K(439808K), 0.0051947 secs]
40.676: [GC (Allocation Failure)  398302K->164571K(440320K), 0.0049295 secs]
40.735: [GC (Allocation Failure)  404856K->168683K(441344K), 0.0056154 secs]
40.795: [GC (Allocation Failure)  410063K->175811K(441344K), 0.0056035 secs]
40.856: [GC (Allocation Failure)  417328K->182051K(440320K), 0.0057695 secs]
40.916: [GC (Allocation Failure)  423491K->187612K(440832K), 0.0060451 secs]
40.922: [Full GC (Ergonomics)  187612K->58396K(445440K), 0.0347668 secs]
40.992: [GC (Allocation Failure)  299703K->98941K(444928K), 0.0051055 secs]
41.054: [GC (Allocation Failure)  340565K->102021K(444416K), 0.0048770 secs]
41.117: [GC (Allocation Failure)  343428K->105534K(445952K), 0.0065878 secs]
41.179: [GC (Allocation Failure)  346624K->113278K(445440K), 0.0048426 secs]
41.241: [GC (Allocation Failure)  354415K->119982K(445440K), 0.0062925 secs]
41.302: [GC (Allocation Failure)  361199K->126054K(445440K), 0.0078144 secs]
41.362: [GC (Allocation Failure)  367428K->133766K(445952K), 0.0054643 secs]
41.424: [GC (Allocation Failure)  375480K->140407K(445952K), 0.0061959 secs]
41.483: [GC (Allocation Failure)  382348K->148183K(445440K), 0.0058218 secs]
41.541: [GC (Allocation Failure)  390571K->153279K(445952K), 0.0072256 secs]
41.600: [GC (Allocation Failure)  395769K->160399K(446976K), 0.0051739 secs]
41.660: [GC (Allocation Failure)  403928K->166607K(446976K), 0.0072267 secs]
41.719: [GC (Allocation Failure)  409900K->170656K(446976K), 0.0060285 secs]
41.776: [GC (Allocation Failure)  414044K->177888K(446976K), 0.0059017 secs]
41.835: [GC (Allocation Failure)  421281K->185616K(446976K), 0.0074846 secs]
41.892: [GC (Allocation Failure)  429168K->191680K(441856K), 0.0063973 secs]
41.898: [Full GC (Ergonomics)  191680K->56865K(445440K), 0.0352948 secs]
41.967: [GC (Allocation Failure)  300387K->95362K(449024K), 0.0047179 secs]
42.032: [GC (Allocation Failure)  337577K->98418K(450048K), 0.0071236 secs]
42.087: [GC (Allocation Failure)  340975K->105018K(449536K), 0.0070371 secs]
42.148: [GC (Allocation Failure)  348218K->112282K(450048K), 0.0067290 secs]
42.207: [GC (Allocation Failure)  355107K->118354K(449536K), 0.0048208 secs]
42.265: [GC (Allocation Failure)  361630K->125555K(450048K), 0.0055106 secs]
42.325: [GC (Allocation Failure)  368939K->130675K(450048K), 0.0074781 secs]
42.385: [GC (Allocation Failure)  375143K->136371K(450560K), 0.0069359 secs]
42.443: [GC (Allocation Failure)  380851K->141499K(451584K), 0.0047355 secs]
42.504: [GC (Allocation Failure)  386943K->150155K(450048K), 0.0054398 secs]
42.565: [GC (Allocation Failure)  395488K->154859K(451584K), 0.0049211 secs]
42.626: [GC (Allocation Failure)  399876K->162484K(451072K), 0.0056507 secs]
42.684: [GC (Allocation Failure)  407375K->170684K(451072K), 0.0048484 secs]
42.742: [GC (Allocation Failure)  415604K->177412K(451072K), 0.0048379 secs]
42.798: [GC (Allocation Failure)  422354K->182452K(450560K), 0.0054693 secs]
42.855: [GC (Allocation Failure)  428038K->190197K(451072K), 0.0060586 secs]
42.916: [GC (Allocation Failure)  435706K->196805K(451072K), 0.0049714 secs]
42.921: [Full GC (Ergonomics)  196805K->56869K(457216K), 0.0326975 secs]
42.989: [GC (Allocation Failure)  303423K->94854K(457728K), 0.0058737 secs]
43.051: [GC (Allocation Failure)  341132K->98422K(458240K), 0.0059702 secs]
43.111: [GC (Allocation Failure)  344625K->104014K(457728K), 0.0057905 secs]
43.169: [GC (Allocation Failure)  350168K->110735K(457728K), 0.0054313 secs]
43.225: [GC (Allocation Failure)  356789K->119383K(457728K), 0.0067335 secs]
43.282: [GC (Allocation Failure)  365438K->129207K(457216K), 0.0070725 secs]
43.342: [GC (Allocation Failure)  374677K->133823K(457728K), 0.0047210 secs]
43.398: [GC (Allocation Failure)  379072K->140920K(457728K), 0.0068803 secs]
43.454: [GC (Allocation Failure)  386258K->146104K(457728K), 0.0051579 secs]
43.513: [GC (Allocation Failure)  391597K->155784K(457728K), 0.0048635 secs]
43.570: [GC (Allocation Failure)  401369K->164072K(457728K), 0.0073549 secs]
43.626: [GC (Allocation Failure)  409457K->169176K(456704K), 0.0056217 secs]
43.682: [GC (Allocation Failure)  414477K->177353K(457216K), 0.0050516 secs]
43.738: [GC (Allocation Failure)  422939K->186097K(458240K), 0.0068024 secs]
43.797: [GC (Allocation Failure)  432544K->193729K(457728K), 0.0048692 secs]
43.854: [GC (Allocation Failure)  440347K->197889K(457728K), 0.0056655 secs]
43.860: [Full GC (Ergonomics)  197889K->57385K(465408K), 0.0334275 secs]
43.924: [GC (Allocation Failure)  302823K->93227K(465408K), 0.0062439 secs]
43.986: [GC (Allocation Failure)  338924K->98443K(464384K), 0.0052738 secs]
44.044: [GC (Allocation Failure)  343824K->105083K(464896K), 0.0056595 secs]
44.096: [GC (Allocation Failure)  350835K->111187K(465920K), 0.0052258 secs]
44.158: [GC (Allocation Failure)  357519K->118963K(462848K), 0.0047506 secs]
44.214: [GC (Allocation Failure)  365248K->125035K(464896K), 0.0049811 secs]
44.275: [GC (Allocation Failure)  370866K->134860K(465408K), 0.0051586 secs]
44.329: [GC (Allocation Failure)  380786K->141492K(464896K), 0.0081986 secs]
44.387: [GC (Allocation Failure)  387922K->149644K(465408K), 0.0059768 secs]
44.442: [GC (Allocation Failure)  396064K->154380K(465920K), 0.0067476 secs]
44.500: [GC (Allocation Failure)  400855K->162461K(465920K), 0.0055883 secs]
44.554: [GC (Allocation Failure)  408826K->171773K(465920K), 0.0058592 secs]
44.612: [GC (Allocation Failure)  418350K->177837K(464384K), 0.0057777 secs]
44.667: [GC (Allocation Failure)  424221K->181997K(464384K), 0.0078194 secs]
44.724: [GC (Allocation Failure)  426392K->195262K(464896K), 0.0071076 secs]
44.779: [GC (Allocation Failure)  439603K->204542K(464896K), 0.0073058 secs]
44.786: [Full GC (Ergonomics)  204542K->57389K(472576K), 0.0357485 secs]
44.848: [GC (Allocation Failure)  301972K->95407K(471552K), 0.0043968 secs]
44.915: [GC (Allocation Failure)  339963K->98879K(472064K), 0.0167267 secs]
44.970: [GC (Allocation Failure)  341824K->105631K(471552K), 0.0089701 secs]
45.028: [GC (Allocation Failure)  348618K->111791K(471552K), 0.0046896 secs]
45.085: [GC (Allocation Failure)  355360K->119391K(471552K), 0.0081645 secs]
45.138: [GC (Allocation Failure)  362851K->129248K(472576K), 0.0073720 secs]
45.194: [GC (Allocation Failure)  373491K->137848K(466432K), 0.0048907 secs]
45.247: [GC (Allocation Failure)  382564K->145112K(472064K), 0.0047724 secs]
45.301: [GC (Allocation Failure)  389421K->153224K(472064K), 0.0067557 secs]
45.359: [GC (Allocation Failure)  397880K->160969K(472576K), 0.0047616 secs]
45.413: [GC (Allocation Failure)  406282K->170665K(472576K), 0.0047804 secs]
45.468: [GC (Allocation Failure)  416054K->177929K(473088K), 0.0100363 secs]
45.523: [GC (Allocation Failure)  424422K->187593K(473088K), 0.0046871 secs]
45.580: [GC (Allocation Failure)  433896K->194858K(473600K), 0.0047224 secs]
45.634: [GC (Allocation Failure)  442356K->203066K(473600K), 0.0097898 secs]
45.689: [GC (Allocation Failure)  450559K->212210K(474112K), 0.0078346 secs]
45.697: [Full GC (Ergonomics)  212210K->56370K(477184K), 0.0341648 secs]
45.758: [GC (Allocation Failure)  304935K->93811K(477184K), 0.0048261 secs]
45.822: [GC (Allocation Failure)  342582K->97859K(477184K), 0.0048044 secs]
45.874: [GC (Allocation Failure)  345378K->103587K(472576K), 0.0066067 secs]
45.931: [GC (Allocation Failure)  351179K->111283K(476672K), 0.0056914 secs]
45.988: [GC (Allocation Failure)  358698K->120931K(476672K), 0.0052057 secs]
46.042: [GC (Allocation Failure)  368640K->129188K(476672K), 0.0084898 secs]
46.097: [GC (Allocation Failure)  377941K->136836K(477184K), 0.0047567 secs]
46.151: [GC (Allocation Failure)  385342K->144580K(478208K), 0.0065272 secs]
46.211: [GC (Allocation Failure)  394581K->155285K(478208K), 0.0066593 secs]
46.265: [GC (Allocation Failure)  405394K->159445K(478208K), 0.0064571 secs]
46.319: [GC (Allocation Failure)  408853K->166557K(478208K), 0.0047046 secs]
46.378: [GC (Allocation Failure)  416202K->172797K(477184K), 0.0048101 secs]
46.436: [GC (Allocation Failure)  421279K->185069K(477696K), 0.0064085 secs]
46.490: [GC (Allocation Failure)  433487K->192694K(476672K), 0.0068088 secs]
46.545: [GC (Allocation Failure)  441268K->199926K(477184K), 0.0057004 secs]
46.598: [GC (Allocation Failure)  448755K->208078K(477696K), 0.0048420 secs]
46.603: [Full GC (Ergonomics)  208078K->55349K(485376K), 0.0337394 secs]
46.666: [GC (Allocation Failure)  304827K->88214K(485888K), 0.0046812 secs]
46.728: [GC (Allocation Failure)  337597K->94335K(485888K), 0.0064456 secs]
46.779: [GC (Allocation Failure)  343811K->100439K(485888K), 0.0065581 secs]
46.835: [GC (Allocation Failure)  350171K->110263K(485888K), 0.0064894 secs]
46.888: [GC (Allocation Failure)  360056K->116335K(481280K), 0.0053884 secs]
46.942: [GC (Allocation Failure)  366131K->123600K(485376K), 0.0061623 secs]
46.993: [GC (Allocation Failure)  373293K->132224K(485376K), 0.0045468 secs]
47.048: [GC (Allocation Failure)  381610K->138944K(486400K), 0.0064318 secs]
47.103: [GC (Allocation Failure)  389511K->149136K(481792K), 0.0060696 secs]
47.155: [GC (Allocation Failure)  399658K->156881K(485376K), 0.0093256 secs]
47.212: [GC (Allocation Failure)  406938K->161953K(485888K), 0.0074208 secs]
47.268: [GC (Allocation Failure)  412032K->170209K(486400K), 0.0048957 secs]
47.321: [GC (Allocation Failure)  421266K->176305K(486400K), 0.0046953 secs]
47.375: [GC (Allocation Failure)  427501K->180497K(485376K), 0.0047845 secs]
47.429: [GC (Allocation Failure)  429910K->186617K(485888K), 0.0046386 secs]
47.483: [GC (Allocation Failure)  436101K->194762K(484864K), 0.0046478 secs]
47.535: [GC (Allocation Failure)  444319K->203050K(485376K), 0.0086655 secs]
47.589: [GC (Allocation Failure)  452514K->213218K(486400K), 0.0047406 secs]
47.641: [GC (Allocation Failure)  463753K->219426K(486400K), 0.0050128 secs]
47.646: [Full GC (Ergonomics)  219426K->54842K(492032K), 0.0352929 secs]
47.705: [GC (Allocation Failure)  305434K->89147K(491008K), 0.0043185 secs]
47.764: [GC (Allocation Failure)  338663K->93340K(491520K), 0.0046020 secs]
47.814: [GC (Allocation Failure)  342736K->105036K(490496K), 0.0065719 secs]
47.869: [GC (Allocation Failure)  353630K->115372K(491008K), 0.0057429 secs]
47.922: [GC (Allocation Failure)  364069K->122980K(489984K), 0.0066625 secs]
47.975: [GC (Allocation Failure)  372205K->131749K(490496K), 0.0086773 secs]
48.027: [GC (Allocation Failure)  381054K->138421K(492032K), 0.0045948 secs]
48.083: [GC (Allocation Failure)  389366K->147589K(492032K), 0.0045853 secs]
48.136: [GC (Allocation Failure)  398979K->157894K(491520K), 0.0059181 secs]
48.186: [GC (Allocation Failure)  409332K->165534K(492032K), 0.0053781 secs]
48.241: [GC (Allocation Failure)  416966K->174302K(493056K), 0.0057951 secs]
48.295: [GC (Allocation Failure)  427550K->180910K(492544K), 0.0064640 secs]
48.347: [GC (Allocation Failure)  433993K->185614K(492544K), 0.0046325 secs]
48.401: [GC (Allocation Failure)  437509K->195775K(485888K), 0.0075250 secs]
48.454: [GC (Allocation Failure)  447385K->205055K(492032K), 0.0054988 secs]
48.509: [GC (Allocation Failure)  456598K->212175K(492032K), 0.0047362 secs]
48.563: [GC (Allocation Failure)  463768K->221935K(492544K), 0.0089058 secs]
48.572: [Full GC (Ergonomics)  221935K->53822K(498688K), 0.0346097 secs]
48.629: [GC (Allocation Failure)  306452K->86655K(498688K), 0.0041880 secs]
48.692: [GC (Allocation Failure)  339454K->91719K(499200K), 0.0063321 secs]
48.744: [GC (Allocation Failure)  344251K->102568K(499200K), 0.0063816 secs]
48.796: [GC (Allocation Failure)  355300K->109656K(499200K), 0.0045844 secs]
48.851: [GC (Allocation Failure)  362473K->117432K(493056K), 0.0045928 secs]
48.903: [GC (Allocation Failure)  370212K->127601K(498688K), 0.0057976 secs]
48.954: [GC (Allocation Failure)  380030K->135345K(498688K), 0.0100995 secs]
49.009: [GC (Allocation Failure)  388159K->148097K(498688K), 0.0046927 secs]
49.060: [GC (Allocation Failure)  401592K->157890K(499200K), 0.0053589 secs]
49.111: [GC (Allocation Failure)  411760K->165530K(499712K), 0.0062035 secs]
49.162: [GC (Allocation Failure)  419559K->175354K(499712K), 0.0104534 secs]
49.215: [GC (Allocation Failure)  429603K->186034K(499200K), 0.0048918 secs]
49.267: [GC (Allocation Failure)  439502K->192243K(491008K), 0.0062108 secs]
49.319: [GC (Allocation Failure)  445901K->205507K(499200K), 0.0050479 secs]
49.374: [GC (Allocation Failure)  457950K->213283K(494080K), 0.0067961 secs]
49.423: [GC (Allocation Failure)  465925K->222419K(497664K), 0.0047548 secs]
49.477: [GC (Allocation Failure)  474292K->227604K(498688K), 0.0052848 secs]
49.482: [Full GC (Ergonomics)  227604K->54850K(509440K), 0.0372706 secs]
49.542: [GC (Allocation Failure)  306539K->90755K(506368K), 0.0062315 secs]
49.600: [GC (Allocation Failure)  339211K->94804K(507904K), 0.0065056 secs]
49.652: [GC (Allocation Failure)  343233K->103572K(506368K), 0.0053795 secs]
49.703: [GC (Allocation Failure)  352609K->113284K(507392K), 0.0065181 secs]
49.754: [GC (Allocation Failure)  362326K->122052K(508416K), 0.0046469 secs]
49.807: [GC (Allocation Failure)  372932K->128117K(508928K), 0.0045929 secs]
49.857: [GC (Allocation Failure)  378782K->136885K(507904K), 0.0046439 secs]
49.910: [GC (Allocation Failure)  388241K->145037K(508416K), 0.0048906 secs]
49.961: [GC (Allocation Failure)  395938K->154861K(508928K), 0.0046186 secs]
50.013: [GC (Allocation Failure)  407786K->162470K(509440K), 0.0047760 secs]
50.063: [GC (Allocation Failure)  414969K->174310K(509440K), 0.0046126 secs]
50.117: [GC (Allocation Failure)  427160K->181422K(509952K), 0.0068004 secs]
50.167: [GC (Allocation Failure)  433954K->191759K(509952K), 0.0074159 secs]
50.218: [GC (Allocation Failure)  444783K->200383K(509952K), 0.0053378 secs]
50.269: [GC (Allocation Failure)  453686K->211711K(510464K), 0.0049079 secs]
50.318: [GC (Allocation Failure)  465223K->222936K(503296K), 0.0051866 secs]
50.371: [GC (Allocation Failure)  476477K->233752K(510464K), 0.0048875 secs]
50.422: [GC (Allocation Failure)  488186K->242408K(509952K), 0.0051710 secs]
50.427: [Full GC (Ergonomics)  242408K->53039K(515584K), 0.0338984 secs]
50.487: [GC (Allocation Failure)  307101K->85392K(515072K), 0.0041607 secs]
50.544: [GC (Allocation Failure)  338989K->91000K(516096K), 0.0063919 secs]
50.591: [GC (Allocation Failure)  344505K->100680K(515584K), 0.0066952 secs]
50.640: [GC (Allocation Failure)  354983K->110985K(516096K), 0.0067880 secs]
50.693: [GC (Allocation Failure)  365262K->119641K(516608K), 0.0065123 secs]
50.744: [GC (Allocation Failure)  374626K->129945K(516608K), 0.0103669 secs]
50.794: [GC (Allocation Failure)  385418K->137066K(516608K), 0.0068346 secs]
50.844: [GC (Allocation Failure)  392979K->144810K(516608K), 0.0065709 secs]
50.895: [GC (Allocation Failure)  400769K->156018K(516608K), 0.0109122 secs]
50.946: [GC (Allocation Failure)  413038K->166322K(517120K), 0.0101169 secs]
51.002: [GC (Allocation Failure)  423021K->171395K(517632K), 0.0112032 secs]
51.050: [GC (Allocation Failure)  427542K->180675K(517120K), 0.0063821 secs]
51.104: [GC (Allocation Failure)  437064K->189331K(517120K), 0.0108178 secs]
51.156: [GC (Allocation Failure)  445486K->201204K(517120K), 0.0068306 secs]
51.206: [GC (Allocation Failure)  457690K->207268K(516608K), 0.0047182 secs]
51.257: [GC (Allocation Failure)  464292K->215524K(517120K), 0.0046592 secs]
51.309: [GC (Allocation Failure)  472159K->225724K(518144K), 0.0085689 secs]
51.361: [GC (Allocation Failure)  483459K->233501K(514560K), 0.0074321 secs]
51.412: [GC (Allocation Failure)  491148K->241101K(517120K), 0.0048332 secs]
51.417: [Full GC (Ergonomics)  241101K->52229K(523264K), 0.0350846 secs]
51.472: [GC (Allocation Failure)  309557K->83558K(523776K), 0.0057155 secs]
51.532: [GC (Allocation Failure)  340812K->88694K(523776K), 0.0046455 secs]
51.581: [GC (Allocation Failure)  345622K->100903K(523776K), 0.0085021 secs]
51.633: [GC (Allocation Failure)  357666K->110151K(523776K), 0.0062220 secs]
51.684: [GC (Allocation Failure)  366991K->116791K(523776K), 0.0047117 secs]
51.734: [GC (Allocation Failure)  373668K->127640K(522752K), 0.0063349 secs]
51.786: [GC (Allocation Failure)  384626K->136272K(523264K), 0.0044522 secs]
51.834: [GC (Allocation Failure)  392824K->143536K(523264K), 0.0044128 secs]
51.887: [GC (Allocation Failure)  401587K->151712K(523776K), 0.0044243 secs]
51.939: [GC (Allocation Failure)  409950K->159456K(525312K), 0.0044403 secs]
51.989: [GC (Allocation Failure)  419144K->166517K(525312K), 0.0049974 secs]
52.037: [GC (Allocation Failure)  426186K->173749K(524288K), 0.0045623 secs]
52.088: [GC (Allocation Failure)  433416K->182405K(524800K), 0.0045992 secs]
52.137: [GC (Allocation Failure)  442151K->189637K(524800K), 0.0065560 secs]
52.188: [GC (Allocation Failure)  449426K->200342K(525312K), 0.0064869 secs]
52.241: [GC (Allocation Failure)  459966K->209622K(524800K), 0.0068523 secs]
52.293: [GC (Allocation Failure)  469299K->215206K(525312K), 0.0066303 secs]
52.342: [GC (Allocation Failure)  474901K->226567K(525312K), 0.0079317 secs]
52.392: [GC (Allocation Failure)  486245K->235199K(525312K), 0.0101563 secs]
52.445: [GC (Allocation Failure)  494875K->241951K(525312K), 0.0065454 secs]
52.496: [GC (Allocation Failure)  501700K->252623K(525312K), 0.0071708 secs]
52.503: [Full GC (Ergonomics)  252623K->51726K(532480K), 0.0368732 secs]
52.560: [GC (Allocation Failure)  311697K->85615K(530432K), 0.0059405 secs]
52.621: [GC (Allocation Failure)  343165K->89119K(531456K), 0.0060427 secs]
52.668: [GC (Allocation Failure)  346905K->97920K(530944K), 0.0063383 secs]
52.721: [GC (Allocation Failure)  356266K->106552K(531456K), 0.0061586 secs]
52.770: [GC (Allocation Failure)  364874K->115864K(530944K), 0.0078026 secs]
52.821: [GC (Allocation Failure)  375278K->124992K(531456K), 0.0043844 secs]
52.865: [GC (Allocation Failure)  384468K->131713K(531968K), 0.0061725 secs]
52.918: [GC (Allocation Failure)  391709K->142937K(532480K), 0.0049871 secs]
52.965: [GC (Allocation Failure)  403033K->151705K(532480K), 0.0051315 secs]
53.017: [GC (Allocation Failure)  412268K->161393K(531968K), 0.0043873 secs]
53.067: [GC (Allocation Failure)  421554K->166610K(531968K), 0.0050113 secs]
53.113: [GC (Allocation Failure)  425308K->177802K(528384K), 0.0045084 secs]
53.163: [GC (Allocation Failure)  436841K->185066K(531456K), 0.0099808 secs]
53.212: [GC (Allocation Failure)  443729K->194210K(531456K), 0.0052210 secs]
53.263: [GC (Allocation Failure)  452814K->201443K(532480K), 0.0063495 secs]
53.313: [GC (Allocation Failure)  461506K->212147K(526336K), 0.0064948 secs]
53.361: [GC (Allocation Failure)  471830K->221971K(531968K), 0.0062394 secs]
53.411: [GC (Allocation Failure)  481992K->231620K(531968K), 0.0064940 secs]
53.459: [GC (Allocation Failure)  491260K->239364K(531968K), 0.0047214 secs]
53.506: [GC (Allocation Failure)  500450K->248020K(532480K), 0.0098619 secs]
53.555: [GC (Allocation Failure)  508793K->256788K(533504K), 0.0066338 secs]
53.562: [Full GC (Ergonomics)  256788K->50707K(538624K), 0.0348634 secs]
53.617: [GC (Allocation Failure)  313096K->82452K(538624K), 0.0057728 secs]
53.676: [GC (Allocation Failure)  344780K->87668K(538624K), 0.0073532 secs]
53.722: [GC (Allocation Failure)  349470K->95268K(538624K), 0.0053513 secs]
53.770: [GC (Allocation Failure)  357162K->106629K(538624K), 0.0104769 secs]
53.823: [GC (Allocation Failure)  368569K->113725K(538624K), 0.0060907 secs]
53.874: [GC (Allocation Failure)  375854K->123005K(538624K), 0.0061460 secs]
53.920: [GC (Allocation Failure)  385012K->132685K(538112K), 0.0046727 secs]
53.971: [GC (Allocation Failure)  394774K->137358K(538112K), 0.0052740 secs]
54.017: [GC (Allocation Failure)  398425K->146526K(538112K), 0.0061801 secs]
54.067: [GC (Allocation Failure)  407570K->156830K(538112K), 0.0050336 secs]
54.116: [GC (Allocation Failure)  417557K->165998K(538112K), 0.0064333 secs]
54.165: [GC (Allocation Failure)  426609K->177327K(537088K), 0.0058777 secs]
54.213: [GC (Allocation Failure)  438016K->187015K(537600K), 0.0050740 secs]
54.264: [GC (Allocation Failure)  448050K->194791K(538624K), 0.0049059 secs]
54.312: [GC (Allocation Failure)  456994K->203424K(538624K), 0.0058749 secs]
54.359: [GC (Allocation Failure)  465603K->211168K(538624K), 0.0044846 secs]
54.410: [GC (Allocation Failure)  473838K->219832K(538624K), 0.0061976 secs]
54.461: [GC (Allocation Failure)  482508K->228056K(538112K), 0.0066739 secs]
54.510: [GC (Allocation Failure)  490777K->233161K(539136K), 0.0066571 secs]
54.559: [GC (Allocation Failure)  495846K->241417K(538624K), 0.0104998 secs]
54.607: [GC (Allocation Failure)  504636K->249049K(539136K), 0.0104631 secs]
54.657: [GC (Allocation Failure)  512693K->261401K(539648K), 0.0110597 secs]
54.668: [Full GC (Ergonomics)  261401K->49688K(545792K), 0.0373209 secs]
54.723: [GC (Allocation Failure)  313779K->78361K(545280K), 0.0039944 secs]
54.784: [GC (Allocation Failure)  342131K->83545K(544256K), 0.0043402 secs]
54.830: [GC (Allocation Failure)  345196K->94345K(544768K), 0.0059831 secs]
54.879: [GC (Allocation Failure)  356196K->105010K(544768K), 0.0101619 secs]
54.928: [GC (Allocation Failure)  366827K->115826K(540672K), 0.0061116 secs]
54.975: [GC (Allocation Failure)  377823K->122946K(544256K), 0.0101545 secs]
55.023: [GC (Allocation Failure)  384892K->130626K(544256K), 0.0060036 secs]
55.071: [GC (Allocation Failure)  392598K->138371K(544256K), 0.0063053 secs]
55.120: [GC (Allocation Failure)  401539K->146515K(544768K), 0.0061127 secs]
55.170: [GC (Allocation Failure)  409219K->156307K(544768K), 0.0061872 secs]
55.219: [GC (Allocation Failure)  420443K->164451K(545280K), 0.0066463 secs]
55.269: [GC (Allocation Failure)  428632K->175780K(546304K), 0.0062808 secs]
55.318: [GC (Allocation Failure)  440986K->183420K(546304K), 0.0060920 secs]
55.366: [GC (Allocation Failure)  448613K->192700K(546304K), 0.0064976 secs]
55.413: [GC (Allocation Failure)  457869K->204421K(546304K), 0.0105033 secs]
55.464: [GC (Allocation Failure)  469271K->209093K(543232K), 0.0111452 secs]
55.513: [GC (Allocation Failure)  471234K->221837K(544768K), 0.0103919 secs]
55.560: [GC (Allocation Failure)  483554K->229069K(544768K), 0.0065596 secs]
55.609: [GC (Allocation Failure)  490777K->235686K(544768K), 0.0065606 secs]
55.657: [GC (Allocation Failure)  497822K->247526K(543744K), 0.0104020 secs]
55.706: [GC (Allocation Failure)  508139K->253614K(544256K), 0.0103332 secs]
55.755: [GC (Allocation Failure)  514620K->265486K(544256K), 0.0076004 secs]
55.762: [Full GC (Ergonomics)  265486K->49181K(552960K), 0.0373906 secs]
55.817: [GC (Allocation Failure)  309927K->75806K(552960K), 0.0052089 secs]
55.876: [GC (Allocation Failure)  336442K->82526K(551936K), 0.0100715 secs]
55.921: [GC (Allocation Failure)  343604K->92206K(552448K), 0.0100132 secs]
55.974: [GC (Allocation Failure)  352998K->101006K(553472K), 0.0062161 secs]
56.019: [GC (Allocation Failure)  363388K->107575K(553472K), 0.0103420 secs]
56.071: [GC (Allocation Failure)  370141K->117879K(553472K), 0.0067058 secs]
56.120: [GC (Allocation Failure)  380728K->126023K(553472K), 0.0046994 secs]
56.167: [GC (Allocation Failure)  389115K->134791K(553984K), 0.0047848 secs]
56.215: [GC (Allocation Failure)  399289K->143960K(553984K), 0.0060809 secs]
56.262: [GC (Allocation Failure)  408625K->151736K(555008K), 0.0043357 secs]
56.311: [GC (Allocation Failure)  417942K->158824K(555008K), 0.0059989 secs]
56.357: [GC (Allocation Failure)  424649K->168136K(556032K), 0.0058160 secs]
56.405: [GC (Allocation Failure)  434896K->176241K(552960K), 0.0104552 secs]
56.452: [GC (Allocation Failure)  443092K->183953K(555520K), 0.0059943 secs]
56.502: [GC (Allocation Failure)  451214K->192641K(555520K), 0.0061471 secs]
56.549: [GC (Allocation Failure)  459868K->204513K(555520K), 0.0062896 secs]
56.598: [GC (Allocation Failure)  471637K->211602K(556032K), 0.0072378 secs]
56.646: [GC (Allocation Failure)  478509K->221426K(555520K), 0.0060964 secs]
56.697: [GC (Allocation Failure)  488240K->227994K(556032K), 0.0107298 secs]
56.742: [GC (Allocation Failure)  494819K->239323K(555008K), 0.0043394 secs]
56.792: [GC (Allocation Failure)  505406K->244915K(555520K), 0.0062676 secs]
56.838: [GC (Allocation Failure)  510661K->254707K(554496K), 0.0049885 secs]
56.887: [GC (Allocation Failure)  519919K->259779K(546304K), 0.0044240 secs]
56.935: [GC (Allocation Failure)  524967K->272164K(555008K), 0.0052858 secs]
56.940: [Full GC (Ergonomics)  272164K->48162K(561664K), 0.0365433 secs]
56.995: [GC (Allocation Failure)  312457K->75299K(559616K), 0.0051912 secs]
57.053: [GC (Allocation Failure)  339643K->80483K(561152K), 0.0096469 secs]
57.095: [GC (Allocation Failure)  343717K->90675K(555008K), 0.0060334 secs]
57.144: [GC (Allocation Failure)  353936K->99444K(560128K), 0.0065967 secs]
57.188: [GC (Allocation Failure)  362628K->109636K(560128K), 0.0047075 secs]
57.237: [GC (Allocation Failure)  373173K->120452K(560640K), 0.0079489 secs]
57.287: [GC (Allocation Failure)  385479K->129109K(561152K), 0.0043836 secs]
57.336: [GC (Allocation Failure)  394076K->135797K(561152K), 0.0061619 secs]
57.381: [GC (Allocation Failure)  401994K->143973K(561664K), 0.0042890 secs]
57.427: [GC (Allocation Failure)  410079K->153765K(561664K), 0.0043377 secs]
57.474: [GC (Allocation Failure)  420958K->161910K(562176K), 0.0048980 secs]
57.523: [GC (Allocation Failure)  429104K->169078K(563200K), 0.0042648 secs]
57.569: [GC (Allocation Failure)  437327K->176310K(563200K), 0.0041993 secs]
57.617: [GC (Allocation Failure)  444404K->186510K(563200K), 0.0070791 secs]
57.662: [GC (Allocation Failure)  454362K->195279K(559616K), 0.0057951 secs]
57.710: [GC (Allocation Failure)  463474K->203935K(562688K), 0.0094396 secs]
57.758: [GC (Allocation Failure)  472126K->213247K(562688K), 0.0073561 secs]
57.804: [GC (Allocation Failure)  481368K->218279K(561152K), 0.0062814 secs]
57.850: [GC (Allocation Failure)  484468K->232136K(562176K), 0.0051355 secs]
57.895: [GC (Allocation Failure)  498183K->240312K(561664K), 0.0064081 secs]
57.941: [GC (Allocation Failure)  507054K->250616K(562176K), 0.0074068 secs]
57.991: [GC (Allocation Failure)  517283K->258240K(561664K), 0.0111249 secs]
58.036: [GC (Allocation Failure)  525065K->268065K(562176K), 0.0050231 secs]
58.083: [GC (Allocation Failure)  535153K->276689K(562176K), 0.0083273 secs]
58.129: [GC (Allocation Failure)  544875K->285425K(562688K), 0.0066927 secs]
58.135: [Full GC (Ergonomics)  285425K->48167K(569856K), 0.0363463 secs]
58.190: [GC (Allocation Failure)  316014K->74792K(568832K), 0.0051879 secs]
58.245: [GC (Allocation Failure)  341651K->80520K(569856K), 0.0045220 secs]
58.292: [GC (Allocation Failure)  347783K->91201K(568832K), 0.0084391 secs]
58.338: [GC (Allocation Failure)  358102K->100993K(569344K), 0.0058560 secs]
58.385: [GC (Allocation Failure)  367912K->108633K(570368K), 0.0057133 secs]
58.430: [GC (Allocation Failure)  376654K->117946K(565760K), 0.0042005 secs]
58.478: [GC (Allocation Failure)  385987K->126578K(569856K), 0.0058566 secs]
58.523: [GC (Allocation Failure)  394761K->138386K(569856K), 0.0077602 secs]
58.570: [GC (Allocation Failure)  406540K->148658K(570880K), 0.0061101 secs]
58.616: [GC (Allocation Failure)  417933K->159875K(565248K), 0.0060417 secs]
58.663: [GC (Allocation Failure)  429079K->170723K(569856K), 0.0059469 secs]
58.710: [GC (Allocation Failure)  439275K->178331K(570368K), 0.0044204 secs]
58.758: [GC (Allocation Failure)  447102K->189148K(570880K), 0.0059142 secs]
58.807: [GC (Allocation Failure)  458430K->197812K(565760K), 0.0077352 secs]
58.854: [GC (Allocation Failure)  466795K->208628K(570368K), 0.0043110 secs]
58.900: [GC (Allocation Failure)  477792K->216261K(570368K), 0.0095695 secs]
58.946: [GC (Allocation Failure)  485537K->220965K(570880K), 0.0095847 secs]
58.992: [GC (Allocation Failure)  489576K->228061K(570368K), 0.0056963 secs]
59.039: [GC (Allocation Failure)  496812K->238365K(570368K), 0.0097239 secs]
59.085: [GC (Allocation Failure)  507596K->247021K(570368K), 0.0100087 secs]
59.129: [GC (Allocation Failure)  516272K->259374K(569856K), 0.0063388 secs]
59.177: [GC (Allocation Failure)  527422K->264958K(570368K), 0.0061293 secs]
59.225: [GC (Allocation Failure)  533242K->277246K(570368K), 0.0081277 secs]
59.269: [GC (Allocation Failure)  545471K->285023K(570368K), 0.0065837 secs]
59.275: [Full GC (Ergonomics)  285023K->47148K(578048K), 0.0418404 secs]
59.336: [GC (Allocation Failure)  314982K->72845K(577024K), 0.0037890 secs]
59.391: [GC (Allocation Failure)  339680K->78405K(577536K), 0.0058200 secs]
59.431: [GC (Allocation Failure)  345447K->86661K(577536K), 0.0099894 secs]
59.483: [GC (Allocation Failure)  353457K->97886K(577536K), 0.0059868 secs]
59.525: [GC (Allocation Failure)  364803K->103518K(577536K), 0.0093519 secs]
59.573: [GC (Allocation Failure)  370372K->114334K(577536K), 0.0059811 secs]
59.615: [GC (Allocation Failure)  381351K->122479K(576512K), 0.0105792 secs]
59.662: [GC (Allocation Failure)  389515K->130191K(577024K), 0.0088549 secs]
59.710: [GC (Allocation Failure)  397309K->137335K(577536K), 0.0096768 secs]
59.758: [GC (Allocation Failure)  405002K->145079K(577536K), 0.0080493 secs]
59.807: [GC (Allocation Failure)  412682K->155264K(577024K), 0.0104238 secs]
59.853: [GC (Allocation Failure)  423545K->165088K(577536K), 0.0085510 secs]
59.901: [GC (Allocation Failure)  433293K->174224K(577536K), 0.0098561 secs]
59.947: [GC (Allocation Failure)  443474K->184560K(578048K), 0.0097937 secs]
59.993: [GC (Allocation Failure)  453741K->192153K(576512K), 0.0044777 secs]
60.039: [GC (Allocation Failure)  459102K->197337K(577536K), 0.0088532 secs]
60.081: [GC (Allocation Failure)  464468K->207017K(576512K), 0.0067515 secs]
60.129: [GC (Allocation Failure)  472927K->221930K(577024K), 0.0042040 secs]
60.172: [GC (Allocation Failure)  487866K->229562K(576000K), 0.0043077 secs]
60.216: [GC (Allocation Failure)  495575K->238266K(576512K), 0.0095058 secs]
60.264: [GC (Allocation Failure)  504316K->249594K(576512K), 0.0058022 secs]
60.308: [GC (Allocation Failure)  516555K->260307K(577024K), 0.0057970 secs]
60.355: [GC (Allocation Failure)  527511K->270579K(577024K), 0.0101671 secs]
60.400: [GC (Allocation Failure)  539283K->281323K(577536K), 0.0099961 secs]
60.446: [GC (Allocation Failure)  549995K->289100K(578048K), 0.0045376 secs]
60.490: [GC (Allocation Failure)  558184K->295676K(578560K), 0.0069867 secs]
60.497: [Full GC (Ergonomics)  295676K->46642K(585728K), 0.0342694 secs]
60.550: [GC (Allocation Failure)  315809K->69714K(585728K), 0.0075877 secs]
60.599: [GC (Allocation Failure)  339214K->77451K(585728K), 0.0046163 secs]
60.645: [GC (Allocation Failure)  347172K->85099K(586240K), 0.0094636 secs]
60.692: [GC (Allocation Failure)  354936K->93787K(586240K), 0.0056673 secs]
60.736: [GC (Allocation Failure)  363833K->100475K(586240K), 0.0058527 secs]
60.783: [GC (Allocation Failure)  370467K->110188K(581632K), 0.0095477 secs]
60.826: [GC (Allocation Failure)  380169K->118892K(585728K), 0.0057084 secs]
60.871: [GC (Allocation Failure)  388948K->129228K(585728K), 0.0098835 secs]
60.917: [GC (Allocation Failure)  399338K->137348K(586752K), 0.0042160 secs]
60.963: [GC (Allocation Failure)  408537K->148165K(586752K), 0.0057681 secs]
61.007: [GC (Allocation Failure)  419327K->152725K(585728K), 0.0062961 secs]
61.052: [GC (Allocation Failure)  422796K->160469K(586240K), 0.0093275 secs]
61.098: [GC (Allocation Failure)  430753K->170149K(585216K), 0.0096837 secs]
61.142: [GC (Allocation Failure)  440449K->179974K(585728K), 0.0059446 secs]
61.188: [GC (Allocation Failure)  450095K->188078K(585728K), 0.0077812 secs]
61.231: [GC (Allocation Failure)  459400K->196846K(586240K), 0.0092399 secs]
61.277: [GC (Allocation Failure)  468021K->203966K(587264K), 0.0078993 secs]
61.323: [GC (Allocation Failure)  476225K->213183K(587264K), 0.0058661 secs]
61.366: [GC (Allocation Failure)  485426K->219391K(586240K), 0.0095231 secs]
61.413: [GC (Allocation Failure)  490638K->230095K(586752K), 0.0058385 secs]
61.458: [GC (Allocation Failure)  501367K->237871K(585728K), 0.0071027 secs]
61.501: [GC (Allocation Failure)  508972K->245984K(586240K), 0.0046100 secs]
61.545: [GC (Allocation Failure)  517031K->251712K(586752K), 0.0057587 secs]
61.588: [GC (Allocation Failure)  523125K->260344K(586752K), 0.0111807 secs]
61.635: [GC (Allocation Failure)  532100K->269624K(586240K), 0.0059481 secs]
61.680: [GC (Allocation Failure)  541997K->279313K(586752K), 0.0043252 secs]
61.722: [GC (Allocation Failure)  551649K->289553K(586752K), 0.0059507 secs]
61.770: [GC (Allocation Failure)  561829K->296273K(587264K), 0.0110262 secs]
61.781: [Full GC (Ergonomics)  296273K->46136K(594432K), 0.0336460 secs]
61.834: [GC (Allocation Failure)  318458K->70776K(592384K), 0.0036194 secs]
61.883: [GC (Allocation Failure)  340602K->75848K(593408K), 0.0056504 secs]
61.926: [GC (Allocation Failure)  346034K->86633K(592384K), 0.0057443 secs]
61.969: [GC (Allocation Failure)  356473K->95345K(592896K), 0.0092281 secs]
62.014: [GC (Allocation Failure)  365349K->104089K(592896K), 0.0082157 secs]
62.060: [GC (Allocation Failure)  374966K->112314K(593408K), 0.0044208 secs]
62.104: [GC (Allocation Failure)  383378K->120490K(594432K), 0.0046067 secs]
62.149: [GC (Allocation Failure)  393217K->130266K(594432K), 0.0069441 secs]
62.194: [GC (Allocation Failure)  402848K->138378K(594944K), 0.0059876 secs]
62.240: [GC (Allocation Failure)  411631K->148715K(591360K), 0.0057970 secs]
62.286: [GC (Allocation Failure)  422101K->157851K(594432K), 0.0042900 secs]
62.332: [GC (Allocation Failure)  431092K->166139K(594432K), 0.0041754 secs]
62.375: [GC (Allocation Failure)  439279K->175284K(594432K), 0.0057976 secs]
62.417: [GC (Allocation Failure)  449617K->183988K(594944K), 0.0094915 secs]
62.463: [GC (Allocation Failure)  458304K->191700K(594432K), 0.0060716 secs]
62.505: [GC (Allocation Failure)  464867K->203460K(594944K), 0.0061124 secs]
62.553: [GC (Allocation Failure)  476746K->210181K(592896K), 0.0103780 secs]
62.594: [GC (Allocation Failure)  481312K->221909K(592384K), 0.0085675 secs]
62.642: [GC (Allocation Failure)  493048K->228597K(593920K), 0.0097687 secs]
62.686: [GC (Allocation Failure)  499297K->239341K(593408K), 0.0060160 secs]
62.731: [GC (Allocation Failure)  509823K->246062K(593408K), 0.0047343 secs]
62.777: [GC (Allocation Failure)  516832K->255230K(593408K), 0.0099105 secs]
62.820: [GC (Allocation Failure)  525849K->261886K(593408K), 0.0100859 secs]
62.863: [GC (Allocation Failure)  532003K->273695K(593408K), 0.0104231 secs]
62.908: [GC (Allocation Failure)  543894K->280847K(592384K), 0.0077057 secs]
62.951: [GC (Allocation Failure)  550869K->290639K(592896K), 0.0045826 secs]
62.995: [GC (Allocation Failure)  560756K->299295K(592896K), 0.0056992 secs]
63.039: [GC (Allocation Failure)  570438K->310592K(593408K), 0.0119239 secs]
63.051: [Full GC (Ergonomics)  310592K->46654K(600576K), 0.0355336 secs]
63.105: [GC (Allocation Failure)  317875K->71742K(599552K), 0.0052219 secs]
63.153: [GC (Allocation Failure)  341585K->77470K(600576K), 0.0047542 secs]
63.196: [GC (Allocation Failure)  347738K->87111K(600576K), 0.0098905 secs]
63.240: [GC (Allocation Failure)  356992K->97959K(595456K), 0.0100609 secs]
63.284: [GC (Allocation Failure)  368212K->106591K(600064K), 0.0049107 secs]
63.327: [GC (Allocation Failure)  376522K->116864K(600064K), 0.0051561 secs]
63.372: [GC (Allocation Failure)  387197K->126056K(600576K), 0.0095605 secs]
63.415: [GC (Allocation Failure)  397147K->134248K(600576K), 0.0047290 secs]
63.458: [GC (Allocation Failure)  405204K->144072K(601088K), 0.0062228 secs]
63.503: [GC (Allocation Failure)  416355K->154233K(601088K), 0.0097343 secs]
63.546: [GC (Allocation Failure)  426416K->162009K(601600K), 0.0067927 secs]
63.589: [GC (Allocation Failure)  435178K->172681K(601600K), 0.0095310 secs]
63.635: [GC (Allocation Failure)  446014K->184010K(602112K), 0.0091839 secs]
63.682: [GC (Allocation Failure)  457742K->194202K(602112K), 0.0060653 secs]
63.724: [GC (Allocation Failure)  467759K->202394K(602624K), 0.0048867 secs]
63.768: [GC (Allocation Failure)  476561K->213211K(602624K), 0.0051146 secs]
63.812: [GC (Allocation Failure)  487444K->219307K(601600K), 0.0057729 secs]
63.855: [GC (Allocation Failure)  492557K->230091K(600064K), 0.0096764 secs]
63.897: [GC (Allocation Failure)  503242K->237755K(601600K), 0.0100654 secs]
63.944: [GC (Allocation Failure)  510073K->248060K(601600K), 0.0059913 secs]
63.988: [GC (Allocation Failure)  520055K->254156K(600576K), 0.0045676 secs]
64.029: [GC (Allocation Failure)  525207K->264972K(601088K), 0.0095873 secs]
64.072: [GC (Allocation Failure)  536160K->275164K(600064K), 0.0101808 secs]
64.117: [GC (Allocation Failure)  546757K->283869K(600576K), 0.0060162 secs]
64.157: [GC (Allocation Failure)  555657K->294173K(602112K), 0.0096897 secs]
64.200: [GC (Allocation Failure)  567750K->303861K(602112K), 0.0150238 secs]
64.246: [GC (Allocation Failure)  577662K->310038K(602112K), 0.0098701 secs]
64.290: [GC (Allocation Failure)  583133K->320262K(598528K), 0.0071868 secs]
64.297: [Full GC (Ergonomics)  320262K->46659K(604160K), 0.0352292 secs]
64.351: [GC (Allocation Failure)  319828K->70788K(606208K), 0.0107087 secs]
64.401: [GC (Allocation Failure)  342799K->76884K(607232K), 0.0053233 secs]
64.442: [GC (Allocation Failure)  349079K->87220K(607232K), 0.0044544 secs]
64.484: [GC (Allocation Failure)  359583K->98916K(605184K), 0.0091135 secs]
64.527: [GC (Allocation Failure)  371284K->105125K(607232K), 0.0052624 secs]
64.569: [GC (Allocation Failure)  376972K->115821K(602624K), 0.0084290 secs]
64.614: [GC (Allocation Failure)  387305K->124525K(606208K), 0.0099101 secs]
64.659: [GC (Allocation Failure)  395988K->134350K(606208K), 0.0081799 secs]
64.701: [GC (Allocation Failure)  405859K->143486K(606720K), 0.0096309 secs]
64.745: [GC (Allocation Failure)  416510K->152286K(607232K), 0.0040970 secs]
64.789: [GC (Allocation Failure)  425395K->161942K(608256K), 0.0061164 secs]
64.830: [GC (Allocation Failure)  436534K->173303K(608256K), 0.0059306 secs]
64.874: [GC (Allocation Failure)  448042K->180391K(607744K), 0.0096792 secs]
64.918: [GC (Allocation Failure)  454495K->192679K(607232K), 0.0099405 secs]
64.960: [GC (Allocation Failure)  467022K->199400K(607744K), 0.0101595 secs]
65.005: [GC (Allocation Failure)  472449K->210624K(603136K), 0.0073230 secs]
65.049: [GC (Allocation Failure)  483707K->220448K(607744K), 0.0093767 secs]
65.093: [GC (Allocation Failure)  494132K->231120K(607232K), 0.0042020 secs]
65.134: [GC (Allocation Failure)  504631K->239409K(608256K), 0.0060144 secs]
65.176: [GC (Allocation Failure)  513661K->250593K(604160K), 0.0058883 secs]
65.220: [GC (Allocation Failure)  524849K->260833K(607744K), 0.0099155 secs]
65.262: [GC (Allocation Failure)  535043K->269122K(607744K), 0.0045282 secs]
65.304: [GC (Allocation Failure)  543141K->278258K(607744K), 0.0043316 secs]
65.346: [GC (Allocation Failure)  553462K->287538K(608256K), 0.0096634 secs]
65.390: [GC (Allocation Failure)  562905K->297218K(608256K), 0.0098337 secs]
65.433: [GC (Allocation Failure)  573524K->308547K(608768K), 0.0064005 secs]
65.475: [GC (Allocation Failure)  584779K->316691K(609280K), 0.0064177 secs]
65.481: [Full GC (Ergonomics)  316691K->46664K(617984K), 0.0397373 secs]
65.541: [GC (Allocation Failure)  323011K->71337K(617984K), 0.0067404 secs]
65.590: [GC (Allocation Failure)  347319K->77913K(616960K), 0.0090721 secs]
65.631: [GC (Allocation Failure)  353198K->86681K(617472K), 0.0093756 secs]
65.676: [GC (Allocation Failure)  362108K->94306K(617472K), 0.0090749 secs]
65.719: [GC (Allocation Failure)  369663K->101986K(617472K), 0.0093533 secs]
65.762: [GC (Allocation Failure)  377114K->112802K(617472K), 0.0094272 secs]
65.804: [GC (Allocation Failure)  387771K->120946K(617472K), 0.0093619 secs]
65.848: [GC (Allocation Failure)  395941K->129683K(616448K), 0.0094449 secs]
65.889: [GC (Allocation Failure)  404805K->140931K(616960K), 0.0058083 secs]
65.933: [GC (Allocation Failure)  415936K->148195K(617472K), 0.0056591 secs]
65.974: [GC (Allocation Failure)  423474K->155284K(617472K), 0.0041077 secs]
66.014: [GC (Allocation Failure)  430304K->164500K(617472K), 0.0056710 secs]
66.058: [GC (Allocation Failure)  439716K->173812K(617472K), 0.0079147 secs]
66.101: [GC (Allocation Failure)  449080K->181916K(616448K), 0.0098806 secs]
66.142: [GC (Allocation Failure)  457075K->192733K(616960K), 0.0057500 secs]
66.187: [GC (Allocation Failure)  468005K->200365K(617984K), 0.0091105 secs]
66.229: [GC (Allocation Failure)  476639K->210637K(611328K), 0.0092268 secs]
66.272: [GC (Allocation Failure)  486740K->222390K(616448K), 0.0100473 secs]
66.314: [GC (Allocation Failure)  496547K->228534K(616960K), 0.0093252 secs]
66.356: [GC (Allocation Failure)  502673K->237814K(615936K), 0.0091840 secs]
66.402: [GC (Allocation Failure)  511885K->247494K(616448K), 0.0086537 secs]
66.444: [GC (Allocation Failure)  521655K->258311K(615936K), 0.0052497 secs]
66.486: [GC (Allocation Failure)  532367K->262871K(606208K), 0.0090125 secs]
66.529: [GC (Allocation Failure)  536926K->276759K(614400K), 0.0057333 secs]
66.567: [GC (Allocation Failure)  547624K->281311K(615424K), 0.0091025 secs]
66.610: [GC (Allocation Failure)  552656K->290528K(615424K), 0.0087017 secs]
66.653: [GC (Allocation Failure)  561651K->303936K(615424K), 0.0057425 secs]
66.691: [GC (Allocation Failure)  575227K->312048K(614400K), 0.0092973 secs]
66.733: [GC (Allocation Failure)  582967K->321329K(614912K), 0.0099985 secs]
66.743: [Full GC (Ergonomics)  321329K->44110K(621056K), 0.0384375 secs]
66.801: [GC (Allocation Failure)  315462K->66639K(621568K), 0.0036431 secs]
66.842: [GC (Allocation Failure)  338583K->71887K(622080K), 0.0040044 secs]
66.883: [GC (Allocation Failure)  343872K->79455K(621056K), 0.0045269 secs]
66.923: [GC (Allocation Failure)  351561K->86623K(621568K), 0.0071444 secs]
66.966: [GC (Allocation Failure)  358544K->94367K(622080K), 0.0073675 secs]
67.007: [GC (Allocation Failure)  367729K->100456K(611840K), 0.0092940 secs]
67.050: [GC (Allocation Failure)  373494K->113800K(621056K), 0.0090623 secs]
67.091: [GC (Allocation Failure)  384771K->117880K(621568K), 0.0094284 secs]
67.134: [GC (Allocation Failure)  389221K->126648K(620544K), 0.0063566 secs]
67.173: [GC (Allocation Failure)  398463K->135313K(621056K), 0.0080862 secs]
67.213: [GC (Allocation Failure)  406689K->145041K(622592K), 0.0040148 secs]
67.253: [GC (Allocation Failure)  418534K->155889K(622592K), 0.0040361 secs]
67.295: [GC (Allocation Failure)  429409K->162978K(622592K), 0.0085229 secs]
67.337: [GC (Allocation Failure)  437084K->173282K(622592K), 0.0085785 secs]
67.376: [GC (Allocation Failure)  447409K->180402K(623104K), 0.0054256 secs]
67.417: [GC (Allocation Failure)  455892K->189618K(623104K), 0.0054867 secs]
67.457: [GC (Allocation Failure)  465110K->194290K(624128K), 0.0053647 secs]
67.500: [GC (Allocation Failure)  470487K->204987K(624128K), 0.0052381 secs]
67.541: [GC (Allocation Failure)  481184K->213723K(624128K), 0.0085079 secs]
67.583: [GC (Allocation Failure)  489775K->219851K(624128K), 0.0091625 secs]
67.625: [GC (Allocation Failure)  496065K->227531K(624128K), 0.0087773 secs]
67.667: [GC (Allocation Failure)  503725K->236812K(619520K), 0.0087727 secs]
67.710: [GC (Allocation Failure)  512899K->243420K(623104K), 0.0088113 secs]
67.752: [GC (Allocation Failure)  519128K->256284K(623616K), 0.0089027 secs]
67.793: [GC (Allocation Failure)  531958K->262893K(624128K), 0.0091206 secs]
67.835: [GC (Allocation Failure)  539038K->271661K(624128K), 0.0084966 secs]
67.877: [GC (Allocation Failure)  547809K->278789K(623104K), 0.0081253 secs]
67.919: [GC (Allocation Failure)  553790K->284421K(623616K), 0.0056758 secs]
67.960: [GC (Allocation Failure)  559524K->295750K(622592K), 0.0043072 secs]
68.001: [GC (Allocation Failure)  570743K->303374K(623104K), 0.0055859 secs]
68.042: [GC (Allocation Failure)  578429K->311118K(623104K), 0.0051637 secs]
68.085: [GC (Allocation Failure)  587648K->319766K(623616K), 0.0087521 secs]
68.126: [GC (Allocation Failure)  596629K->328983K(625152K), 0.0096261 secs]
68.136: [Full GC (Ergonomics)  328983K->41556K(629760K), 0.0394697 secs]
68.195: [GC (Allocation Failure)  319675K->59476K(625664K), 0.0050628 secs]
68.239: [GC (Allocation Failure)  337546K->67732K(629248K), 0.0052854 secs]
68.279: [GC (Allocation Failure)  345957K->74333K(629248K), 0.0050495 secs]
68.322: [GC (Allocation Failure)  352719K->81501K(629760K), 0.0083769 secs]
68.364: [GC (Allocation Failure)  361012K->90269K(629760K), 0.0051295 secs]
68.404: [GC (Allocation Failure)  369818K->100973K(630784K), 0.0082748 secs]
68.446: [GC (Allocation Failure)  381244K->107662K(628736K), 0.0050700 secs]
68.489: [GC (Allocation Failure)  387784K->115326K(630784K), 0.0040023 secs]
68.528: [GC (Allocation Failure)  394999K->123070K(626688K), 0.0085220 secs]
68.569: [GC (Allocation Failure)  402766K->131726K(629760K), 0.0056133 secs]
68.610: [GC (Allocation Failure)  411346K->139919K(629760K), 0.0088429 secs]
68.652: [GC (Allocation Failure)  419658K->147663K(631296K), 0.0087171 secs]
68.695: [GC (Allocation Failure)  429026K->153759K(631296K), 0.0072044 secs]
68.734: [GC (Allocation Failure)  435065K->161983K(631296K), 0.0089076 secs]
68.775: [GC (Allocation Failure)  443265K->168623K(631296K), 0.0089570 secs]
68.817: [GC (Allocation Failure)  450086K->174768K(630272K), 0.0086196 secs]
68.860: [GC (Allocation Failure)  456023K->183024K(630784K), 0.0088806 secs]
68.903: [GC (Allocation Failure)  464412K->193728K(631296K), 0.0086625 secs]
68.946: [GC (Allocation Failure)  475171K->200960K(631296K), 0.0089639 secs]
68.989: [GC (Allocation Failure)  482176K->208593K(631296K), 0.0086289 secs]
69.031: [GC (Allocation Failure)  490070K->215825K(631296K), 0.0084505 secs]
69.073: [GC (Allocation Failure)  497065K->226017K(629248K), 0.0090667 secs]
69.113: [GC (Allocation Failure)  505214K->230113K(630272K), 0.0057699 secs]
69.155: [GC (Allocation Failure)  509310K->237858K(629760K), 0.0087377 secs]
69.198: [GC (Allocation Failure)  517597K->247538K(630272K), 0.0089441 secs]
69.240: [GC (Allocation Failure)  527332K->256306K(630784K), 0.0056923 secs]
69.281: [GC (Allocation Failure)  536491K->264954K(626176K), 0.0094522 secs]
69.324: [GC (Allocation Failure)  545391K->272635K(630784K), 0.0088273 secs]
69.367: [GC (Allocation Failure)  553381K->281403K(630272K), 0.0088018 secs]
69.405: [GC (Allocation Failure)  562057K->288523K(631296K), 0.0085450 secs]
69.446: [GC (Allocation Failure)  570333K->297291K(631296K), 0.0086922 secs]
69.487: [GC (Allocation Failure)  579242K->305428K(631296K), 0.0096151 secs]
69.530: [GC (Allocation Failure)  587819K->314708K(631296K), 0.0056351 secs]
69.572: [GC (Allocation Failure)  597181K->320812K(632320K), 0.0056803 secs]
69.613: [GC (Allocation Failure)  604058K->327468K(632320K), 0.0094076 secs]
69.655: [GC (Allocation Failure)  610905K->336205K(632320K), 0.0107273 secs]
69.666: [Full GC (Ergonomics)  336205K->40027K(635392K), 0.0399191 secs]
69.727: [GC (Allocation Failure)  323288K->61595K(635392K), 0.0041668 secs]
69.773: [GC (Allocation Failure)  344906K->64619K(634368K), 0.0075830 secs]
69.812: [GC (Allocation Failure)  346939K->74348K(634880K), 0.0082101 secs]
69.855: [GC (Allocation Failure)  356795K->81580K(634880K), 0.0052443 secs]
69.895: [GC (Allocation Failure)  364048K->89204K(630784K), 0.0080059 secs]
69.937: [GC (Allocation Failure)  371378K->96916K(634368K), 0.0081900 secs]
69.977: [GC (Allocation Failure)  379203K->103045K(634368K), 0.0077639 secs]
70.019: [GC (Allocation Failure)  385206K->112261K(634368K), 0.0082458 secs]
70.061: [GC (Allocation Failure)  395523K->118981K(634880K), 0.0050970 secs]
70.101: [GC (Allocation Failure)  402220K->127629K(635904K), 0.0087035 secs]
70.144: [GC (Allocation Failure)  412031K->134318K(632320K), 0.0084490 secs]
70.187: [GC (Allocation Failure)  418702K->142014K(634880K), 0.0080377 secs]
70.230: [GC (Allocation Failure)  425815K->147134K(635392K), 0.0086794 secs]
70.268: [GC (Allocation Failure)  430995K->155310K(635904K), 0.0081323 secs]
70.307: [GC (Allocation Failure)  439713K->162990K(632832K), 0.0050545 secs]
70.348: [GC (Allocation Failure)  447349K->170735K(635392K), 0.0084863 secs]
70.389: [GC (Allocation Failure)  455076K->178879K(635392K), 0.0081191 secs]
70.429: [GC (Allocation Failure)  463335K->187103K(635392K), 0.0083420 secs]
70.473: [GC (Allocation Failure)  472634K->194759K(635904K), 0.0084181 secs]
70.512: [GC (Allocation Failure)  480249K->200392K(636416K), 0.0085790 secs]
70.555: [GC (Allocation Failure)  485229K->208104K(635904K), 0.0091399 secs]
70.597: [GC (Allocation Failure)  492936K->214744K(635904K), 0.0082958 secs]
70.637: [GC (Allocation Failure)  500261K->221976K(635904K), 0.0084702 secs]
70.678: [GC (Allocation Failure)  507538K->230120K(636928K), 0.0083787 secs]
70.721: [GC (Allocation Failure)  516623K->239337K(636928K), 0.0083135 secs]
70.761: [GC (Allocation Failure)  525822K->246569K(636928K), 0.0086434 secs]
70.804: [GC (Allocation Failure)  532900K->254705K(635904K), 0.0082055 secs]
70.845: [GC (Allocation Failure)  541229K->260913K(636928K), 0.0083026 secs]
70.885: [GC (Allocation Failure)  546855K->269050K(636416K), 0.0084327 secs]
70.927: [GC (Allocation Failure)  555165K->275258K(636416K), 0.0084238 secs]
70.969: [GC (Allocation Failure)  561141K->282914K(636416K), 0.0090589 secs]
71.008: [GC (Allocation Failure)  568682K->290570K(636928K), 0.0092563 secs]
71.049: [GC (Allocation Failure)  577166K->297803K(636928K), 0.0111947 secs]
71.095: [GC (Allocation Failure)  584379K->304411K(635904K), 0.0087210 secs]
71.134: [GC (Allocation Failure)  589946K->311131K(636416K), 0.0087389 secs]
71.174: [GC (Allocation Failure)  596612K->321835K(635392K), 0.0087347 secs]
71.216: [GC (Allocation Failure)  606159K->327467K(635904K), 0.0087683 secs]
71.258: [GC (Allocation Failure)  611772K->334668K(635904K), 0.0091683 secs]
71.297: [GC (Allocation Failure)  619052K->343868K(635904K), 0.0095294 secs]
71.307: [Full GC (Ergonomics)  343868K->39522K(642048K), 0.0406503 secs]
71.368: [GC (Allocation Failure)  323822K->56962K(641024K), 0.0066136 secs]
71.413: [GC (Allocation Failure)  340232K->63603K(641536K), 0.0081132 secs]
71.454: [GC (Allocation Failure)  347007K->69299K(641536K), 0.0074407 secs]
71.494: [GC (Allocation Failure)  353304K->77955K(641536K), 0.0080162 secs]
71.537: [GC (Allocation Failure)  361955K->85699K(641536K), 0.0052278 secs]
71.576: [GC (Allocation Failure)  369945K->94355K(641536K), 0.0052658 secs]
71.616: [GC (Allocation Failure)  378966K->101524K(642560K), 0.0060168 secs]
71.655: [GC (Allocation Failure)  386764K->110804K(639488K), 0.0079116 secs]
71.695: [GC (Allocation Failure)  396074K->116900K(642048K), 0.0077374 secs]
71.737: [GC (Allocation Failure)  402305K->124612K(642048K), 0.0083494 secs]
71.777: [GC (Allocation Failure)  409898K->131245K(642048K), 0.0052018 secs]
71.818: [GC (Allocation Failure)  417558K->137901K(642560K), 0.0080067 secs]
71.858: [GC (Allocation Failure)  424451K->146125K(642560K), 0.0082622 secs]
71.900: [GC (Allocation Failure)  433496K->153789K(643072K), 0.0081778 secs]
71.939: [GC (Allocation Failure)  441345K->159965K(643584K), 0.0081431 secs]
71.980: [GC (Allocation Failure)  447911K->167622K(643584K), 0.0083549 secs]
72.022: [GC (Allocation Failure)  455636K->175302K(644096K), 0.0096772 secs]
72.064: [GC (Allocation Failure)  463807K->182534K(644096K), 0.0080566 secs]
72.105: [GC (Allocation Failure)  471065K->191694K(643072K), 0.0082432 secs]
72.146: [GC (Allocation Failure)  479053K->198415K(643584K), 0.0085655 secs]
72.186: [GC (Allocation Failure)  485973K->206559K(643584K), 0.0083073 secs]
72.227: [GC (Allocation Failure)  494043K->216351K(643072K), 0.0081376 secs]
72.269: [GC (Allocation Failure)  503759K->221423K(643072K), 0.0081420 secs]
72.308: [GC (Allocation Failure)  507798K->230128K(642560K), 0.0087919 secs]
72.350: [GC (Allocation Failure)  516662K->234768K(641536K), 0.0081184 secs]
72.390: [GC (Allocation Failure)  519070K->244984K(642048K), 0.0089479 secs]
72.432: [GC (Allocation Failure)  529449K->251192K(642048K), 0.0080796 secs]
72.472: [GC (Allocation Failure)  535913K->259337K(642048K), 0.0053897 secs]
72.515: [GC (Allocation Failure)  544168K->270089K(641536K), 0.0039465 secs]
72.553: [GC (Allocation Failure)  554374K->275753K(642048K), 0.0091156 secs]
72.593: [GC (Allocation Failure)  560070K->285969K(642048K), 0.0089055 secs]
72.634: [GC (Allocation Failure)  570358K->293170K(642048K), 0.0092142 secs]
72.672: [GC (Allocation Failure)  577437K->298778K(642048K), 0.0079560 secs]
72.715: [GC (Allocation Failure)  583008K->307994K(637440K), 0.0082294 secs]
72.752: [GC (Allocation Failure)  592439K->317242K(641024K), 0.0087961 secs]
72.792: [GC (Allocation Failure)  601036K->323874K(641536K), 0.0096496 secs]
72.833: [GC (Allocation Failure)  607657K->331107K(642048K), 0.0054082 secs]
72.871: [GC (Allocation Failure)  615813K->338739K(642048K), 0.0057352 secs]
72.910: [GC (Allocation Failure)  623604K->342323K(642048K), 0.0085271 secs]
72.919: [Full GC (Ergonomics)  342323K->39017K(649728K), 0.0391738 secs]
72.978: [GC (Allocation Failure)  323615K->57481K(649216K), 0.0034886 secs]
73.018: [GC (Allocation Failure)  341781K->61554K(649216K), 0.0076285 secs]
73.060: [GC (Allocation Failure)  344846K->69266K(649216K), 0.0083953 secs]
73.097: [GC (Allocation Failure)  352745K->75394K(648192K), 0.0080314 secs]
73.138: [GC (Allocation Failure)  358728K->82594K(648704K), 0.0079231 secs]
73.175: [GC (Allocation Failure)  366242K->91803K(648704K), 0.0052152 secs]
73.215: [GC (Allocation Failure)  376369K->100507K(649216K), 0.0041518 secs]
73.254: [GC (Allocation Failure)  384687K->107739K(649728K), 0.0078968 secs]
73.295: [GC (Allocation Failure)  392877K->114851K(649728K), 0.0052297 secs]
73.333: [GC (Allocation Failure)  399623K->123107K(650240K), 0.0079761 secs]
73.376: [GC (Allocation Failure)  408440K->130236K(650240K), 0.0050409 secs]
73.417: [GC (Allocation Failure)  415520K->136380K(650240K), 0.0076000 secs]
73.455: [GC (Allocation Failure)  421986K->146140K(650240K), 0.0079386 secs]
73.496: [GC (Allocation Failure)  431516K->153284K(649216K), 0.0082386 secs]
73.536: [GC (Allocation Failure)  438610K->161029K(649728K), 0.0054344 secs]
73.575: [GC (Allocation Failure)  446681K->169173K(650752K), 0.0079992 secs]
73.612: [GC (Allocation Failure)  455637K->179925K(649728K), 0.0051346 secs]
73.653: [GC (Allocation Failure)  466273K->185653K(650240K), 0.0053743 secs]
73.691: [GC (Allocation Failure)  470895K->194790K(647168K), 0.0052176 secs]
73.730: [GC (Allocation Failure)  480101K->201030K(649728K), 0.0051034 secs]
73.768: [GC (Allocation Failure)  486239K->210166K(649728K), 0.0083026 secs]
73.808: [GC (Allocation Failure)  495483K->216822K(649728K), 0.0052866 secs]
73.848: [GC (Allocation Failure)  503515K->225623K(650240K), 0.0090749 secs]
73.888: [GC (Allocation Failure)  511961K->233223K(651264K), 0.0051558 secs]
73.925: [GC (Allocation Failure)  520540K->241927K(651264K), 0.0051578 secs]
73.966: [GC (Allocation Failure)  529297K->249159K(651264K), 0.0051674 secs]
74.004: [GC (Allocation Failure)  536416K->259352K(651264K), 0.0060250 secs]
74.045: [GC (Allocation Failure)  546808K->267096K(651264K), 0.0085770 secs]
74.083: [GC (Allocation Failure)  554493K->274216K(650752K), 0.0054471 secs]
74.124: [GC (Allocation Failure)  561641K->279848K(650752K), 0.0083772 secs]
74.163: [GC (Allocation Failure)  566303K->287624K(647168K), 0.0052739 secs]
74.205: [GC (Allocation Failure)  573892K->294713K(650240K), 0.0084538 secs]
74.245: [GC (Allocation Failure)  581137K->302937K(650240K), 0.0084980 secs]
74.286: [GC (Allocation Failure)  589211K->309065K(650752K), 0.0083721 secs]
74.324: [GC (Allocation Failure)  595903K->316745K(650752K), 0.0053014 secs]
74.363: [GC (Allocation Failure)  603913K->323466K(650240K), 0.0051005 secs]
74.404: [GC (Allocation Failure)  609939K->329570K(650752K), 0.0040681 secs]
74.441: [GC (Allocation Failure)  615912K->334210K(650752K), 0.0048122 secs]
74.479: [GC (Allocation Failure)  620851K->341874K(650752K), 0.0083678 secs]
74.518: [GC (Allocation Failure)  628208K->350578K(650752K), 0.0090028 secs]
74.527: [Full GC (Ergonomics)  350578K->39024K(657920K), 0.0395786 secs]
74.587: [GC (Allocation Failure)  325234K->52336K(657920K), 0.0029736 secs]
74.625: [GC (Allocation Failure)  338643K->62129K(656896K), 0.0079501 secs]
74.665: [GC (Allocation Failure)  348376K->68289K(657408K), 0.0072707 secs]
74.703: [GC (Allocation Failure)  354827K->74897K(657408K), 0.0076272 secs]
74.741: [GC (Allocation Failure)  362495K->81617K(657920K), 0.0048060 secs]
74.781: [GC (Allocation Failure)  369262K->87210K(657408K), 0.0039926 secs]
74.819: [GC (Allocation Failure)  373899K->98986K(657408K), 0.0082206 secs]
74.858: [GC (Allocation Failure)  385700K->103626K(656384K), 0.0080888 secs]
74.897: [GC (Allocation Failure)  387850K->112826K(656896K), 0.0036992 secs]
74.936: [GC (Allocation Failure)  397049K->120539K(655872K), 0.0076764 secs]
74.974: [GC (Allocation Failure)  405307K->128715K(656384K), 0.0076245 secs]
75.015: [GC (Allocation Failure)  413898K->137419K(656896K), 0.0076381 secs]
75.053: [GC (Allocation Failure)  423068K->145163K(657408K), 0.0052330 secs]
75.091: [GC (Allocation Failure)  430796K->151259K(656384K), 0.0037565 secs]
75.130: [GC (Allocation Failure)  436923K->160540K(656896K), 0.0083351 secs]
75.169: [GC (Allocation Failure)  445780K->167140K(657408K), 0.0085977 secs]
75.209: [GC (Allocation Failure)  452517K->173284K(652800K), 0.0053058 secs]
75.246: [GC (Allocation Failure)  458978K->182052K(656384K), 0.0062638 secs]
75.286: [GC (Allocation Failure)  466794K->187629K(656896K), 0.0085392 secs]
75.324: [GC (Allocation Failure)  472435K->195309K(657408K), 0.0081581 secs]
75.364: [GC (Allocation Failure)  481106K->201517K(657408K), 0.0077523 secs]
75.402: [GC (Allocation Failure)  487282K->211189K(655872K), 0.0088829 secs]
75.441: [GC (Allocation Failure)  495358K->216373K(656896K), 0.0083909 secs]
75.479: [GC (Allocation Failure)  500556K->222982K(656384K), 0.0050029 secs]
75.519: [GC (Allocation Failure)  508079K->232198K(656896K), 0.0075307 secs]
75.558: [GC (Allocation Failure)  517042K->239430K(657408K), 0.0079942 secs]
75.597: [GC (Allocation Failure)  525246K->245526K(657408K), 0.0052303 secs]
75.634: [GC (Allocation Failure)  531298K->254839K(657408K), 0.0049579 secs]
75.673: [GC (Allocation Failure)  540638K->262951K(657408K), 0.0042885 secs]
75.712: [GC (Allocation Failure)  548685K->269095K(656896K), 0.0042199 secs]
75.751: [GC (Allocation Failure)  555411K->277383K(657408K), 0.0052184 secs]
75.789: [GC (Allocation Failure)  563649K->283455K(657408K), 0.0053322 secs]
75.825: [GC (Allocation Failure)  568647K->292160K(656384K), 0.0037526 secs]
75.866: [GC (Allocation Failure)  577353K->297344K(656896K), 0.0085015 secs]
75.903: [GC (Allocation Failure)  581991K->307024K(655360K), 0.0069226 secs]
75.942: [GC (Allocation Failure)  591641K->311184K(656384K), 0.0052429 secs]
75.979: [GC (Allocation Failure)  594435K->318305K(656384K), 0.0076836 secs]
76.019: [GC (Allocation Failure)  601923K->329057K(655360K), 0.0056359 secs]
76.055: [GC (Allocation Failure)  611198K->334753K(655872K), 0.0055530 secs]
76.094: [GC (Allocation Failure)  617279K->341865K(655360K), 0.0097516 secs]
76.133: [GC (Allocation Failure)  624155K->352138K(655872K), 0.0056611 secs]
76.172: [GC (Allocation Failure)  634595K->358258K(655872K), 0.0060397 secs]
76.178: [Full GC (Ergonomics)  358258K->39032K(666112K), 0.0348151 secs]
76.232: [GC (Allocation Failure)  322007K->58040K(665600K), 0.0037469 secs]
76.269: [GC (Allocation Failure)  341175K->61576K(664576K), 0.0038929 secs]
76.310: [GC (Allocation Failure)  341995K->72841K(665088K), 0.0073079 secs]
76.344: [GC (Allocation Failure)  352978K->80073K(665088K), 0.0048698 secs]
76.382: [GC (Allocation Failure)  360682K->87697K(665088K), 0.0078399 secs]
76.419: [GC (Allocation Failure)  368521K->96913K(665088K), 0.0036705 secs]
76.456: [GC (Allocation Failure)  378718K->103122K(665088K), 0.0076137 secs]
76.495: [GC (Allocation Failure)  384782K->110754K(666112K), 0.0079311 secs]
76.533: [GC (Allocation Failure)  394849K->120002K(666112K), 0.0083898 secs]
76.571: [GC (Allocation Failure)  403969K->126130K(667136K), 0.0082460 secs]
76.609: [GC (Allocation Failure)  411183K->136371K(667136K), 0.0050801 secs]
76.646: [GC (Allocation Failure)  421454K->142099K(667136K), 0.0084848 secs]
76.685: [GC (Allocation Failure)  426664K->146115K(667136K), 0.0050249 secs]
76.721: [GC (Allocation Failure)  430690K->154819K(666112K), 0.0054218 secs]
76.757: [GC (Allocation Failure)  438989K->160483K(666624K), 0.0076294 secs]
76.794: [GC (Allocation Failure)  444650K->167636K(666624K), 0.0050499 secs]
76.833: [GC (Allocation Failure)  452826K->176372K(667136K), 0.0078500 secs]
76.868: [GC (Allocation Failure)  462063K->182500K(667648K), 0.0079837 secs]
76.909: [GC (Allocation Failure)  468689K->188644K(667648K), 0.0077294 secs]
76.947: [GC (Allocation Failure)  474482K->196388K(668160K), 0.0049351 secs]
76.986: [GC (Allocation Failure)  483017K->204013K(668160K), 0.0083333 secs]
77.023: [GC (Allocation Failure)  490273K->210157K(668160K), 0.0075970 secs]
77.062: [GC (Allocation Failure)  496796K->219405K(668160K), 0.0085412 secs]
77.100: [GC (Allocation Failure)  505718K->225525K(667136K), 0.0115926 secs]
77.139: [GC (Allocation Failure)  512225K->232245K(667648K), 0.0058642 secs]
77.178: [GC (Allocation Failure)  518886K->240382K(668160K), 0.0090379 secs]
77.215: [GC (Allocation Failure)  528076K->247038K(668672K), 0.0038191 secs]
77.252: [GC (Allocation Failure)  534730K->253246K(668672K), 0.0048400 secs]
77.290: [GC (Allocation Failure)  540557K->262926K(668672K), 0.0095987 secs]
77.328: [GC (Allocation Failure)  550164K->267599K(667648K), 0.0077958 secs]
77.367: [GC (Allocation Failure)  554859K->275231K(668160K), 0.0078029 secs]
77.405: [GC (Allocation Failure)  562954K->282399K(669184K), 0.0045038 secs]
77.444: [GC (Allocation Failure)  570768K->292703K(669184K), 0.0051739 secs]
77.481: [GC (Allocation Failure)  580960K->300328K(669184K), 0.0085355 secs]
77.516: [GC (Allocation Failure)  588983K->308008K(669184K), 0.0043444 secs]
77.555: [GC (Allocation Failure)  596729K->315720K(669184K), 0.0079875 secs]
77.591: [GC (Allocation Failure)  604072K->321840K(669184K), 0.0051926 secs]
77.628: [GC (Allocation Failure)  610545K->331633K(668160K), 0.0053298 secs]
77.667: [GC (Allocation Failure)  619294K->337217K(668672K), 0.0051726 secs]
77.705: [GC (Allocation Failure)  624535K->346433K(668672K), 0.0052992 secs]
77.744: [GC (Allocation Failure)  634592K->353185K(668672K), 0.0051575 secs]
77.779: [GC (Allocation Failure)  641401K->359249K(668160K), 0.0053058 secs]
77.816: [GC (Allocation Failure)  647989K->364882K(668672K), 0.0122283 secs]
77.854: [GC (Allocation Failure)  653348K->374162K(668672K), 0.0135783 secs]
77.868: [Full GC (Ergonomics)  374162K->38315K(672256K), 0.0404083 secs]
77.928: [GC (Allocation Failure)  326949K->52204K(672768K), 0.0055936 secs]
77.965: [GC (Allocation Failure)  340597K->60860K(672768K), 0.0078648 secs]
78.007: [GC (Allocation Failure)  350117K->67004K(672768K), 0.0076018 secs]
78.045: [GC (Allocation Failure)  356090K->77853K(671744K), 0.0050730 secs]
78.082: [GC (Allocation Failure)  365214K->82389K(672256K), 0.0047986 secs]
78.118: [GC (Allocation Failure)  369932K->92629K(671232K), 0.0079789 secs]
78.157: [GC (Allocation Failure)  379144K->95765K(671744K), 0.0072665 secs]
78.195: [GC (Allocation Failure)  382121K->104933K(671744K), 0.0082625 secs]
78.232: [GC (Allocation Failure)  391628K->110630K(671744K), 0.0077926 secs]
78.269: [GC (Allocation Failure)  397225K->120310K(671744K), 0.0079276 secs]
78.306: [GC (Allocation Failure)  406931K->126454K(668672K), 0.0080256 secs]
78.343: [GC (Allocation Failure)  413070K->133686K(671232K), 0.0081654 secs]
78.381: [GC (Allocation Failure)  420322K->141831K(671232K), 0.0078890 secs]
78.417: [GC (Allocation Failure)  428524K->148487K(671744K), 0.0060811 secs]
78.455: [GC (Allocation Failure)  436185K->156199K(671744K), 0.0077948 secs]
78.491: [GC (Allocation Failure)  443892K->163863K(672768K), 0.0079885 secs]
78.529: [GC (Allocation Failure)  452213K->169559K(672768K), 0.0078265 secs]
78.567: [GC (Allocation Failure)  457834K->178208K(671744K), 0.0080264 secs]
78.605: [GC (Allocation Failure)  465840K->183840K(666624K), 0.0081075 secs]
78.642: [GC (Allocation Failure)  471104K->192608K(672256K), 0.0077148 secs]
78.678: [GC (Allocation Failure)  479784K->199216K(671744K), 0.0079513 secs]
78.713: [GC (Allocation Failure)  486333K->205872K(671744K), 0.0077331 secs]
78.752: [GC (Allocation Failure)  493191K->213617K(671744K), 0.0079541 secs]
78.790: [GC (Allocation Failure)  501296K->222281K(672768K), 0.0059903 secs]
78.826: [GC (Allocation Failure)  510984K->230473K(672768K), 0.0068401 secs]
78.864: [GC (Allocation Failure)  518800K->236681K(672768K), 0.0078797 secs]
78.900: [GC (Allocation Failure)  525416K->246874K(672768K), 0.0087817 secs]
78.938: [GC (Allocation Failure)  535255K->252602K(671744K), 0.0071458 secs]
78.975: [GC (Allocation Failure)  541308K->260722K(672256K), 0.0070591 secs]
79.011: [GC (Allocation Failure)  549408K->269426K(672256K), 0.0092079 secs]
79.050: [GC (Allocation Failure)  557685K->273555K(672768K), 0.0080188 secs]
79.086: [GC (Allocation Failure)  562186K->280707K(672768K), 0.0078570 secs]
79.124: [GC (Allocation Failure)  569370K->289411K(669696K), 0.0082685 secs]
79.160: [GC (Allocation Failure)  578119K->296099K(672256K), 0.0081724 secs]
79.198: [GC (Allocation Failure)  584777K->304267K(672256K), 0.0084166 secs]
79.234: [GC (Allocation Failure)  592950K->312012K(672768K), 0.0082223 secs]
79.273: [GC (Allocation Failure)  601761K->320156K(672768K), 0.0081293 secs]
79.309: [GC (Allocation Failure)  609814K->329372K(672768K), 0.0085061 secs]
79.346: [GC (Allocation Failure)  618773K->335612K(673280K), 0.0098393 secs]
79.385: [GC (Allocation Failure)  625292K->343213K(672256K), 0.0081592 secs]
79.423: [GC (Allocation Failure)  631979K->349869K(672768K), 0.0070375 secs]
79.462: [GC (Allocation Failure)  638572K->358125K(671744K), 0.0075629 secs]
79.499: [GC (Allocation Failure)  645772K->364733K(672256K), 0.0084226 secs]
79.536: [GC (Allocation Failure)  652476K->371486K(671232K), 0.0080421 secs]
79.545: [Full GC (Ergonomics)  371486K->37896K(680448K), 0.0406221 secs]
79.606: [GC (Allocation Failure)  325328K->52745K(680960K), 0.0030652 secs]
79.638: [GC (Allocation Failure)  340127K->59497K(681472K), 0.0037109 secs]
79.679: [GC (Allocation Failure)  347639K->66585K(681472K), 0.0042780 secs]
79.712: [GC (Allocation Failure)  354475K->74265K(680960K), 0.0074319 secs]
79.751: [GC (Allocation Failure)  362718K->81018K(681472K), 0.0041557 secs]
79.785: [GC (Allocation Failure)  369496K->88618K(681472K), 0.0045958 secs]
79.822: [GC (Allocation Failure)  378146K->95274K(681984K), 0.0061301 secs]
79.859: [GC (Allocation Failure)  384995K->102506K(681984K), 0.0040318 secs]
79.894: [GC (Allocation Failure)  393205K->110138K(682496K), 0.0048215 secs]
79.934: [GC (Allocation Failure)  400844K->117403K(681984K), 0.0036021 secs]
79.970: [GC (Allocation Failure)  407024K->120915K(682496K), 0.0059483 secs]
80.006: [GC (Allocation Failure)  410578K->129619K(681472K), 0.0082336 secs]
80.042: [GC (Allocation Failure)  417984K->134291K(681984K), 0.0074257 secs]
80.080: [GC (Allocation Failure)  422943K->141923K(680960K), 0.0075579 secs]
80.118: [GC (Allocation Failure)  430594K->150628K(681472K), 0.0081891 secs]
80.155: [GC (Allocation Failure)  438910K->156292K(681984K), 0.0076712 secs]
80.191: [GC (Allocation Failure)  444913K->164468K(681984K), 0.0036535 secs]
80.228: [GC (Allocation Failure)  453112K->172756K(680960K), 0.0051778 secs]
80.263: [GC (Allocation Failure)  461477K->177797K(681472K), 0.0070724 secs]
80.296: [GC (Allocation Failure)  466449K->187525K(681984K), 0.0071235 secs]
80.334: [GC (Allocation Failure)  476196K->194245K(680448K), 0.0048646 secs]
80.370: [GC (Allocation Failure)  482921K->200853K(681472K), 0.0076673 secs]
80.407: [GC (Allocation Failure)  488575K->206997K(681472K), 0.0048767 secs]
80.442: [GC (Allocation Failure)  494603K->213206K(680448K), 0.0045960 secs]
80.480: [GC (Allocation Failure)  500825K->221854K(680960K), 0.0079055 secs]
80.517: [GC (Allocation Failure)  509540K->230046K(681984K), 0.0080223 secs]
80.555: [GC (Allocation Failure)  518718K->236254K(681984K), 0.0081020 secs]
80.592: [GC (Allocation Failure)  525009K->246447K(681984K), 0.0054463 secs]
80.627: [GC (Allocation Failure)  535123K->251599K(681984K), 0.0073020 secs]
80.663: [GC (Allocation Failure)  540207K->260311K(680960K), 0.0053131 secs]
80.701: [GC (Allocation Failure)  548942K->270015K(681472K), 0.0084671 secs]
80.737: [GC (Allocation Failure)  558299K->276192K(681984K), 0.0082556 secs]
80.776: [GC (Allocation Failure)  564891K->284368K(677888K), 0.0114016 secs]
80.813: [GC (Allocation Failure)  573027K->291536K(681472K), 0.0079507 secs]
80.852: [GC (Allocation Failure)  580115K->301328K(681472K), 0.0083229 secs]
80.890: [GC (Allocation Failure)  589918K->308441K(681984K), 0.0085193 secs]
80.928: [GC (Allocation Failure)  597617K->315641K(681984K), 0.0082348 secs]
80.964: [GC (Allocation Failure)  604848K->321769K(681984K), 0.0080802 secs]
80.999: [GC (Allocation Failure)  610560K->330473K(681984K), 0.0084522 secs]
81.036: [GC (Allocation Failure)  619577K->335113K(681984K), 0.0080945 secs]
81.073: [GC (Allocation Failure)  623654K->342266K(680960K), 0.0055115 secs]
81.108: [GC (Allocation Failure)  630988K->346874K(681472K), 0.0081904 secs]
81.145: [GC (Allocation Failure)  634444K->356666K(681472K), 0.0111720 secs]
81.182: [GC (Allocation Failure)  644219K->361226K(681472K), 0.0081889 secs]
81.221: [GC (Allocation Failure)  648713K->367370K(672256K), 0.0078548 secs]
81.256: [GC (Allocation Failure)  655055K->380203K(678912K), 0.0108335 secs]
81.292: [GC (Allocation Failure)  664749K->385307K(679936K), 0.0140694 secs]
81.306: [Full GC (Ergonomics)  385307K->37904K(684544K), 0.0413102 secs]
81.367: [GC (Allocation Failure)  322564K->55888K(683008K), 0.0065807 secs]
81.397: [GC (Allocation Failure)  339032K->59928K(684032K), 0.0077397 secs]
81.438: [GC (Allocation Failure)  343280K->65625K(682496K), 0.0072005 secs]
81.474: [GC (Allocation Failure)  349748K->72233K(683520K), 0.0075434 secs]
81.509: [GC (Allocation Failure)  356023K->79913K(684032K), 0.0053210 secs]
81.546: [GC (Allocation Failure)  365210K->87145K(684544K), 0.0077553 secs]
81.582: [GC (Allocation Failure)  372590K->93762K(684544K), 0.0067856 secs]
81.620: [GC (Allocation Failure)  380638K->100930K(685056K), 0.0074775 secs]
81.655: [GC (Allocation Failure)  387809K->107650K(685568K), 0.0075240 secs]
81.691: [GC (Allocation Failure)  395092K->113234K(686080K), 0.0078726 secs]
81.728: [GC (Allocation Failure)  400712K->122514K(686080K), 0.0079151 secs]
81.764: [GC (Allocation Failure)  410037K->126563K(686080K), 0.0072469 secs]
81.798: [GC (Allocation Failure)  414098K->137827K(684032K), 0.0081177 secs]
81.833: [GC (Allocation Failure)  423324K->139939K(685056K), 0.0073940 secs]
81.870: [GC (Allocation Failure)  425369K->148595K(684032K), 0.0049029 secs]
81.907: [GC (Allocation Failure)  434058K->154739K(684544K), 0.0075600 secs]
81.943: [GC (Allocation Failure)  440325K->162452K(684544K), 0.0078666 secs]
81.979: [GC (Allocation Failure)  449546K->171204K(685056K), 0.0040709 secs]
82.015: [GC (Allocation Failure)  458188K->177284K(685568K), 0.0040342 secs]
82.052: [GC (Allocation Failure)  464966K->184516K(686080K), 0.0040520 secs]
82.087: [GC (Allocation Failure)  472038K->189076K(685568K), 0.0072707 secs]
82.124: [GC (Allocation Failure)  476635K->198805K(686080K), 0.0076007 secs]
82.159: [GC (Allocation Failure)  486388K->205557K(686080K), 0.0042065 secs]
82.194: [GC (Allocation Failure)  493513K->212141K(686080K), 0.0050327 secs]
82.229: [GC (Allocation Failure)  500136K->219885K(686080K), 0.0078178 secs]
82.265: [GC (Allocation Failure)  508149K->224958K(686080K), 0.0070467 secs]
82.300: [GC (Allocation Failure)  513532K->233150K(686592K), 0.0079353 secs]
82.336: [GC (Allocation Failure)  522858K->240350K(686592K), 0.0079304 secs]
82.372: [GC (Allocation Failure)  530138K->248014K(686592K), 0.0051846 secs]
82.407: [GC (Allocation Failure)  537633K->253646K(687104K), 0.0081343 secs]
82.444: [GC (Allocation Failure)  543346K->259919K(687104K), 0.0040084 secs]
82.480: [GC (Allocation Failure)  549495K->267495K(687104K), 0.0044640 secs]
82.517: [GC (Allocation Failure)  557173K->272615K(687104K), 0.0071650 secs]
82.552: [GC (Allocation Failure)  562287K->280359K(687104K), 0.0073608 secs]
82.587: [GC (Allocation Failure)  569940K->289015K(687104K), 0.0075780 secs]
82.623: [GC (Allocation Failure)  578570K->295160K(687104K), 0.0042739 secs]
82.658: [GC (Allocation Failure)  584891K->302872K(686080K), 0.0090535 secs]
82.695: [GC (Allocation Failure)  592496K->311040K(686592K), 0.0083647 secs]
82.732: [GC (Allocation Failure)  600683K->316256K(687104K), 0.0113189 secs]
82.767: [GC (Allocation Failure)  605950K->324881K(687104K), 0.0080839 secs]
82.806: [GC (Allocation Failure)  614556K->333585K(687104K), 0.0083799 secs]
82.841: [GC (Allocation Failure)  623277K->339249K(687104K), 0.0080483 secs]
82.878: [GC (Allocation Failure)  628791K->348441K(687104K), 0.0084176 secs]
82.915: [GC (Allocation Failure)  638094K->356122K(687104K), 0.0083901 secs]
82.951: [GC (Allocation Failure)  645902K->361818K(687104K), 0.0083656 secs]
82.987: [GC (Allocation Failure)  651430K->371498K(686080K), 0.0067256 secs]
83.024: [GC (Allocation Failure)  660916K->375594K(686080K), 0.0055456 secs]
83.059: [GC (Allocation Failure)  663128K->386410K(686080K), 0.0082538 secs]
83.067: [Full GC (Ergonomics)  386410K->37400K(693248K), 0.0416055 secs]
83.129: [GC (Allocation Failure)  324797K->50232K(692224K), 0.0055784 secs]
83.157: [GC (Allocation Failure)  337541K->58928K(692736K), 0.0076703 secs]
83.200: [GC (Allocation Failure)  346463K->62513K(692736K), 0.0032665 secs]
83.232: [GC (Allocation Failure)  350141K->74865K(690688K), 0.0047330 secs]
83.267: [GC (Allocation Failure)  362512K->79417K(692736K), 0.0075694 secs]
83.300: [GC (Allocation Failure)  365736K->89657K(692736K), 0.0055705 secs]
83.336: [GC (Allocation Failure)  375892K->95322K(691712K), 0.0078506 secs]
83.371: [GC (Allocation Failure)  381703K->102474K(692224K), 0.0075398 secs]
83.406: [GC (Allocation Failure)  388892K->111178K(693248K), 0.0079169 secs]
83.443: [GC (Allocation Failure)  399217K->115338K(693248K), 0.0070125 secs]
83.479: [GC (Allocation Failure)  403264K->125010K(692736K), 0.0078699 secs]
83.513: [GC (Allocation Failure)  412617K->132179K(693248K), 0.0083419 secs]
83.549: [GC (Allocation Failure)  419567K->139411K(693248K), 0.0078081 secs]
83.585: [GC (Allocation Failure)  427554K->147555K(693248K), 0.0087678 secs]
83.619: [GC (Allocation Failure)  435700K->153699K(693248K), 0.0071283 secs]
83.654: [GC (Allocation Failure)  442133K->161956K(693248K), 0.0074955 secs]
83.688: [GC (Allocation Failure)  450575K->169588K(693248K), 0.0080808 secs]
83.722: [GC (Allocation Failure)  458725K->177268K(693760K), 0.0081880 secs]
83.759: [GC (Allocation Failure)  466297K->182452K(693248K), 0.0080079 secs]
83.795: [GC (Allocation Failure)  472173K->189572K(693760K), 0.0077198 secs]
83.830: [GC (Allocation Failure)  479160K->197797K(694784K), 0.0078790 secs]
83.868: [GC (Allocation Failure)  488458K->206493K(694784K), 0.0046221 secs]
83.901: [GC (Allocation Failure)  497095K->212637K(694784K), 0.0039119 secs]
83.937: [GC (Allocation Failure)  503130K->219357K(694784K), 0.0053654 secs]
83.970: [GC (Allocation Failure)  510074K->228526K(693760K), 0.0041518 secs]
84.005: [GC (Allocation Failure)  518091K->233646K(694272K), 0.0047815 secs]
84.040: [GC (Allocation Failure)  523184K->239854K(694272K), 0.0048558 secs]
84.073: [GC (Allocation Failure)  529477K->249022K(694272K), 0.0078182 secs]
84.109: [GC (Allocation Failure)  538783K->252606K(693248K), 0.0073579 secs]
84.145: [GC (Allocation Failure)  541167K->263455K(693760K), 0.0051876 secs]
84.181: [GC (Allocation Failure)  552040K->269007K(693760K), 0.0049081 secs]
84.217: [GC (Allocation Failure)  558148K->278223K(693760K), 0.0077438 secs]
84.252: [GC (Allocation Failure)  567321K->286511K(694272K), 0.0051467 secs]
84.286: [GC (Allocation Failure)  575973K->293088K(689152K), 0.0074400 secs]
84.321: [GC (Allocation Failure)  582639K->300768K(693760K), 0.0052664 secs]
84.356: [GC (Allocation Failure)  590386K->309568K(693760K), 0.0054863 secs]
84.390: [GC (Allocation Failure)  599204K->313064K(693760K), 0.0079386 secs]
84.426: [GC (Allocation Failure)  601620K->322281K(690176K), 0.0081284 secs]
84.461: [GC (Allocation Failure)  610796K->327465K(692736K), 0.0078704 secs]
84.495: [GC (Allocation Failure)  615580K->336625K(693248K), 0.0078174 secs]
84.531: [GC (Allocation Failure)  624708K->342321K(693760K), 0.0058767 secs]
84.568: [GC (Allocation Failure)  630845K->351481K(690176K), 0.0056884 secs]
84.602: [GC (Allocation Failure)  640063K->359162K(692736K), 0.0084313 secs]
84.637: [GC (Allocation Failure)  647105K->364346K(693248K), 0.0060847 secs]
84.671: [GC (Allocation Failure)  652298K->374018K(692736K), 0.0082194 secs]
84.705: [GC (Allocation Failure)  662474K->381186K(693248K), 0.0079438 secs]
84.740: [GC (Allocation Failure)  669788K->388451K(694272K), 0.0124263 secs]
84.777: [GC (Allocation Failure)  678584K->396043K(694272K), 0.0105278 secs]
84.788: [Full GC (Ergonomics)  396043K->37407K(699392K), 0.0418154 secs]
84.850: [GC (Allocation Failure)  327711K->54848K(697856K), 0.0127633 secs]
84.884: [GC (Allocation Failure)  343305K->59440K(698880K), 0.0076270 secs]
84.926: [GC (Allocation Failure)  347915K->66608K(698368K), 0.0048829 secs]
84.961: [GC (Allocation Failure)  355835K->72784K(698880K), 0.0068347 secs]
84.995: [GC (Allocation Failure)  362010K->80441K(699392K), 0.0077532 secs]
85.031: [GC (Allocation Failure)  369914K->87129K(695296K), 0.0081200 secs]
85.066: [GC (Allocation Failure)  376473K->94273K(698880K), 0.0075462 secs]
85.103: [GC (Allocation Failure)  383662K->101441K(698880K), 0.0079540 secs]
85.139: [GC (Allocation Failure)  390848K->107618K(699904K), 0.0074628 secs]
85.174: [GC (Allocation Failure)  398200K->116810K(699904K), 0.0080671 secs]
85.210: [GC (Allocation Failure)  407304K->122954K(698880K), 0.0076629 secs]
85.245: [GC (Allocation Failure)  413434K->128106K(699392K), 0.0072879 secs]
85.280: [GC (Allocation Failure)  418682K->138842K(699904K), 0.0078410 secs]
85.315: [GC (Allocation Failure)  429441K->144475K(699904K), 0.0078514 secs]
85.351: [GC (Allocation Failure)  435076K->151195K(698880K), 0.0075632 secs]
85.388: [GC (Allocation Failure)  441736K->157291K(699392K), 0.0056430 secs]
85.422: [GC (Allocation Failure)  447830K->167019K(699904K), 0.0074906 secs]
85.456: [GC (Allocation Failure)  458163K->175788K(699904K), 0.0051252 secs]
85.492: [GC (Allocation Failure)  466736K->182396K(699904K), 0.0051329 secs]
85.525: [GC (Allocation Failure)  473043K->191612K(696832K), 0.0083031 secs]
85.560: [GC (Allocation Failure)  482108K->199324K(699392K), 0.0084709 secs]
85.595: [GC (Allocation Failure)  489718K->203924K(699392K), 0.0059106 secs]
85.629: [GC (Allocation Failure)  494482K->214229K(700416K), 0.0056535 secs]
85.665: [GC (Allocation Failure)  505804K->220317K(700416K), 0.0083769 secs]
85.701: [GC (Allocation Failure)  512096K->227997K(700416K), 0.0071588 secs]
85.735: [GC (Allocation Failure)  519507K->236253K(700416K), 0.0076741 secs]
85.770: [GC (Allocation Failure)  527905K->240814K(698368K), 0.0077202 secs]
85.805: [GC (Allocation Failure)  530352K->251054K(698368K), 0.0074408 secs]
85.840: [GC (Allocation Failure)  540793K->257230K(697856K), 0.0082143 secs]
85.874: [GC (Allocation Failure)  544709K->260798K(689664K), 0.0072095 secs]
85.911: [GC (Allocation Failure)  548216K->270014K(698368K), 0.0050371 secs]
85.944: [GC (Allocation Failure)  556980K->278271K(697856K), 0.0077449 secs]
85.981: [GC (Allocation Failure)  565149K->284887K(697856K), 0.0047806 secs]
86.013: [GC (Allocation Failure)  572279K->291031K(697856K), 0.0076483 secs]
86.050: [GC (Allocation Failure)  578454K->299799K(698880K), 0.0076503 secs]
86.082: [GC (Allocation Failure)  588253K->306408K(692224K), 0.0074142 secs]
86.115: [GC (Allocation Failure)  594928K->315624K(698368K), 0.0049547 secs]
86.152: [GC (Allocation Failure)  604247K->323400K(698368K), 0.0061985 secs]
86.186: [GC (Allocation Failure)  611796K->331520K(698880K), 0.0050686 secs]
86.220: [GC (Allocation Failure)  620972K->338177K(698880K), 0.0042424 secs]
86.253: [GC (Allocation Failure)  627682K->343873K(699392K), 0.0048074 secs]
86.287: [GC (Allocation Failure)  633945K->349961K(699392K), 0.0090559 secs]
86.322: [GC (Allocation Failure)  640061K->357641K(699392K), 0.0041530 secs]
86.357: [GC (Allocation Failure)  648212K->363305K(699392K), 0.0089076 secs]
86.392: [GC (Allocation Failure)  653968K->373522K(698880K), 0.0090814 secs]
86.427: [GC (Allocation Failure)  662949K->378674K(699392K), 0.0093279 secs]
86.464: [GC (Allocation Failure)  668310K->386330K(698368K), 0.0091171 secs]
86.500: [GC (Allocation Failure)  675989K->395034K(698880K), 0.0096253 secs]
86.534: [GC (Allocation Failure)  684593K->400218K(699904K), 0.0085837 secs]
86.543: [Full GC (Ergonomics)  400218K->37927K(706048K), 0.0447297 secs]
86.608: [GC (Allocation Failure)  328654K->51240K(706048K), 0.0056993 secs]
86.636: [GC (Allocation Failure)  341681K->58984K(706048K), 0.0074144 secs]
86.678: [GC (Allocation Failure)  349433K->65592K(706048K), 0.0065943 secs]
86.714: [GC (Allocation Failure)  356371K->75321K(705024K), 0.0076341 secs]
86.747: [GC (Allocation Failure)  365064K->79449K(705536K), 0.0071766 secs]
86.781: [GC (Allocation Failure)  369218K->85577K(704512K), 0.0040597 secs]
86.816: [GC (Allocation Failure)  374899K->92745K(705024K), 0.0070807 secs]
86.849: [GC (Allocation Failure)  382140K->99497K(706048K), 0.0043906 secs]
86.881: [GC (Allocation Failure)  389907K->109146K(701952K), 0.0045397 secs]
86.915: [GC (Allocation Failure)  399584K->116314K(705536K), 0.0034777 secs]
86.948: [GC (Allocation Failure)  406745K->122522K(705536K), 0.0070470 secs]
86.983: [GC (Allocation Failure)  413070K->130154K(706048K), 0.0076883 secs]
87.019: [GC (Allocation Failure)  421687K->137834K(706048K), 0.0074644 secs]
87.052: [GC (Allocation Failure)  429393K->144043K(707072K), 0.0076946 secs]
87.088: [GC (Allocation Failure)  436616K->148603K(699904K), 0.0068244 secs]
87.123: [GC (Allocation Failure)  441138K->158843K(706560K), 0.0077474 secs]
87.156: [GC (Allocation Failure)  450479K->165019K(706560K), 0.0079555 secs]
87.191: [GC (Allocation Failure)  456651K->172684K(705536K), 0.0049612 secs]
87.223: [GC (Allocation Failure)  464225K->179340K(706048K), 0.0049949 secs]
87.256: [GC (Allocation Failure)  470876K->183500K(707072K), 0.0068743 secs]
87.290: [GC (Allocation Failure)  476061K->193684K(707072K), 0.0079078 secs]
87.326: [GC (Allocation Failure)  486307K->198292K(706048K), 0.0117889 secs]
87.362: [GC (Allocation Failure)  490030K->206037K(704512K), 0.0075494 secs]
87.396: [GC (Allocation Failure)  497525K->213669K(704000K), 0.0053774 secs]
87.432: [GC (Allocation Failure)  502122K->215749K(705024K), 0.0075475 secs]
87.466: [GC (Allocation Failure)  504215K->223925K(704000K), 0.0073754 secs]
87.499: [GC (Allocation Failure)  512488K->231093K(704512K), 0.0076279 secs]
87.535: [GC (Allocation Failure)  519537K->235765K(705024K), 0.0070419 secs]
87.568: [GC (Allocation Failure)  525141K->246470K(705536K), 0.0076934 secs]
87.604: [GC (Allocation Failure)  535978K->251590K(705536K), 0.0072137 secs]
87.637: [GC (Allocation Failure)  541479K->261382K(705536K), 0.0052303 secs]
87.670: [GC (Allocation Failure)  551282K->265942K(705536K), 0.0076549 secs]
87.706: [GC (Allocation Failure)  555503K->272631K(698368K), 0.0073656 secs]
87.740: [GC (Allocation Failure)  562026K->281343K(705024K), 0.0074540 secs]
87.772: [GC (Allocation Failure)  570761K->288495K(705024K), 0.0077726 secs]
87.810: [GC (Allocation Failure)  578046K->295151K(705536K), 0.0077512 secs]
87.842: [GC (Allocation Failure)  585665K->302896K(705536K), 0.0052712 secs]
87.876: [GC (Allocation Failure)  593266K->309504K(705536K), 0.0053437 secs]
87.910: [GC (Allocation Failure)  601082K->316160K(706048K), 0.0051511 secs]
87.945: [GC (Allocation Failure)  607758K->323360K(707072K), 0.0087880 secs]
87.978: [GC (Allocation Failure)  616454K->329488K(707072K), 0.0051591 secs]
88.014: [GC (Allocation Failure)  622656K->335633K(707584K), 0.0076616 secs]
88.049: [GC (Allocation Failure)  629281K->345425K(707584K), 0.0051896 secs]
88.083: [GC (Allocation Failure)  639121K->351009K(706560K), 0.0086021 secs]
88.117: [GC (Allocation Failure)  643456K->355105K(707072K), 0.0073962 secs]
88.150: [GC (Allocation Failure)  647818K->363361K(707072K), 0.0081330 secs]
88.186: [GC (Allocation Failure)  655813K->368946K(704000K), 0.0078051 secs]
88.220: [GC (Allocation Failure)  661655K->376114K(706560K), 0.0081256 secs]
88.254: [GC (Allocation Failure)  668734K->382834K(706560K), 0.0078616 secs]
88.290: [GC (Allocation Failure)  675564K->389954K(706560K), 0.0075624 secs]
88.325: [GC (Allocation Failure)  683590K->399170K(707072K), 0.0069126 secs]
88.358: [GC (Allocation Failure)  692831K->404867K(707584K), 0.0060758 secs]
88.364: [Full GC (Ergonomics)  404867K->37423K(714240K), 0.0415790 secs]
88.425: [GC (Allocation Failure)  330827K->50224K(714240K), 0.0039189 secs]
88.453: [GC (Allocation Failure)  343699K->58480K(713216K), 0.0078949 secs]
88.494: [GC (Allocation Failure)  351008K->65600K(713728K), 0.0046488 secs]
88.522: [GC (Allocation Failure)  358327K->70208K(713728K), 0.0068977 secs]
88.559: [GC (Allocation Failure)  363072K->79489K(713216K), 0.0073746 secs]
88.593: [GC (Allocation Failure)  371907K->85585K(713216K), 0.0077587 secs]
88.628: [GC (Allocation Failure)  376936K->90289K(713216K), 0.0068277 secs]
88.658: [GC (Allocation Failure)  381661K->99433K(713216K), 0.0046332 secs]
88.692: [GC (Allocation Failure)  390949K->106602K(713216K), 0.0075507 secs]
88.725: [GC (Allocation Failure)  398096K->113770K(712192K), 0.0067048 secs]
88.758: [GC (Allocation Failure)  405188K->121002K(712704K), 0.0071577 secs]
88.792: [GC (Allocation Failure)  412595K->126074K(713216K), 0.0045743 secs]
88.824: [GC (Allocation Failure)  418122K->133754K(713216K), 0.0034973 secs]
88.858: [GC (Allocation Failure)  425797K->141499K(713728K), 0.0047687 secs]
88.893: [GC (Allocation Failure)  434123K->148611K(710656K), 0.0046776 secs]
88.926: [GC (Allocation Failure)  441129K->155779K(712704K), 0.0068001 secs]
88.961: [GC (Allocation Failure)  447852K->159939K(713216K), 0.0070618 secs]
88.993: [GC (Allocation Failure)  451899K->168587K(712704K), 0.0076372 secs]
89.029: [GC (Allocation Failure)  460030K->174284K(713216K), 0.0077732 secs]
89.060: [GC (Allocation Failure)  465919K->180884K(713216K), 0.0205430 secs]
89.099: [GC (Allocation Failure)  472709K->187540K(711680K), 0.0077494 secs]
89.132: [GC (Allocation Failure)  479141K->194260K(713216K), 0.0081722 secs]
89.169: [GC (Allocation Failure)  485213K->199332K(712704K), 0.0071703 secs]
89.202: [GC (Allocation Failure)  490410K->206501K(712704K), 0.0065997 secs]
89.235: [GC (Allocation Failure)  497582K->212197K(712704K), 0.0073535 secs]
89.269: [GC (Allocation Failure)  503209K->219837K(712192K), 0.0051770 secs]
89.304: [GC (Allocation Failure)  511327K->227005K(712704K), 0.0075608 secs]
89.343: [GC (Allocation Failure)  518352K->234750K(712704K), 0.0077484 secs]
89.370: [GC (Allocation Failure)  527537K->241934K(713216K), 0.0050427 secs]
89.406: [GC (Allocation Failure)  534797K->246478K(713728K), 0.0112602 secs]
89.439: [GC (Allocation Failure)  539192K->253166K(713728K), 0.0072725 secs]
89.473: [GC (Allocation Failure)  545612K->261342K(713728K), 0.0074665 secs]
89.506: [GC (Allocation Failure)  553948K->270047K(713728K), 0.0079584 secs]
89.539: [GC (Allocation Failure)  562498K->274719K(713728K), 0.0074261 secs]
89.573: [GC (Allocation Failure)  567273K->281839K(711168K), 0.0065616 secs]
89.606: [GC (Allocation Failure)  574457K->289519K(713216K), 0.0052277 secs]
89.639: [GC (Allocation Failure)  582095K->295727K(713216K), 0.0074069 secs]
89.673: [GC (Allocation Failure)  588240K->302336K(713216K), 0.0076980 secs]
89.707: [GC (Allocation Failure)  595932K->308480K(713728K), 0.0073423 secs]
89.741: [GC (Allocation Failure)  602129K->318816K(713728K), 0.0065142 secs]
89.775: [GC (Allocation Failure)  612447K->324872K(712704K), 0.0077235 secs]
89.809: [GC (Allocation Failure)  618346K->331016K(714240K), 0.0052610 secs]
89.843: [GC (Allocation Failure)  623976K->339785K(713728K), 0.0081120 secs]
89.876: [GC (Allocation Failure)  632872K->346393K(713728K), 0.0069544 secs]
89.909: [GC (Allocation Failure)  639480K->354073K(713728K), 0.0044365 secs]
89.944: [GC (Allocation Failure)  647137K->358745K(714240K), 0.0047425 secs]
89.976: [GC (Allocation Failure)  652224K->365874K(710144K), 0.0049393 secs]
90.010: [GC (Allocation Failure)  659391K->374578K(713216K), 0.0047521 secs]
90.044: [GC (Allocation Failure)  667632K->379762K(713728K), 0.0073594 secs]
90.077: [GC (Allocation Failure)  672819K->389954K(713216K), 0.0083162 secs]
90.111: [GC (Allocation Failure)  682600K->394562K(713728K), 0.0051310 secs]
90.144: [GC (Allocation Failure)  687046K->403331K(713728K), 0.0076459 secs]
90.177: [GC (Allocation Failure)  695874K->408915K(713728K), 0.0085066 secs]
90.185: [Full GC (Ergonomics)  408915K->36919K(721408K), 0.0501433 secs]
90.256: [GC (Allocation Failure)  329710K->48760K(720384K), 0.0054953 secs]
90.282: [GC (Allocation Failure)  341244K->57416K(720896K), 0.0074670 secs]
90.321: [GC (Allocation Failure)  349827K->63048K(721408K), 0.0069199 secs]
90.352: [GC (Allocation Failure)  355727K->70793K(721408K), 0.0074808 secs]
90.387: [GC (Allocation Failure)  363585K->75857K(720384K), 0.0074211 secs]
90.421: [GC (Allocation Failure)  367554K->82513K(720896K), 0.0044949 secs]
90.452: [GC (Allocation Failure)  373849K->91793K(719872K), 0.0072540 secs]
90.485: [GC (Allocation Failure)  382142K->95841K(720384K), 0.0072921 secs]
90.519: [GC (Allocation Failure)  386654K->100449K(720384K), 0.0071794 secs]
90.552: [GC (Allocation Failure)  390769K->110242K(720384K), 0.0072906 secs]
90.587: [GC (Allocation Failure)  400568K->115826K(720384K), 0.0071956 secs]
90.621: [GC (Allocation Failure)  406268K->124018K(720384K), 0.0071399 secs]
90.654: [GC (Allocation Failure)  414340K->130738K(719360K), 0.0073796 secs]
90.687: [GC (Allocation Failure)  421232K->137859K(719872K), 0.0048954 secs]
90.721: [GC (Allocation Failure)  428287K->147075K(720896K), 0.0050338 secs]
90.753: [GC (Allocation Failure)  438467K->153283K(720896K), 0.0071940 secs]
90.785: [GC (Allocation Failure)  444763K->158347K(719872K), 0.0077264 secs]
90.817: [GC (Allocation Failure)  449796K->164491K(720384K), 0.0077935 secs]
90.852: [GC (Allocation Failure)  455895K->173228K(720384K), 0.0081148 secs]
90.885: [GC (Allocation Failure)  464704K->178836K(720896K), 0.0082333 secs]
90.919: [GC (Allocation Failure)  470310K->184468K(720896K), 0.0076789 secs]
90.951: [GC (Allocation Failure)  476404K->191188K(720896K), 0.0049239 secs]
90.983: [GC (Allocation Failure)  483062K->200348K(720384K), 0.0079735 secs]
91.016: [GC (Allocation Failure)  492381K->204957K(720896K), 0.0048134 secs]
91.050: [GC (Allocation Failure)  496954K->211133K(721408K), 0.0079625 secs]
91.082: [GC (Allocation Failure)  504163K->217261K(721408K), 0.0074589 secs]
91.115: [GC (Allocation Failure)  510256K->222381K(721920K), 0.0075838 secs]
91.151: [GC (Allocation Failure)  515977K->232141K(721920K), 0.0081785 secs]
91.183: [GC (Allocation Failure)  525647K->238270K(720896K), 0.0094177 secs]
91.218: [GC (Allocation Failure)  530752K->245950K(719872K), 0.0076891 secs]
91.252: [GC (Allocation Failure)  538382K->250590K(720896K), 0.0073877 secs]
91.286: [GC (Allocation Failure)  541983K->260302K(720896K), 0.0075903 secs]
91.318: [GC (Allocation Failure)  551644K->265934K(720896K), 0.0074669 secs]
91.351: [GC (Allocation Failure)  557467K->274223K(720896K), 0.0045063 secs]
91.383: [GC (Allocation Failure)  565581K->280287K(719872K), 0.0050686 secs]
91.414: [GC (Allocation Failure)  571655K->285919K(720384K), 0.0071849 secs]
91.448: [GC (Allocation Failure)  577409K->295199K(720896K), 0.0052535 secs]
91.479: [GC (Allocation Failure)  586701K->300272K(720896K), 0.0076975 secs]
91.512: [GC (Allocation Failure)  591702K->307440K(719872K), 0.0083257 secs]
91.542: [GC (Allocation Failure)  598858K->315184K(720384K), 0.0079716 secs]
91.577: [GC (Allocation Failure)  606717K->322816K(719360K), 0.0082511 secs]
91.609: [GC (Allocation Failure)  613252K->326912K(720384K), 0.0077987 secs]
91.642: [GC (Allocation Failure)  617375K->334113K(719872K), 0.0077467 secs]
91.676: [GC (Allocation Failure)  624948K->342809K(720384K), 0.0055454 secs]
91.708: [GC (Allocation Failure)  633692K->346393K(720384K), 0.0078387 secs]
91.740: [GC (Allocation Failure)  636913K->354137K(720384K), 0.0077286 secs]
91.773: [GC (Allocation Failure)  644557K->362281K(720384K), 0.0082501 secs]
91.807: [GC (Allocation Failure)  652682K->368938K(718848K), 0.0082368 secs]
91.840: [GC (Allocation Failure)  659719K->374090K(720384K), 0.0081605 secs]
91.871: [GC (Allocation Failure)  664077K->381234K(719872K), 0.0077534 secs]
91.904: [GC (Allocation Failure)  671099K->387890K(719872K), 0.0092099 secs]
91.938: [GC (Allocation Failure)  677731K->393586K(719872K), 0.0071410 secs]
91.971: [GC (Allocation Failure)  683403K->402243K(719360K), 0.0105571 secs]
92.005: [GC (Allocation Failure)  692647K->410435K(719872K), 0.0085069 secs]
92.040: [GC (Allocation Failure)  700839K->416675K(720896K), 0.0131238 secs]
92.053: [Full GC (Ergonomics)  416675K->37440K(729088K), 0.0450288 secs]
92.127: [GC (Allocation Failure)  328796K->49280K(725504K), 0.0052019 secs]
92.153: [GC (Allocation Failure)  340695K->59465K(728064K), 0.0080762 secs]
92.190: [GC (Allocation Failure)  350783K->65097K(728576K), 0.0073761 secs]
92.221: [GC (Allocation Failure)  356069K->73289K(727552K), 0.0079157 secs]
92.254: [GC (Allocation Failure)  362986K->76937K(728064K), 0.0071924 secs]
92.285: [GC (Allocation Failure)  366618K->84569K(727040K), 0.0070818 secs]
92.316: [GC (Allocation Failure)  374296K->92762K(727552K), 0.0079231 secs]
92.349: [GC (Allocation Failure)  382137K->100506K(728576K), 0.0070648 secs]
92.383: [GC (Allocation Failure)  391267K->107618K(723456K), 0.0074762 secs]
92.414: [GC (Allocation Failure)  398327K->113762K(728064K), 0.0073249 secs]
92.446: [GC (Allocation Failure)  404499K->123011K(728064K), 0.0073392 secs]
92.479: [GC (Allocation Failure)  413388K->130155K(729088K), 0.0074293 secs]
92.513: [GC (Allocation Failure)  421578K->135275K(725504K), 0.0073944 secs]
92.545: [GC (Allocation Failure)  426740K->143019K(728576K), 0.0075678 secs]
92.579: [GC (Allocation Failure)  434356K->150139K(728576K), 0.0074740 secs]
92.612: [GC (Allocation Failure)  441478K->156796K(729600K), 0.0076833 secs]
92.644: [GC (Allocation Failure)  449181K->162460K(725504K), 0.0071309 secs]
92.675: [GC (Allocation Failure)  454956K->169604K(729088K), 0.0073013 secs]
92.706: [GC (Allocation Failure)  461977K->178308K(729088K), 0.0074648 secs]
92.739: [GC (Allocation Failure)  470723K->186053K(730112K), 0.0074162 secs]
92.770: [GC (Allocation Failure)  479581K->190613K(730112K), 0.0071752 secs]
92.803: [GC (Allocation Failure)  484163K->198293K(730112K), 0.0047586 secs]
92.835: [GC (Allocation Failure)  491716K->204501K(730112K), 0.0074942 secs]
92.868: [GC (Allocation Failure)  498052K->210597K(730112K), 0.0067018 secs]
92.900: [GC (Allocation Failure)  504169K->218790K(730112K), 0.0072708 secs]
92.933: [GC (Allocation Failure)  512190K->226534K(729088K), 0.0070170 secs]
92.966: [GC (Allocation Failure)  519974K->233142K(729600K), 0.0046442 secs]
92.999: [GC (Allocation Failure)  526619K->237750K(730624K), 0.0066339 secs]
93.030: [GC (Allocation Failure)  532390K->247030K(730112K), 0.0071987 secs]
93.065: [GC (Allocation Failure)  541505K->253127K(730112K), 0.0057692 secs]
93.096: [GC (Allocation Failure)  546574K->258247K(730112K), 0.0070977 secs]
93.129: [GC (Allocation Failure)  551719K->264999K(730112K), 0.0047882 secs]
93.161: [GC (Allocation Failure)  558439K->273103K(726016K), 0.0078366 secs]
93.195: [GC (Allocation Failure)  566504K->278735K(729088K), 0.0074997 secs]
93.226: [GC (Allocation Failure)  571679K->285392K(729600K), 0.0072075 secs]
93.259: [GC (Allocation Failure)  578402K->295696K(729600K), 0.0083285 secs]
93.291: [GC (Allocation Failure)  589235K->299224K(730112K), 0.0075545 secs]
93.323: [GC (Allocation Failure)  592679K->306904K(730112K), 0.0049609 secs]
93.354: [GC (Allocation Failure)  600518K->314648K(730112K), 0.0047668 secs]
93.386: [GC (Allocation Failure)  608515K->321257K(729088K), 0.0070699 secs]
93.418: [GC (Allocation Failure)  614688K->328937K(729600K), 0.0072568 secs]
93.450: [GC (Allocation Failure)  622438K->334121K(730112K), 0.0037433 secs]
93.483: [GC (Allocation Failure)  627571K->342265K(730112K), 0.0039005 secs]
93.515: [GC (Allocation Failure)  635710K->348409K(730112K), 0.0090852 secs]
93.548: [GC (Allocation Failure)  641883K->355610K(727040K), 0.0090934 secs]
93.582: [GC (Allocation Failure)  649475K->363266K(729088K), 0.0085206 secs]
93.616: [GC (Allocation Failure)  656181K->368898K(729600K), 0.0049913 secs]
93.649: [GC (Allocation Failure)  661832K->377154K(729600K), 0.0054126 secs]
93.681: [GC (Allocation Failure)  671003K->382218K(730112K), 0.0077924 secs]
93.713: [GC (Allocation Failure)  675785K->389387K(729088K), 0.0078838 secs]
93.745: [GC (Allocation Failure)  682829K->395083K(729600K), 0.0053685 secs]
93.777: [GC (Allocation Failure)  688480K->402715K(730624K), 0.0079034 secs]
93.811: [GC (Allocation Failure)  697209K->407835K(730624K), 0.0054444 secs]
93.843: [GC (Allocation Failure)  702400K->417148K(729600K), 0.0080207 secs]
93.874: [GC (Allocation Failure)  710663K->420132K(722432K), 0.0086013 secs]
93.883: [Full GC (Ergonomics)  420132K->36424K(728576K), 0.0407152 secs]
93.944: [GC (Allocation Failure)  330062K->48264K(735744K), 0.0029236 secs]
93.967: [GC (Allocation Failure)  341094K->57433K(734208K), 0.0035957 secs]
94.007: [GC (Allocation Failure)  349817K->63065K(735744K), 0.0076135 secs]
94.038: [GC (Allocation Failure)  355175K->69241K(735232K), 0.0072801 secs]
94.068: [GC (Allocation Failure)  361285K->75881K(735232K), 0.0071672 secs]
94.101: [GC (Allocation Failure)  368056K->82025K(735232K), 0.0073584 secs]
94.132: [GC (Allocation Failure)  374286K->92298K(735744K), 0.0080109 secs]
94.165: [GC (Allocation Failure)  385128K->96882K(735744K), 0.0070102 secs]
94.197: [GC (Allocation Failure)  389730K->106610K(734720K), 0.0083368 secs]
94.230: [GC (Allocation Failure)  397944K->111282K(735232K), 0.0055705 secs]
94.263: [GC (Allocation Failure)  402970K->117370K(734208K), 0.0065758 secs]
94.293: [GC (Allocation Failure)  409159K->126587K(734720K), 0.0083244 secs]
94.326: [GC (Allocation Failure)  417979K->131707K(735232K), 0.0078501 secs]
94.357: [GC (Allocation Failure)  423005K->137371K(734720K), 0.0076793 secs]
94.389: [GC (Allocation Failure)  428356K->144523K(734720K), 0.0073007 secs]
94.421: [GC (Allocation Failure)  436321K->150155K(734720K), 0.0070506 secs]
94.453: [GC (Allocation Failure)  441954K->156332K(734720K), 0.0075886 secs]
94.486: [GC (Allocation Failure)  448797K->165012K(735232K), 0.0079767 secs]
94.519: [GC (Allocation Failure)  457837K->171156K(735232K), 0.0072979 secs]
94.552: [GC (Allocation Failure)  464550K->178356K(735744K), 0.0079921 secs]
94.585: [GC (Allocation Failure)  471812K->187037K(735744K), 0.0081129 secs]
94.616: [GC (Allocation Failure)  480481K->193181K(736256K), 0.0081509 secs]
94.651: [GC (Allocation Failure)  486588K->198365K(736256K), 0.0048854 secs]
94.681: [GC (Allocation Failure)  492170K->205485K(736256K), 0.0070842 secs]
94.711: [GC (Allocation Failure)  499305K->213165K(735232K), 0.0047653 secs]
94.742: [GC (Allocation Failure)  506653K->218862K(735744K), 0.0065552 secs]
94.775: [GC (Allocation Failure)  512315K->226494K(736768K), 0.0072994 secs]
94.806: [GC (Allocation Failure)  520925K->236222K(736256K), 0.0078205 secs]
94.838: [GC (Allocation Failure)  530728K->242942K(736256K), 0.0075055 secs]
94.870: [GC (Allocation Failure)  536395K->250062K(733696K), 0.0069960 secs]
94.902: [GC (Allocation Failure)  543532K->257231K(734720K), 0.0047649 secs]
94.933: [GC (Allocation Failure)  549587K->261391K(735744K), 0.0068038 secs]
94.964: [GC (Allocation Failure)  553923K->269535K(734720K), 0.0034122 secs]
94.996: [GC (Allocation Failure)  560986K->276703K(735232K), 0.0050390 secs]
95.027: [GC (Allocation Failure)  568498K->281887K(735232K), 0.0040465 secs]
95.058: [GC (Allocation Failure)  573747K->291088K(735232K), 0.0074313 secs]
95.092: [GC (Allocation Failure)  582946K->296184K(735744K), 0.0069825 secs]
95.122: [GC (Allocation Failure)  589027K->304888K(735744K), 0.0072633 secs]
95.153: [GC (Allocation Failure)  597245K->311096K(734720K), 0.0072933 secs]
95.183: [GC (Allocation Failure)  603459K->318729K(735232K), 0.0074294 secs]
95.216: [GC (Allocation Failure)  611528K->324361K(736256K), 0.0074080 secs]
95.248: [GC (Allocation Failure)  618236K->331081K(732672K), 0.0073690 secs]
95.280: [GC (Allocation Failure)  624595K->337681K(735744K), 0.0075699 secs]
95.312: [GC (Allocation Failure)  631079K->342801K(735744K), 0.0050489 secs]
95.345: [GC (Allocation Failure)  636576K->350546K(736768K), 0.0073762 secs]
95.375: [GC (Allocation Failure)  645083K->356122K(736768K), 0.0075078 secs]
95.408: [GC (Allocation Failure)  650649K->362266K(736768K), 0.0078248 secs]
95.439: [GC (Allocation Failure)  657105K->370010K(736768K), 0.0070942 secs]
95.471: [GC (Allocation Failure)  664437K->378658K(735744K), 0.0081841 secs]
95.505: [GC (Allocation Failure)  672048K->382755K(736256K), 0.0077226 secs]
95.534: [GC (Allocation Failure)  676166K->391011K(735232K), 0.0079559 secs]
95.568: [GC (Allocation Failure)  684945K->396083K(735744K), 0.0074734 secs]
95.600: [GC (Allocation Failure)  690043K->403763K(736256K), 0.0077412 secs]
95.631: [GC (Allocation Failure)  698192K->409427K(736768K), 0.0090715 secs]
95.661: [GC (Allocation Failure)  703981K->416572K(735744K), 0.0080446 secs]
95.694: [GC (Allocation Failure)  711417K->422716K(736256K), 0.0090399 secs]
95.727: [GC (Allocation Failure)  717130K->430460K(737280K), 0.0121991 secs]
95.739: [Full GC (Ergonomics)  430460K->35920K(741888K), 0.0422082 secs]
95.802: [GC (Allocation Failure)  331473K->47185K(739840K), 0.0055270 secs]
95.829: [GC (Allocation Failure)  342704K->55441K(741376K), 0.0074347 secs]
95.867: [GC (Allocation Failure)  351348K->60001K(741376K), 0.0063059 secs]
95.897: [GC (Allocation Failure)  355760K->70241K(741376K), 0.0077103 secs]
95.928: [GC (Allocation Failure)  365868K->74370K(734720K), 0.0070496 secs]
95.961: [GC (Allocation Failure)  370154K->84586K(739328K), 0.0069965 secs]
95.992: [GC (Allocation Failure)  377284K->89194K(740352K), 0.0075791 secs]
96.022: [GC (Allocation Failure)  381842K->96362K(739840K), 0.0070046 secs]
96.055: [GC (Allocation Failure)  389720K->103050K(740352K), 0.0078382 secs]
96.087: [GC (Allocation Failure)  396304K->107123K(740864K), 0.0070192 secs]
96.119: [GC (Allocation Failure)  400878K->115827K(740864K), 0.0073816 secs]
96.150: [GC (Allocation Failure)  409712K->123571K(740864K), 0.0075596 secs]
96.182: [GC (Allocation Failure)  417025K->129147K(736768K), 0.0069858 secs]
96.213: [GC (Allocation Failure)  422845K->136315K(740352K), 0.0074469 secs]
96.245: [GC (Allocation Failure)  429764K->142492K(740352K), 0.0067935 secs]
96.273: [GC (Allocation Failure)  436346K->151180K(741376K), 0.0072041 secs]
96.307: [GC (Allocation Failure)  446070K->157324K(741376K), 0.0049389 secs]
96.338: [GC (Allocation Failure)  451768K->161964K(741376K), 0.0071234 secs]
96.369: [GC (Allocation Failure)  456436K->170653K(741376K), 0.0046947 secs]
96.400: [GC (Allocation Failure)  465184K->175773K(741376K), 0.0072572 secs]
96.434: [GC (Allocation Failure)  470218K->183005K(737792K), 0.0070493 secs]
96.466: [GC (Allocation Failure)  477893K->189613K(740864K), 0.0072207 secs]
96.497: [GC (Allocation Failure)  484491K->195757K(740864K), 0.0047689 secs]
96.529: [GC (Allocation Failure)  490669K->202477K(740864K), 0.0050515 secs]
96.557: [GC (Allocation Failure)  498019K->210622K(741376K), 0.0076780 secs]
96.589: [GC (Allocation Failure)  506072K->214718K(741376K), 0.0044893 secs]
96.619: [GC (Allocation Failure)  510199K->222910K(741888K), 0.0068664 secs]
96.651: [GC (Allocation Failure)  518433K->229118K(740864K), 0.0059915 secs]
96.683: [GC (Allocation Failure)  525001K->236231K(741376K), 0.0071794 secs]
96.713: [GC (Allocation Failure)  531824K->241863K(742400K), 0.0071523 secs]
96.743: [GC (Allocation Failure)  538811K->249575K(742400K), 0.0071893 secs]
96.776: [GC (Allocation Failure)  546100K->255695K(741376K), 0.0074797 secs]
96.808: [GC (Allocation Failure)  551178K->259279K(741888K), 0.0073314 secs]
96.839: [GC (Allocation Failure)  555215K->268015K(741888K), 0.0072218 secs]
96.872: [GC (Allocation Failure)  563947K->276192K(741888K), 0.0078712 secs]
96.904: [GC (Allocation Failure)  571729K->282336K(739840K), 0.0053574 secs]
96.935: [GC (Allocation Failure)  576189K->287488K(740864K), 0.0074917 secs]
96.967: [GC (Allocation Failure)  580866K->295160K(739840K), 0.0051438 secs]
96.998: [GC (Allocation Failure)  588940K->302841K(740352K), 0.0076874 secs]
97.028: [GC (Allocation Failure)  596684K->308025K(740864K), 0.0085525 secs]
97.059: [GC (Allocation Failure)  601490K->314633K(740864K), 0.0072792 secs]
97.093: [GC (Allocation Failure)  608309K->322313K(739840K), 0.0079832 secs]
97.124: [GC (Allocation Failure)  615786K->327945K(740352K), 0.0075248 secs]
97.155: [GC (Allocation Failure)  621721K->334634K(740352K), 0.0078005 secs]
97.185: [GC (Allocation Failure)  628512K->338714K(740864K), 0.0074953 secs]
97.216: [GC (Allocation Failure)  632543K->345370K(739840K), 0.0075516 secs]
97.248: [GC (Allocation Failure)  638801K->351066K(740352K), 0.0072926 secs]
97.278: [GC (Allocation Failure)  644937K->358698K(741376K), 0.0053718 secs]
97.310: [GC (Allocation Failure)  654122K->363306K(741376K), 0.0073459 secs]
97.342: [GC (Allocation Failure)  658231K->371019K(741888K), 0.0074817 secs]
97.373: [GC (Allocation Failure)  666513K->377155K(740864K), 0.0064908 secs]
97.405: [GC (Allocation Failure)  672709K->383299K(741888K), 0.0080288 secs]
97.436: [GC (Allocation Failure)  678270K->388963K(741376K), 0.0074591 secs]
97.468: [GC (Allocation Failure)  684377K->397139K(741376K), 0.0151720 secs]
97.503: [GC (Allocation Failure)  692702K->402260K(741376K), 0.0074725 secs]
97.535: [GC (Allocation Failure)  698120K->410516K(741376K), 0.0084195 secs]
97.567: [GC (Allocation Failure)  706421K->416092K(741888K), 0.0077865 secs]
97.599: [GC (Allocation Failure)  711601K->424796K(741888K), 0.0083574 secs]
97.630: [GC (Allocation Failure)  720267K->431516K(741888K), 0.0112413 secs]
97.664: [GC (Allocation Failure)  726991K->435557K(741888K), 0.0113751 secs]
97.675: [Full GC (Ergonomics)  435557K->35929K(748032K), 0.0422257 secs]
97.738: [GC (Allocation Failure)  331364K->45209K(748032K), 0.0038222 secs]
97.761: [GC (Allocation Failure)  340649K->55905K(747008K), 0.0071042 secs]
97.800: [GC (Allocation Failure)  350749K->61026K(747520K), 0.0069280 secs]
97.830: [GC (Allocation Failure)  355611K->66210K(747520K), 0.0066462 secs]
97.861: [GC (Allocation Failure)  361269K->74858K(747520K), 0.0073361 secs]
97.893: [GC (Allocation Failure)  370080K->81002K(747008K), 0.0170819 secs]
97.928: [GC (Allocation Failure)  375802K->86698K(747520K), 0.0073394 secs]
97.958: [GC (Allocation Failure)  381568K->91251K(747520K), 0.0068280 secs]
97.993: [GC (Allocation Failure)  385897K->98931K(747520K), 0.0072939 secs]
98.022: [GC (Allocation Failure)  393709K->105075K(747520K), 0.0046612 secs]
98.051: [GC (Allocation Failure)  399932K->113299K(747520K), 0.0152209 secs]
98.086: [GC (Allocation Failure)  407839K->119419K(746496K), 0.0074578 secs]
98.117: [GC (Allocation Failure)  413173K->125052K(747008K), 0.0047585 secs]
98.148: [GC (Allocation Failure)  418719K->130748K(747008K), 0.0062790 secs]
98.180: [GC (Allocation Failure)  424469K->139916K(747008K), 0.0073451 secs]
98.211: [GC (Allocation Failure)  433295K->144012K(747008K), 0.0068392 secs]
98.242: [GC (Allocation Failure)  437721K->153292K(747008K), 0.0067520 secs]
98.272: [GC (Allocation Failure)  447095K->159893K(745984K), 0.0073618 secs]
98.303: [GC (Allocation Failure)  453674K->167061K(746496K), 0.0075360 secs]
98.333: [GC (Allocation Failure)  460445K->174773K(746496K), 0.0069887 secs]
98.364: [GC (Allocation Failure)  469585K->182429K(747008K), 0.0079691 secs]
98.397: [GC (Allocation Failure)  477246K->189086K(747008K), 0.0077074 secs]
98.428: [GC (Allocation Failure)  484524K->196318K(747520K), 0.0072040 secs]
98.458: [GC (Allocation Failure)  492233K->202406K(748032K), 0.0080477 secs]
98.491: [GC (Allocation Failure)  498779K->209574K(748032K), 0.0080037 secs]
98.521: [GC (Allocation Failure)  505652K->214694K(748032K), 0.0067225 secs]
98.551: [GC (Allocation Failure)  510661K->221895K(748032K), 0.0086846 secs]
98.583: [GC (Allocation Failure)  517860K->228527K(748032K), 0.0082044 secs]
98.615: [GC (Allocation Failure)  524542K->234159K(748032K), 0.0077008 secs]
98.646: [GC (Allocation Failure)  530476K->239823K(748544K), 0.0076720 secs]
98.678: [GC (Allocation Failure)  536275K->246975K(748544K), 0.0076282 secs]
98.707: [GC (Allocation Failure)  543830K->253119K(748544K), 0.0070137 secs]
98.740: [GC (Allocation Failure)  549579K->259808K(747520K), 0.0077101 secs]
98.771: [GC (Allocation Failure)  556758K->264904K(748032K), 0.0081442 secs]
98.804: [GC (Allocation Failure)  560808K->271048K(743936K), 0.0060816 secs]
98.834: [GC (Allocation Failure)  566532K->279272K(747008K), 0.0083172 secs]
98.867: [GC (Allocation Failure)  574626K->282840K(747520K), 0.0071598 secs]
98.898: [GC (Allocation Failure)  578168K->290009K(748032K), 0.0071415 secs]
98.928: [GC (Allocation Failure)  585463K->296729K(743936K), 0.0079204 secs]
98.959: [GC (Allocation Failure)  592624K->301289K(747520K), 0.0066366 secs]
98.990: [GC (Allocation Failure)  597155K->307433K(747520K), 0.0076966 secs]
99.019: [GC (Allocation Failure)  603323K->314089K(747520K), 0.0075250 secs]
99.051: [GC (Allocation Failure)  610602K->320810K(748032K), 0.0072683 secs]
99.083: [GC (Allocation Failure)  617732K->327410K(749056K), 0.0080267 secs]
99.113: [GC (Allocation Failure)  625367K->333554K(749056K), 0.0080588 secs]
99.144: [GC (Allocation Failure)  631522K->341266K(748032K), 0.0085187 secs]
99.175: [GC (Allocation Failure)  637724K->348410K(747520K), 0.0093069 secs]
99.209: [GC (Allocation Failure)  644878K->351995K(748544K), 0.0071115 secs]
99.239: [GC (Allocation Failure)  648427K->358715K(748032K), 0.0075638 secs]
99.270: [GC (Allocation Failure)  655129K->363787K(748032K), 0.0075490 secs]
99.302: [GC (Allocation Failure)  659718K->367883K(744448K), 0.0081810 secs]
99.334: [GC (Allocation Failure)  663818K->375627K(747520K), 0.0076827 secs]
99.365: [GC (Allocation Failure)  671551K->380179K(747520K), 0.0081205 secs]
99.398: [GC (Allocation Failure)  676054K->386324K(747520K), 0.0092182 secs]
99.428: [GC (Allocation Failure)  682887K->393012K(748032K), 0.0079242 secs]
99.460: [GC (Allocation Failure)  689759K->398636K(749056K), 0.0062019 secs]
99.492: [GC (Allocation Failure)  696586K->407340K(748032K), 0.0076627 secs]
99.521: [GC (Allocation Failure)  704816K->413484K(749056K), 0.0074954 secs]
99.552: [GC (Allocation Failure)  710741K->420205K(748544K), 0.0060106 secs]
99.581: [GC (Allocation Failure)  717527K->429373K(747008K), 0.0076866 secs]
99.613: [GC (Allocation Failure)  724925K->433469K(748032K), 0.0076781 secs]
99.643: [GC (Allocation Failure)  729262K->441725K(747008K), 0.0084263 secs]
99.652: [Full GC (Ergonomics)  441725K->35426K(754688K), 0.0432136 secs]
99.716: [GC (Allocation Failure)  329834K->45154K(755200K), 0.0039704 secs]
99.740: [GC (Allocation Failure)  340005K->54434K(753664K), 0.0073118 secs]
99.774: [GC (Allocation Failure)  348250K->57962K(754688K), 0.0070316 secs]
99.804: [GC (Allocation Failure)  351440K->64107K(753664K), 0.0059249 secs]
99.835: [GC (Allocation Failure)  357641K->71339K(754176K), 0.0069362 secs]
99.866: [GC (Allocation Failure)  364900K->75899K(754176K), 0.0063529 secs]
99.897: [GC (Allocation Failure)  370626K->84603K(754688K), 0.0066235 secs]
99.927: [GC (Allocation Failure)  379320K->91803K(755200K), 0.0070746 secs]
99.957: [GC (Allocation Failure)  387067K->96900K(755200K), 0.0066960 secs]
99.987: [GC (Allocation Failure)  392226K->103556K(755712K), 0.0067955 secs]
100.018: [GC (Allocation Failure)  399317K->110724K(752640K), 0.0072366 secs]
100.047: [GC (Allocation Failure)  406166K->117444K(755200K), 0.0070887 secs]
100.078: [GC (Allocation Failure)  412888K->124044K(755200K), 0.0072890 secs]
100.109: [GC (Allocation Failure)  419924K->128141K(755712K), 0.0071202 secs]
100.141: [GC (Allocation Failure)  423854K->134861K(752128K), 0.0067295 secs]
100.170: [GC (Allocation Failure)  430702K->141469K(755200K), 0.0068148 secs]
100.199: [GC (Allocation Failure)  437300K->147613K(755200K), 0.0073051 secs]
100.230: [GC (Allocation Failure)  443538K->153341K(755712K), 0.0160413 secs]
100.265: [GC (Allocation Failure)  448931K->161454K(755200K), 0.0073272 secs]
100.295: [GC (Allocation Failure)  457284K->166574K(755200K), 0.0073755 secs]
100.327: [GC (Allocation Failure)  461324K->171694K(752128K), 0.0067195 secs]
100.355: [GC (Allocation Failure)  466412K->178414K(754688K), 0.0047806 secs]
100.385: [GC (Allocation Failure)  473149K->183998K(754688K), 0.0067099 secs]
100.416: [GC (Allocation Failure)  478826K->189118K(755200K), 0.0063664 secs]
100.446: [GC (Allocation Failure)  485026K->196831K(755200K), 0.0073129 secs]
100.477: [GC (Allocation Failure)  492752K->200911K(756224K), 0.0065643 secs]
100.508: [GC (Allocation Failure)  497673K->207567K(752640K), 0.0076435 secs]
100.538: [GC (Allocation Failure)  504481K->214767K(755712K), 0.0071040 secs]
100.567: [GC (Allocation Failure)  511645K->220383K(755712K), 0.0044504 secs]
100.597: [GC (Allocation Failure)  517255K->228064K(756736K), 0.0070919 secs]
100.627: [GC (Allocation Failure)  525621K->234720K(756736K), 0.0073259 secs]
100.659: [GC (Allocation Failure)  532704K->244512K(755712K), 0.0053490 secs]
100.687: [GC (Allocation Failure)  541256K->249080K(756224K), 0.0067368 secs]
100.717: [GC (Allocation Failure)  546018K->256248K(755200K), 0.0075973 secs]
100.749: [GC (Allocation Failure)  551776K->260377K(755712K), 0.0076000 secs]
100.779: [GC (Allocation Failure)  556186K->265481K(755712K), 0.0066071 secs]
100.811: [GC (Allocation Failure)  561302K->274697K(753664K), 0.0072473 secs]
100.843: [GC (Allocation Failure)  570520K->280361K(755712K), 0.0074818 secs]
100.872: [GC (Allocation Failure)  575616K->285977K(755200K), 0.0072466 secs]
100.901: [GC (Allocation Failure)  581248K->292634K(755200K), 0.0071138 secs]
100.932: [GC (Allocation Failure)  587954K->299866K(755200K), 0.0079870 secs]
100.963: [GC (Allocation Failure)  595185K->306978K(754688K), 0.0073798 secs]
100.995: [GC (Allocation Failure)  602304K->312610K(755200K), 0.0075346 secs]
101.026: [GC (Allocation Failure)  607907K->318242K(755712K), 0.0071480 secs]
101.055: [GC (Allocation Failure)  614668K->325987K(755712K), 0.0075087 secs]
101.084: [GC (Allocation Failure)  622242K->333099K(755200K), 0.0086856 secs]
101.114: [GC (Allocation Failure)  628840K->338219K(755712K), 0.0047982 secs]
101.146: [GC (Allocation Failure)  634121K->342859K(755712K), 0.0068682 secs]
101.176: [GC (Allocation Failure)  638629K->350011K(755712K), 0.0050308 secs]
101.205: [GC (Allocation Failure)  645765K->355644K(754688K), 0.0055757 secs]
101.236: [GC (Allocation Failure)  651094K->360796K(755200K), 0.0068282 secs]
101.265: [GC (Allocation Failure)  656672K->366924K(755200K), 0.0051154 secs]
101.295: [GC (Allocation Failure)  662747K->369996K(755712K), 0.0072616 secs]
101.325: [GC (Allocation Failure)  665750K->379212K(755712K), 0.0073412 secs]
101.354: [GC (Allocation Failure)  675103K->384876K(755712K), 0.0076012 secs]
101.384: [GC (Allocation Failure)  680641K->390997K(754688K), 0.0074913 secs]
101.415: [GC (Allocation Failure)  686818K->396629K(755200K), 0.0069860 secs]
101.446: [GC (Allocation Failure)  692555K->404885K(755200K), 0.0077514 secs]
101.476: [GC (Allocation Failure)  700678K->406885K(755712K), 0.0069523 secs]
101.507: [GC (Allocation Failure)  702603K->414053K(754688K), 0.0073971 secs]
101.536: [GC (Allocation Failure)  708929K->419237K(755200K), 0.0079654 secs]
101.564: [GC (Allocation Failure)  714079K->426870K(754176K), 0.0075340 secs]
101.595: [GC (Allocation Failure)  721770K->431478K(754688K), 0.0071989 secs]
101.625: [GC (Allocation Failure)  726285K->439670K(755712K), 0.0072787 secs]
101.656: [GC (Allocation Failure)  735511K->445366K(755712K), 0.0119221 secs]
101.689: [GC (Allocation Failure)  740847K->451974K(755712K), 0.0156279 secs]
101.705: [Full GC (Ergonomics)  451974K->34314K(759296K), 0.0404819 secs]
101.767: [GC (Allocation Failure)  329799K->47178K(758784K), 0.0059226 secs]
101.792: [GC (Allocation Failure)  342779K->54298K(758784K), 0.0053730 secs]
101.824: [GC (Allocation Failure)  349064K->58394K(754688K), 0.0063514 secs]
101.853: [GC (Allocation Failure)  352894K->63546K(758272K), 0.0064907 secs]
101.883: [GC (Allocation Failure)  357967K->69163K(758272K), 0.0060150 secs]
101.912: [GC (Allocation Failure)  363706K->76843K(758272K), 0.0066213 secs]
101.943: [GC (Allocation Failure)  372576K->83563K(758784K), 0.0066275 secs]
101.971: [GC (Allocation Failure)  379261K->91195K(759808K), 0.0070134 secs]
102.002: [GC (Allocation Failure)  388004K->96827K(755712K), 0.0067395 secs]
102.032: [GC (Allocation Failure)  393546K->101500K(759296K), 0.0062037 secs]
102.064: [GC (Allocation Failure)  398329K->110148K(759296K), 0.0073633 secs]
102.093: [GC (Allocation Failure)  407005K->114756K(759808K), 0.0067565 secs]
102.123: [GC (Allocation Failure)  410966K->117828K(759296K), 0.0060280 secs]
102.154: [GC (Allocation Failure)  414112K->126052K(759296K), 0.0067768 secs]
102.183: [GC (Allocation Failure)  422389K->132173K(759296K), 0.0067166 secs]
102.213: [GC (Allocation Failure)  428472K->139853K(758784K), 0.0056082 secs]
102.243: [GC (Allocation Failure)  436663K->144013K(759296K), 0.0063904 secs]
102.273: [GC (Allocation Failure)  440899K->150613K(760320K), 0.0073853 secs]
102.302: [GC (Allocation Failure)  448548K->156245K(759296K), 0.0069377 secs]
102.332: [GC (Allocation Failure)  454039K->162933K(759808K), 0.0073976 secs]
102.363: [GC (Allocation Failure)  459822K->167526K(755712K), 0.0043676 secs]
102.392: [GC (Allocation Failure)  464327K->173158K(758784K), 0.0071158 secs]
102.422: [GC (Allocation Failure)  469540K->181350K(759296K), 0.0074441 secs]
102.452: [GC (Allocation Failure)  477698K->185478K(758784K), 0.0072006 secs]
102.483: [GC (Allocation Failure)  482322K->192622K(759296K), 0.0077452 secs]
102.513: [GC (Allocation Failure)  489492K->197231K(760320K), 0.0067429 secs]
102.543: [GC (Allocation Failure)  495189K->203951K(760320K), 0.0047083 secs]
102.572: [GC (Allocation Failure)  501811K->207479K(760320K), 0.0071039 secs]
102.602: [GC (Allocation Failure)  505380K->215159K(757248K), 0.0077023 secs]
102.632: [GC (Allocation Failure)  513062K->219831K(759808K), 0.0064964 secs]
102.660: [GC (Allocation Failure)  517315K->227463K(759808K), 0.0046276 secs]
102.692: [GC (Allocation Failure)  525379K->232072K(760832K), 0.0050954 secs]
102.721: [GC (Allocation Failure)  531043K->239240K(760832K), 0.0066834 secs]
102.750: [GC (Allocation Failure)  538154K->245448K(759808K), 0.0068053 secs]
102.780: [GC (Allocation Failure)  544455K->251032K(760320K), 0.0068944 secs]
102.811: [GC (Allocation Failure)  549959K->257176K(760320K), 0.0073985 secs]
102.840: [GC (Allocation Failure)  556150K->263865K(760832K), 0.0076843 secs]
102.869: [GC (Allocation Failure)  562791K->267945K(760832K), 0.0066937 secs]
102.901: [GC (Allocation Failure)  566870K->276137K(760832K), 0.0079863 secs]
102.931: [GC (Allocation Failure)  575048K->282825K(760832K), 0.0082992 secs]
102.960: [GC (Allocation Failure)  581365K->290489K(760320K), 0.0044814 secs]
102.992: [GC (Allocation Failure)  589328K->294585K(760320K), 0.0046447 secs]
103.021: [GC (Allocation Failure)  592547K->301242K(760320K), 0.0063810 secs]
103.050: [GC (Allocation Failure)  599070K->307962K(759296K), 0.0070523 secs]
103.081: [GC (Allocation Failure)  605798K->313034K(759808K), 0.0069238 secs]
103.112: [GC (Allocation Failure)  610979K->322250K(758784K), 0.0073364 secs]
103.142: [GC (Allocation Failure)  619073K->326922K(759808K), 0.0071150 secs]
103.172: [GC (Allocation Failure)  623805K->335083K(759808K), 0.0056087 secs]
103.201: [GC (Allocation Failure)  631808K->340715K(756224K), 0.0068765 secs]
103.232: [GC (Allocation Failure)  637592K->347467K(758784K), 0.0047781 secs]
103.260: [GC (Allocation Failure)  643711K->353531K(759296K), 0.0070027 secs]
103.290: [GC (Allocation Failure)  649904K->358651K(759808K), 0.0072173 secs]
103.319: [GC (Allocation Failure)  655993K->365308K(759808K), 0.0072338 secs]
103.351: [GC (Allocation Failure)  662577K->371516K(760320K), 0.0075414 secs]
103.382: [GC (Allocation Failure)  669389K->376068K(753664K), 0.0074257 secs]
103.411: [GC (Allocation Failure)  673924K->383236K(760320K), 0.0067486 secs]
103.441: [GC (Allocation Failure)  680546K->390436K(759808K), 0.0076393 secs]
103.471: [GC (Allocation Failure)  687584K->394517K(759808K), 0.0072765 secs]
103.500: [GC (Allocation Failure)  691397K->398613K(755200K), 0.0068494 secs]
103.530: [GC (Allocation Failure)  695404K->404821K(759296K), 0.0072155 secs]
103.560: [GC (Allocation Failure)  701582K->410405K(759296K), 0.0073410 secs]
103.590: [GC (Allocation Failure)  707335K->417093K(759808K), 0.0077608 secs]
103.620: [GC (Allocation Failure)  714934K->422181K(759808K), 0.0073688 secs]
103.650: [GC (Allocation Failure)  719979K->428390K(759808K), 0.0072395 secs]
103.679: [GC (Allocation Failure)  727236K->435518K(760320K), 0.0054790 secs]
103.709: [GC (Allocation Failure)  734427K->439102K(760832K), 0.0070967 secs]
103.738: [GC (Allocation Failure)  738015K->446366K(758272K), 0.0074035 secs]
103.770: [GC (Allocation Failure)  745196K->453454K(759296K), 0.0054002 secs]
103.775: [Full GC (Ergonomics)  453454K->34428K(765952K), 0.0446173 secs]
103.840: [GC (Allocation Failure)  332295K->44188K(766976K), 0.0035348 secs]
103.865: [GC (Allocation Failure)  342012K->52877K(765440K), 0.0071599 secs]
103.899: [GC (Allocation Failure)  349401K->56461K(766464K), 0.0063622 secs]
103.929: [GC (Allocation Failure)  353004K->62189K(765440K), 0.0039354 secs]
103.958: [GC (Allocation Failure)  358808K->69277K(765952K), 0.0035667 secs]
103.986: [GC (Allocation Failure)  365836K->72861K(765952K), 0.0066113 secs]
104.016: [GC (Allocation Failure)  368436K->77981K(760320K), 0.0054046 secs]
104.045: [GC (Allocation Failure)  373662K->87230K(764416K), 0.0074287 secs]
104.075: [GC (Allocation Failure)  382032K->89766K(765440K), 0.0067629 secs]
104.105: [GC (Allocation Failure)  384527K->96422K(763904K), 0.0073679 secs]
104.136: [GC (Allocation Failure)  391744K->101574K(764928K), 0.0069534 secs]
104.167: [GC (Allocation Failure)  396786K->108206K(766464K), 0.0070203 secs]
104.195: [GC (Allocation Failure)  404972K->112302K(766464K), 0.0069752 secs]
104.224: [GC (Allocation Failure)  409031K->119471K(765440K), 0.0067116 secs]
104.255: [GC (Allocation Failure)  416154K->124655K(765952K), 0.0065614 secs]
104.282: [GC (Allocation Failure)  421434K->130231K(765952K), 0.0067679 secs]
104.312: [GC (Allocation Failure)  427990K->137399K(766464K), 0.0066524 secs]
104.342: [GC (Allocation Failure)  435254K->143063K(766976K), 0.0074825 secs]
104.370: [GC (Allocation Failure)  440784K->150216K(766464K), 0.0073928 secs]
104.400: [GC (Allocation Failure)  447965K->153288K(766464K), 0.0072998 secs]
104.428: [GC (Allocation Failure)  450116K->161032K(762880K), 0.0063422 secs]
104.459: [GC (Allocation Failure)  457720K->166616K(765440K), 0.0046757 secs]
104.487: [GC (Allocation Failure)  462918K->171736K(765952K), 0.0047892 secs]
104.516: [GC (Allocation Failure)  468019K->177880K(766464K), 0.0068794 secs]
104.545: [GC (Allocation Failure)  475208K->185625K(766464K), 0.0072580 secs]
104.574: [GC (Allocation Failure)  483000K->191209K(766976K), 0.0070921 secs]
104.603: [GC (Allocation Failure)  489105K->195305K(766976K), 0.0068671 secs]
104.633: [GC (Allocation Failure)  493215K->204585K(765952K), 0.0072312 secs]
104.663: [GC (Allocation Failure)  501450K->208121K(766464K), 0.0066533 secs]
104.692: [GC (Allocation Failure)  504855K->213241K(766464K), 0.0056890 secs]
104.722: [GC (Allocation Failure)  510051K->221434K(764416K), 0.0071995 secs]
104.754: [GC (Allocation Failure)  518376K->226618K(766464K), 0.0073265 secs]
104.781: [GC (Allocation Failure)  522811K->232202K(765952K), 0.0071500 secs]
104.812: [GC (Allocation Failure)  528502K->237322K(765952K), 0.0070877 secs]
104.842: [GC (Allocation Failure)  534003K->244042K(765952K), 0.0048077 secs]
104.871: [GC (Allocation Failure)  540785K->249115K(766976K), 0.0066037 secs]
104.900: [GC (Allocation Failure)  546889K->256283K(765440K), 0.0066376 secs]
104.930: [GC (Allocation Failure)  554232K->262491K(766976K), 0.0070427 secs]
104.959: [GC (Allocation Failure)  559783K->267563K(766464K), 0.0063657 secs]
104.990: [GC (Allocation Failure)  564757K->275243K(766464K), 0.0066124 secs]
105.019: [GC (Allocation Failure)  572555K->281900K(766464K), 0.0052041 secs]
105.048: [GC (Allocation Failure)  579248K->287596K(766976K), 0.0069121 secs]
105.076: [GC (Allocation Failure)  585476K->292668K(766976K), 0.0071332 secs]
105.106: [GC (Allocation Failure)  590463K->296764K(765952K), 0.0072394 secs]
105.135: [GC (Allocation Failure)  593540K->303996K(766464K), 0.0069840 secs]
105.164: [GC (Allocation Failure)  600796K->311108K(766464K), 0.0080965 secs]
105.194: [GC (Allocation Failure)  608294K->315205K(766464K), 0.0070825 secs]
105.223: [GC (Allocation Failure)  612589K->322885K(766976K), 0.0066603 secs]
105.254: [GC (Allocation Failure)  620741K->331109K(766976K), 0.0075371 secs]
105.283: [GC (Allocation Failure)  628979K->333645K(764928K), 0.0074042 secs]
105.311: [GC (Allocation Failure)  629292K->342861K(763904K), 0.0072897 secs]
105.341: [GC (Allocation Failure)  638607K->347534K(765952K), 0.0075506 secs]
105.370: [GC (Allocation Failure)  642733K->354646K(765440K), 0.0071032 secs]
105.400: [GC (Allocation Failure)  649869K->360790K(765440K), 0.0072497 secs]
105.429: [GC (Allocation Failure)  656562K->366998K(765440K), 0.0068533 secs]
105.460: [GC (Allocation Failure)  662785K->373606K(765440K), 0.0075131 secs]
105.488: [GC (Allocation Failure)  669715K->379751K(765952K), 0.0077493 secs]
105.520: [GC (Allocation Failure)  676089K->384871K(766464K), 0.0071272 secs]
105.549: [GC (Allocation Failure)  682153K->392103K(766464K), 0.0073048 secs]
105.579: [GC (Allocation Failure)  689502K->397167K(765952K), 0.0050631 secs]
105.610: [GC (Allocation Failure)  695025K->402287K(766464K), 0.0070141 secs]
105.639: [GC (Allocation Failure)  700114K->409999K(766464K), 0.0078533 secs]
105.668: [GC (Allocation Failure)  707850K->414592K(766976K), 0.0077361 secs]
105.699: [GC (Allocation Failure)  712363K->419712K(765952K), 0.0052192 secs]
105.727: [GC (Allocation Failure)  717461K->425344K(766464K), 0.0072408 secs]
105.756: [GC (Allocation Failure)  723160K->431552K(766464K), 0.0047822 secs]
105.785: [GC (Allocation Failure)  730380K->437648K(766976K), 0.0066658 secs]
105.813: [GC (Allocation Failure)  736488K->442256K(767488K), 0.0067396 secs]
105.842: [GC (Allocation Failure)  741219K->449489K(764416K), 0.0069470 secs]
105.872: [GC (Allocation Failure)  748423K->455585K(766464K), 0.0081263 secs]
105.902: [GC (Allocation Failure)  753859K->461729K(766976K), 0.0116676 secs]
105.914: [Full GC (Ergonomics)  461729K->34314K(773632K), 0.0392449 secs]
105.973: [GC (Allocation Failure)  332723K->43594K(774144K), 0.0049748 secs]
105.998: [GC (Allocation Failure)  342558K->51730K(774144K), 0.0043265 secs]
106.030: [GC (Allocation Failure)  350630K->56371K(774144K), 0.0062557 secs]
106.060: [GC (Allocation Failure)  355379K->60963K(774144K), 0.0060835 secs]
106.088: [GC (Allocation Failure)  359592K->68131K(774144K), 0.0066056 secs]
106.117: [GC (Allocation Failure)  366759K->73763K(774144K), 0.0064120 secs]
106.149: [GC (Allocation Failure)  372526K->80483K(773120K), 0.0061801 secs]
106.177: [GC (Allocation Failure)  379140K->85043K(773632K), 0.0061188 secs]
106.208: [GC (Allocation Failure)  383820K->92212K(774656K), 0.0043216 secs]
106.236: [GC (Allocation Failure)  391882K->98420K(774656K), 0.0066335 secs]
106.265: [GC (Allocation Failure)  398340K->104012K(773632K), 0.0043024 secs]
106.293: [GC (Allocation Failure)  403852K->111692K(774144K), 0.0057072 secs]
106.321: [GC (Allocation Failure)  411502K->116300K(775168K), 0.0038657 secs]
106.348: [GC (Allocation Failure)  417178K->123501K(775168K), 0.0063458 secs]
106.377: [GC (Allocation Failure)  424526K->128605K(775168K), 0.0041116 secs]
106.406: [GC (Allocation Failure)  429481K->133725K(775168K), 0.0063644 secs]
106.435: [GC (Allocation Failure)  434632K->139421K(775168K), 0.0044331 secs]
106.464: [GC (Allocation Failure)  440446K->145517K(775168K), 0.0064730 secs]
106.493: [GC (Allocation Failure)  446481K->152686K(774144K), 0.0073038 secs]
106.523: [GC (Allocation Failure)  452657K->156782K(774656K), 0.0067418 secs]
106.551: [GC (Allocation Failure)  456637K->161934K(774656K), 0.0062380 secs]
106.581: [GC (Allocation Failure)  461789K->169078K(774656K), 0.0064488 secs]
106.610: [GC (Allocation Failure)  469050K->175734K(774656K), 0.0065902 secs]
106.639: [GC (Allocation Failure)  475723K->179862K(771584K), 0.0066392 secs]
106.668: [GC (Allocation Failure)  479686K->188039K(773632K), 0.0069749 secs]
106.699: [GC (Allocation Failure)  487408K->192647K(774144K), 0.0074645 secs]
106.726: [GC (Allocation Failure)  492119K->197255K(774656K), 0.0070421 secs]
106.756: [GC (Allocation Failure)  497671K->205511K(774656K), 0.0065372 secs]
106.786: [GC (Allocation Failure)  505971K->211599K(773632K), 0.0080258 secs]
106.815: [GC (Allocation Failure)  510508K->214671K(774144K), 0.0066029 secs]
106.845: [GC (Allocation Failure)  513447K->221392K(774144K), 0.0064072 secs]
106.875: [GC (Allocation Failure)  520373K->224928K(774144K), 0.0101709 secs]
106.904: [GC (Allocation Failure)  523777K->230560K(773120K), 0.0073208 secs]
106.934: [GC (Allocation Failure)  529299K->235744K(773632K), 0.0065346 secs]
106.963: [GC (Allocation Failure)  534541K->241840K(774656K), 0.0067526 secs]
106.993: [GC (Allocation Failure)  541847K->245424K(774656K), 0.0065794 secs]
107.022: [GC (Allocation Failure)  545357K->252081K(773632K), 0.0069941 secs]
107.052: [GC (Allocation Failure)  550859K->255729K(774144K), 0.0045968 secs]
107.080: [GC (Allocation Failure)  554499K->263881K(773632K), 0.0049403 secs]
107.109: [GC (Allocation Failure)  562849K->265929K(767488K), 0.0064371 secs]
107.138: [GC (Allocation Failure)  564633K->272137K(774144K), 0.0043092 secs]
107.167: [GC (Allocation Failure)  570517K->277721K(773632K), 0.0069261 secs]
107.196: [GC (Allocation Failure)  576070K->282841K(773632K), 0.0048911 secs]
107.226: [GC (Allocation Failure)  581627K->287450K(773632K), 0.0064353 secs]
107.254: [GC (Allocation Failure)  586229K->292122K(774656K), 0.0063833 secs]
107.283: [GC (Allocation Failure)  592142K->298730K(771584K), 0.0068529 secs]
107.313: [GC (Allocation Failure)  598525K->302314K(774144K), 0.0066039 secs]
107.341: [GC (Allocation Failure)  602335K->306954K(774144K), 0.0065311 secs]
107.371: [GC (Allocation Failure)  606845K->311034K(775168K), 0.0061732 secs]
107.400: [GC (Allocation Failure)  612041K->315642K(772096K), 0.0067601 secs]
107.429: [GC (Allocation Failure)  616542K->321339K(774656K), 0.0066754 secs]
107.457: [GC (Allocation Failure)  622228K->326411K(774656K), 0.0066119 secs]
107.488: [GC (Allocation Failure)  627057K->330507K(774656K), 0.0066521 secs]
107.518: [GC (Allocation Failure)  631860K->336651K(775168K), 0.0063128 secs]
107.546: [GC (Allocation Failure)  638057K->342859K(774656K), 0.0075726 secs]
107.577: [GC (Allocation Failure)  643456K->345363K(775168K), 0.0067485 secs]
107.606: [GC (Allocation Failure)  646262K->349460K(775168K), 0.0068307 secs]
107.635: [GC (Allocation Failure)  650311K->355668K(772608K), 0.0068234 secs]
107.665: [GC (Allocation Failure)  656643K->360220K(774656K), 0.0069287 secs]
107.695: [GC (Allocation Failure)  661162K->364828K(774656K), 0.0068918 secs]
107.727: [GC (Allocation Failure)  665728K->368988K(775168K), 0.0066161 secs]
107.758: [GC (Allocation Failure)  670888K->373036K(775168K), 0.0065323 secs]
107.788: [GC (Allocation Failure)  674892K->378668K(776192K), 0.0069645 secs]
107.817: [GC (Allocation Failure)  681604K->384301K(776192K), 0.0064207 secs]
107.848: [GC (Allocation Failure)  687278K->387405K(776192K), 0.0075726 secs]
107.875: [GC (Allocation Failure)  690362K->392509K(776192K), 0.0065745 secs]
107.905: [GC (Allocation Failure)  695478K->397117K(776192K), 0.0065153 secs]
107.935: [GC (Allocation Failure)  700157K->401309K(776192K), 0.0078258 secs]
107.966: [GC (Allocation Failure)  704355K->406853K(775168K), 0.0060433 secs]
107.995: [GC (Allocation Failure)  709851K->411461K(775680K), 0.0044123 secs]
108.024: [GC (Allocation Failure)  714439K->417094K(776704K), 0.0065294 secs]
108.052: [GC (Allocation Failure)  721038K->421222K(776704K), 0.0063662 secs]
108.081: [GC (Allocation Failure)  724852K->425302K(776704K), 0.0061052 secs]
108.114: [GC (Allocation Failure)  729215K->430934K(776704K), 0.0068371 secs]
108.143: [GC (Allocation Failure)  734693K->435094K(776704K), 0.0068053 secs]
108.173: [GC (Allocation Failure)  739056K->439142K(776704K), 0.0067190 secs]
108.202: [GC (Allocation Failure)  743140K->443238K(776704K), 0.0067531 secs]
108.231: [GC (Allocation Failure)  747294K->445350K(776704K), 0.0065809 secs]
108.259: [GC (Allocation Failure)  749413K->452471K(775680K), 0.0071116 secs]
108.288: [GC (Allocation Failure)  755546K->455031K(776192K), 0.0068642 secs]
108.319: [GC (Allocation Failure)  758086K->458103K(776192K), 0.0064225 secs]
108.347: [GC (Allocation Failure)  761087K->464311K(775168K), 0.0095419 secs]
108.378: [GC (Allocation Failure)  766909K->467343K(776192K), 0.0135884 secs]
108.391: [Full GC (Ergonomics)  467343K->29717K(775680K), 0.0430651 secs]
108.456: [GC (Allocation Failure)  332194K->36917K(775168K), 0.0034001 secs]
108.481: [GC (Allocation Failure)  339004K->42533K(775168K), 0.0057601 secs]
108.515: [GC (Allocation Failure)  345162K->45605K(775168K), 0.0053766 secs]
108.543: [GC (Allocation Failure)  348304K->51782K(775168K), 0.0059850 secs]
108.572: [GC (Allocation Failure)  354499K->55862K(775680K), 0.0099015 secs]
108.601: [GC (Allocation Failure)  358876K->60470K(775680K), 0.0055327 secs]
108.629: [GC (Allocation Failure)  363899K->63606K(775680K), 0.0049230 secs]
108.659: [GC (Allocation Failure)  366987K->69182K(775168K), 0.0060634 secs]
108.687: [GC (Allocation Failure)  372158K->70718K(775680K), 0.0058246 secs]
108.716: [GC (Allocation Failure)  373508K->75838K(775680K), 0.0056077 secs]
108.746: [GC (Allocation Failure)  378889K->78942K(775680K), 0.0059236 secs]
108.774: [GC (Allocation Failure)  381895K->81998K(775680K), 0.0053352 secs]
108.803: [GC (Allocation Failure)  385021K->85583K(775680K), 0.0060625 secs]
108.833: [GC (Allocation Failure)  388557K->90767K(774656K), 0.0037765 secs]
108.862: [GC (Allocation Failure)  393737K->97375K(775168K), 0.0061559 secs]
108.891: [GC (Allocation Failure)  400321K->97375K(775680K), 0.0038373 secs]
108.918: [GC (Allocation Failure)  400252K->103519K(775680K), 0.0038856 secs]
108.948: [GC (Allocation Failure)  406596K->107679K(774656K), 0.0056802 secs]
108.976: [GC (Allocation Failure)  410661K->112231K(775168K), 0.0056793 secs]
109.007: [GC (Allocation Failure)  415277K->116840K(776192K), 0.0059402 secs]
109.035: [GC (Allocation Failure)  420962K->120008K(776192K), 0.0040819 secs]
109.063: [GC (Allocation Failure)  424082K->124528K(775168K), 0.0052225 secs]
109.091: [GC (Allocation Failure)  428636K->130672K(775680K), 0.0063423 secs]
109.119: [GC (Allocation Failure)  434306K->132720K(776192K), 0.0061376 secs]
109.149: [GC (Allocation Failure)  436253K->137360K(775680K), 0.0059024 secs]
109.178: [GC (Allocation Failure)  440901K->141944K(775680K), 0.0056746 secs]
109.207: [GC (Allocation Failure)  445429K->146552K(775680K), 0.0058185 secs]
109.237: [GC (Allocation Failure)  450026K->149145K(775680K), 0.0060559 secs]
109.267: [GC (Allocation Failure)  452880K->151681K(775680K), 0.0056016 secs]
109.297: [GC (Allocation Failure)  455631K->158849K(775168K), 0.0060654 secs]
109.325: [GC (Allocation Failure)  461761K->160897K(775680K), 0.0060520 secs]
109.356: [GC (Allocation Failure)  463940K->165601K(775680K), 0.0040045 secs]
109.386: [GC (Allocation Failure)  468618K->170641K(773120K), 0.0043551 secs]
109.416: [GC (Allocation Failure)  473697K->173713K(775168K), 0.0058407 secs]
109.445: [GC (Allocation Failure)  476717K->177873K(775168K), 0.0059499 secs]
109.473: [GC (Allocation Failure)  480893K->181930K(775680K), 0.0057492 secs]
109.502: [GC (Allocation Failure)  485938K->185002K(775680K), 0.0062818 secs]
109.532: [GC (Allocation Failure)  488640K->189162K(776704K), 0.0054682 secs]
109.560: [GC (Allocation Failure)  494100K->194746K(776704K), 0.0053696 secs]
109.590: [GC (Allocation Failure)  499868K->198842K(776704K), 0.0061893 secs]
109.620: [GC (Allocation Failure)  503482K->202426K(776704K), 0.0040799 secs]
109.649: [GC (Allocation Failure)  507139K->207098K(775680K), 0.0054783 secs]
109.678: [GC (Allocation Failure)  512096K->210626K(776192K), 0.0062256 secs]
109.707: [GC (Allocation Failure)  515590K->213699K(776192K), 0.0056034 secs]
109.737: [GC (Allocation Failure)  518437K->217859K(776704K), 0.0035786 secs]
109.768: [GC (Allocation Failure)  522900K->222427K(776704K), 0.0044012 secs]
109.797: [GC (Allocation Failure)  527590K->226523K(776704K), 0.0053575 secs]
109.825: [GC (Allocation Failure)  532051K->229083K(776704K), 0.0060064 secs]
109.855: [GC (Allocation Failure)  534191K->231195K(776704K), 0.0051952 secs]
109.885: [GC (Allocation Failure)  536225K->235243K(776704K), 0.0053795 secs]
109.915: [GC (Allocation Failure)  540305K->238315K(776704K), 0.0050812 secs]
109.943: [GC (Allocation Failure)  543365K->244043K(776704K), 0.0039902 secs]
109.972: [GC (Allocation Failure)  549132K->247036K(776704K), 0.0056498 secs]
110.001: [GC (Allocation Failure)  552108K->251132K(775680K), 0.0057835 secs]
110.031: [GC (Allocation Failure)  555159K->253724K(776192K), 0.0054821 secs]
110.060: [GC (Allocation Failure)  557805K->256268K(776192K), 0.0050579 secs]
110.087: [GC (Allocation Failure)  560567K->258828K(776192K), 0.0052684 secs]
110.118: [GC (Allocation Failure)  563425K->263948K(776704K), 0.0053764 secs]
110.145: [GC (Allocation Failure)  568617K->266572K(776704K), 0.0052075 secs]
110.178: [GC (Allocation Failure)  571640K->271132K(775680K), 0.0051825 secs]
110.208: [GC (Allocation Failure)  575851K->273692K(776192K), 0.0055445 secs]
110.235: [GC (Allocation Failure)  578738K->276316K(777216K), 0.0051562 secs]
110.265: [GC (Allocation Failure)  582389K->279853K(777216K), 0.0050107 secs]
110.294: [GC (Allocation Failure)  585966K->285997K(777216K), 0.0057366 secs]
110.324: [GC (Allocation Failure)  592132K->289069K(777216K), 0.0058977 secs]
110.353: [GC (Allocation Failure)  594752K->292173K(777216K), 0.0066780 secs]
110.384: [GC (Allocation Failure)  598208K->297269K(777216K), 0.0072186 secs]
110.414: [GC (Allocation Failure)  602971K->298293K(776192K), 0.0066594 secs]
110.443: [GC (Allocation Failure)  603012K->303445K(776704K), 0.0064821 secs]
110.474: [GC (Allocation Failure)  608487K->309053K(775680K), 0.0072222 secs]
110.504: [GC (Allocation Failure)  613022K->311101K(776192K), 0.0095669 secs]
110.533: [GC (Allocation Failure)  615169K->315230K(775168K), 0.0067061 secs]
110.563: [GC (Allocation Failure)  619269K->320838K(775680K), 0.0071453 secs]
110.593: [GC (Allocation Failure)  624956K->323398K(776192K), 0.0061011 secs]
110.623: [GC (Allocation Failure)  627966K->329030K(776192K), 0.0065604 secs]
110.652: [GC (Allocation Failure)  633192K->331622K(776192K), 0.0060978 secs]
110.682: [GC (Allocation Failure)  636209K->335182K(776192K), 0.0060652 secs]
110.712: [GC (Allocation Failure)  639706K->337742K(776704K), 0.0052128 secs]
110.741: [GC (Allocation Failure)  642801K->343406K(775680K), 0.0071286 secs]
110.772: [GC (Allocation Failure)  648458K->346455K(776192K), 0.0073100 secs]
110.802: [GC (Allocation Failure)  650103K->349015K(772608K), 0.0058353 secs]
110.831: [GC (Allocation Failure)  653023K->352119K(775680K), 0.0067842 secs]
110.860: [GC (Allocation Failure)  656162K->357223K(775680K), 0.0058717 secs]
110.889: [GC (Allocation Failure)  661225K->360807K(775680K), 0.0059906 secs]
110.918: [GC (Allocation Failure)  664867K->362343K(776192K), 0.0068730 secs]
110.947: [GC (Allocation Failure)  666408K->365447K(776192K), 0.0057173 secs]
110.977: [GC (Allocation Failure)  669093K->367983K(772096K), 0.0065476 secs]
111.008: [GC (Allocation Failure)  671923K->372079K(775680K), 0.0070089 secs]
111.038: [GC (Allocation Failure)  676207K->375695K(775680K), 0.0064078 secs]
111.067: [GC (Allocation Failure)  679753K->379256K(775680K), 0.0071626 secs]
111.096: [GC (Allocation Failure)  684251K->381816K(776192K), 0.0068740 secs]
111.126: [GC (Allocation Failure)  686845K->386936K(776704K), 0.0058291 secs]
111.156: [GC (Allocation Failure)  691590K->389560K(773632K), 0.0061824 secs]
111.185: [GC (Allocation Failure)  694571K->394624K(775168K), 0.0074088 secs]
111.216: [GC (Allocation Failure)  698658K->395648K(776192K), 0.0060818 secs]
111.245: [GC (Allocation Failure)  699764K->399776K(775168K), 0.0059018 secs]
111.274: [GC (Allocation Failure)  703759K->402320K(775680K), 0.0057273 secs]
111.304: [GC (Allocation Failure)  706372K->407952K(776192K), 0.0070782 secs]
111.334: [GC (Allocation Failure)  712505K->411089K(776192K), 0.0061754 secs]
111.364: [GC (Allocation Failure)  715551K->415641K(776704K), 0.0073807 secs]
111.394: [GC (Allocation Failure)  720306K->418713K(776704K), 0.0062583 secs]
111.422: [GC (Allocation Failure)  723765K->422809K(776704K), 0.0076063 secs]
111.450: [GC (Allocation Failure)  727459K->424377K(773120K), 0.0067756 secs]
111.481: [GC (Allocation Failure)  729450K->428961K(776192K), 0.0062323 secs]
111.511: [GC (Allocation Failure)  733937K->433057K(776192K), 0.0079653 secs]
111.543: [GC (Allocation Failure)  737841K->435649K(777216K), 0.0061745 secs]
111.573: [GC (Allocation Failure)  741714K->438697K(777216K), 0.0072316 secs]
111.602: [GC (Allocation Failure)  744400K->443306K(776192K), 0.0074261 secs]
111.633: [GC (Allocation Failure)  749442K->445898K(776704K), 0.0070891 secs]
111.662: [GC (Allocation Failure)  751903K->448434K(777728K), 0.0070808 secs]
111.691: [GC (Allocation Failure)  755541K->452530K(775680K), 0.0046274 secs]
111.721: [GC (Allocation Failure)  759314K->456114K(777216K), 0.0073971 secs]
111.750: [GC (Allocation Failure)  763314K->458706K(777216K), 0.0059705 secs]
111.779: [GC (Allocation Failure)  765716K->462266K(778240K), 0.0072959 secs]
111.809: [GC (Allocation Failure)  769996K->464826K(778240K), 0.0070440 secs]
111.816: [Full GC (Ergonomics)  464826K->26148K(779776K), 0.0451858 secs]
111.883: [GC (Allocation Failure)  333966K->32292K(779776K), 0.0043483 secs]
111.907: [GC (Allocation Failure)  340415K->36932K(779776K), 0.0056406 secs]
111.939: [GC (Allocation Failure)  344725K->38484K(779776K), 0.0047432 secs]
111.968: [GC (Allocation Failure)  346322K->42556K(777728K), 0.0053098 secs]
111.997: [GC (Allocation Failure)  350451K->45629K(778752K), 0.0048989 secs]
112.026: [GC (Allocation Failure)  353277K->49725K(779264K), 0.0052113 secs]
112.056: [GC (Allocation Failure)  357261K->52861K(779776K), 0.0048651 secs]
112.087: [GC (Allocation Failure)  361494K->56901K(779776K), 0.0051867 secs]
112.115: [GC (Allocation Failure)  365178K->59461K(779776K), 0.0054249 secs]
112.145: [GC (Allocation Failure)  368091K->62085K(779776K), 0.0038572 secs]
112.174: [GC (Allocation Failure)  370679K->65109K(780288K), 0.0034223 secs]
112.204: [GC (Allocation Failure)  374265K->69205K(780288K), 0.0053145 secs]
112.234: [GC (Allocation Failure)  377998K->71797K(780288K), 0.0054460 secs]
112.264: [GC (Allocation Failure)  380971K->75357K(779776K), 0.0052747 secs]
112.294: [GC (Allocation Failure)  384557K->77918K(780288K), 0.0053765 secs]
112.325: [GC (Allocation Failure)  386601K->80990K(779776K), 0.0052820 secs]
112.353: [GC (Allocation Failure)  389284K->84638K(779776K), 0.0053488 secs]
112.383: [GC (Allocation Failure)  393343K->87142K(779776K), 0.0053249 secs]
112.413: [GC (Allocation Failure)  395869K->90214K(780288K), 0.0048893 secs]
112.443: [GC (Allocation Failure)  399443K->93862K(778752K), 0.0053820 secs]
112.472: [GC (Allocation Failure)  402673K->96366K(779776K), 0.0052961 secs]
112.502: [GC (Allocation Failure)  405583K->100462K(779776K), 0.0056475 secs]
112.530: [GC (Allocation Failure)  409663K->102542K(780288K), 0.0054432 secs]
112.559: [GC (Allocation Failure)  411334K->107126K(780288K), 0.0054384 secs]
112.589: [GC (Allocation Failure)  416318K->111223K(779264K), 0.0053912 secs]
112.619: [GC (Allocation Failure)  419963K->113271K(779776K), 0.0047901 secs]
112.649: [GC (Allocation Failure)  422022K->116887K(780288K), 0.0044978 secs]
112.677: [GC (Allocation Failure)  426638K->120447K(780288K), 0.0054647 secs]
112.706: [GC (Allocation Failure)  429700K->123007K(780288K), 0.0034949 secs]
112.734: [GC (Allocation Failure)  431842K->127167K(780288K), 0.0047842 secs]
112.765: [GC (Allocation Failure)  436376K->129159K(780288K), 0.0051088 secs]
112.794: [GC (Allocation Failure)  438377K->133255K(780288K), 0.0052506 secs]
112.821: [GC (Allocation Failure)  442005K->135815K(780288K), 0.0052613 secs]
112.851: [GC (Allocation Failure)  444605K->138951K(780288K), 0.0053222 secs]
112.881: [GC (Allocation Failure)  447732K->142479K(780288K), 0.0052603 secs]
112.911: [GC (Allocation Failure)  451297K->145552K(780288K), 0.0057906 secs]
112.941: [GC (Allocation Failure)  454706K->148656K(779264K), 0.0051886 secs]
112.969: [GC (Allocation Failure)  457904K->151704K(779776K), 0.0061620 secs]
112.998: [GC (Allocation Failure)  460923K->154776K(780800K), 0.0050559 secs]
113.027: [GC (Allocation Failure)  464660K->157912K(780800K), 0.0051536 secs]
113.057: [GC (Allocation Failure)  468160K->161448K(780800K), 0.0049243 secs]
113.087: [GC (Allocation Failure)  471695K->166056K(780800K), 0.0053772 secs]
113.117: [GC (Allocation Failure)  476020K->169128K(779776K), 0.0055123 secs]
113.145: [GC (Allocation Failure)  478376K->171752K(780288K), 0.0035842 secs]
113.175: [GC (Allocation Failure)  480494K->175280K(780288K), 0.0052900 secs]
113.205: [GC (Allocation Failure)  484565K->175792K(780288K), 0.0052572 secs]
113.234: [GC (Allocation Failure)  485153K->180945K(780288K), 0.0053416 secs]
113.264: [GC (Allocation Failure)  489795K->184513K(780288K), 0.0052160 secs]
113.293: [GC (Allocation Failure)  493682K->185537K(780288K), 0.0054466 secs]
113.323: [GC (Allocation Failure)  494380K->189121K(780288K), 0.0053269 secs]
113.354: [GC (Allocation Failure)  497873K->192225K(780288K), 0.0057831 secs]
113.382: [GC (Allocation Failure)  501007K->196313K(780288K), 0.0032886 secs]
113.412: [GC (Allocation Failure)  505117K->199385K(780288K), 0.0048515 secs]
113.440: [GC (Allocation Failure)  508200K->202009K(777728K), 0.0046297 secs]
113.471: [GC (Allocation Failure)  510753K->205033K(779776K), 0.0031684 secs]
113.500: [GC (Allocation Failure)  513815K->209130K(779776K), 0.0032136 secs]
113.530: [GC (Allocation Failure)  518218K->211754K(780288K), 0.0049506 secs]
113.557: [GC (Allocation Failure)  520986K->213746K(780288K), 0.0056400 secs]
113.588: [GC (Allocation Failure)  522531K->216818K(780288K), 0.0059576 secs]
113.618: [GC (Allocation Failure)  526018K->218866K(778752K), 0.0057753 secs]
113.647: [GC (Allocation Failure)  527685K->220978K(779264K), 0.0049784 secs]
113.676: [GC (Allocation Failure)  529271K->225026K(779776K), 0.0049467 secs]
113.706: [GC (Allocation Failure)  533614K->227074K(780288K), 0.0058418 secs]
113.736: [GC (Allocation Failure)  536305K->230690K(780288K), 0.0056499 secs]
113.765: [GC (Allocation Failure)  539490K->233226K(779264K), 0.0057744 secs]
113.794: [GC (Allocation Failure)  541979K->236298K(779776K), 0.0058544 secs]
113.824: [GC (Allocation Failure)  545112K->238346K(780800K), 0.0057945 secs]
113.856: [GC (Allocation Failure)  548150K->241450K(780800K), 0.0059745 secs]
113.887: [GC (Allocation Failure)  551270K->243987K(780800K), 0.0057640 secs]
113.915: [GC (Allocation Failure)  554238K->246547K(778752K), 0.0048415 secs]
113.946: [GC (Allocation Failure)  556343K->249139K(780288K), 0.0057230 secs]
113.976: [GC (Allocation Failure)  559103K->251163K(780288K), 0.0051011 secs]
114.006: [GC (Allocation Failure)  561025K->252699K(781312K), 0.0047444 secs]
114.036: [GC (Allocation Failure)  563930K->255835K(781312K), 0.0037246 secs]
114.065: [GC (Allocation Failure)  567113K->257315K(781312K), 0.0049669 secs]
114.095: [GC (Allocation Failure)  568118K->259875K(781312K), 0.0058586 secs]
114.125: [GC (Allocation Failure)  570741K->262435K(781312K), 0.0050965 secs]
114.155: [GC (Allocation Failure)  573279K->263491K(781312K), 0.0056451 secs]
114.186: [GC (Allocation Failure)  574310K->266035K(781312K), 0.0048698 secs]
114.215: [GC (Allocation Failure)  577327K->268083K(781312K), 0.0054456 secs]
114.246: [GC (Allocation Failure)  578925K->271187K(781312K), 0.0057926 secs]
114.275: [GC (Allocation Failure)  582101K->273731K(781312K), 0.0049084 secs]
114.306: [GC (Allocation Failure)  584613K->274756K(781312K), 0.0057432 secs]
114.333: [GC (Allocation Failure)  585699K->276324K(781312K), 0.0054626 secs]
114.364: [GC (Allocation Failure)  587109K->279372K(781312K), 0.0060105 secs]
114.395: [GC (Allocation Failure)  590243K->283468K(781312K), 0.0060898 secs]
114.424: [GC (Allocation Failure)  594306K->285516K(781312K), 0.0061001 secs]
114.456: [GC (Allocation Failure)  596319K->287596K(781312K), 0.0049933 secs]
114.485: [GC (Allocation Failure)  598387K->290132K(781312K), 0.0060601 secs]
114.514: [GC (Allocation Failure)  601405K->292180K(781312K), 0.0059015 secs]
114.544: [GC (Allocation Failure)  603121K->295284K(781312K), 0.0058752 secs]
114.575: [GC (Allocation Failure)  606129K->297316K(781312K), 0.0049463 secs]
114.606: [GC (Allocation Failure)  608108K->300900K(781312K), 0.0063284 secs]
114.636: [GC (Allocation Failure)  611808K->301444K(778240K), 0.0059411 secs]
114.666: [GC (Allocation Failure)  612696K->303980K(781312K), 0.0049886 secs]
114.696: [GC (Allocation Failure)  614338K->306540K(780800K), 0.0050808 secs]
114.724: [GC (Allocation Failure)  617184K->309613K(780800K), 0.0062558 secs]
114.754: [GC (Allocation Failure)  619940K->310669K(780800K), 0.0058945 secs]
114.784: [GC (Allocation Failure)  621066K->314229K(781312K), 0.0048203 secs]
114.813: [GC (Allocation Failure)  625045K->316789K(781312K), 0.0049726 secs]
114.842: [GC (Allocation Failure)  627736K->318357K(780288K), 0.0061308 secs]
114.873: [GC (Allocation Failure)  628230K->319877K(780800K), 0.0032202 secs]
114.902: [GC (Allocation Failure)  630105K->322949K(779776K), 0.0051981 secs]
114.931: [GC (Allocation Failure)  633155K->323493K(780288K), 0.0056409 secs]
114.961: [GC (Allocation Failure)  633299K->327061K(780288K), 0.0041343 secs]
114.992: [GC (Allocation Failure)  637308K->328597K(780800K), 0.0047811 secs]
115.021: [GC (Allocation Failure)  638434K->331157K(780800K), 0.0045057 secs]
115.051: [GC (Allocation Failure)  641406K->333781K(777728K), 0.0046046 secs]
115.082: [GC (Allocation Failure)  643591K->336285K(780288K), 0.0121632 secs]
115.113: [GC (Allocation Failure)  646069K->338333K(780288K), 0.0060972 secs]
115.145: [GC (Allocation Failure)  648521K->340926K(780288K), 0.0060382 secs]
115.174: [GC (Allocation Failure)  651738K->342438K(780800K), 0.0051504 secs]
115.206: [GC (Allocation Failure)  653313K->344038K(781824K), 0.0067579 secs]
115.246: [GC (Allocation Failure)  656245K->346206K(781824K), 0.0050246 secs]
115.278: [GC (Allocation Failure)  658166K->348174K(781824K), 0.0052612 secs]
115.302: [GC (Allocation Failure)  660494K->350246K(781824K), 0.0057913 secs]

~~~
