~~~
Java HotSpot(TM) 64-Bit Server VM (25.201-b09) for linux-amd64 JRE (1.8.0_201-b09), built on Dec 15 2018 11:35:59 by "java_re" with gcc 7.3.0
Memory: 4k page, physical 3882052k(1332512k free), swap 8388604k(7179136k free)
CommandLine flags: -XX:InitialHeapSize=62112832 -XX:MaxHeapSize=993805312 -XX:MaxNewSize=330653696 -XX:MaxTenuringThreshold=6 -XX:OldPLABSize=16 -XX:+PrintGC -XX:+PrintGCTimeStamps -XX:+UseCompressedClassPointers -XX:+UseCompressedOops -XX:+UseConcMarkSweepGC -XX:+UseParNewGC 
0.276: [GC (Allocation Failure)  16384K->1655K(59392K), 0.0024192 secs]
0.390: [GC (Allocation Failure)  18039K->2721K(59392K), 0.0117574 secs]
0.471: [GC (Allocation Failure)  19105K->2339K(59392K), 0.0020049 secs]
0.527: [GC (Allocation Failure)  18723K->2899K(59392K), 0.0090421 secs]
0.598: [GC (Allocation Failure)  19283K->3176K(59392K), 0.0027132 secs]
0.664: [GC (Allocation Failure)  19560K->3536K(59392K), 0.0018058 secs]
0.711: [GC (Allocation Failure)  19920K->3960K(59392K), 0.0031362 secs]
0.757: [GC (Allocation Failure)  20344K->4344K(59392K), 0.0046434 secs]
0.790: [GC (Allocation Failure)  20728K->4359K(59392K), 0.0022278 secs]
0.839: [GC (Allocation Failure)  20743K->4727K(59392K), 0.0014713 secs]
0.891: [GC (GCLocker Initiated GC)  21157K->4738K(59392K), 0.0201012 secs]
0.956: [GC (Allocation Failure)  21122K->5140K(59392K), 0.0032293 secs]
1.009: [GC (Allocation Failure)  21524K->5511K(59392K), 0.0033951 secs]
1.047: [GC (Allocation Failure)  21895K->5382K(59392K), 0.0039712 secs]
1.068: [GC (Allocation Failure)  21766K->5808K(59392K), 0.0018973 secs]
1.157: [GC (Allocation Failure)  22192K->6056K(59392K), 0.0026173 secs]
1.175: [GC (CMS Initial Mark)  8201K(59392K), 0.0018780 secs]
1.284: [GC (Allocation Failure)  22440K->7074K(59392K), 0.0182130 secs]
1.437: [GC (CMS Final Remark)  22822K(59392K), 0.0155166 secs]
1.457: [GC (Allocation Failure)  23231K->7635K(59392K), 0.0048725 secs]
1.542: [GC (Allocation Failure)  24019K->8266K(59392K), 0.0046365 secs]
1.651: [GC (Allocation Failure)  24650K->9055K(59392K), 0.0058186 secs]
1.725: [GC (Allocation Failure)  25439K->8788K(59392K), 0.0034137 secs]
1.797: [GC (Allocation Failure)  25172K->9618K(59392K), 0.0050893 secs]
1.886: [GC (Allocation Failure)  26002K->10573K(59392K), 0.0040414 secs]
1.955: [GC (Allocation Failure)  26957K->10522K(59392K), 0.0041811 secs]
2.063: [GC (Allocation Failure)  26906K->14427K(59392K), 0.0064679 secs]
2.164: [GC (Allocation Failure)  30811K->16070K(59392K), 0.0060561 secs]
2.229: [GC (Allocation Failure)  32454K->15542K(59392K), 0.0028380 secs]
2.283: [GC (Allocation Failure)  31926K->16450K(59392K), 0.0074659 secs]
2.340: [GC (Allocation Failure)  32834K->16432K(59392K), 0.0026159 secs]
2.385: [GC (Allocation Failure)  32816K->17157K(59392K), 0.0033554 secs]
2.437: [GC (Allocation Failure)  33541K->17440K(59392K), 0.0043690 secs]
2.489: [GC (Allocation Failure)  33824K->18231K(59392K), 0.0041107 secs]
2.546: [GC (Allocation Failure)  34615K->18661K(59392K), 0.0087736 secs]
2.612: [GC (Allocation Failure)  35045K->19249K(59392K), 0.0034286 secs]
2.653: [GC (Allocation Failure)  35633K->19321K(59392K), 0.0037500 secs]
2.706: [GC (Allocation Failure)  35705K->19844K(59392K), 0.0052504 secs]
3.215: [GC (Allocation Failure)  35855K->21315K(59392K), 0.0056331 secs]
3.452: [GC (Allocation Failure)  37209K->23181K(59392K), 0.0028347 secs]
3.644: [GC (Allocation Failure)  39436K->24837K(59392K), 0.0018766 secs]
3.774: [GC (Allocation Failure)  41121K->27836K(59392K), 0.0017668 secs]
3.898: [GC (Allocation Failure)  43824K->31384K(59392K), 0.0020703 secs]
3.901: [GC (CMS Initial Mark)  31896K(59392K), 0.0005993 secs]
4.009: [GC (Allocation Failure)  47286K->35478K(59392K), 0.0024636 secs]
4.134: [GC (Allocation Failure)  51838K->40086K(59392K), 0.0023520 secs]
4.136: [GC (CMS Final Remark)  40598K(59392K), 0.0131171 secs]
4.260: [GC (Allocation Failure)  45957K->35270K(65260K), 0.0014320 secs]
4.262: [GC (CMS Initial Mark)  36868K(65260K), 0.0005542 secs]
4.366: [GC (Allocation Failure)  51592K->41413K(65260K), 0.0023665 secs]
4.453: [GC (Allocation Failure)  57670K->47553K(69904K), 0.0026854 secs]
4.550: [GC (Allocation Failure)  63819K->54214K(76612K), 0.0028322 secs]
4.624: [GC (Allocation Failure)  70469K->61382K(83836K), 0.0032797 secs]
4.710: [GC (Allocation Failure)  77607K->69063K(91576K), 0.0029221 secs]
4.778: [GC (Allocation Failure)  85089K->76744K(99316K), 0.0032353 secs]
4.859: [GC (Allocation Failure)  92943K->84420K(107056K), 0.0034382 secs]
4.926: [GC (Allocation Failure)  100637K->92617K(115312K), 0.0033009 secs]
4.995: [GC (Allocation Failure)  108842K->101321K(124084K), 0.0039979 secs]
5.054: [GC (Allocation Failure)  117510K->109510K(132340K), 0.0033217 secs]
5.124: [GC (Allocation Failure)  125699K->118218K(141112K), 0.0033725 secs]
5.175: [GC (Allocation Failure)  134407K->127433K(150400K), 0.0042185 secs]
5.249: [GC (Allocation Failure)  143605K->136648K(159688K), 0.0047844 secs]
5.307: [GC (Allocation Failure)  152867K->146892K(170008K), 0.0040271 secs]
5.374: [GC (Allocation Failure)  163095K->157645K(180844K), 0.0041017 secs]
5.441: [GC (Allocation Failure)  173785K->167369K(190648K), 0.0039993 secs]
5.507: [GC (Allocation Failure)  183548K->177614K(200968K), 0.0040412 secs]
5.558: [GC (Allocation Failure)  193775K->187851K(211288K), 0.0039988 secs]
5.613: [GC (Allocation Failure)  204018K->197581K(221092K), 0.0043417 secs]
5.659: [GC (Allocation Failure)  213769K->208844K(232444K), 0.0043106 secs]
5.718: [GC (Allocation Failure)  225010K->218576K(242248K), 0.0040325 secs]
5.790: [GC (Allocation Failure)  234955K->230353K(254116K), 0.0047182 secs]
5.827: [GC (Allocation Failure)  246512K->240590K(264436K), 0.0038285 secs]
5.889: [GC (Allocation Failure)  256745K->252370K(276304K), 0.0037613 secs]
5.934: [GC (Allocation Failure)  268515K->263119K(287140K), 0.0037403 secs]
5.981: [GC (Allocation Failure)  279252K->274898K(299008K), 0.0036948 secs]
6.035: [GC (Allocation Failure)  291023K->285648K(309844K), 0.0034513 secs]
6.082: [GC (Allocation Failure)  301803K->298451K(322744K), 0.0040077 secs]
6.131: [GC (Allocation Failure)  314584K->309713K(334096K), 0.0036533 secs]
6.182: [GC (Allocation Failure)  325839K->320468K(344932K), 0.0038975 secs]
6.220: [GC (Allocation Failure)  336561K->330706K(355252K), 0.0037891 secs]
6.268: [GC (Allocation Failure)  346843K->341975K(366604K), 0.0038691 secs]
6.310: [GC (Allocation Failure)  358073K->352211K(376924K), 0.0037860 secs]
6.350: [GC (Allocation Failure)  368304K->363988K(388792K), 0.0042315 secs]
6.389: [GC (Allocation Failure)  380112K->375767K(400660K), 0.0042315 secs]
6.427: [GC (Allocation Failure)  391832K->386005K(410980K), 0.0038939 secs]
6.467: [GC (Allocation Failure)  402122K->398298K(423364K), 0.0041443 secs]
6.503: [GC (Allocation Failure)  414398K->410582K(435748K), 0.0042866 secs]
6.548: [GC (Allocation Failure)  426654K->421847K(447100K), 0.0037680 secs]
6.580: [GC (Allocation Failure)  437963K->434649K(460000K), 0.0051418 secs]
6.634: [GC (Allocation Failure)  450765K->446424K(471868K), 0.0054988 secs]
6.673: [GC (Allocation Failure)  462519K->458717K(484252K), 0.0057490 secs]
6.709: [GC (Allocation Failure)  474785K->470489K(496120K), 0.0059732 secs]
6.748: [GC (Allocation Failure)  486732K->482265K(507988K), 0.0058404 secs]
6.778: [GC (Allocation Failure)  498345K->493022K(518824K), 0.0054508 secs]
6.813: [GC (Allocation Failure)  509087K->504283K(530176K), 0.0059064 secs]
6.849: [GC (Allocation Failure)  520366K->515547K(541528K), 0.0055209 secs]
6.882: [GC (Allocation Failure)  531620K->526814K(552880K), 0.0056570 secs]
6.926: [GC (Allocation Failure)  542960K->541660K(567844K), 0.0070464 secs]
6.957: [GC (Allocation Failure)  557752K->553949K(580228K), 0.0060795 secs]
7.001: [GC (Allocation Failure)  570041K->566239K(592612K), 0.0054972 secs]
7.035: [GC (Allocation Failure)  582322K->578526K(604996K), 0.0050290 secs]
7.075: [GC (Allocation Failure)  594601K->590819K(617380K), 0.0048010 secs]
7.108: [GC (Allocation Failure)  606898K->604639K(631312K), 0.0052510 secs]
7.145: [GC (Allocation Failure)  620720K->616415K(643180K), 0.0049422 secs]
7.183: [GC (Allocation Failure)  632453K->627173K(654016K), 0.0039892 secs]
7.213: [GC (Allocation Failure)  643263K->655035K(665884K), 0.0042308 secs]
7.218: [Full GC (Allocation Failure)  655035K->37827K(665884K), 0.0673491 secs]
7.779: [GC (Allocation Failure)  295809K->62922K(938496K), 0.0052357 secs]
8.240: [GC (Allocation Failure)  320969K->64978K(938496K), 0.0056371 secs]
8.664: [GC (Allocation Failure)  323198K->67545K(938496K), 0.0041966 secs]
9.060: [GC (Allocation Failure)  325452K->69083K(938496K), 0.0058859 secs]
9.429: [GC (Allocation Failure)  327064K->71130K(938496K), 0.0050702 secs]
9.789: [GC (Allocation Failure)  329143K->74716K(938496K), 0.0057279 secs]
10.146: [GC (Allocation Failure)  333009K->79840K(938496K), 0.0060900 secs]
10.466: [GC (Allocation Failure)  338122K->87010K(938496K), 0.0065614 secs]
10.777: [GC (Allocation Failure)  345063K->95713K(938496K), 0.0061929 secs]
11.088: [GC (Allocation Failure)  353806K->105959K(938496K), 0.0057353 secs]
11.364: [GC (Allocation Failure)  364007K->117733K(938496K), 0.0056361 secs]
11.646: [GC (Allocation Failure)  375677K->130532K(938496K), 0.0060154 secs]
11.921: [GC (Allocation Failure)  388737K->144872K(938496K), 0.0064610 secs]
12.193: [GC (Allocation Failure)  402812K->160234K(938496K), 0.0067574 secs]
12.450: [GC (Allocation Failure)  418454K->177136K(938496K), 0.0063601 secs]
12.705: [GC (Allocation Failure)  435018K->195567K(938496K), 0.0069414 secs]
12.946: [GC (Allocation Failure)  453558K->215024K(938496K), 0.0069993 secs]
13.190: [GC (Allocation Failure)  473379K->234480K(938496K), 0.0070532 secs]
13.421: [GC (Allocation Failure)  492804K->253940K(938496K), 0.0089392 secs]
13.644: [GC (Allocation Failure)  512242K->273397K(938496K), 0.0069561 secs]
13.869: [GC (Allocation Failure)  531330K->292857K(938496K), 0.0072218 secs]
14.084: [GC (Allocation Failure)  551162K->312314K(938496K), 0.0065085 secs]
14.304: [GC (Allocation Failure)  570597K->331771K(938496K), 0.0067500 secs]
14.519: [GC (Allocation Failure)  590041K->351229K(938496K), 0.0070457 secs]
14.734: [GC (Allocation Failure)  609487K->370686K(938496K), 0.0068259 secs]
14.933: [GC (Allocation Failure)  629008K->389632K(938496K), 0.0067644 secs]
15.120: [GC (Allocation Failure)  647876K->409087K(938496K), 0.0065510 secs]
15.323: [GC (Allocation Failure)  667330K->428547K(938496K), 0.0065290 secs]
15.517: [GC (Allocation Failure)  686784K->448004K(938496K), 0.0064638 secs]
15.713: [GC (Allocation Failure)  706232K->466950K(938496K), 0.0064141 secs]
15.906: [GC (Allocation Failure)  725222K->486405K(938496K), 0.0066278 secs]
16.097: [GC (Allocation Failure)  744633K->505865K(938496K), 0.0065884 secs]
16.277: [GC (Allocation Failure)  764082K->525320K(938496K), 0.0065083 secs]
16.451: [GC (Allocation Failure)  783496K->544777K(938496K), 0.0061244 secs]
16.631: [GC (Allocation Failure)  802969K->564239K(938496K), 0.0061091 secs]
16.807: [GC (Allocation Failure)  822470K->583692K(938496K), 0.0064883 secs]
16.979: [GC (Allocation Failure)  841895K->603154K(938496K), 0.0060026 secs]
17.137: [GC (Allocation Failure)  861314K->622609K(938496K), 0.0061319 secs]
17.144: [GC (CMS Initial Mark)  625338K(938496K), 0.0009401 secs]
17.306: [GC (Allocation Failure)  880784K->642064K(938496K), 0.0060728 secs]
17.480: [GC (Allocation Failure)  900247K->661014K(938496K), 0.0061006 secs]
17.487: [GC (CMS Final Remark)  664849K(938496K), 0.0137137 secs]
17.650: [GC (Allocation Failure)  363103K->124920K(938496K), 0.0061426 secs]
17.809: [GC (Allocation Failure)  383109K->144890K(938496K), 0.0062224 secs]
17.979: [GC (Allocation Failure)  403059K->164349K(938496K), 0.0066469 secs]
18.149: [GC (Allocation Failure)  422494K->183804K(938496K), 0.0064012 secs]
18.310: [GC (Allocation Failure)  441965K->203262K(938496K), 0.0064453 secs]
18.463: [GC (Allocation Failure)  461431K->222209K(938496K), 0.0064094 secs]
18.622: [GC (Allocation Failure)  480348K->242176K(938496K), 0.0066199 secs]
18.781: [GC (Allocation Failure)  500350K->262144K(938496K), 0.0067374 secs]
18.941: [GC (Allocation Failure)  520273K->281603K(938496K), 0.0064532 secs]
19.089: [GC (Allocation Failure)  539754K->301570K(938496K), 0.0071078 secs]
19.248: [GC (Allocation Failure)  559702K->321542K(938496K), 0.0065972 secs]
19.389: [GC (Allocation Failure)  579686K->340487K(938496K), 0.0065533 secs]
19.532: [GC (Allocation Failure)  598609K->359944K(938496K), 0.0065395 secs]
19.681: [GC (Allocation Failure)  618092K->379913K(938496K), 0.0064860 secs]
19.822: [GC (Allocation Failure)  638041K->398859K(938496K), 0.0066688 secs]
19.970: [GC (Allocation Failure)  656995K->418314K(938496K), 0.0068912 secs]
20.111: [GC (Allocation Failure)  676439K->437773K(938496K), 0.0077648 secs]
20.258: [GC (Allocation Failure)  695876K->457230K(938496K), 0.0069487 secs]
20.396: [GC (Allocation Failure)  715356K->477202K(938496K), 0.0072570 secs]
20.532: [GC (Allocation Failure)  735316K->496657K(938496K), 0.0069774 secs]
20.671: [GC (Allocation Failure)  754782K->516116K(938496K), 0.0064373 secs]
20.807: [GC (Allocation Failure)  774235K->535571K(938496K), 0.0064002 secs]
20.942: [GC (Allocation Failure)  793675K->555029K(938496K), 0.0070926 secs]
21.076: [GC (Allocation Failure)  813149K->574486K(938496K), 0.0066812 secs]
21.209: [GC (Allocation Failure)  832594K->594455K(938496K), 0.0061074 secs]
21.216: [GC (CMS Initial Mark)  596602K(938496K), 0.0007166 secs]
21.343: [GC (Allocation Failure)  852553K->613910K(938496K), 0.0064953 secs]
21.350: [GC (CMS Final Remark)  616572K(938496K), 0.0133761 secs]
21.474: [GC (Allocation Failure)  345162K->107017K(938496K), 0.0064639 secs]
21.610: [GC (Allocation Failure)  365121K->126474K(938496K), 0.0067127 secs]
21.743: [GC (Allocation Failure)  384565K->146441K(938496K), 0.0064997 secs]
21.869: [GC (Allocation Failure)  404563K->165899K(938496K), 0.0065023 secs]
22.000: [GC (Allocation Failure)  423997K->185870K(938496K), 0.0065153 secs]
22.131: [GC (Allocation Failure)  443968K->205839K(938496K), 0.0065291 secs]
22.263: [GC (Allocation Failure)  463953K->225297K(938496K), 0.0067202 secs]
22.384: [GC (Allocation Failure)  483442K->244752K(938496K), 0.0065837 secs]
22.508: [GC (Allocation Failure)  502842K->264209K(938496K), 0.0065791 secs]
22.630: [GC (Allocation Failure)  522292K->284178K(938496K), 0.0065920 secs]
22.752: [GC (Allocation Failure)  542258K->304149K(938496K), 0.0066458 secs]
22.871: [GC (Allocation Failure)  562254K->323606K(938496K), 0.0069416 secs]
22.996: [GC (Allocation Failure)  581695K->343576K(938496K), 0.0064478 secs]
23.118: [GC (Allocation Failure)  601661K->363033K(938496K), 0.0064595 secs]
23.239: [GC (Allocation Failure)  621109K->382490K(938496K), 0.0063985 secs]
23.362: [GC (Allocation Failure)  640594K->402459K(938496K), 0.0060655 secs]
23.485: [GC (Allocation Failure)  660551K->421916K(938496K), 0.0061166 secs]
23.602: [GC (Allocation Failure)  679996K->441373K(938496K), 0.0067523 secs]
23.721: [GC (Allocation Failure)  699454K->461343K(938496K), 0.0069368 secs]
23.839: [GC (Allocation Failure)  719426K->481312K(938496K), 0.0071293 secs]
23.956: [GC (Allocation Failure)  739384K->500769K(938496K), 0.0069995 secs]
24.072: [GC (Allocation Failure)  758862K->520738K(938496K), 0.0071170 secs]
24.190: [GC (Allocation Failure)  778829K->540195K(938496K), 0.0072109 secs]
24.307: [GC (Allocation Failure)  798274K->559652K(938496K), 0.0069375 secs]
24.422: [GC (Allocation Failure)  817731K->579109K(938496K), 0.0070983 secs]
24.537: [GC (Allocation Failure)  837185K->598567K(938496K), 0.0071172 secs]
24.545: [GC (CMS Initial Mark)  601243K(938496K), 0.0006719 secs]
24.654: [GC (Allocation Failure)  856641K->618534K(938496K), 0.0065478 secs]
24.767: [GC (Allocation Failure)  876638K->637995K(938496K), 0.0069656 secs]
24.775: [GC (CMS Final Remark)  640131K(938496K), 0.0113190 secs]
24.883: [GC (Allocation Failure)  364602K->125975K(938496K), 0.0065687 secs]
24.999: [GC (Allocation Failure)  384057K->145436K(938496K), 0.0063105 secs]
25.111: [GC (Allocation Failure)  403510K->164889K(938496K), 0.0063053 secs]
25.228: [GC (Allocation Failure)  422959K->184859K(938496K), 0.0060615 secs]
25.337: [GC (Allocation Failure)  442928K->204318K(938496K), 0.0064911 secs]
25.445: [GC (Allocation Failure)  462382K->224287K(938496K), 0.0064718 secs]
25.552: [GC (Allocation Failure)  482356K->244254K(938496K), 0.0074810 secs]
25.657: [GC (Allocation Failure)  502320K->263201K(938496K), 0.0062846 secs]
25.765: [GC (Allocation Failure)  521294K->282146K(938496K), 0.0061288 secs]
25.871: [GC (Allocation Failure)  540230K->301601K(938496K), 0.0058528 secs]
25.980: [GC (Allocation Failure)  559671K->320549K(938496K), 0.0063297 secs]
26.084: [GC (Allocation Failure)  578603K->340006K(938496K), 0.0062512 secs]
26.187: [GC (Allocation Failure)  598061K->358951K(938496K), 0.0058577 secs]
26.295: [GC (Allocation Failure)  616999K->377896K(938496K), 0.0058156 secs]
26.403: [GC (Allocation Failure)  635943K->396329K(938496K), 0.0058295 secs]
26.510: [GC (Allocation Failure)  654376K->414762K(938496K), 0.0061124 secs]
26.611: [GC (Allocation Failure)  672814K->433197K(938496K), 0.0057921 secs]
26.709: [GC (Allocation Failure)  691247K->452140K(938496K), 0.0056405 secs]
26.807: [GC (Allocation Failure)  710194K->471087K(938496K), 0.0063753 secs]
26.910: [GC (Allocation Failure)  729131K->490032K(938496K), 0.0062833 secs]
27.014: [GC (Allocation Failure)  748082K->508977K(938496K), 0.0064047 secs]
27.118: [GC (Allocation Failure)  767023K->527410K(938496K), 0.0065010 secs]
27.217: [GC (Allocation Failure)  785456K->546353K(938496K), 0.0061460 secs]
27.322: [GC (Allocation Failure)  804403K->565812K(938496K), 0.0072243 secs]
27.421: [GC (Allocation Failure)  823853K->584757K(938496K), 0.0082121 secs]
27.518: [GC (Allocation Failure)  842783K->603700K(938496K), 0.0066287 secs]
27.525: [GC (CMS Initial Mark)  605829K(938496K), 0.0006775 secs]
27.619: [GC (Allocation Failure)  861752K->622646K(938496K), 0.0066797 secs]
27.726: [GC (Allocation Failure)  880687K->641593K(938496K), 0.0070962 secs]
27.733: [GC (CMS Final Remark)  643169K(938496K), 0.0153296 secs]
27.833: [GC (Allocation Failure)  362024K->122919K(938496K), 0.0068961 secs]
27.928: [GC (Allocation Failure)  380965K->141353K(938496K), 0.0076043 secs]
28.025: [GC (Allocation Failure)  399397K->160298K(938496K), 0.0066000 secs]
28.124: [GC (Allocation Failure)  418348K->178731K(938496K), 0.0061285 secs]
28.221: [GC (Allocation Failure)  436781K->197162K(938496K), 0.0061486 secs]
28.317: [GC (Allocation Failure)  455209K->215597K(938496K), 0.0061965 secs]
28.417: [GC (Allocation Failure)  473642K->233518K(938496K), 0.0064985 secs]
28.513: [GC (Allocation Failure)  491567K->250925K(938496K), 0.0068662 secs]
28.605: [GC (Allocation Failure)  508948K->267822K(938496K), 0.0063808 secs]
28.702: [GC (Allocation Failure)  525855K->285231K(938496K), 0.0071320 secs]
28.796: [GC (Allocation Failure)  543292K->303152K(938496K), 0.0070685 secs]
28.889: [GC (Allocation Failure)  561179K->320563K(938496K), 0.0068705 secs]
28.984: [GC (Allocation Failure)  578592K->338484K(938496K), 0.0068534 secs]
29.078: [GC (Allocation Failure)  596499K->355893K(938496K), 0.0074915 secs]
29.173: [GC (Allocation Failure)  613918K->373302K(938496K), 0.0065865 secs]
29.272: [GC (Allocation Failure)  631376K->390711K(938496K), 0.0064260 secs]
29.364: [GC (Allocation Failure)  648733K->407608K(938496K), 0.0062182 secs]
29.459: [GC (Allocation Failure)  665643K->424500K(938496K), 0.0059917 secs]
29.548: [GC (Allocation Failure)  682472K->440889K(938496K), 0.0065841 secs]
29.637: [GC (Allocation Failure)  698917K->456248K(938496K), 0.0062340 secs]
29.730: [GC (Allocation Failure)  714265K->473145K(938496K), 0.0062314 secs]
29.820: [GC (Allocation Failure)  731186K->490044K(938496K), 0.0062160 secs]
29.912: [GC (Allocation Failure)  748107K->506429K(938496K), 0.0060801 secs]
30.003: [GC (Allocation Failure)  764458K->523326K(938496K), 0.0060145 secs]
30.093: [GC (Allocation Failure)  781362K->539199K(938496K), 0.0069983 secs]
30.183: [GC (Allocation Failure)  797254K->555584K(938496K), 0.0061740 secs]
30.274: [GC (Allocation Failure)  813552K->571455K(938496K), 0.0066790 secs]
30.363: [GC (Allocation Failure)  829460K->587842K(938496K), 0.0063981 secs]
30.457: [GC (Allocation Failure)  845893K->603713K(938496K), 0.0063489 secs]
30.464: [GC (CMS Initial Mark)  604754K(938496K), 0.0007970 secs]
30.549: [GC (Allocation Failure)  861719K->619588K(938496K), 0.0063525 secs]
30.639: [GC (Allocation Failure)  877592K->635459K(938496K), 0.0061850 secs]
30.726: [GC (Allocation Failure)  893444K->651846K(938496K), 0.0063880 secs]
30.809: [GC (Allocation Failure)  909788K->667721K(938496K), 0.0061185 secs]
30.816: [GC (CMS Final Remark)  672502K(938496K), 0.0116260 secs]
30.903: [GC (Allocation Failure)  385611K->143924K(938496K), 0.0059930 secs]
30.991: [GC (Allocation Failure)  401892K->160823K(938496K), 0.0066365 secs]
31.077: [GC (Allocation Failure)  418851K->177720K(938496K), 0.0057125 secs]
31.162: [GC (Allocation Failure)  435717K->193593K(938496K), 0.0060275 secs]
31.249: [GC (Allocation Failure)  451606K->209974K(938496K), 0.0061909 secs]
31.335: [GC (Allocation Failure)  467997K->226875K(938496K), 0.0059971 secs]
31.420: [GC (Allocation Failure)  484918K->243258K(938496K), 0.0061356 secs]
31.507: [GC (Allocation Failure)  501302K->259645K(938496K), 0.0065327 secs]
31.594: [GC (Allocation Failure)  517666K->276030K(938496K), 0.0061331 secs]
31.681: [GC (Allocation Failure)  534049K->291903K(938496K), 0.0064343 secs]
31.766: [GC (Allocation Failure)  549876K->306239K(938496K), 0.0058869 secs]
31.850: [GC (Allocation Failure)  564144K->321596K(938496K), 0.0058669 secs]
31.935: [GC (Allocation Failure)  579648K->337473K(938496K), 0.0062511 secs]
32.016: [GC (Allocation Failure)  595410K->353346K(938496K), 0.0061758 secs]
32.099: [GC (Allocation Failure)  611302K->369217K(938496K), 0.0062323 secs]
32.185: [GC (Allocation Failure)  627278K->385602K(938496K), 0.0068993 secs]
32.271: [GC (Allocation Failure)  643970K->400965K(938496K), 0.0074498 secs]
32.357: [GC (Allocation Failure)  659193K->417345K(938496K), 0.0071490 secs]
32.438: [GC (Allocation Failure)  675274K->432708K(938496K), 0.0065955 secs]
32.523: [GC (Allocation Failure)  690746K->448583K(938496K), 0.0087446 secs]
32.602: [GC (Allocation Failure)  706476K->464456K(938496K), 0.0068063 secs]
32.683: [GC (Allocation Failure)  722430K->480841K(938496K), 0.0087130 secs]
32.768: [GC (Allocation Failure)  738807K->497224K(938496K), 0.0067128 secs]
32.849: [GC (Allocation Failure)  755103K->512071K(938496K), 0.0066028 secs]
32.928: [GC (Allocation Failure)  770100K->527436K(938496K), 0.0065149 secs]
33.008: [GC (Allocation Failure)  785328K->542285K(938496K), 0.0067523 secs]
33.092: [GC (Allocation Failure)  800255K->556621K(938496K), 0.0079857 secs]
33.172: [GC (Allocation Failure)  814554K->572492K(938496K), 0.0069916 secs]
33.254: [GC (Allocation Failure)  830436K->587851K(938496K), 0.0067041 secs]
33.262: [GC (CMS Initial Mark)  589965K(938496K), 0.0010198 secs]
33.336: [GC (Allocation Failure)  845862K->603214K(938496K), 0.0062919 secs]
33.420: [GC (Allocation Failure)  861191K->618063K(938496K), 0.0059939 secs]
33.502: [GC (Allocation Failure)  876158K->633938K(938496K), 0.0063387 secs]
33.582: [GC (Allocation Failure)  892009K->649299K(938496K), 0.0063046 secs]
33.666: [GC (Allocation Failure)  907318K->665174K(938496K), 0.0061784 secs]
33.673: [GC (CMS Final Remark)  667269K(938496K), 0.0126630 secs]
33.749: [GC (Allocation Failure)  398816K->156735K(938496K), 0.0070787 secs]
33.829: [GC (Allocation Failure)  414648K->170564K(938496K), 0.0059226 secs]
33.909: [GC (Allocation Failure)  428913K->184387K(938496K), 0.0073267 secs]
33.987: [GC (Allocation Failure)  442285K->199238K(938496K), 0.0064620 secs]
34.067: [GC (Allocation Failure)  457241K->214597K(938496K), 0.0063307 secs]
34.146: [GC (Allocation Failure)  472923K->230468K(938496K), 0.0062466 secs]
34.227: [GC (Allocation Failure)  488469K->246344K(938496K), 0.0062771 secs]
34.308: [GC (Allocation Failure)  504289K->261193K(938496K), 0.0065384 secs]
34.387: [GC (Allocation Failure)  519315K->276552K(938496K), 0.0061911 secs]
34.466: [GC (Allocation Failure)  534546K->291403K(938496K), 0.0061082 secs]
34.542: [GC (Allocation Failure)  549681K->306760K(938496K), 0.0068097 secs]
34.622: [GC (Allocation Failure)  564810K->321613K(938496K), 0.0079708 secs]
34.705: [GC (Allocation Failure)  579610K->336462K(938496K), 0.0058944 secs]
34.785: [GC (Allocation Failure)  594472K->349772K(938496K), 0.0057092 secs]
34.860: [GC (Allocation Failure)  607995K->363597K(938496K), 0.0077647 secs]
34.937: [GC (Allocation Failure)  621611K->377422K(938496K), 0.0061974 secs]
35.012: [GC (Allocation Failure)  635331K->391247K(938496K), 0.0061275 secs]
35.090: [GC (Allocation Failure)  649523K->405072K(938496K), 0.0059428 secs]
35.169: [GC (Allocation Failure)  663064K->417872K(938496K), 0.0055992 secs]
35.246: [GC (Allocation Failure)  676177K->429647K(938496K), 0.0054277 secs]
35.319: [GC (Allocation Failure)  687511K->442452K(938496K), 0.0049022 secs]
35.398: [GC (Allocation Failure)  700523K->455765K(938496K), 0.0049810 secs]
35.474: [GC (Allocation Failure)  713632K->468053K(938496K), 0.0049344 secs]
35.549: [GC (Allocation Failure)  726376K->479826K(938496K), 0.0051344 secs]
35.623: [GC (Allocation Failure)  737745K->493655K(938496K), 0.0050180 secs]
35.697: [GC (Allocation Failure)  751966K->503896K(938496K), 0.0047510 secs]
35.772: [GC (Allocation Failure)  761926K->517208K(938496K), 0.0049117 secs]
35.846: [GC (Allocation Failure)  775560K->530005K(938496K), 0.0058903 secs]
35.920: [GC (Allocation Failure)  788372K->542298K(938496K), 0.0059820 secs]
35.996: [GC (Allocation Failure)  800310K->556121K(938496K), 0.0059268 secs]
36.075: [GC (Allocation Failure)  814149K->567387K(938496K), 0.0058115 secs]
36.148: [GC (Allocation Failure)  825249K->580184K(938496K), 0.0056462 secs]
36.224: [GC (Allocation Failure)  838145K->592989K(938496K), 0.0058911 secs]
36.231: [GC (CMS Initial Mark)  594564K(938496K), 0.0009017 secs]
36.299: [GC (Allocation Failure)  850906K->605278K(938496K), 0.0056923 secs]
36.371: [GC (Allocation Failure)  863616K->616542K(938496K), 0.0058375 secs]
36.441: [GC (Allocation Failure)  874890K->629851K(938496K), 0.0060625 secs]
36.514: [GC (Allocation Failure)  888192K->642144K(938496K), 0.0067591 secs]
36.589: [GC (Allocation Failure)  900141K->654432K(938496K), 0.0062658 secs]
36.663: [GC (Allocation Failure)  912362K->666719K(938496K), 0.0064177 secs]
36.735: [GC (Allocation Failure)  925072K->677982K(938496K), 0.0063899 secs]
36.743: [GC (CMS Final Remark)  682211K(938496K), 0.0124652 secs]
36.816: [GC (Allocation Failure)  403926K->158287K(938496K), 0.0060571 secs]
36.888: [GC (Allocation Failure)  416220K->171090K(938496K), 0.0061214 secs]
36.962: [GC (Allocation Failure)  428966K->183379K(938496K), 0.0060271 secs]
37.036: [GC (Allocation Failure)  441301K->195664K(938496K), 0.0061228 secs]
37.109: [GC (Allocation Failure)  453577K->207956K(938496K), 0.0062169 secs]
37.181: [GC (Allocation Failure)  465841K->220245K(938496K), 0.0069136 secs]
37.252: [GC (Allocation Failure)  478434K->231506K(938496K), 0.0081699 secs]
37.325: [GC (Allocation Failure)  489410K->243286K(938496K), 0.0086335 secs]
37.396: [GC (Allocation Failure)  501654K->255575K(938496K), 0.0076083 secs]
37.469: [GC (Allocation Failure)  513879K->267350K(938496K), 0.0059042 secs]
37.539: [GC (Allocation Failure)  525555K->277077K(938496K), 0.0057944 secs]
37.611: [GC (Allocation Failure)  534954K->288857K(938496K), 0.0055206 secs]
37.685: [GC (Allocation Failure)  546828K->300632K(938496K), 0.0057253 secs]
37.756: [GC (Allocation Failure)  558908K->312407K(938496K), 0.0054644 secs]
37.828: [GC (Allocation Failure)  570716K->324699K(938496K), 0.0048976 secs]
37.900: [GC (Allocation Failure)  582609K->336476K(938496K), 0.0049388 secs]
37.972: [GC (Allocation Failure)  594830K->347739K(938496K), 0.0048335 secs]
38.043: [GC (Allocation Failure)  606028K->359513K(938496K), 0.0049575 secs]
38.116: [GC (Allocation Failure)  617468K->370272K(938496K), 0.0047767 secs]
38.184: [GC (Allocation Failure)  628142K->381023K(938496K), 0.0065954 secs]
38.252: [GC (Allocation Failure)  639333K->390747K(938496K), 0.0046764 secs]
38.322: [GC (Allocation Failure)  649042K->399968K(938496K), 0.0046448 secs]
38.388: [GC (Allocation Failure)  658251K->409697K(938496K), 0.0046793 secs]
38.460: [GC (Allocation Failure)  667982K->420450K(938496K), 0.0056226 secs]
38.533: [GC (Allocation Failure)  678349K->431198K(938496K), 0.0047580 secs]
38.602: [GC (Allocation Failure)  689561K->442467K(938496K), 0.0047546 secs]
38.671: [GC (Allocation Failure)  700342K->453220K(938496K), 0.0047611 secs]
38.740: [GC (Allocation Failure)  711479K->464480K(938496K), 0.0046972 secs]
38.806: [GC (Allocation Failure)  722676K->473699K(938496K), 0.0046228 secs]
38.878: [GC (Allocation Failure)  732052K->484966K(938496K), 0.0057795 secs]
38.947: [GC (Allocation Failure)  743299K->496226K(938496K), 0.0063947 secs]
39.018: [GC (Allocation Failure)  754460K->505445K(938496K), 0.0058384 secs]
39.088: [GC (Allocation Failure)  763323K->517221K(938496K), 0.0061045 secs]
39.155: [GC (Allocation Failure)  775554K->528996K(938496K), 0.0057021 secs]
39.228: [GC (Allocation Failure)  787319K->540777K(938496K), 0.0057005 secs]
39.296: [GC (Allocation Failure)  799042K->551528K(938496K), 0.0075995 secs]
39.363: [GC (Allocation Failure)  809868K->562792K(938496K), 0.0076762 secs]
39.431: [GC (Allocation Failure)  821094K->571495K(938496K), 0.0070742 secs]
39.501: [GC (Allocation Failure)  829857K->582251K(938496K), 0.0058121 secs]
39.508: [GC (CMS Initial Mark)  584353K(938496K), 0.0009101 secs]
39.564: [GC (Allocation Failure)  840385K->592492K(938496K), 0.0056908 secs]
39.629: [GC (Allocation Failure)  850743K->602217K(938496K), 0.0056647 secs]
39.696: [GC (Allocation Failure)  860485K->612973K(938496K), 0.0074142 secs]
39.765: [GC (Allocation Failure)  871257K->623212K(938496K), 0.0059373 secs]
39.833: [GC (Allocation Failure)  881535K->633451K(938496K), 0.0059805 secs]
39.898: [GC (Allocation Failure)  891650K->644717K(938496K), 0.0058823 secs]
39.961: [GC (Allocation Failure)  902895K->654446K(938496K), 0.0076903 secs]
40.025: [GC (Allocation Failure)  912780K->665708K(938496K), 0.0072232 secs]
40.091: [GC (Allocation Failure)  923964K->675439K(938496K), 0.0081431 secs]
40.100: [GC (CMS Final Remark)  686499K(938496K), 0.0111037 secs]
40.164: [GC (Allocation Failure)  409517K->163423K(938496K), 0.0055904 secs]
40.229: [GC (Allocation Failure)  421643K->172125K(938496K), 0.0056776 secs]
40.298: [GC (Allocation Failure)  430409K->182370K(938496K), 0.0057560 secs]
40.362: [GC (Allocation Failure)  440489K->192099K(938496K), 0.0075924 secs]
40.429: [GC (Allocation Failure)  450199K->201311K(938496K), 0.0046391 secs]
40.493: [GC (Allocation Failure)  459673K->213092K(938496K), 0.0048494 secs]
40.557: [GC (Allocation Failure)  471268K->222304K(938496K), 0.0047257 secs]
40.625: [GC (Allocation Failure)  480524K->231525K(938496K), 0.0047008 secs]
40.690: [GC (Allocation Failure)  489827K->241764K(938496K), 0.0047982 secs]
40.754: [GC (Allocation Failure)  499991K->251490K(938496K), 0.0047282 secs]
40.823: [GC (Allocation Failure)  509795K->260711K(938496K), 0.0050866 secs]
40.887: [GC (Allocation Failure)  518722K->270950K(938496K), 0.0057859 secs]
40.950: [GC (Allocation Failure)  529075K->280164K(938496K), 0.0051723 secs]
41.016: [GC (Allocation Failure)  538387K->289895K(938496K), 0.0047135 secs]
41.082: [GC (Allocation Failure)  548242K->298601K(938496K), 0.0046207 secs]
41.141: [GC (Allocation Failure)  556831K->306790K(938496K), 0.0057299 secs]
41.210: [GC (Allocation Failure)  565093K->315498K(938496K), 0.0057104 secs]
41.272: [GC (Allocation Failure)  573586K->324715K(938496K), 0.0047092 secs]
41.338: [GC (Allocation Failure)  582936K->333928K(938496K), 0.0050960 secs]
41.404: [GC (Allocation Failure)  592134K->342636K(938496K), 0.0056026 secs]
41.468: [GC (Allocation Failure)  600852K->351855K(938496K), 0.0047073 secs]
41.534: [GC (Allocation Failure)  610006K->360553K(938496K), 0.0045768 secs]
41.594: [GC (Allocation Failure)  618640K->369262K(938496K), 0.0045714 secs]
41.662: [GC (Allocation Failure)  627498K->378989K(938496K), 0.0046522 secs]
41.725: [GC (Allocation Failure)  637164K->386667K(938496K), 0.0054573 secs]
41.788: [GC (Allocation Failure)  644794K->393840K(938496K), 0.0045660 secs]
41.851: [GC (Allocation Failure)  651997K->403052K(938496K), 0.0059385 secs]
41.914: [GC (Allocation Failure)  661318K->412273K(938496K), 0.0065149 secs]
41.976: [GC (Allocation Failure)  670384K->420978K(938496K), 0.0086443 secs]
42.037: [GC (Allocation Failure)  679026K->428142K(938496K), 0.0063646 secs]
42.102: [GC (Allocation Failure)  686371K->437363K(938496K), 0.0063156 secs]
42.167: [GC (Allocation Failure)  695610K->446579K(938496K), 0.0059089 secs]
42.231: [GC (Allocation Failure)  704731K->455792K(938496K), 0.0060955 secs]
42.292: [GC (Allocation Failure)  714038K->463988K(938496K), 0.0059325 secs]
42.356: [GC (Allocation Failure)  722139K->472689K(938496K), 0.0059371 secs]
42.419: [GC (Allocation Failure)  730881K->480885K(938496K), 0.0059819 secs]
42.479: [GC (Allocation Failure)  739148K->489590K(938496K), 0.0090083 secs]
42.543: [GC (Allocation Failure)  747665K->496754K(938496K), 0.0061308 secs]
42.606: [GC (Allocation Failure)  754929K->504953K(938496K), 0.0061678 secs]
42.667: [GC (Allocation Failure)  762934K->512632K(938496K), 0.0054778 secs]
42.728: [GC (Allocation Failure)  770913K->520820K(938496K), 0.0064389 secs]
42.789: [GC (Allocation Failure)  779123K->529017K(938496K), 0.0065407 secs]
42.849: [GC (Allocation Failure)  787042K->537205K(938496K), 0.0060289 secs]
42.911: [GC (Allocation Failure)  795311K->544378K(938496K), 0.0048918 secs]
42.970: [GC (Allocation Failure)  802517K->550010K(938496K), 0.0045800 secs]
43.033: [GC (Allocation Failure)  808236K->557175K(938496K), 0.0047874 secs]
43.095: [GC (Allocation Failure)  815274K->563833K(938496K), 0.0047462 secs]
43.152: [GC (Allocation Failure)  822089K->571512K(938496K), 0.0048061 secs]
43.215: [GC (Allocation Failure)  829743K->579708K(938496K), 0.0048423 secs]
43.274: [GC (Allocation Failure)  837763K->586363K(938496K), 0.0046984 secs]
43.337: [GC (Allocation Failure)  844400K->593017K(938496K), 0.0047583 secs]
43.398: [GC (Allocation Failure)  850985K->598652K(938496K), 0.0046344 secs]
43.457: [GC (Allocation Failure)  856614K->605818K(938496K), 0.0047813 secs]
43.463: [GC (CMS Initial Mark)  608975K(938496K), 0.0008119 secs]
43.521: [GC (Allocation Failure)  863922K->612989K(938496K), 0.0078456 secs]
43.580: [GC (Allocation Failure)  871110K->619647K(938496K), 0.0075826 secs]
43.643: [GC (Allocation Failure)  877838K->627324K(938496K), 0.0046714 secs]
43.702: [GC (Allocation Failure)  885320K->634496K(938496K), 0.0046053 secs]
43.763: [GC (Allocation Failure)  892639K->640639K(938496K), 0.0045369 secs]
43.826: [GC (Allocation Failure)  898833K->646781K(938496K), 0.0051963 secs]
43.884: [GC (Allocation Failure)  904901K->652930K(938496K), 0.0046233 secs]
43.943: [GC (Allocation Failure)  910926K->659070K(938496K), 0.0045349 secs]
44.000: [GC (Allocation Failure)  917071K->665731K(938496K), 0.0053738 secs]
44.062: [GC (Allocation Failure)  923769K->671875K(938496K), 0.0055355 secs]
44.122: [GC (Allocation Failure)  929928K->934532K(938496K), 0.0056395 secs]
44.129: [Full GC (Allocation Failure)  934532K->53347K(938496K), 0.0675929 secs]
44.225: [GC (Allocation Failure)  311353K->90223K(938496K), 0.0045980 secs]
44.292: [GC (Allocation Failure)  348496K->96369K(938496K), 0.0046341 secs]
44.349: [GC (Allocation Failure)  354267K->101486K(938496K), 0.0045218 secs]
44.409: [GC (Allocation Failure)  359579K->111218K(938496K), 0.0046489 secs]
44.468: [GC (Allocation Failure)  369126K->116851K(938496K), 0.0055817 secs]
44.530: [GC (Allocation Failure)  375042K->124527K(938496K), 0.0056777 secs]
44.587: [GC (Allocation Failure)  382571K->131188K(938496K), 0.0056810 secs]
44.647: [GC (Allocation Failure)  389273K->135280K(938496K), 0.0055825 secs]
44.708: [GC (Allocation Failure)  393396K->140917K(938496K), 0.0057720 secs]
44.765: [GC (Allocation Failure)  398866K->148083K(938496K), 0.0057908 secs]
44.823: [GC (Allocation Failure)  406167K->153714K(938496K), 0.0070427 secs]
44.881: [GC (Allocation Failure)  411729K->159350K(938496K), 0.0067925 secs]
44.941: [GC (Allocation Failure)  417520K->164978K(938496K), 0.0070356 secs]
45.001: [GC (Allocation Failure)  422984K->170101K(938496K), 0.0071469 secs]
45.059: [GC (Allocation Failure)  428015K->177779K(938496K), 0.0096356 secs]
45.120: [GC (Allocation Failure)  435941K->183928K(938496K), 0.0059613 secs]
45.180: [GC (Allocation Failure)  442085K->190585K(938496K), 0.0060559 secs]
45.237: [GC (Allocation Failure)  448622K->196213K(938496K), 0.0079201 secs]
45.298: [GC (Allocation Failure)  454209K->202871K(938496K), 0.0071760 secs]
45.361: [GC (Allocation Failure)  460878K->210552K(938496K), 0.0067814 secs]
45.419: [GC (Allocation Failure)  468609K->218232K(938496K), 0.0058399 secs]
45.476: [GC (Allocation Failure)  476545K->223867K(938496K), 0.0053269 secs]
45.535: [GC (Allocation Failure)  481884K->232567K(938496K), 0.0047787 secs]
45.591: [GC (Allocation Failure)  490494K->240252K(938496K), 0.0059849 secs]
45.648: [GC (Allocation Failure)  498347K->246392K(938496K), 0.0060874 secs]
45.709: [GC (Allocation Failure)  504363K->253565K(938496K), 0.0051554 secs]
45.768: [GC (Allocation Failure)  511684K->261246K(938496K), 0.0047284 secs]
45.828: [GC (Allocation Failure)  519127K->267388K(938496K), 0.0047289 secs]
45.886: [GC (Allocation Failure)  525273K->273535K(938496K), 0.0049154 secs]
45.946: [GC (Allocation Failure)  531582K->279675K(938496K), 0.0050430 secs]
46.003: [GC (Allocation Failure)  537576K->286333K(938496K), 0.0046570 secs]
46.063: [GC (Allocation Failure)  544267K->292992K(938496K), 0.0046801 secs]
46.120: [GC (Allocation Failure)  551091K->298108K(938496K), 0.0062548 secs]
46.175: [GC (Allocation Failure)  556100K->305793K(938496K), 0.0046345 secs]
46.236: [GC (Allocation Failure)  563832K->313981K(938496K), 0.0047281 secs]
46.293: [GC (Allocation Failure)  571953K->319104K(938496K), 0.0057687 secs]
46.347: [GC (Allocation Failure)  577053K->324222K(938496K), 0.0045914 secs]
46.403: [GC (Allocation Failure)  582157K->333443K(938496K), 0.0045243 secs]
46.462: [GC (Allocation Failure)  591426K->339588K(938496K), 0.0044941 secs]
46.516: [GC (Allocation Failure)  597475K->345216K(938496K), 0.0044219 secs]
46.577: [GC (Allocation Failure)  603075K->350852K(938496K), 0.0044246 secs]
46.630: [GC (Allocation Failure)  609138K->358017K(938496K), 0.0043103 secs]
46.686: [GC (Allocation Failure)  616202K->365701K(938496K), 0.0046887 secs]
46.742: [GC (Allocation Failure)  623669K->371842K(938496K), 0.0044214 secs]
46.799: [GC (Allocation Failure)  629726K->378502K(938496K), 0.0078943 secs]
46.853: [GC (Allocation Failure)  636499K->385666K(938496K), 0.0077747 secs]
46.910: [GC (Allocation Failure)  643562K->392839K(938496K), 0.0082802 secs]
46.965: [GC (Allocation Failure)  650943K->398472K(938496K), 0.0068977 secs]
47.023: [GC (Allocation Failure)  656791K->406148K(938496K), 0.0043808 secs]
47.079: [GC (Allocation Failure)  664019K->415369K(938496K), 0.0075156 secs]
47.136: [GC (Allocation Failure)  673271K->421509K(938496K), 0.0074778 secs]
47.192: [GC (Allocation Failure)  679397K->428170K(938496K), 0.0076302 secs]
47.246: [GC (Allocation Failure)  686214K->436870K(938496K), 0.0075527 secs]
47.301: [GC (Allocation Failure)  694734K->441995K(938496K), 0.0074105 secs]
47.359: [GC (Allocation Failure)  699996K->448647K(938496K), 0.0053873 secs]
47.412: [GC (Allocation Failure)  706584K->459914K(938496K), 0.0056484 secs]
47.468: [GC (Allocation Failure)  718278K->467596K(938496K), 0.0045783 secs]
47.524: [GC (Allocation Failure)  725570K->474761K(938496K), 0.0054578 secs]
47.580: [GC (Allocation Failure)  732718K->480397K(938496K), 0.0052400 secs]
47.634: [GC (Allocation Failure)  738264K->484489K(938496K), 0.0071514 secs]
47.693: [GC (Allocation Failure)  742831K->493708K(938496K), 0.0074632 secs]
47.745: [GC (Allocation Failure)  751603K->502410K(938496K), 0.0053845 secs]
47.804: [GC (Allocation Failure)  760303K->510607K(938496K), 0.0053854 secs]
47.859: [GC (Allocation Failure)  768938K->519819K(938496K), 0.0059658 secs]
47.915: [GC (Allocation Failure)  778053K->529040K(938496K), 0.0058305 secs]
47.970: [GC (Allocation Failure)  787010K->538257K(938496K), 0.0048317 secs]
48.025: [GC (Allocation Failure)  796184K->545421K(938496K), 0.0048515 secs]
48.080: [GC (Allocation Failure)  803755K->554132K(938496K), 0.0043724 secs]
48.133: [GC (Allocation Failure)  812480K->558222K(938496K), 0.0042959 secs]
48.189: [GC (Allocation Failure)  816164K->566929K(938496K), 0.0042884 secs]
48.243: [GC (Allocation Failure)  825174K->572047K(938496K), 0.0066781 secs]
48.298: [GC (Allocation Failure)  830032K->577684K(938496K), 0.0046988 secs]
48.352: [GC (Allocation Failure)  835556K->585360K(938496K), 0.0046293 secs]
48.405: [GC (Allocation Failure)  843667K->590996K(938496K), 0.0051502 secs]
48.411: [GC (CMS Initial Mark)  596242K(938496K), 0.0009837 secs]
48.460: [GC (Allocation Failure)  848912K->600209K(938496K), 0.0053288 secs]
48.516: [GC (Allocation Failure)  858524K->608917K(938496K), 0.0045136 secs]
48.571: [GC (Allocation Failure)  867184K->616086K(938496K), 0.0043807 secs]
48.624: [GC (Allocation Failure)  874454K->624787K(938496K), 0.0071008 secs]
48.680: [GC (Allocation Failure)  883143K->630423K(938496K), 0.0052129 secs]
48.737: [GC (Allocation Failure)  888786K->637587K(938496K), 0.0053901 secs]
48.792: [GC (Allocation Failure)  895472K->643224K(938496K), 0.0052373 secs]
48.847: [GC (Allocation Failure)  901573K->647316K(938496K), 0.0071088 secs]
48.900: [GC (Allocation Failure)  905591K->653977K(938496K), 0.0051619 secs]
48.952: [GC (Allocation Failure)  912227K->660629K(938496K), 0.0052779 secs]
49.008: [GC (Allocation Failure)  918901K->669336K(938496K), 0.0043461 secs]
49.013: [GC (CMS Final Remark)  675604K(938496K), 0.0116243 secs]
49.061: [GC (Allocation Failure)  387665K->138889K(938496K), 0.0042268 secs]
49.118: [GC (Allocation Failure)  397173K->145029K(938496K), 0.0042395 secs]
49.172: [GC (Allocation Failure)  403295K->152202K(938496K), 0.0052125 secs]
49.227: [GC (Allocation Failure)  410059K->162950K(938496K), 0.0042785 secs]
49.282: [GC (Allocation Failure)  420813K->169611K(938496K), 0.0051995 secs]
49.334: [GC (Allocation Failure)  427749K->180871K(938496K), 0.0043611 secs]
49.385: [GC (Allocation Failure)  439170K->187020K(938496K), 0.0042808 secs]
49.438: [GC (Allocation Failure)  445108K->195720K(938496K), 0.0044083 secs]
49.490: [GC (Allocation Failure)  454088K->205963K(938496K), 0.0043397 secs]
49.542: [GC (Allocation Failure)  463848K->213641K(938496K), 0.0056152 secs]
49.595: [GC (Allocation Failure)  471992K->221836K(938496K), 0.0053945 secs]
49.648: [GC (Allocation Failure)  480186K->225930K(938496K), 0.0045447 secs]
49.700: [GC (Allocation Failure)  484122K->234638K(938496K), 0.0042639 secs]
49.756: [GC (Allocation Failure)  492803K->240779K(938496K), 0.0052849 secs]
49.811: [GC (Allocation Failure)  499131K->249485K(938496K), 0.0052321 secs]
49.864: [GC (Allocation Failure)  507816K->257168K(938496K), 0.0051008 secs]
49.919: [GC (Allocation Failure)  515413K->264844K(938496K), 0.0050328 secs]
49.972: [GC (Allocation Failure)  523144K->270481K(938496K), 0.0052103 secs]
50.025: [GC (Allocation Failure)  528848K->279693K(938496K), 0.0044363 secs]
50.078: [GC (Allocation Failure)  537899K->286866K(938496K), 0.0070884 secs]
50.131: [GC (Allocation Failure)  545034K->295054K(938496K), 0.0071535 secs]
50.184: [GC (Allocation Failure)  553287K->300691K(938496K), 0.0054186 secs]
50.237: [GC (Allocation Failure)  558978K->307855K(938496K), 0.0051292 secs]
50.289: [GC (Allocation Failure)  565918K->317076K(938496K), 0.0051517 secs]
50.341: [GC (Allocation Failure)  575289K->325776K(938496K), 0.0050537 secs]
50.394: [GC (Allocation Failure)  584009K->334997K(938496K), 0.0041788 secs]
50.446: [GC (Allocation Failure)  593295K->343185K(938496K), 0.0042344 secs]
50.499: [GC (Allocation Failure)  601425K->350870K(938496K), 0.0041816 secs]
50.552: [GC (Allocation Failure)  608992K->361106K(938496K), 0.0042403 secs]
50.604: [GC (Allocation Failure)  619301K->372375K(938496K), 0.0042500 secs]
50.657: [GC (Allocation Failure)  630557K->377491K(938496K), 0.0041941 secs]
50.709: [GC (Allocation Failure)  635759K->386200K(938496K), 0.0052541 secs]
50.760: [GC (Allocation Failure)  644494K->393364K(938496K), 0.0057098 secs]
50.812: [GC (Allocation Failure)  651660K->399001K(938496K), 0.0063823 secs]
50.866: [GC (Allocation Failure)  657133K->405146K(938496K), 0.0056717 secs]
50.919: [GC (Allocation Failure)  663486K->415894K(938496K), 0.0056512 secs]
50.971: [GC (Allocation Failure)  674058K->421528K(938496K), 0.0053483 secs]
51.023: [GC (Allocation Failure)  679721K->431767K(938496K), 0.0053701 secs]
51.074: [GC (Allocation Failure)  690040K->441498K(938496K), 0.0072900 secs]
51.126: [GC (Allocation Failure)  699717K->452760K(938496K), 0.0053578 secs]
51.182: [GC (Allocation Failure)  710945K->458395K(938496K), 0.0054239 secs]
51.231: [GC (Allocation Failure)  716730K->465049K(938496K), 0.0054222 secs]
51.287: [GC (Allocation Failure)  723306K->474782K(938496K), 0.0043585 secs]
51.338: [GC (Allocation Failure)  732862K->484506K(938496K), 0.0051369 secs]
51.390: [GC (Allocation Failure)  742794K->492703K(938496K), 0.0053964 secs]
51.441: [GC (Allocation Failure)  750840K->500891K(938496K), 0.0043542 secs]
51.495: [GC (Allocation Failure)  759104K->507552K(938496K), 0.0052129 secs]
51.547: [GC (Allocation Failure)  765735K->517788K(938496K), 0.0071880 secs]
51.598: [GC (Allocation Failure)  775847K->527009K(938496K), 0.0074864 secs]
51.647: [GC (Allocation Failure)  785000K->537245K(938496K), 0.0053799 secs]
51.699: [GC (Allocation Failure)  795465K->544416K(938496K), 0.0052022 secs]
51.747: [GC (Allocation Failure)  802522K->553118K(938496K), 0.0043207 secs]
51.801: [GC (Allocation Failure)  811224K->559267K(938496K), 0.0042837 secs]
51.806: [GC (CMS Initial Mark)  560826K(938496K), 0.0008312 secs]
51.851: [GC (Allocation Failure)  817619K->570527K(938496K), 0.0054330 secs]
51.903: [GC (Allocation Failure)  828639K->575140K(938496K), 0.0052715 secs]
51.957: [GC (Allocation Failure)  833355K->584864K(938496K), 0.0053052 secs]
52.010: [GC (Allocation Failure)  843079K->592037K(938496K), 0.0053805 secs]
52.060: [GC (Allocation Failure)  850207K->602787K(938496K), 0.0071957 secs]
52.111: [GC (Allocation Failure)  860863K->611492K(938496K), 0.0054112 secs]
52.161: [GC (Allocation Failure)  869579K->619176K(938496K), 0.0053668 secs]
52.214: [GC (Allocation Failure)  877424K->629415K(938496K), 0.0044522 secs]
52.262: [GC (Allocation Failure)  887481K->634537K(938496K), 0.0043101 secs]
52.312: [GC (Allocation Failure)  892679K->648360K(938496K), 0.0044158 secs]
52.359: [GC (Allocation Failure)  906512K->655528K(938496K), 0.0043936 secs]
52.411: [GC (Allocation Failure)  913562K->662701K(938496K), 0.0044890 secs]
52.460: [GC (Allocation Failure)  920844K->670891K(938496K), 0.0051793 secs]
52.467: [GC (CMS Final Remark)  679761K(938496K), 0.0111937 secs]
52.514: [GC (Allocation Failure)  421143K->170137K(938496K), 0.0052386 secs]
52.565: [GC (Allocation Failure)  428254K->181918K(938496K), 0.0051687 secs]
52.615: [GC (Allocation Failure)  440094K->187546K(938496K), 0.0052936 secs]
52.664: [GC (Allocation Failure)  445735K->198301K(938496K), 0.0052505 secs]
52.717: [GC (Allocation Failure)  456335K->208539K(938496K), 0.0051961 secs]
52.765: [GC (Allocation Failure)  466698K->219294K(938496K), 0.0051510 secs]
52.813: [GC (Allocation Failure)  477322K->223900K(938496K), 0.0051893 secs]
52.861: [GC (Allocation Failure)  482037K->236191K(938496K), 0.0051772 secs]
52.913: [GC (Allocation Failure)  494360K->243869K(938496K), 0.0052251 secs]
52.963: [GC (Allocation Failure)  501832K->252576K(938496K), 0.0052815 secs]
53.011: [GC (Allocation Failure)  510874K->257694K(938496K), 0.0051740 secs]
53.061: [GC (Allocation Failure)  515684K->269473K(938496K), 0.0051378 secs]
53.108: [GC (Allocation Failure)  527586K->278175K(938496K), 0.0052142 secs]
53.157: [GC (Allocation Failure)  536218K->285856K(938496K), 0.0051750 secs]
53.206: [GC (Allocation Failure)  543763K->296610K(938496K), 0.0043758 secs]
53.256: [GC (Allocation Failure)  554789K->305825K(938496K), 0.0043060 secs]
53.303: [GC (Allocation Failure)  563871K->317093K(938496K), 0.0042392 secs]
53.351: [GC (Allocation Failure)  574980K->323234K(938496K), 0.0042287 secs]
53.400: [GC (Allocation Failure)  581412K->334502K(938496K), 0.0043500 secs]
53.450: [GC (Allocation Failure)  592574K->345251K(938496K), 0.0043038 secs]
53.499: [GC (Allocation Failure)  603328K->353959K(938496K), 0.0071261 secs]
53.549: [GC (Allocation Failure)  612157K->364710K(938496K), 0.0071357 secs]
53.597: [GC (Allocation Failure)  622679K->371366K(938496K), 0.0053146 secs]
53.647: [GC (Allocation Failure)  629335K->379557K(938496K), 0.0071958 secs]
53.699: [GC (Allocation Failure)  637491K->390314K(938496K), 0.0072541 secs]
53.746: [GC (Allocation Failure)  648328K->400038K(938496K), 0.0072666 secs]
53.794: [GC (Allocation Failure)  658052K->407721K(938496K), 0.0043979 secs]
53.842: [GC (Allocation Failure)  665904K->415911K(938496K), 0.0043070 secs]
53.889: [GC (Allocation Failure)  673909K->425132K(938496K), 0.0042358 secs]
53.938: [GC (Allocation Failure)  683026K->432296K(938496K), 0.0043243 secs]
53.987: [GC (Allocation Failure)  690363K->442029K(938496K), 0.0042975 secs]
54.036: [GC (Allocation Failure)  700119K->450729K(938496K), 0.0052638 secs]
54.086: [GC (Allocation Failure)  708797K->457388K(938496K), 0.0051528 secs]
54.133: [GC (Allocation Failure)  715370K->468650K(938496K), 0.0041976 secs]
54.184: [GC (Allocation Failure)  726608K->476845K(938496K), 0.0103768 secs]
54.233: [GC (Allocation Failure)  734909K->487595K(938496K), 0.0052177 secs]
54.282: [GC (Allocation Failure)  745476K->498352K(938496K), 0.0041872 secs]
54.330: [GC (Allocation Failure)  756338K->505516K(938496K), 0.0052342 secs]
54.378: [GC (Allocation Failure)  763607K->514735K(938496K), 0.0052152 secs]
54.430: [GC (Allocation Failure)  772719K->523949K(938496K), 0.0070090 secs]
54.479: [GC (Allocation Failure)  781924K->531120K(938496K), 0.0071127 secs]
54.528: [GC (Allocation Failure)  789448K->539310K(938496K), 0.0070587 secs]
54.536: [GC (CMS Initial Mark)  547146K(938496K), 0.0007540 secs]
54.578: [GC (Allocation Failure)  797477K->551091K(938496K), 0.0042037 secs]
54.626: [GC (Allocation Failure)  809448K->558767K(938496K), 0.0042292 secs]
54.674: [GC (Allocation Failure)  816726K->569524K(938496K), 0.0043256 secs]
54.718: [GC (Allocation Failure)  827537K->581296K(938496K), 0.0042121 secs]
54.766: [GC (Allocation Failure)  839308K->588469K(938496K), 0.0042443 secs]
54.814: [GC (Allocation Failure)  846489K->597169K(938496K), 0.0042229 secs]
54.862: [GC (Allocation Failure)  855110K->605878K(938496K), 0.0042826 secs]
54.909: [GC (Allocation Failure)  863807K->614066K(938496K), 0.0042842 secs]
54.956: [GC (Allocation Failure)  872044K->623283K(938496K), 0.0042393 secs]
55.004: [GC (Allocation Failure)  881374K->634039K(938496K), 0.0042020 secs]
55.054: [GC (Allocation Failure)  892068K->642228K(938496K), 0.0042463 secs]
55.101: [GC (Allocation Failure)  900591K->657593K(938496K), 0.0047974 secs]
55.149: [GC (Allocation Failure)  915542K->662197K(938496K), 0.0050299 secs]
55.155: [GC (CMS Final Remark)  665858K(938496K), 0.0116245 secs]
55.199: [GC (Allocation Failure)  431335K->186024K(938496K), 0.0052145 secs]
55.251: [GC (Allocation Failure)  444384K->194724K(938496K), 0.0070097 secs]
55.296: [GC (Allocation Failure)  452617K->205481K(938496K), 0.0052467 secs]
55.346: [GC (Allocation Failure)  463466K->212133K(938496K), 0.0041273 secs]
55.395: [GC (Allocation Failure)  470103K->221866K(938496K), 0.0041122 secs]
55.440: [GC (Allocation Failure)  479749K->227494K(938496K), 0.0041766 secs]
55.488: [GC (Allocation Failure)  485380K->235177K(938496K), 0.0040925 secs]
55.537: [GC (Allocation Failure)  493147K->249511K(938496K), 0.0042523 secs]
55.586: [GC (Allocation Failure)  507497K->257708K(938496K), 0.0042024 secs]
55.631: [GC (Allocation Failure)  516061K->267432K(938496K), 0.0111606 secs]
55.680: [GC (Allocation Failure)  525376K->277163K(938496K), 0.0070979 secs]
55.729: [GC (Allocation Failure)  535191K->285353K(938496K), 0.0051739 secs]
55.779: [GC (Allocation Failure)  543299K->293036K(938496K), 0.0041898 secs]
55.825: [GC (Allocation Failure)  551353K->301738K(938496K), 0.0042554 secs]
55.872: [GC (Allocation Failure)  559616K->313005K(938496K), 0.0042357 secs]
55.919: [GC (Allocation Failure)  570941K->320171K(938496K), 0.0041541 secs]
55.964: [GC (Allocation Failure)  578500K->332464K(938496K), 0.0041785 secs]
56.012: [GC (Allocation Failure)  590814K->341676K(938496K), 0.0041107 secs]
56.058: [GC (Allocation Failure)  599779K->352941K(938496K), 0.0051345 secs]
56.108: [GC (Allocation Failure)  611198K->358065K(938496K), 0.0050785 secs]
56.152: [GC (Allocation Failure)  616423K->368814K(938496K), 0.0041760 secs]
56.199: [GC (Allocation Failure)  626750K->380595K(938496K), 0.0041152 secs]
56.248: [GC (Allocation Failure)  638529K->388271K(938496K), 0.0041110 secs]
56.295: [GC (Allocation Failure)  646186K->400564K(938496K), 0.0046032 secs]
56.340: [GC (Allocation Failure)  658865K->408240K(938496K), 0.0050001 secs]
56.388: [GC (Allocation Failure)  666487K->416949K(938496K), 0.0041354 secs]
56.435: [GC (Allocation Failure)  674877K->425649K(938496K), 0.0041404 secs]
56.481: [GC (Allocation Failure)  683541K->435894K(938496K), 0.0041435 secs]
56.527: [GC (Allocation Failure)  694218K->444082K(938496K), 0.0051775 secs]
56.574: [GC (Allocation Failure)  701987K->451767K(938496K), 0.0068796 secs]
56.617: [GC (Allocation Failure)  710067K->461491K(938496K), 0.0050965 secs]
56.668: [GC (Allocation Failure)  719523K->469174K(938496K), 0.0052219 secs]
56.713: [GC (Allocation Failure)  727036K->481460K(938496K), 0.0051123 secs]
56.758: [GC (Allocation Failure)  739657K->488116K(938496K), 0.0049234 secs]
56.764: [GC (CMS Initial Mark)  491253K(938496K), 0.0007312 secs]
56.809: [GC (Allocation Failure)  746146K->500409K(938496K), 0.0041541 secs]
56.854: [GC (Allocation Failure)  758274K->507062K(938496K), 0.0053193 secs]
56.900: [GC (Allocation Failure)  765363K->517306K(938496K), 0.0040259 secs]
56.946: [GC (Allocation Failure)  775208K->526007K(938496K), 0.0142878 secs]
56.992: [GC (Allocation Failure)  783965K->533177K(938496K), 0.0050914 secs]
57.038: [GC (Allocation Failure)  791449K->540856K(938496K), 0.0051781 secs]
57.081: [GC (Allocation Failure)  799185K->552124K(938496K), 0.0050801 secs]
57.125: [GC (Allocation Failure)  810394K->562361K(938496K), 0.0051003 secs]
57.171: [GC (Allocation Failure)  820227K->570046K(938496K), 0.0042076 secs]
57.215: [GC (Allocation Failure)  828011K->578746K(938496K), 0.0041063 secs]
57.261: [GC (Allocation Failure)  837057K->585406K(938496K), 0.0070133 secs]
57.306: [GC (Allocation Failure)  843673K->595643K(938496K), 0.0062651 secs]
57.353: [GC (Allocation Failure)  853988K->603323K(938496K), 0.0051161 secs]
57.400: [GC (Allocation Failure)  861249K->612544K(938496K), 0.0051623 secs]
57.447: [GC (Allocation Failure)  870765K->622268K(938496K), 0.0041954 secs]
57.493: [GC (Allocation Failure)  880132K->633025K(938496K), 0.0069810 secs]
57.541: [GC (Allocation Failure)  890906K->640189K(938496K), 0.0114936 secs]
57.589: [GC (Allocation Failure)  898511K->652482K(938496K), 0.0052445 secs]
57.639: [GC (Allocation Failure)  910339K->661694K(938496K), 0.0116054 secs]
57.652: [GC (CMS Final Remark)  665880K(938496K), 0.0112284 secs]
57.690: [GC (Allocation Failure)  480999K->232117K(938496K), 0.0049600 secs]
57.738: [GC (Allocation Failure)  490303K->240817K(938496K), 0.0040594 secs]
57.783: [GC (Allocation Failure)  499171K->250038K(938496K), 0.0039855 secs]
57.829: [GC (Allocation Failure)  508258K->262322K(938496K), 0.0040841 secs]
57.877: [GC (Allocation Failure)  520636K->269495K(938496K), 0.0040284 secs]
57.922: [GC (Allocation Failure)  527738K->279219K(938496K), 0.0040569 secs]
57.968: [GC (Allocation Failure)  537102K->289466K(938496K), 0.0041085 secs]
58.013: [GC (Allocation Failure)  547796K->298164K(938496K), 0.0039691 secs]
58.058: [GC (Allocation Failure)  556360K->309941K(938496K), 0.0040026 secs]
58.104: [GC (Allocation Failure)  568238K->316601K(938496K), 0.0039382 secs]
58.149: [GC (Allocation Failure)  574883K->326838K(938496K), 0.0040413 secs]
58.195: [GC (Allocation Failure)  585128K->336568K(938496K), 0.0040040 secs]
58.241: [GC (Allocation Failure)  594850K->344247K(938496K), 0.0042131 secs]
58.287: [GC (Allocation Failure)  602571K->352955K(938496K), 0.0050462 secs]
58.337: [GC (Allocation Failure)  611304K->366264K(938496K), 0.0066698 secs]
58.381: [GC (Allocation Failure)  624510K->371901K(938496K), 0.0042261 secs]
58.427: [GC (Allocation Failure)  629968K->381625K(938496K), 0.0041085 secs]
58.470: [GC (Allocation Failure)  639808K->388796K(938496K), 0.0039999 secs]
58.517: [GC (Allocation Failure)  646962K->398010K(938496K), 0.0046849 secs]
58.560: [GC (Allocation Failure)  655918K->410810K(938496K), 0.0048992 secs]
58.607: [GC (Allocation Failure)  669077K->419519K(938496K), 0.0040717 secs]
58.651: [GC (Allocation Failure)  677759K->427195K(938496K), 0.0040732 secs]
58.695: [GC (Allocation Failure)  685122K->436928K(938496K), 0.0040560 secs]
58.700: [GC (CMS Initial Mark)  441623K(938496K), 0.0007532 secs]
58.742: [GC (Allocation Failure)  695211K->449724K(938496K), 0.0041462 secs]
58.787: [GC (Allocation Failure)  707982K->456383K(938496K), 0.0067748 secs]
58.835: [GC (Allocation Failure)  714746K->467133K(938496K), 0.0044491 secs]
58.880: [GC (Allocation Failure)  725299K->473794K(938496K), 0.0039939 secs]
58.921: [GC (Allocation Failure)  731933K->484543K(938496K), 0.0049935 secs]
58.969: [GC (Allocation Failure)  742832K->492227K(938496K), 0.0047617 secs]
59.012: [GC (Allocation Failure)  750339K->501952K(938496K), 0.0067621 secs]
59.055: [GC (Allocation Failure)  760249K->511680K(938496K), 0.0052766 secs]
59.100: [GC (Allocation Failure)  769835K->522949K(938496K), 0.0050705 secs]
59.145: [GC (Allocation Failure)  781288K->530625K(938496K), 0.0048790 secs]
59.191: [GC (Allocation Failure)  788965K->539846K(938496K), 0.0041324 secs]
59.233: [GC (Allocation Failure)  797996K->549570K(938496K), 0.0041287 secs]
59.278: [GC (Allocation Failure)  807767K->558277K(938496K), 0.0049699 secs]
59.321: [GC (Allocation Failure)  816532K->566979K(938496K), 0.0048661 secs]
59.365: [GC (Allocation Failure)  825274K->577736K(938496K), 0.0050774 secs]
59.410: [GC (Allocation Failure)  835793K->586948K(938496K), 0.0042990 secs]
59.453: [GC (Allocation Failure)  844871K->596164K(938496K), 0.0050878 secs]
59.497: [GC (Allocation Failure)  854344K->606921K(938496K), 0.0043310 secs]
59.543: [GC (Allocation Failure)  865065K->616645K(938496K), 0.0051129 secs]
59.586: [GC (Allocation Failure)  874949K->628424K(938496K), 0.0047976 secs]
59.631: [GC (Allocation Failure)  886506K->637127K(938496K), 0.0049459 secs]
59.675: [GC (Allocation Failure)  895301K->647881K(938496K), 0.0069210 secs]
59.719: [GC (Allocation Failure)  906157K->656584K(938496K), 0.0049739 secs]
59.765: [GC (Allocation Failure)  914818K->667338K(938496K), 0.0041388 secs]
59.770: [GC (CMS Final Remark)  671491K(938496K), 0.0113005 secs]
59.812: [GC (Allocation Failure)  536610K->287420K(938496K), 0.0039590 secs]
59.859: [GC (Allocation Failure)  545657K->296637K(938496K), 0.0040329 secs]
59.903: [GC (Allocation Failure)  554688K->305345K(938496K), 0.0039263 secs]
59.944: [GC (Allocation Failure)  563448K->315070K(938496K), 0.0047425 secs]
59.991: [GC (Allocation Failure)  573264K->324290K(938496K), 0.0050431 secs]
60.035: [GC (Allocation Failure)  582407K->333503K(938496K), 0.0050400 secs]
60.080: [GC (Allocation Failure)  591669K->343747K(938496K), 0.0049144 secs]
60.125: [GC (Allocation Failure)  601855K->357568K(938496K), 0.0051084 secs]
60.167: [GC (Allocation Failure)  615846K->367301K(938496K), 0.0050455 secs]
60.211: [GC (Allocation Failure)  625417K->376513K(938496K), 0.0050692 secs]
60.253: [GC (Allocation Failure)  634555K->387265K(938496K), 0.0040990 secs]
60.297: [GC (Allocation Failure)  645441K->394948K(938496K), 0.0040422 secs]
60.340: [GC (Allocation Failure)  653184K->405186K(938496K), 0.0039923 secs]
60.384: [GC (Allocation Failure)  663285K->414405K(938496K), 0.0040295 secs]
60.426: [GC (Allocation Failure)  672543K->421571K(938496K), 0.0040217 secs]
60.431: [GC (CMS Initial Mark)  423648K(938496K), 0.0007538 secs]
60.472: [GC (Allocation Failure)  679738K->431816K(938496K), 0.0040332 secs]
60.512: [GC (Allocation Failure)  689937K->443076K(938496K), 0.0050853 secs]
60.553: [GC (Allocation Failure)  701287K->451781K(938496K), 0.0048728 secs]
60.598: [GC (Allocation Failure)  709916K->457417K(938496K), 0.0049534 secs]
60.641: [GC (Allocation Failure)  715571K->469702K(938496K), 0.0049107 secs]
60.683: [GC (Allocation Failure)  727879K->478412K(938496K), 0.0050170 secs]
60.726: [GC (Allocation Failure)  736661K->487111K(938496K), 0.0049351 secs]
60.771: [GC (Allocation Failure)  745363K->497868K(938496K), 0.0051228 secs]
60.815: [GC (Allocation Failure)  756070K->507080K(938496K), 0.0039430 secs]
60.859: [GC (Allocation Failure)  765184K->514760K(938496K), 0.0049645 secs]
60.901: [GC (Allocation Failure)  772903K->525515K(938496K), 0.0047690 secs]
60.943: [GC (Allocation Failure)  783560K->536777K(938496K), 0.0068216 secs]
60.987: [GC (Allocation Failure)  794795K->544462K(938496K), 0.0049041 secs]
61.029: [GC (Allocation Failure)  802631K->552138K(938496K), 0.0048727 secs]
61.072: [GC (Allocation Failure)  810226K->561871K(938496K), 0.0050750 secs]
61.114: [GC (Allocation Failure)  820047K->571083K(938496K), 0.0049224 secs]
61.158: [GC (Allocation Failure)  829129K->581324K(938496K), 0.0049741 secs]
61.200: [GC (Allocation Failure)  839596K->594641K(938496K), 0.0050914 secs]
61.244: [GC (Allocation Failure)  852740K->601809K(938496K), 0.0049567 secs]
61.284: [GC (Allocation Failure)  859930K->611538K(938496K), 0.0049016 secs]
61.327: [GC (Allocation Failure)  869526K->623310K(938496K), 0.0052063 secs]
61.368: [GC (Allocation Failure)  881427K->629459K(938496K), 0.0048910 secs]
61.411: [GC (Allocation Failure)  887616K->641231K(938496K), 0.0040461 secs]
61.452: [GC (Allocation Failure)  899209K->649935K(938496K), 0.0047981 secs]
61.496: [GC (Allocation Failure)  908094K->660690K(938496K), 0.0049632 secs]
61.502: [GC (CMS Final Remark)  663819K(938496K), 0.0117432 secs]
61.543: [GC (Allocation Failure)  544690K->293572K(938496K), 0.0047882 secs]
61.586: [GC (Allocation Failure)  551629K->303305K(938496K), 0.0066295 secs]
61.626: [GC (Allocation Failure)  561339K->310469K(938496K), 0.0039060 secs]
61.671: [GC (Allocation Failure)  568635K->319176K(938496K), 0.0044722 secs]
61.713: [GC (Allocation Failure)  577138K->332999K(938496K), 0.0039587 secs]
61.756: [GC (Allocation Failure)  590928K->336583K(938496K), 0.0038964 secs]
61.761: [GC (CMS Initial Mark)  338128K(938496K), 0.0008745 secs]
61.800: [GC (Allocation Failure)  594813K->352458K(938496K), 0.0064995 secs]
61.842: [GC (Allocation Failure)  610557K->353992K(938496K), 0.0049735 secs]
61.886: [GC (Allocation Failure)  612153K->364746K(938496K), 0.0039224 secs]
61.930: [GC (Allocation Failure)  622900K->375497K(938496K), 0.0047477 secs]
61.970: [GC (Allocation Failure)  633604K->384717K(938496K), 0.0039924 secs]
62.014: [GC (Allocation Failure)  642779K->391882K(938496K), 0.0038909 secs]
62.058: [GC (Allocation Failure)  649881K->402634K(938496K), 0.0067450 secs]
62.100: [GC (Allocation Failure)  660776K->411855K(938496K), 0.0059061 secs]
62.145: [GC (Allocation Failure)  670081K->421579K(938496K), 0.0046515 secs]
62.186: [GC (Allocation Failure)  679633K->429774K(938496K), 0.0066471 secs]
62.230: [GC (Allocation Failure)  687847K->438988K(938496K), 0.0066224 secs]
62.274: [GC (Allocation Failure)  697126K->447185K(938496K), 0.0067772 secs]
62.316: [GC (Allocation Failure)  705260K->455887K(938496K), 0.0065888 secs]
62.358: [GC (Allocation Failure)  713832K->462542K(938496K), 0.0066421 secs]
62.402: [GC (Allocation Failure)  720706K->472274K(938496K), 0.0069432 secs]
62.443: [GC (Allocation Failure)  730633K->481999K(938496K), 0.0051594 secs]
62.484: [GC (Allocation Failure)  740103K->493265K(938496K), 0.0048926 secs]
62.527: [GC (Allocation Failure)  751431K->502992K(938496K), 0.0067138 secs]
62.571: [GC (Allocation Failure)  761175K->509138K(938496K), 0.0048632 secs]
62.613: [GC (Allocation Failure)  767173K->518865K(938496K), 0.0048939 secs]
62.655: [GC (Allocation Failure)  776957K->526545K(938496K), 0.0047918 secs]
62.695: [GC (Allocation Failure)  784574K->537814K(938496K), 0.0048681 secs]
62.737: [GC (Allocation Failure)  795774K->546002K(938496K), 0.0048562 secs]
62.779: [GC (Allocation Failure)  804027K->555223K(938496K), 0.0050002 secs]
62.819: [GC (Allocation Failure)  813221K->563923K(938496K), 0.0049505 secs]
62.862: [GC (Allocation Failure)  821922K->571094K(938496K), 0.0048479 secs]
62.901: [GC (Allocation Failure)  829132K->582868K(938496K), 0.0049770 secs]
62.944: [GC (Allocation Failure)  841027K->593620K(938496K), 0.0048848 secs]
62.987: [GC (Allocation Failure)  851533K->603351K(938496K), 0.0049211 secs]
63.027: [GC (Allocation Failure)  861434K->615126K(938496K), 0.0049628 secs]
63.067: [GC (Allocation Failure)  873110K->623834K(938496K), 0.0049645 secs]
63.108: [GC (Allocation Failure)  881927K->633047K(938496K), 0.0064100 secs]
63.150: [GC (Allocation Failure)  891115K->643799K(938496K), 0.0039718 secs]
63.193: [GC (Allocation Failure)  901835K->651482K(938496K), 0.0066103 secs]
63.233: [GC (Allocation Failure)  909375K->661720K(938496K), 0.0064332 secs]
63.241: [GC (CMS Final Remark)  663287K(938496K), 0.0117687 secs]
63.279: [GC (Allocation Failure)  629688K->380625K(938496K), 0.0047021 secs]
63.285: [GC (CMS Initial Mark)  383210K(938496K), 0.0007786 secs]
63.322: [GC (Allocation Failure)  638991K->392912K(938496K), 0.0038438 secs]
63.362: [GC (Allocation Failure)  651061K->401108K(938496K), 0.0047934 secs]
63.404: [GC (Allocation Failure)  659058K->412881K(938496K), 0.0047242 secs]
63.446: [GC (Allocation Failure)  670840K->421585K(938496K), 0.0048463 secs]
63.487: [GC (Allocation Failure)  679553K->433366K(938496K), 0.0048504 secs]
63.528: [GC (Allocation Failure)  691397K->440018K(938496K), 0.0065554 secs]
63.571: [GC (Allocation Failure)  697984K->449239K(938496K), 0.0051935 secs]
63.612: [GC (Allocation Failure)  707213K->460499K(938496K), 0.0048918 secs]
63.654: [GC (Allocation Failure)  718476K->468692K(938496K), 0.0047378 secs]
63.695: [GC (Allocation Failure)  726744K->476376K(938496K), 0.0038760 secs]
63.737: [GC (Allocation Failure)  734319K->483541K(938496K), 0.0038393 secs]
63.779: [GC (Allocation Failure)  741876K->493273K(938496K), 0.0038094 secs]
63.818: [GC (Allocation Failure)  751301K->499926K(938496K), 0.0115620 secs]
63.860: [GC (Allocation Failure)  758064K->509654K(938496K), 0.0064998 secs]
63.903: [GC (Allocation Failure)  767637K->520921K(938496K), 0.0068877 secs]
63.945: [GC (Allocation Failure)  779015K->531671K(938496K), 0.0112999 secs]
63.988: [GC (Allocation Failure)  789726K->540892K(938496K), 0.0065368 secs]
64.028: [GC (Allocation Failure)  798797K->550104K(938496K), 0.0068099 secs]
64.072: [GC (Allocation Failure)  808005K->559835K(938496K), 0.0046546 secs]
64.111: [GC (Allocation Failure)  817740K->567513K(938496K), 0.0048256 secs]
64.152: [GC (Allocation Failure)  825520K->579801K(938496K), 0.0048417 secs]
64.195: [GC (Allocation Failure)  837805K->585436K(938496K), 0.0049495 secs]
64.233: [GC (Allocation Failure)  843353K->596698K(938496K), 0.0066073 secs]
64.275: [GC (Allocation Failure)  854773K->604383K(938496K), 0.0065835 secs]
64.318: [GC (Allocation Failure)  862461K->612571K(938496K), 0.0049090 secs]
64.357: [GC (Allocation Failure)  870931K->621276K(938496K), 0.0048625 secs]
64.398: [GC (Allocation Failure)  879222K->630494K(938496K), 0.0065486 secs]
64.437: [GC (Allocation Failure)  888542K->639709K(938496K), 0.0064663 secs]
64.480: [GC (Allocation Failure)  897746K->650975K(938496K), 0.0070461 secs]
64.519: [GC (Allocation Failure)  908945K->658654K(938496K), 0.0048636 secs]
64.525: [GC (CMS Final Remark)  662295K(938496K), 0.0114778 secs]
64.563: [GC (Allocation Failure)  582383K->335064K(938496K), 0.0040854 secs]
64.568: [GC (CMS Initial Mark)  338726K(938496K), 0.0008703 secs]
64.606: [GC (Allocation Failure)  592942K->344788K(938496K), 0.0047514 secs]
64.648: [GC (Allocation Failure)  603107K->354004K(938496K), 0.0047820 secs]
64.688: [GC (Allocation Failure)  611937K->364249K(938496K), 0.0053094 secs]
64.731: [GC (Allocation Failure)  622250K->373462K(938496K), 0.0038161 secs]
64.769: [GC (Allocation Failure)  631776K->384218K(938496K), 0.0047236 secs]
64.808: [GC (Allocation Failure)  642098K->392407K(938496K), 0.0063876 secs]
64.848: [GC (Allocation Failure)  650423K->401111K(938496K), 0.0066600 secs]
64.887: [GC (Allocation Failure)  659043K->411868K(938496K), 0.0048438 secs]
64.926: [GC (Allocation Failure)  669929K->417496K(938496K), 0.0065498 secs]
64.967: [GC (Allocation Failure)  675412K->427227K(938496K), 0.0045354 secs]
65.005: [GC (Allocation Failure)  685267K->437977K(938496K), 0.0065739 secs]
65.047: [GC (Allocation Failure)  695841K->444633K(938496K), 0.0045118 secs]
65.089: [GC (Allocation Failure)  702566K->457950K(938496K), 0.0039478 secs]
65.128: [GC (Allocation Failure)  715993K->467162K(938496K), 0.0038458 secs]
65.169: [GC (Allocation Failure)  725124K->475359K(938496K), 0.0039112 secs]
65.209: [GC (Allocation Failure)  733282K->483547K(938496K), 0.0038133 secs]
65.246: [GC (Allocation Failure)  741830K->491740K(938496K), 0.0047058 secs]
65.285: [GC (Allocation Failure)  749771K->503520K(938496K), 0.0047248 secs]
65.326: [GC (Allocation Failure)  761478K->514269K(938496K), 0.0048384 secs]
65.366: [GC (Allocation Failure)  772141K->525535K(938496K), 0.0046729 secs]
65.406: [GC (Allocation Failure)  783496K->533214K(938496K), 0.0066743 secs]
65.446: [GC (Allocation Failure)  791124K->542430K(938496K), 0.0067026 secs]
65.485: [GC (Allocation Failure)  800321K->552675K(938496K), 0.0107520 secs]
65.527: [GC (Allocation Failure)  810612K->561375K(938496K), 0.0049055 secs]
65.568: [GC (Allocation Failure)  819331K->570596K(938496K), 0.0047249 secs]
65.610: [GC (Allocation Failure)  828513K->579808K(938496K), 0.0067488 secs]
65.647: [GC (Allocation Failure)  838155K->588512K(938496K), 0.0064942 secs]
65.689: [GC (Allocation Failure)  846422K->599267K(938496K), 0.0065756 secs]
65.729: [GC (Allocation Failure)  857213K->608482K(938496K), 0.0040047 secs]
65.768: [GC (Allocation Failure)  866361K->619750K(938496K), 0.0038591 secs]
65.808: [GC (Allocation Failure)  877627K->627427K(938496K), 0.0041456 secs]
65.848: [GC (Allocation Failure)  885785K->637155K(938496K), 0.0048498 secs]
65.888: [GC (Allocation Failure)  895443K->646376K(938496K), 0.0058508 secs]
65.928: [GC (Allocation Failure)  904264K->659174K(938496K), 0.0038612 secs]
65.968: [GC (Allocation Failure)  917112K->661225K(938496K), 0.0039937 secs]
65.974: [GC (CMS Final Remark)  666430K(938496K), 0.0118529 secs]
66.010: [GC (Allocation Failure)  630118K->380124K(938496K), 0.0045889 secs]
66.016: [GC (CMS Initial Mark)  385343K(938496K), 0.0012227 secs]
66.051: [GC (Allocation Failure)  638404K->391388K(938496K), 0.0064984 secs]
66.093: [GC (Allocation Failure)  649335K->398559K(938496K), 0.0065506 secs]
66.132: [GC (Allocation Failure)  656815K->410845K(938496K), 0.0065470 secs]
66.172: [GC (Allocation Failure)  669194K->418530K(938496K), 0.0065381 secs]
66.213: [GC (Allocation Failure)  676851K->425694K(938496K), 0.0064727 secs]
66.254: [GC (Allocation Failure)  683641K->435422K(938496K), 0.0064652 secs]
66.296: [GC (Allocation Failure)  693720K->445665K(938496K), 0.0065869 secs]
66.334: [GC (Allocation Failure)  703632K->455391K(938496K), 0.0047092 secs]
66.375: [GC (Allocation Failure)  713658K->465124K(938496K), 0.0046089 secs]
66.414: [GC (Allocation Failure)  722997K->474336K(938496K), 0.0047827 secs]
66.455: [GC (Allocation Failure)  732304K->482529K(938496K), 0.0045319 secs]
66.494: [GC (Allocation Failure)  740836K->491235K(938496K), 0.0046098 secs]
66.534: [GC (Allocation Failure)  749538K->500450K(938496K), 0.0046918 secs]
66.574: [GC (Allocation Failure)  758750K->509668K(938496K), 0.0049461 secs]
66.613: [GC (Allocation Failure)  767565K->519907K(938496K), 0.0065692 secs]
66.652: [GC (Allocation Failure)  777946K->530147K(938496K), 0.0069236 secs]
66.693: [GC (Allocation Failure)  788505K->537320K(938496K), 0.0047243 secs]
66.732: [GC (Allocation Failure)  795684K->548580K(938496K), 0.0038785 secs]
66.773: [GC (Allocation Failure)  806933K->556263K(938496K), 0.0039667 secs]
66.814: [GC (Allocation Failure)  814170K->568037K(938496K), 0.0038606 secs]
66.852: [GC (Allocation Failure)  826405K->576742K(938496K), 0.0046744 secs]
66.891: [GC (Allocation Failure)  835047K->585450K(938496K), 0.0038090 secs]
66.930: [GC (Allocation Failure)  843480K->596199K(938496K), 0.0065652 secs]
66.972: [GC (Allocation Failure)  854105K->603883K(938496K), 0.0064066 secs]
67.010: [GC (Allocation Failure)  861749K->617708K(938496K), 0.0066292 secs]
67.052: [GC (Allocation Failure)  875584K->618216K(938496K), 0.0051233 secs]
67.093: [GC (Allocation Failure)  876545K->631531K(938496K), 0.0038665 secs]
67.131: [GC (Allocation Failure)  889892K->633577K(938496K), 0.0049576 secs]
67.169: [GC (Allocation Failure)  891840K->643309K(938496K), 0.0047957 secs]
67.211: [GC (Allocation Failure)  901645K->654058K(938496K), 0.0049297 secs]
67.248: [GC (Allocation Failure)  912404K->663786K(938496K), 0.0066720 secs]
67.257: [GC (CMS Final Remark)  672622K(938496K), 0.0111930 secs]
67.290: [GC (Allocation Failure)  586908K->337636K(938496K), 0.0038359 secs]
67.295: [GC (CMS Initial Mark)  338667K(938496K), 0.0008252 secs]
67.331: [GC (Allocation Failure)  595853K->347873K(938496K), 0.0039694 secs]
67.368: [GC (Allocation Failure)  606239K->360163K(938496K), 0.0039722 secs]
67.406: [GC (Allocation Failure)  618383K->366306K(938496K), 0.0048639 secs]
67.446: [GC (Allocation Failure)  624260K->379618K(938496K), 0.0046794 secs]
67.486: [GC (Allocation Failure)  637846K->381156K(938496K), 0.0050628 secs]
67.523: [GC (Allocation Failure)  639471K->392423K(938496K), 0.0045486 secs]
67.561: [GC (Allocation Failure)  650787K->396517K(938496K), 0.0049079 secs]
67.600: [GC (Allocation Failure)  654688K->404196K(938496K), 0.0048816 secs]
67.637: [GC (Allocation Failure)  662082K->414948K(938496K), 0.0045793 secs]
67.676: [GC (Allocation Failure)  673283K->422121K(938496K), 0.0049523 secs]
67.714: [GC (Allocation Failure)  680430K->432357K(938496K), 0.0048468 secs]
67.753: [GC (Allocation Failure)  690313K->441061K(938496K), 0.0045035 secs]
67.792: [GC (Allocation Failure)  699245K->450794K(938496K), 0.0046695 secs]
67.830: [GC (Allocation Failure)  708731K->461030K(938496K), 0.0065260 secs]
67.870: [GC (Allocation Failure)  718911K->469227K(938496K), 0.0044688 secs]
67.908: [GC (Allocation Failure)  727107K->477415K(938496K), 0.0045188 secs]
67.946: [GC (Allocation Failure)  735700K->486120K(938496K), 0.0037047 secs]
67.984: [GC (Allocation Failure)  744364K->497386K(938496K), 0.0037862 secs]
68.022: [GC (Allocation Failure)  755640K->499433K(938496K), 0.0040221 secs]
68.061: [GC (Allocation Failure)  757650K->509677K(938496K), 0.0037775 secs]
68.097: [GC (Allocation Failure)  767920K->518890K(938496K), 0.0037911 secs]
68.135: [GC (Allocation Failure)  777155K->527594K(938496K), 0.0037751 secs]
68.172: [GC (Allocation Failure)  785954K->536813K(938496K), 0.0038921 secs]
68.210: [GC (Allocation Failure)  795055K->542955K(938496K), 0.0047497 secs]
68.250: [GC (Allocation Failure)  801259K->555755K(938496K), 0.0048498 secs]
68.286: [GC (Allocation Failure)  814010K->556272K(938496K), 0.0047528 secs]
68.325: [GC (Allocation Failure)  814609K->570096K(938496K), 0.0046619 secs]
68.363: [GC (Allocation Failure)  828363K->572145K(938496K), 0.0047083 secs]
68.404: [GC (Allocation Failure)  830452K->578285K(938496K), 0.0042117 secs]
68.440: [GC (Allocation Failure)  836452K->590061K(938496K), 0.0037753 secs]
68.479: [GC (Allocation Failure)  847988K->591600K(938496K), 0.0039492 secs]
68.518: [GC (Allocation Failure)  849941K->602350K(938496K), 0.0038971 secs]
68.555: [GC (Allocation Failure)  860613K->609518K(938496K), 0.0045384 secs]
68.595: [GC (Allocation Failure)  867745K->620275K(938496K), 0.0044688 secs]
68.632: [GC (Allocation Failure)  878436K->622831K(938496K), 0.0043988 secs]
68.670: [GC (Allocation Failure)  881198K->628978K(938496K), 0.0036899 secs]
68.710: [GC (Allocation Failure)  887058K->642804K(938496K), 0.0038140 secs]
68.748: [GC (Allocation Failure)  901138K->643824K(938496K), 0.0065433 secs]
68.787: [GC (Allocation Failure)  902122K->655091K(938496K), 0.0062296 secs]
68.826: [GC (Allocation Failure)  913348K->657137K(938496K), 0.0065451 secs]
68.833: [GC (CMS Final Remark)  659212K(938496K), 0.0145332 secs]
68.872: [GC (Allocation Failure)  623907K->375019K(938496K), 0.0065565 secs]
68.879: [GC (CMS Initial Mark)  376051K(938496K), 0.0020114 secs]
68.915: [GC (Allocation Failure)  633385K->386281K(938496K), 0.0064938 secs]
68.956: [GC (Allocation Failure)  644526K->393449K(938496K), 0.0063411 secs]
68.996: [GC (Allocation Failure)  651695K->404718K(938496K), 0.0062835 secs]
69.033: [GC (Allocation Failure)  663013K->406762K(938496K), 0.0064910 secs]
69.072: [GC (Allocation Failure)  664926K->417517K(938496K), 0.0091821 secs]
69.112: [GC (Allocation Failure)  675824K->427759K(938496K), 0.0060442 secs]
69.150: [GC (Allocation Failure)  685909K->430827K(938496K), 0.0065590 secs]
69.188: [GC (Allocation Failure)  689050K->443632K(938496K), 0.0064256 secs]
69.226: [GC (Allocation Failure)  701964K->444140K(938496K), 0.0064721 secs]
69.265: [GC (Allocation Failure)  702468K->453873K(938496K), 0.0063268 secs]
69.302: [GC (Allocation Failure)  712009K->464109K(938496K), 0.0111536 secs]
69.343: [GC (Allocation Failure)  722383K->472302K(938496K), 0.0064943 secs]
69.382: [GC (Allocation Failure)  730522K->481520K(938496K), 0.0065598 secs]
69.422: [GC (Allocation Failure)  739873K->492271K(938496K), 0.0064669 secs]
69.459: [GC (Allocation Failure)  750503K->500975K(938496K), 0.0063596 secs]
69.498: [GC (Allocation Failure)  759208K->508660K(938496K), 0.0061530 secs]
69.536: [GC (Allocation Failure)  766848K->519410K(938496K), 0.0063303 secs]
69.572: [GC (Allocation Failure)  777592K->520948K(938496K), 0.0066043 secs]
69.612: [GC (Allocation Failure)  779253K->529649K(938496K), 0.0063065 secs]
69.649: [GC (Allocation Failure)  787810K->539889K(938496K), 0.0063819 secs]
69.686: [GC (Allocation Failure)  798238K->549622K(938496K), 0.0064996 secs]
69.725: [GC (Allocation Failure)  807692K->557298K(938496K), 0.0063817 secs]
69.760: [GC (Allocation Failure)  815599K->567541K(938496K), 0.0062838 secs]
69.801: [GC (Allocation Failure)  825782K->578807K(938496K), 0.0063993 secs]
69.841: [GC (Allocation Failure)  836690K->580339K(938496K), 0.0065969 secs]
69.876: [GC (Allocation Failure)  838586K->592120K(938496K), 0.0063791 secs]
69.916: [GC (Allocation Failure)  850317K->593140K(938496K), 0.0064870 secs]
69.951: [GC (Allocation Failure)  851426K->604917K(938496K), 0.0063558 secs]
69.993: [GC (Allocation Failure)  863126K->605943K(938496K), 0.0079309 secs]
70.029: [GC (Allocation Failure)  864301K->617209K(938496K), 0.0046148 secs]
70.068: [GC (Allocation Failure)  875574K->619768K(938496K), 0.0047146 secs]
70.106: [GC (Allocation Failure)  877926K->627446K(938496K), 0.0078485 secs]
70.143: [GC (Allocation Failure)  885623K->635638K(938496K), 0.0050522 secs]
70.183: [GC (Allocation Failure)  893874K->646393K(938496K), 0.0045362 secs]
70.220: [GC (Allocation Failure)  904678K->648951K(938496K), 0.0066478 secs]
70.227: [GC (CMS Final Remark)  649980K(938496K), 0.0115095 secs]
70.263: [GC (Allocation Failure)  577733K->331506K(938496K), 0.0045731 secs]
70.302: [GC (Allocation Failure)  589639K->333550K(938496K), 0.0047594 secs]
70.308: [GC (CMS Initial Mark)  341345K(938496K), 0.0008838 secs]
70.343: [GC (Allocation Failure)  591802K->343790K(938496K), 0.0045638 secs]
70.379: [GC (Allocation Failure)  601844K->344818K(938496K), 0.0048636 secs]
70.417: [GC (Allocation Failure)  603102K->356083K(938496K), 0.0037863 secs]
70.454: [GC (Allocation Failure)  614146K->356079K(938496K), 0.0038227 secs]
70.490: [GC (Allocation Failure)  614286K->367860K(938496K), 0.0036842 secs]
70.527: [GC (Allocation Failure)  626125K->369904K(938496K), 0.0046564 secs]
70.564: [GC (Allocation Failure)  628089K->378612K(938496K), 0.0043778 secs]
70.598: [GC (Allocation Failure)  636756K->382197K(938496K), 0.0047144 secs]
70.637: [GC (Allocation Failure)  640394K->383217K(938496K), 0.0081500 secs]
70.672: [GC (Allocation Failure)  641497K->390899K(938496K), 0.0062254 secs]
70.711: [GC (Allocation Failure)  649157K->401652K(938496K), 0.0061842 secs]
70.749: [GC (Allocation Failure)  659752K->401138K(938496K), 0.0045751 secs]
70.785: [GC (Allocation Failure)  659401K->407798K(938496K), 0.0062121 secs]
70.824: [GC (Allocation Failure)  665968K->418551K(938496K), 0.0059988 secs]
70.858: [GC (Allocation Failure)  676789K->420595K(938496K), 0.0048273 secs]
70.896: [GC (Allocation Failure)  678678K->428279K(938496K), 0.0041798 secs]
70.932: [GC (Allocation Failure)  686498K->432376K(938496K), 0.0061654 secs]
70.972: [GC (Allocation Failure)  690696K->434934K(938496K), 0.0062787 secs]
71.010: [GC (Allocation Failure)  693140K->442100K(938496K), 0.0039925 secs]
71.046: [GC (Allocation Failure)  700316K->451317K(938496K), 0.0036583 secs]
71.083: [GC (Allocation Failure)  709374K->460025K(938496K), 0.0035732 secs]
71.120: [GC (Allocation Failure)  718252K->462582K(938496K), 0.0037254 secs]
71.158: [GC (Allocation Failure)  720786K->469750K(938496K), 0.0035947 secs]
71.194: [GC (Allocation Failure)  727951K->479994K(938496K), 0.0044178 secs]
71.232: [GC (Allocation Failure)  738274K->483067K(938496K), 0.0045042 secs]
71.268: [GC (Allocation Failure)  741230K->485115K(938496K), 0.0061655 secs]
71.307: [GC (Allocation Failure)  743241K->492279K(938496K), 0.0046131 secs]
71.345: [GC (Allocation Failure)  750466K->499960K(938496K), 0.0037561 secs]
71.385: [GC (Allocation Failure)  758093K->508668K(938496K), 0.0035284 secs]
71.421: [GC (Allocation Failure)  766870K->511228K(938496K), 0.0037266 secs]
71.460: [GC (Allocation Failure)  769422K->512760K(938496K), 0.0037281 secs]
71.497: [GC (Allocation Failure)  770903K->523517K(938496K), 0.0044628 secs]
71.534: [GC (Allocation Failure)  781723K->524025K(938496K), 0.0037077 secs]
71.569: [GC (Allocation Failure)  782141K->531198K(938496K), 0.0035765 secs]
71.607: [GC (Allocation Failure)  789387K->539900K(938496K), 0.0035519 secs]
71.643: [GC (Allocation Failure)  797996K->541946K(938496K), 0.0036916 secs]
71.680: [GC (Allocation Failure)  800151K->546047K(938496K), 0.0038724 secs]
71.715: [GC (Allocation Failure)  804179K->547071K(938496K), 0.0037014 secs]
71.750: [GC (Allocation Failure)  805202K->551163K(938496K), 0.0037429 secs]
71.788: [GC (Allocation Failure)  809416K->552704K(938496K), 0.0037129 secs]
71.825: [GC (Allocation Failure)  810722K->553212K(938496K), 0.0036957 secs]
71.861: [GC (Allocation Failure)  811561K->561408K(938496K), 0.0033894 secs]
71.899: [GC (Allocation Failure)  819384K->566016K(938496K), 0.0063075 secs]
71.935: [GC (Allocation Failure)  824156K->567037K(938496K), 0.0037738 secs]
71.973: [GC (Allocation Failure)  825126K->573697K(938496K), 0.0037598 secs]
72.011: [GC (Allocation Failure)  831973K->582913K(938496K), 0.0035883 secs]
72.046: [GC (Allocation Failure)  840927K->585470K(938496K), 0.0038138 secs]
72.081: [GC (Allocation Failure)  843701K->592642K(938496K), 0.0044816 secs]
72.119: [GC (Allocation Failure)  850801K->601343K(938496K), 0.0045735 secs]
72.156: [GC (Allocation Failure)  859545K->609023K(938496K), 0.0044828 secs]
72.194: [GC (Allocation Failure)  867204K->618756K(938496K), 0.0061139 secs]
72.232: [GC (Allocation Failure)  876919K->620800K(938496K), 0.0064294 secs]
72.267: [GC (Allocation Failure)  878825K->632580K(938496K), 0.0119610 secs]
72.306: [GC (Allocation Failure)  890933K->632577K(938496K), 0.0065795 secs]
72.343: [GC (Allocation Failure)  890683K->641281K(938496K), 0.0061909 secs]
72.380: [GC (Allocation Failure)  899414K->649475K(938496K), 0.0062229 secs]
72.387: [GC (CMS Final Remark)  652073K(938496K), 0.0117110 secs]
72.422: [GC (Allocation Failure)  617530K->370428K(938496K), 0.0061171 secs]
72.462: [GC (Allocation Failure)  628480K->371451K(938496K), 0.0063085 secs]
72.469: [GC (CMS Initial Mark)  374038K(938496K), 0.0011900 secs]
72.499: [GC (Allocation Failure)  629637K->380157K(938496K), 0.0057196 secs]
72.536: [GC (Allocation Failure)  638287K->383737K(938496K), 0.0047073 secs]
72.574: [GC (Allocation Failure)  641869K->392958K(938496K), 0.0043920 secs]
72.607: [GC (Allocation Failure)  651004K->396026K(938496K), 0.0044663 secs]
72.646: [GC (Allocation Failure)  654366K->405755K(938496K), 0.0043140 secs]
72.682: [GC (Allocation Failure)  663922K->408319K(938496K), 0.0044926 secs]
72.718: [GC (Allocation Failure)  666446K->417023K(938496K), 0.0058902 secs]
72.754: [GC (Allocation Failure)  675160K->420094K(938496K), 0.0061972 secs]
72.791: [GC (Allocation Failure)  678247K->424192K(938496K), 0.0064310 secs]
72.827: [GC (Allocation Failure)  682248K->424700K(938496K), 0.0042341 secs]
72.863: [GC (Allocation Failure)  682679K->433919K(938496K), 0.0058291 secs]
72.901: [GC (Allocation Failure)  691997K->438015K(938496K), 0.0063284 secs]
72.936: [GC (Allocation Failure)  696197K->437501K(938496K), 0.0045330 secs]
72.971: [GC (Allocation Failure)  695596K->445696K(938496K), 0.0041650 secs]
73.007: [GC (Allocation Failure)  703797K->449794K(938496K), 0.0061540 secs]
73.043: [GC (Allocation Failure)  708000K->451838K(938496K), 0.0046029 secs]
73.076: [GC (Allocation Failure)  709809K->460035K(938496K), 0.0045404 secs]
73.113: [GC (Allocation Failure)  718165K->466175K(938496K), 0.0045917 secs]
73.149: [GC (Allocation Failure)  724242K->475903K(938496K), 0.0045237 secs]
73.184: [GC (Allocation Failure)  734121K->476932K(938496K), 0.0044837 secs]
73.220: [GC (Allocation Failure)  735078K->487172K(938496K), 0.0043342 secs]
73.257: [GC (Allocation Failure)  745154K->490240K(938496K), 0.0046668 secs]
73.294: [GC (Allocation Failure)  748406K->492293K(938496K), 0.0046241 secs]
73.328: [GC (Allocation Failure)  750503K->494339K(938496K), 0.0044634 secs]
73.364: [GC (Allocation Failure)  752424K->496387K(938496K), 0.0037211 secs]
73.399: [GC (Allocation Failure)  754317K->497923K(938496K), 0.0062876 secs]
73.435: [GC (Allocation Failure)  756017K->499969K(938496K), 0.0062575 secs]
73.471: [GC (Allocation Failure)  758105K->501510K(938496K), 0.0062605 secs]
73.506: [GC (Allocation Failure)  759601K->505604K(938496K), 0.0117417 secs]
73.543: [GC (Allocation Failure)  763651K->507138K(938496K), 0.0062621 secs]
73.580: [GC (Allocation Failure)  765328K->508164K(938496K), 0.0062048 secs]
73.619: [GC (Allocation Failure)  766280K->516867K(938496K), 0.0061185 secs]
73.656: [GC (Allocation Failure)  775011K->525059K(938496K), 0.0061087 secs]
73.691: [GC (Allocation Failure)  783160K->532230K(938496K), 0.0060053 secs]
73.727: [GC (Allocation Failure)  790254K->542984K(938496K), 0.0037668 secs]
73.764: [GC (Allocation Failure)  801031K->545033K(938496K), 0.0046886 secs]
73.800: [GC (Allocation Failure)  803149K->548105K(938496K), 0.0061760 secs]
73.833: [GC (Allocation Failure)  806228K->550661K(938496K), 0.0045060 secs]
73.868: [GC (Allocation Failure)  808912K->553225K(938496K), 0.0061424 secs]
73.907: [GC (Allocation Failure)  811230K->555273K(938496K), 0.0046472 secs]
73.941: [GC (Allocation Failure)  813361K->556806K(938496K), 0.0061759 secs]
73.978: [GC (Allocation Failure)  814937K->567562K(938496K), 0.0059819 secs]
74.015: [GC (Allocation Failure)  825637K->569094K(938496K), 0.0047187 secs]
74.051: [GC (Allocation Failure)  827196K->579335K(938496K), 0.0044736 secs]
74.087: [GC (Allocation Failure)  837400K->581387K(938496K), 0.0062415 secs]
74.123: [GC (Allocation Failure)  839342K->584455K(938496K), 0.0045895 secs]
74.157: [GC (Allocation Failure)  842630K->594696K(938496K), 0.0040826 secs]
74.194: [GC (Allocation Failure)  852752K->598796K(938496K), 0.0061892 secs]
74.231: [GC (Allocation Failure)  856973K->599816K(938496K), 0.0115330 secs]
74.266: [GC (Allocation Failure)  857886K->608525K(938496K), 0.0071472 secs]
74.302: [GC (Allocation Failure)  866540K->611085K(938496K), 0.0038891 secs]
74.338: [GC (Allocation Failure)  869171K->613641K(938496K), 0.0037005 secs]
74.372: [GC (Allocation Failure)  871663K->620812K(938496K), 0.0044790 secs]
74.407: [GC (Allocation Failure)  878871K->632078K(938496K), 0.0043009 secs]
74.441: [GC (Allocation Failure)  890209K->633610K(938496K), 0.0046440 secs]
74.476: [GC (Allocation Failure)  891643K->636173K(938496K), 0.0044664 secs]
74.513: [GC (Allocation Failure)  894209K->638221K(938496K), 0.0044222 secs]
74.549: [GC (Allocation Failure)  896335K->639243K(938496K), 0.0045457 secs]
74.585: [GC (Allocation Failure)  897305K->640269K(938496K), 0.0045054 secs]
74.620: [GC (Allocation Failure)  898320K->642831K(938496K), 0.0045818 secs]
74.657: [GC (Allocation Failure)  901178K->644364K(938496K), 0.0046499 secs]
74.690: [GC (Allocation Failure)  902647K->646416K(938496K), 0.0045782 secs]
74.725: [GC (Allocation Failure)  904493K->654096K(938496K), 0.0045816 secs]
74.763: [GC (Allocation Failure)  912095K->655633K(938496K), 0.0046984 secs]
74.796: [GC (Allocation Failure)  913753K->657169K(938496K), 0.0045666 secs]
74.831: [GC (Allocation Failure)  915089K->660749K(938496K), 0.0047480 secs]
74.867: [GC (Allocation Failure)  918829K->915250K(938496K), 0.0060971 secs]
74.876: [Full GC (Allocation Failure)  915250K->40689K(938496K), 0.0624370 secs]
74.957: [GC (Allocation Failure)  298609K->54513K(938496K), 0.0052526 secs]
74.989: [GC (Allocation Failure)  312708K->65270K(938496K), 0.0049211 secs]
75.028: [GC (Allocation Failure)  323310K->65274K(938496K), 0.0037078 secs]
75.062: [GC (Allocation Failure)  323420K->66815K(938496K), 0.0041940 secs]
75.097: [GC (Allocation Failure)  324861K->76541K(938496K), 0.0037246 secs]
75.132: [GC (Allocation Failure)  334653K->79611K(938496K), 0.0038940 secs]
75.166: [GC (Allocation Failure)  337709K->81152K(938496K), 0.0048825 secs]
75.200: [GC (Allocation Failure)  339169K->84736K(938496K), 0.0039885 secs]
75.235: [GC (Allocation Failure)  342916K->86780K(938496K), 0.0038857 secs]
75.270: [GC (Allocation Failure)  344886K->89344K(938496K), 0.0068975 secs]
75.305: [GC (Allocation Failure)  347338K->98047K(938496K), 0.0061674 secs]
75.341: [GC (Allocation Failure)  356131K->103677K(938496K), 0.0068494 secs]
75.375: [GC (Allocation Failure)  361749K->105727K(938496K), 0.0051622 secs]
75.411: [GC (Allocation Failure)  363706K->112898K(938496K), 0.0045637 secs]
75.445: [GC (Allocation Failure)  370891K->115966K(938496K), 0.0039211 secs]
75.482: [GC (Allocation Failure)  374034K->117506K(938496K), 0.0038522 secs]
75.515: [GC (Allocation Failure)  375516K->121602K(938496K), 0.0050968 secs]
75.552: [GC (Allocation Failure)  379636K->123647K(938496K), 0.0048167 secs]
75.586: [GC (Allocation Failure)  381660K->124675K(938496K), 0.0066944 secs]
75.623: [GC (Allocation Failure)  382831K->127745K(938496K), 0.0068003 secs]
75.659: [GC (Allocation Failure)  385752K->128767K(938496K), 0.0066421 secs]
75.691: [GC (Allocation Failure)  386796K->132354K(938496K), 0.0067737 secs]
75.727: [GC (Allocation Failure)  390322K->134914K(938496K), 0.0068557 secs]
75.762: [GC (Allocation Failure)  392913K->138498K(938496K), 0.0068426 secs]
75.798: [GC (Allocation Failure)  396664K->140548K(938496K), 0.0052375 secs]
75.831: [GC (Allocation Failure)  398485K->142593K(938496K), 0.0051234 secs]
75.866: [GC (Allocation Failure)  400644K->150789K(938496K), 0.0045774 secs]
75.900: [GC (Allocation Failure)  408730K->153347K(938496K), 0.0049379 secs]
75.933: [GC (Allocation Failure)  411484K->155394K(938496K), 0.0046980 secs]
75.968: [GC (Allocation Failure)  413321K->158982K(938496K), 0.0038434 secs]
76.001: [GC (Allocation Failure)  417132K->160518K(938496K), 0.0038379 secs]
76.037: [GC (Allocation Failure)  418539K->164098K(938496K), 0.0038822 secs]
76.068: [GC (Allocation Failure)  422166K->165125K(938496K), 0.0038328 secs]
76.102: [GC (Allocation Failure)  423242K->168199K(938496K), 0.0038709 secs]
76.138: [GC (Allocation Failure)  426173K->169731K(938496K), 0.0048899 secs]
76.172: [GC (Allocation Failure)  427816K->174343K(938496K), 0.0048584 secs]
76.206: [GC (Allocation Failure)  432472K->174853K(938496K), 0.0048061 secs]
76.240: [GC (Allocation Failure)  432879K->177924K(938496K), 0.0047298 secs]
76.274: [GC (Allocation Failure)  435837K->181512K(938496K), 0.0046712 secs]
76.309: [GC (Allocation Failure)  439502K->181512K(938496K), 0.0038004 secs]
76.342: [GC (Allocation Failure)  439527K->185604K(938496K), 0.0067799 secs]
76.377: [GC (Allocation Failure)  443663K->187145K(938496K), 0.0130316 secs]
76.412: [GC (Allocation Failure)  445346K->190215K(938496K), 0.0088324 secs]
76.447: [GC (Allocation Failure)  448167K->192261K(938496K), 0.0065289 secs]
76.483: [GC (Allocation Failure)  450309K->202506K(938496K), 0.0061682 secs]
76.517: [GC (Allocation Failure)  460499K->206088K(938496K), 0.0066375 secs]
76.551: [GC (Allocation Failure)  464147K->207110K(938496K), 0.0065207 secs]
76.586: [GC (Allocation Failure)  465195K->210698K(938496K), 0.0065128 secs]
76.620: [GC (Allocation Failure)  468699K->213257K(938496K), 0.0065183 secs]
76.654: [GC (Allocation Failure)  471448K->218887K(938496K), 0.0065565 secs]
76.690: [GC (Allocation Failure)  476820K->219915K(938496K), 0.0063802 secs]
76.725: [GC (Allocation Failure)  477915K->227593K(938496K), 0.0061388 secs]
76.759: [GC (Allocation Failure)  485542K->229640K(938496K), 0.0063856 secs]
76.793: [GC (Allocation Failure)  487572K->230666K(938496K), 0.0049537 secs]
76.828: [GC (Allocation Failure)  488881K->234250K(938496K), 0.0037456 secs]
76.861: [GC (Allocation Failure)  492341K->235277K(938496K), 0.0036639 secs]
76.893: [GC (Allocation Failure)  493618K->236811K(938496K), 0.0044814 secs]
76.928: [GC (Allocation Failure)  494833K->241929K(938496K), 0.0047510 secs]
76.960: [GC (Allocation Failure)  499939K->243979K(938496K), 0.0047334 secs]
76.995: [GC (Allocation Failure)  501982K->245517K(938496K), 0.0063456 secs]
77.030: [GC (Allocation Failure)  503610K->248076K(938496K), 0.0048087 secs]
77.063: [GC (Allocation Failure)  505981K->250126K(938496K), 0.0038467 secs]
77.098: [GC (Allocation Failure)  508159K->252686K(938496K), 0.0037140 secs]
77.133: [GC (Allocation Failure)  510761K->256266K(938496K), 0.0038199 secs]
77.168: [GC (Allocation Failure)  514408K->259853K(938496K), 0.0037346 secs]
77.203: [GC (Allocation Failure)  517870K->261391K(938496K), 0.0037191 secs]
77.237: [GC (Allocation Failure)  519339K->265483K(938496K), 0.0037075 secs]
77.272: [GC (Allocation Failure)  523469K->268048K(938496K), 0.0047901 secs]
77.306: [GC (Allocation Failure)  526105K->270096K(938496K), 0.0047855 secs]
77.340: [GC (Allocation Failure)  528440K->272652K(938496K), 0.0045637 secs]
77.374: [GC (Allocation Failure)  530747K->275728K(938496K), 0.0045469 secs]
77.411: [GC (Allocation Failure)  533761K->279312K(938496K), 0.0046952 secs]
77.444: [GC (Allocation Failure)  537293K->280845K(938496K), 0.0047151 secs]
77.479: [GC (Allocation Failure)  538728K->283409K(938496K), 0.0046520 secs]
77.513: [GC (Allocation Failure)  541756K->286479K(938496K), 0.0116508 secs]
77.548: [GC (Allocation Failure)  544489K->287501K(938496K), 0.0047602 secs]
77.583: [GC (Allocation Failure)  545413K->289554K(938496K), 0.0053900 secs]
77.619: [GC (Allocation Failure)  547515K->291088K(938496K), 0.0118498 secs]
77.653: [GC (Allocation Failure)  549178K->295694K(938496K), 0.0037793 secs]
77.689: [GC (Allocation Failure)  554031K->298258K(938496K), 0.0045899 secs]
77.723: [GC (Allocation Failure)  556316K->300307K(938496K), 0.0037287 secs]
77.755: [GC (Allocation Failure)  558204K->303375K(938496K), 0.0037335 secs]
77.790: [GC (Allocation Failure)  561264K->305937K(938496K), 0.0036490 secs]
77.823: [GC (Allocation Failure)  563944K->309011K(938496K), 0.0036756 secs]
77.858: [GC (Allocation Failure)  566897K->311055K(938496K), 0.0036788 secs]
77.891: [GC (Allocation Failure)  569030K->314644K(938496K), 0.0037600 secs]
77.924: [GC (Allocation Failure)  572581K->319252K(938496K), 0.0037172 secs]
77.957: [GC (Allocation Failure)  577268K->321808K(938496K), 0.0038887 secs]
77.991: [GC (Allocation Failure)  579711K->324885K(938496K), 0.0037495 secs]
78.027: [GC (Allocation Failure)  582936K->327445K(938496K), 0.0036550 secs]
78.059: [GC (Allocation Failure)  585374K->331537K(938496K), 0.0037029 secs]
78.092: [GC (Allocation Failure)  589485K->334614K(938496K), 0.0047754 secs]
78.125: [GC (Allocation Failure)  592580K->336662K(938496K), 0.0046464 secs]
78.160: [GC (Allocation Failure)  594658K->338196K(938496K), 0.0046024 secs]
78.193: [GC (Allocation Failure)  596213K->341268K(938496K), 0.0044361 secs]
78.228: [GC (Allocation Failure)  599275K->342804K(938496K), 0.0036758 secs]
78.258: [GC (Allocation Failure)  600754K->345874K(938496K), 0.0036326 secs]
78.292: [GC (Allocation Failure)  604134K->347415K(938496K), 0.0047489 secs]
78.324: [GC (Allocation Failure)  605437K->349461K(938496K), 0.0046091 secs]
78.360: [GC (Allocation Failure)  607459K->350995K(938496K), 0.0046003 secs]
78.395: [GC (Allocation Failure)  609353K->354072K(938496K), 0.0046486 secs]
78.428: [GC (Allocation Failure)  611958K->357144K(938496K), 0.0045921 secs]
78.463: [GC (Allocation Failure)  615018K->361750K(938496K), 0.0045695 secs]
78.496: [GC (Allocation Failure)  619679K->364312K(938496K), 0.0060939 secs]
78.532: [GC (Allocation Failure)  622217K->366357K(938496K), 0.0060686 secs]
78.565: [GC (Allocation Failure)  624399K->368407K(938496K), 0.0046264 secs]
78.598: [GC (Allocation Failure)  626758K->369433K(938496K), 0.0035805 secs]
78.633: [GC (Allocation Failure)  627303K->372501K(938496K), 0.0036102 secs]
78.667: [GC (Allocation Failure)  630459K->376602K(938496K), 0.0036558 secs]
78.699: [GC (Allocation Failure)  634963K->378648K(938496K), 0.0036291 secs]
78.733: [GC (Allocation Failure)  636588K->382742K(938496K), 0.0035935 secs]
78.766: [GC (Allocation Failure)  641087K->385818K(938496K), 0.0060168 secs]
78.798: [GC (Allocation Failure)  643752K->387355K(938496K), 0.0063567 secs]
78.832: [GC (Allocation Failure)  645286K->388887K(938496K), 0.0060787 secs]
78.867: [GC (Allocation Failure)  646770K->390939K(938496K), 0.0061088 secs]
78.900: [GC (Allocation Failure)  648894K->394011K(938496K), 0.0035118 secs]
78.933: [GC (Allocation Failure)  652379K->395543K(938496K), 0.0045048 secs]
78.967: [GC (Allocation Failure)  653906K->397594K(938496K), 0.0045389 secs]
78.999: [GC (Allocation Failure)  655516K->399644K(938496K), 0.0043587 secs]
79.033: [GC (Allocation Failure)  657531K->403224K(938496K), 0.0060908 secs]
79.067: [GC (Allocation Failure)  661125K->405277K(938496K), 0.0055608 secs]
79.099: [GC (Allocation Failure)  663169K->406301K(938496K), 0.0043818 secs]
79.132: [GC (Allocation Failure)  664319K->408857K(938496K), 0.0058638 secs]
79.164: [GC (Allocation Failure)  666729K->410907K(938496K), 0.0044052 secs]
79.198: [GC (Allocation Failure)  668881K->412443K(938496K), 0.0044089 secs]
79.230: [GC (Allocation Failure)  670345K->413977K(938496K), 0.0059681 secs]
79.264: [GC (Allocation Failure)  671900K->417564K(938496K), 0.0059747 secs]
79.294: [GC (Allocation Failure)  675437K->420126K(938496K), 0.0060129 secs]
79.330: [GC (Allocation Failure)  678018K->421146K(938496K), 0.0060074 secs]
79.361: [GC (Allocation Failure)  679026K->423199K(938496K), 0.0059363 secs]
79.396: [GC (Allocation Failure)  681265K->426271K(938496K), 0.0045660 secs]
79.429: [GC (Allocation Failure)  684635K->428315K(938496K), 0.0044966 secs]
79.460: [GC (Allocation Failure)  686659K->430875K(938496K), 0.0043823 secs]
79.493: [GC (Allocation Failure)  688857K->433439K(938496K), 0.0058395 secs]
79.527: [GC (Allocation Failure)  691397K->433951K(938496K), 0.0058317 secs]
79.561: [GC (Allocation Failure)  691861K->435486K(938496K), 0.0058499 secs]
79.594: [GC (Allocation Failure)  693386K->439070K(938496K), 0.0044116 secs]
79.599: [GC (CMS Initial Mark)  442692K(938496K), 0.0009601 secs]
79.630: [GC (Allocation Failure)  696989K->444700K(938496K), 0.0041919 secs]
79.663: [GC (Allocation Failure)  703066K->444193K(938496K), 0.0058875 secs]
79.694: [GC (Allocation Failure)  702198K->446753K(938496K), 0.0058248 secs]
79.728: [GC (Allocation Failure)  704660K->451869K(938496K), 0.0060182 secs]
79.761: [GC (Allocation Failure)  710225K->454433K(938496K), 0.0059428 secs]
79.796: [GC (Allocation Failure)  712327K->456481K(938496K), 0.0058793 secs]
79.832: [GC (Allocation Failure)  714831K->459550K(938496K), 0.0060920 secs]
79.864: [GC (Allocation Failure)  717419K->463650K(938496K), 0.0060729 secs]
79.899: [GC (Allocation Failure)  721552K->465696K(938496K), 0.0035673 secs]
79.930: [GC (Allocation Failure)  723597K->469790K(938496K), 0.0035749 secs]
79.963: [GC (Allocation Failure)  727652K->471331K(938496K), 0.0035458 secs]
79.995: [GC (Allocation Failure)  729199K->472353K(938496K), 0.0058437 secs]
80.029: [GC (Allocation Failure)  730702K->474911K(938496K), 0.0043803 secs]
80.061: [GC (Allocation Failure)  732816K->477988K(938496K), 0.0046590 secs]
80.092: [GC (Allocation Failure)  735849K->479522K(938496K), 0.0044456 secs]
80.126: [GC (Allocation Failure)  737842K->483104K(938496K), 0.0043541 secs]
80.158: [GC (Allocation Failure)  741016K->484640K(938496K), 0.0059003 secs]
80.191: [GC (Allocation Failure)  742588K->486690K(938496K), 0.0058471 secs]
80.225: [GC (Allocation Failure)  744664K->489252K(938496K), 0.0044207 secs]
80.256: [GC (Allocation Failure)  747142K->492833K(938496K), 0.0044674 secs]
80.290: [GC (Allocation Failure)  750783K->493859K(938496K), 0.0058884 secs]
80.322: [GC (Allocation Failure)  752168K->497445K(938496K), 0.0050017 secs]
80.354: [GC (Allocation Failure)  755755K->502561K(938496K), 0.0034873 secs]
80.387: [GC (Allocation Failure)  760421K->504102K(938496K), 0.0048960 secs]
80.421: [GC (Allocation Failure)  762470K->506662K(938496K), 0.0035251 secs]
80.453: [GC (Allocation Failure)  764702K->509730K(938496K), 0.0042004 secs]
80.488: [GC (Allocation Failure)  767668K->512805K(938496K), 0.0035672 secs]
80.519: [GC (Allocation Failure)  771168K->515879K(938496K), 0.0035510 secs]
80.553: [GC (Allocation Failure)  774185K->518947K(938496K), 0.0035422 secs]
80.585: [GC (Allocation Failure)  776830K->524071K(938496K), 0.0035920 secs]
80.617: [GC (Allocation Failure)  782423K->526116K(938496K), 0.0061315 secs]
80.651: [GC (Allocation Failure)  784448K->535332K(938496K), 0.0058445 secs]
80.683: [GC (Allocation Failure)  793340K->537382K(938496K), 0.0059196 secs]
80.716: [GC (Allocation Failure)  795258K->540456K(938496K), 0.0060722 secs]
80.748: [GC (Allocation Failure)  798740K->542501K(938496K), 0.0059331 secs]
80.781: [GC (Allocation Failure)  800784K->545065K(938496K), 0.0059109 secs]
80.814: [GC (Allocation Failure)  803433K->547111K(938496K), 0.0058679 secs]
80.846: [GC (Allocation Failure)  805017K->550181K(938496K), 0.0045966 secs]
80.878: [GC (Allocation Failure)  808449K->552746K(938496K), 0.0041685 secs]
80.912: [GC (Allocation Failure)  810633K->555306K(938496K), 0.0059572 secs]
80.943: [GC (Allocation Failure)  813309K->558886K(938496K), 0.0059942 secs]
80.976: [GC (Allocation Failure)  817187K->561451K(938496K), 0.0059082 secs]
81.009: [GC (Allocation Failure)  819320K->564523K(938496K), 0.0059568 secs]
81.043: [GC (Allocation Failure)  822866K->565031K(938496K), 0.0059925 secs]
81.076: [GC (Allocation Failure)  822936K->576297K(938496K), 0.0055692 secs]
81.109: [GC (Allocation Failure)  834612K->579370K(938496K), 0.0063630 secs]
81.141: [GC (Allocation Failure)  837321K->581416K(938496K), 0.0043929 secs]
81.173: [GC (Allocation Failure)  839712K->585516K(938496K), 0.0044793 secs]
81.206: [GC (Allocation Failure)  843874K->587562K(938496K), 0.0044401 secs]
81.237: [GC (Allocation Failure)  845928K->589608K(938496K), 0.0042637 secs]
81.268: [GC (Allocation Failure)  847499K->592173K(938496K), 0.0043788 secs]
81.302: [GC (Allocation Failure)  850036K->594733K(938496K), 0.0043628 secs]
81.333: [GC (Allocation Failure)  852639K->598825K(938496K), 0.0043847 secs]
81.366: [GC (Allocation Failure)  857174K->602924K(938496K), 0.0042807 secs]
81.398: [GC (Allocation Failure)  861230K->605484K(938496K), 0.0106269 secs]
81.434: [GC (Allocation Failure)  863762K->608042K(938496K), 0.0052333 secs]
81.465: [GC (Allocation Failure)  866035K->610606K(938496K), 0.0035411 secs]
81.499: [GC (Allocation Failure)  868893K->614191K(938496K), 0.0042248 secs]
81.531: [GC (Allocation Failure)  872544K->616747K(938496K), 0.0044088 secs]
81.561: [GC (Allocation Failure)  875088K->619309K(938496K), 0.0059066 secs]
81.594: [GC (Allocation Failure)  877215K->622383K(938496K), 0.0044359 secs]
81.627: [GC (Allocation Failure)  880252K->624427K(938496K), 0.0044942 secs]
81.659: [GC (Allocation Failure)  882764K->626988K(938496K), 0.0044452 secs]
81.692: [GC (Allocation Failure)  885243K->630576K(938496K), 0.0060177 secs]
81.724: [GC (Allocation Failure)  888628K->635184K(938496K), 0.0045487 secs]
81.756: [GC (Allocation Failure)  893133K->635692K(938496K), 0.0059239 secs]
81.789: [GC (Allocation Failure)  893601K->635697K(938496K), 0.0042068 secs]
81.822: [GC (Allocation Failure)  893985K->638769K(938496K), 0.0044156 secs]
81.856: [GC (Allocation Failure)  896687K->642349K(938496K), 0.0058709 secs]
81.890: [GC (Allocation Failure)  900566K->643377K(938496K), 0.0043427 secs]
81.919: [GC (Allocation Failure)  901604K->646447K(938496K), 0.0042017 secs]
81.951: [GC (Allocation Failure)  904373K->649006K(938496K), 0.0035096 secs]
81.986: [GC (Allocation Failure)  907260K->650546K(938496K), 0.0044233 secs]
82.017: [GC (Allocation Failure)  908669K->655171K(938496K), 0.0046233 secs]
82.048: [GC (Allocation Failure)  913046K->658247K(938496K), 0.0046363 secs]

~~~
