~~~
Java HotSpot(TM) 64-Bit Server VM (25.201-b09) for linux-amd64 JRE (1.8.0_201-b09), built on Dec 15 2018 11:35:59 by "java_re" with gcc 7.3.0
Memory: 4k page, physical 3882052k(1332040k free), swap 8388604k(7179184k free)
CommandLine flags: -XX:InitialHeapSize=62112832 -XX:MaxHeapSize=993805312 -XX:+PrintGC -XX:+PrintGCTimeStamps -XX:+UseCompressedClassPointers -XX:+UseCompressedOops -XX:+UseG1GC 
0.272: [GC pause (G1 Evacuation Pause) (young) 14M->1653K(60M), 0.0055450 secs]
0.437: [GC pause (G1 Evacuation Pause) (young) 23M->3390K(60M), 0.0124556 secs]
0.562: [GC pause (G1 Evacuation Pause) (young) 36M->4244K(60M), 0.0040955 secs]
0.657: [GC pause (G1 Evacuation Pause) (young) 36M->4413K(60M), 0.0031701 secs]
0.739: [GC pause (G1 Evacuation Pause) (young) 36M->5145K(60M), 0.0036746 secs]
0.810: [GC pause (G1 Evacuation Pause) (young) 37M->5145K(60M), 0.0041355 secs]
0.926: [GC pause (G1 Evacuation Pause) (young) 37M->5657K(60M), 0.0051766 secs]
1.013: [GC pause (G1 Evacuation Pause) (young) 37M->6089K(60M), 0.0036964 secs]
1.025: [GC pause (Metadata GC Threshold) (young) (initial-mark) 8137K->6249K(60M), 0.0046966 secs]
1.029: [GC concurrent-root-region-scan-start]
1.032: [GC concurrent-root-region-scan-end, 0.0023410 secs]
1.032: [GC concurrent-mark-start]
1.036: [GC concurrent-mark-end, 0.0039321 secs]
1.036: [GC remark, 0.0031932 secs]
1.040: [GC cleanup 7577K->7577K(60M), 0.0002731 secs]
1.150: [GC pause (G1 Evacuation Pause) (young) 38M->7273K(60M), 0.0067699 secs]
1.319: [GC pause (G1 Evacuation Pause) (young) 38M->8879K(60M), 0.0050992 secs]
1.484: [GC pause (G1 Evacuation Pause) (young) 39M->9922K(60M), 0.0091100 secs]
1.620: [GC pause (G1 Evacuation Pause) (young) 40M->10M(60M), 0.0078420 secs]
1.769: [GC pause (G1 Evacuation Pause) (young) 42M->13M(60M), 0.0062874 secs]
1.961: [GC pause (G1 Evacuation Pause) (young) 44M->17M(60M), 0.0161168 secs]
2.113: [GC pause (G1 Evacuation Pause) (young) 48M->21M(60M), 0.0065647 secs]
2.205: [GC pause (G1 Evacuation Pause) (young) 50M->22M(60M), 0.0048221 secs]
2.289: [GC pause (G1 Evacuation Pause) (young) 48M->23M(60M), 0.0049258 secs]
2.374: [GC pause (G1 Evacuation Pause) (young) 49M->23M(60M), 0.0135854 secs]
2.476: [GC pause (G1 Evacuation Pause) (young) 48M->24M(60M), 0.0075719 secs]
2.539: [GC pause (G1 Evacuation Pause) (young) 48M->26M(60M), 0.0039854 secs]
2.800: [GC pause (G1 Humongous Allocation) (young) (initial-mark) 40M->28M(60M), 0.0081610 secs]
2.808: [GC concurrent-root-region-scan-start]
2.817: [GC concurrent-root-region-scan-end, 0.0080550 secs]
2.817: [GC concurrent-mark-start]
2.845: [GC concurrent-mark-end, 0.0286984 secs]
2.845: [GC remark, 0.0104448 secs]
2.856: [GC cleanup 29M->29M(60M), 0.0003375 secs]
3.600: [GC pause (G1 Evacuation Pause) (young) 76M->31M(128M), 0.0054342 secs]
5.820: [GC pause (G1 Humongous Allocation) (mixed)-- 486M->42M(948M), 0.0095356 secs]
6.340: [GC pause (G1 Humongous Allocation) (young) (initial-mark) 245M->45M(948M), 0.0040055 secs]
6.345: [GC concurrent-root-region-scan-start]
6.345: [GC concurrent-root-region-scan-end, 0.0001940 secs]
6.345: [GC concurrent-mark-start]
6.371: [GC concurrent-mark-end, 0.0258415 secs]
6.371: [GC remark, 0.0047712 secs]
6.376: [GC cleanup 64M->64M(948M), 0.0006212 secs]
7.363: [GC pause (G1 Humongous Allocation) (young)-- 497M->52M(948M), 0.0034392 secs]
7.732: [GC pause (G1 Humongous Allocation) (young) (initial-mark) 250M->54M(948M), 0.0025915 secs]
7.734: [GC concurrent-root-region-scan-start]
7.735: [GC concurrent-root-region-scan-end, 0.0003025 secs]
7.735: [GC concurrent-mark-start]
7.773: [GC concurrent-mark-end, 0.0384902 secs]
7.773: [GC remark, 0.0068095 secs]
7.781: [GC cleanup 86M->86M(948M), 0.0014751 secs]
8.504: [GC pause (G1 Humongous Allocation) (young)-- 499M->59M(948M), 0.0037577 secs]
8.765: [GC pause (G1 Humongous Allocation) (young) (initial-mark) 252M->60M(948M), 0.0030675 secs]
8.768: [GC concurrent-root-region-scan-start]
8.769: [GC concurrent-root-region-scan-end, 0.0004198 secs]
8.769: [GC concurrent-mark-start]
8.801: [GC concurrent-mark-end, 0.0327780 secs]
8.802: [GC remark, 0.0052779 secs]
8.807: [GC cleanup 91M->91M(948M), 0.0012802 secs]
9.400: [GC pause (G1 Humongous Allocation) (young)-- 499M->65M(948M), 0.0034103 secs]
9.642: [GC pause (G1 Humongous Allocation) (young) (initial-mark) 253M->66M(948M), 0.0027950 secs]
9.644: [GC concurrent-root-region-scan-start]
9.645: [GC concurrent-root-region-scan-end, 0.0003375 secs]
9.645: [GC concurrent-mark-start]
9.679: [GC concurrent-mark-end, 0.0347143 secs]
9.680: [GC remark, 0.0067829 secs]
9.687: [GC cleanup 104M->104M(948M), 0.0010389 secs]
10.170: [GC pause (G1 Humongous Allocation) (young)-- 501M->72M(948M), 0.0030806 secs]
10.368: [GC pause (G1 Humongous Allocation) (young) (initial-mark) 255M->73M(948M), 0.0029765 secs]
10.371: [GC concurrent-root-region-scan-start]
10.372: [GC concurrent-root-region-scan-end, 0.0002836 secs]
10.372: [GC concurrent-mark-start]
10.408: [GC concurrent-mark-end, 0.0361774 secs]
10.408: [GC remark, 0.0067739 secs]
10.415: [GC cleanup 121M->121M(948M), 0.0017856 secs]
10.885: [GC pause (G1 Humongous Allocation) (young)-- 502M->76M(948M), 0.0041896 secs]
11.066: [GC pause (G1 Humongous Allocation) (young) (initial-mark) 255M->77M(948M), 0.0034737 secs]
11.070: [GC concurrent-root-region-scan-start]
11.070: [GC concurrent-root-region-scan-end, 0.0003089 secs]
11.070: [GC concurrent-mark-start]
11.107: [GC concurrent-mark-end, 0.0368347 secs]
11.107: [GC remark, 0.0066626 secs]
11.114: [GC cleanup 130M->130M(948M), 0.0007448 secs]
11.515: [GC pause (G1 Humongous Allocation) (young)-- 502M->81M(948M), 0.0033798 secs]
11.676: [GC pause (G1 Humongous Allocation) (young) (initial-mark) 256M->81M(948M), 0.0028941 secs]
11.679: [GC concurrent-root-region-scan-start]
11.679: [GC concurrent-root-region-scan-end, 0.0003534 secs]
11.679: [GC concurrent-mark-start]
11.712: [GC concurrent-mark-end, 0.0329208 secs]
11.712: [GC remark, 0.0062405 secs]
11.719: [GC cleanup 126M->126M(948M), 0.0009548 secs]
12.103: [GC pause (G1 Humongous Allocation) (young)-- 502M->86M(948M), 0.0033893 secs]
12.254: [GC pause (G1 Humongous Allocation) (young) (initial-mark) 257M->86M(948M), 0.0026162 secs]
12.256: [GC concurrent-root-region-scan-start]
12.257: [GC concurrent-root-region-scan-end, 0.0004827 secs]
12.257: [GC concurrent-mark-start]
12.291: [GC concurrent-mark-end, 0.0339757 secs]
12.291: [GC remark, 0.0059700 secs]
12.297: [GC cleanup 145M->145M(948M), 0.0009123 secs]
12.649: [GC pause (G1 Humongous Allocation) (young)-- 503M->89M(948M), 0.0032766 secs]
12.781: [GC pause (G1 Humongous Allocation) (young) (initial-mark) 256M->89M(948M), 0.0026488 secs]
12.784: [GC concurrent-root-region-scan-start]
12.784: [GC concurrent-root-region-scan-end, 0.0003886 secs]
12.784: [GC concurrent-mark-start]
12.811: [GC concurrent-mark-end, 0.0270616 secs]
12.811: [GC remark, 0.0057652 secs]
12.817: [GC cleanup 137M->137M(948M), 0.0008774 secs]
13.156: [GC pause (G1 Humongous Allocation) (young)-- 503M->91M(948M), 0.0034812 secs]
13.292: [GC pause (G1 Humongous Allocation) (young) (initial-mark) 255M->91M(948M), 0.0029547 secs]
13.295: [GC concurrent-root-region-scan-start]
13.296: [GC concurrent-root-region-scan-end, 0.0003498 secs]
13.296: [GC concurrent-mark-start]
13.331: [GC concurrent-mark-end, 0.0348782 secs]
13.331: [GC remark, 0.0056642 secs]
13.337: [GC cleanup 150M->150M(948M), 0.0008435 secs]
13.635: [GC pause (G1 Humongous Allocation) (young)-- 504M->92M(948M), 0.0032537 secs]
13.764: [GC pause (G1 Humongous Allocation) (young) (initial-mark) 257M->92M(948M), 0.0033078 secs]
13.767: [GC concurrent-root-region-scan-start]
13.768: [GC concurrent-root-region-scan-end, 0.0003037 secs]
13.768: [GC concurrent-mark-start]
13.796: [GC concurrent-mark-end, 0.0288221 secs]
13.797: [GC remark, 0.0064364 secs]
13.804: [GC cleanup 141M->141M(948M), 0.0006779 secs]
14.105: [GC pause (G1 Humongous Allocation) (young)-- 503M->93M(948M), 0.0038178 secs]
14.218: [GC pause (G1 Humongous Allocation) (young) (initial-mark) 258M->93M(948M), 0.0031313 secs]
14.221: [GC concurrent-root-region-scan-start]
14.222: [GC concurrent-root-region-scan-end, 0.0003965 secs]
14.222: [GC concurrent-mark-start]
14.250: [GC concurrent-mark-end, 0.0279003 secs]
14.250: [GC remark, 0.0066497 secs]
14.257: [GC cleanup 146M->146M(948M), 0.0012282 secs]
14.530: [GC pause (G1 Humongous Allocation) (young)-- 503M->94M(948M), 0.0035074 secs]
14.644: [GC pause (G1 Humongous Allocation) (young) (initial-mark) 258M->94M(948M), 0.0025357 secs]
14.647: [GC concurrent-root-region-scan-start]
14.647: [GC concurrent-root-region-scan-end, 0.0003406 secs]
14.647: [GC concurrent-mark-start]
14.675: [GC concurrent-mark-end, 0.0277252 secs]
14.675: [GC remark, 0.0064323 secs]
14.682: [GC cleanup 145M->145M(948M), 0.0010633 secs]
14.954: [GC pause (G1 Humongous Allocation) (young)-- 503M->95M(948M), 0.0035119 secs]
15.060: [GC pause (G1 Humongous Allocation) (young) (initial-mark) 258M->95M(948M), 0.0027494 secs]
15.063: [GC concurrent-root-region-scan-start]
15.063: [GC concurrent-root-region-scan-end, 0.0002315 secs]
15.063: [GC concurrent-mark-start]
15.094: [GC concurrent-mark-end, 0.0307325 secs]
15.094: [GC remark, 0.0069302 secs]
15.102: [GC cleanup 149M->149M(948M), 0.0013033 secs]
15.367: [GC pause (G1 Humongous Allocation) (young)-- 503M->96M(948M), 0.0029088 secs]
15.472: [GC pause (G1 Humongous Allocation) (young) (initial-mark) 257M->96M(948M), 0.0028890 secs]
15.475: [GC concurrent-root-region-scan-start]
15.475: [GC concurrent-root-region-scan-end, 0.0001268 secs]
15.475: [GC concurrent-mark-start]
15.503: [GC concurrent-mark-end, 0.0276334 secs]
15.503: [GC remark, 0.0068811 secs]
15.510: [GC cleanup 151M->151M(948M), 0.0010418 secs]
15.768: [GC pause (G1 Humongous Allocation) (young)-- 505M->97M(948M), 0.0034486 secs]
15.871: [GC pause (G1 Humongous Allocation) (young) (initial-mark) 257M->97M(948M), 0.0031273 secs]
15.874: [GC concurrent-root-region-scan-start]
15.875: [GC concurrent-root-region-scan-end, 0.0002805 secs]
15.875: [GC concurrent-mark-start]
15.910: [GC concurrent-mark-end, 0.0352380 secs]
15.910: [GC remark, 0.0064071 secs]
15.917: [GC cleanup 173M->173M(948M), 0.0009293 secs]
16.155: [GC pause (G1 Humongous Allocation) (young)-- 504M->98M(948M), 0.0034545 secs]
16.256: [GC pause (G1 Humongous Allocation) (young) (initial-mark) 257M->98M(948M), 0.0027252 secs]
16.259: [GC concurrent-root-region-scan-start]
16.259: [GC concurrent-root-region-scan-end, 0.0002985 secs]
16.259: [GC concurrent-mark-start]
16.287: [GC concurrent-mark-end, 0.0281730 secs]
16.287: [GC remark, 0.0065916 secs]
16.294: [GC cleanup 158M->158M(948M), 0.0008277 secs]
16.513: [GC pause (G1 Humongous Allocation) (young)-- 505M->99M(948M), 0.0032815 secs]
16.791: [GC pause (G1 Humongous Allocation) (mixed)-- 492M->100M(948M), 0.0033569 secs]
16.882: [GC pause (G1 Humongous Allocation) (young) (initial-mark) 259M->100M(948M), 0.0029896 secs]
16.885: [GC concurrent-root-region-scan-start]
16.885: [GC concurrent-root-region-scan-end, 0.0001272 secs]
16.885: [GC concurrent-mark-start]
16.913: [GC concurrent-mark-end, 0.0276812 secs]
16.913: [GC remark, 0.0066181 secs]
16.920: [GC cleanup 154M->154M(948M), 0.0010973 secs]
17.149: [GC pause (G1 Humongous Allocation) (young)-- 505M->100M(948M), 0.0037197 secs]
17.413: [GC pause (G1 Humongous Allocation) (mixed)-- 492M->102M(948M), 0.0035361 secs]
17.492: [GC pause (G1 Humongous Allocation) (young) (initial-mark) 257M->101M(948M), 0.0031346 secs]
17.496: [GC concurrent-root-region-scan-start]
17.496: [GC concurrent-root-region-scan-end, 0.0000279 secs]
17.496: [GC concurrent-mark-start]
17.531: [GC concurrent-mark-end, 0.0352699 secs]
17.531: [GC remark, 0.0054022 secs]
17.537: [GC cleanup 177M->177M(948M), 0.0007999 secs]
17.733: [GC pause (G1 Humongous Allocation) (young)-- 507M->103M(948M), 0.0033153 secs]
17.989: [GC pause (G1 Humongous Allocation) (mixed)-- 493M->104M(948M), 0.0037341 secs]
18.069: [GC pause (G1 Humongous Allocation) (young) (initial-mark) 259M->105M(948M), 0.0027036 secs]
18.072: [GC concurrent-root-region-scan-start]
18.072: [GC concurrent-root-region-scan-end, 0.0002242 secs]
18.072: [GC concurrent-mark-start]
18.109: [GC concurrent-mark-end, 0.0367298 secs]
18.109: [GC remark, 0.0056898 secs]
18.115: [GC cleanup 197M->197M(948M), 0.0008475 secs]
18.311: [GC pause (G1 Humongous Allocation) (young)-- 507M->105M(948M), 0.0030881 secs]
18.550: [GC pause (G1 Humongous Allocation) (mixed)-- 494M->106M(948M), 0.0032956 secs]
18.628: [GC pause (G1 Humongous Allocation) (young) (initial-mark) 261M->105M(948M), 0.0026988 secs]
18.630: [GC concurrent-root-region-scan-start]
18.631: [GC concurrent-root-region-scan-end, 0.0002830 secs]
18.631: [GC concurrent-mark-start]
18.668: [GC concurrent-mark-end, 0.0370407 secs]
18.668: [GC remark, 0.0062600 secs]
18.675: [GC cleanup 186M->186M(948M), 0.0008714 secs]
18.860: [GC pause (G1 Humongous Allocation) (young)-- 507M->106M(948M), 0.0031751 secs]
19.090: [GC pause (G1 Humongous Allocation) (mixed)-- 494M->107M(948M), 0.0037411 secs]
19.171: [GC pause (G1 Humongous Allocation) (young) (initial-mark) 261M->107M(948M), 0.0034433 secs]
19.174: [GC concurrent-root-region-scan-start]
19.175: [GC concurrent-root-region-scan-end, 0.0004317 secs]
19.175: [GC concurrent-mark-start]
19.210: [GC concurrent-mark-end, 0.0355090 secs]
19.210: [GC remark, 0.0077482 secs]
19.219: [GC cleanup 189M->189M(948M), 0.0011819 secs]
19.392: [GC pause (G1 Humongous Allocation) (young)-- 508M->108M(948M), 0.0039677 secs]
19.617: [GC pause (G1 Humongous Allocation) (mixed)-- 495M->110M(948M), 0.0048827 secs]
19.686: [GC pause (G1 Humongous Allocation) (young) (initial-mark) 258M->110M(948M), 0.0031374 secs]
19.690: [GC concurrent-root-region-scan-start]
19.690: [GC concurrent-root-region-scan-end, 0.0000585 secs]
19.690: [GC concurrent-mark-start]
19.723: [GC concurrent-mark-end, 0.0337016 secs]
19.724: [GC remark, 0.0072956 secs]
19.732: [GC cleanup 202M->202M(948M), 0.0010772 secs]
19.901: [GC pause (G1 Humongous Allocation) (young)-- 509M->111M(948M), 0.0040607 secs]
20.112: [GC pause (G1 Humongous Allocation) (mixed)-- 495M->111M(948M), 0.0038443 secs]
20.180: [GC pause (G1 Humongous Allocation) (young) (initial-mark) 258M->110M(948M), 0.0032195 secs]
20.184: [GC concurrent-root-region-scan-start]
20.184: [GC concurrent-root-region-scan-end, 0.0000478 secs]
20.184: [GC concurrent-mark-start]
20.220: [GC concurrent-mark-end, 0.0362252 secs]
20.220: [GC remark, 0.0062195 secs]
20.227: [GC cleanup 206M->206M(948M), 0.0010599 secs]
20.398: [GC pause (G1 Humongous Allocation) (young)-- 510M->111M(948M), 0.0038967 secs]
20.605: [GC pause (G1 Humongous Allocation) (mixed)-- 496M->112M(948M), 0.0041821 secs]
20.663: [GC pause (G1 Humongous Allocation) (young) (initial-mark) 259M->112M(948M), 0.0030907 secs]
20.666: [GC concurrent-root-region-scan-start]
20.666: [GC concurrent-root-region-scan-end, 0.0000443 secs]
20.666: [GC concurrent-mark-start]
20.701: [GC concurrent-mark-end, 0.0351360 secs]
20.702: [GC remark, 0.0074706 secs]
20.710: [GC cleanup 197M->197M(948M), 0.0016461 secs]
20.871: [GC pause (G1 Humongous Allocation) (young)-- 510M->113M(948M), 0.0066472 secs]
21.071: [GC pause (G1 Humongous Allocation) (mixed)-- 497M->114M(948M), 0.0042344 secs]
21.138: [GC pause (G1 Humongous Allocation) (young) (initial-mark) 260M->114M(948M), 0.0033721 secs]
21.141: [GC concurrent-root-region-scan-start]
21.141: [GC concurrent-root-region-scan-end, 0.0003468 secs]
21.141: [GC concurrent-mark-start]
21.179: [GC concurrent-mark-end, 0.0378118 secs]
21.180: [GC remark, 0.0076008 secs]
21.188: [GC cleanup 220M->220M(948M), 0.0014305 secs]
21.323: [GC pause (G1 Humongous Allocation) (young)-- 511M->115M(948M), 0.0037096 secs]
21.526: [GC pause (G1 Humongous Allocation) (mixed)-- 497M->116M(948M), 0.0038262 secs]
21.588: [GC pause (G1 Humongous Allocation) (young) (initial-mark) 261M->116M(948M), 0.0028271 secs]
21.591: [GC concurrent-root-region-scan-start]
21.591: [GC concurrent-root-region-scan-end, 0.0000441 secs]
21.591: [GC concurrent-mark-start]
21.625: [GC concurrent-mark-end, 0.0346096 secs]
21.626: [GC remark, 0.0074434 secs]
21.634: [GC cleanup 212M->212M(948M), 0.0007676 secs]
21.785: [GC pause (G1 Humongous Allocation) (young)-- 512M->117M(948M), 0.0036718 secs]
21.983: [GC pause (G1 Humongous Allocation) (mixed)-- 498M->118M(948M), 0.0031237 secs]
22.039: [GC pause (G1 Humongous Allocation) (young) (initial-mark) 263M->118M(948M), 0.0032247 secs]
22.042: [GC concurrent-root-region-scan-start]
22.043: [GC concurrent-root-region-scan-end, 0.0006138 secs]
22.043: [GC concurrent-mark-start]
22.080: [GC concurrent-mark-end, 0.0366333 secs]
22.080: [GC remark, 0.0068620 secs]
22.087: [GC cleanup 224M->224M(948M), 0.0017849 secs]
22.220: [GC pause (G1 Humongous Allocation) (young)-- 512M->119M(948M), 0.0039227 secs]
22.415: [GC pause (G1 Humongous Allocation) (mixed)-- 499M->120M(948M), 0.0039090 secs]
22.474: [GC pause (G1 Humongous Allocation) (young) (initial-mark) 261M->121M(948M), 0.0030591 secs]
22.477: [GC concurrent-root-region-scan-start]
22.477: [GC concurrent-root-region-scan-end, 0.0000307 secs]
22.477: [GC concurrent-mark-start]
22.512: [GC concurrent-mark-end, 0.0347883 secs]
22.512: [GC remark, 0.0059461 secs]
22.519: [GC cleanup 217M->217M(948M), 0.0009398 secs]
22.657: [GC pause (G1 Humongous Allocation) (young)-- 514M->121M(948M), 0.0032894 secs]
22.841: [GC pause (G1 Humongous Allocation) (mixed)-- 499M->123M(948M), 0.0029466 secs]
22.895: [GC pause (G1 Humongous Allocation) (young) (initial-mark) 263M->122M(948M), 0.0025788 secs]
22.897: [GC concurrent-root-region-scan-start]
22.897: [GC concurrent-root-region-scan-end, 0.0000442 secs]
22.897: [GC concurrent-mark-start]
22.925: [GC concurrent-mark-end, 0.0280194 secs]
22.926: [GC remark, 0.0070350 secs]
22.933: [GC cleanup 202M->202M(948M), 0.0012369 secs]
23.069: [GC pause (G1 Humongous Allocation) (young)-- 515M->124M(948M), 0.0034410 secs]
23.247: [GC pause (G1 Humongous Allocation) (mixed)-- 500M->125M(948M), 0.0033412 secs]
23.304: [GC pause (G1 Humongous Allocation) (young) (initial-mark) 263M->125M(948M), 0.0027697 secs]
23.307: [GC concurrent-root-region-scan-start]
23.307: [GC concurrent-root-region-scan-end, 0.0001812 secs]
23.307: [GC concurrent-mark-start]
23.334: [GC concurrent-mark-end, 0.0272311 secs]
23.335: [GC remark, 0.0063517 secs]
23.342: [GC cleanup 210M->210M(948M), 0.0009934 secs]
23.479: [GC pause (G1 Humongous Allocation) (young)-- 515M->126M(948M), 0.0035136 secs]
23.660: [GC pause (G1 Humongous Allocation) (mixed)-- 501M->127M(948M), 0.0033650 secs]
23.718: [GC pause (G1 Humongous Allocation) (young) (initial-mark) 264M->126M(948M), 0.0027583 secs]
23.721: [GC concurrent-root-region-scan-start]
23.721: [GC concurrent-root-region-scan-end, 0.0004880 secs]
23.721: [GC concurrent-mark-start]
23.755: [GC concurrent-mark-end, 0.0338279 secs]
23.756: [GC remark, 0.0058806 secs]
23.762: [GC cleanup 231M->231M(948M), 0.0008726 secs]
23.880: [GC pause (G1 Humongous Allocation) (young)-- 516M->128M(948M), 0.0035141 secs]
24.056: [GC pause (G1 Humongous Allocation) (mixed)-- 501M->128M(948M), 0.0033729 secs]
24.109: [GC pause (G1 Humongous Allocation) (young) (initial-mark) 264M->128M(948M), 0.0027880 secs]
24.112: [GC concurrent-root-region-scan-start]
24.112: [GC concurrent-root-region-scan-end, 0.0003623 secs]
24.112: [GC concurrent-mark-start]
24.141: [GC concurrent-mark-end, 0.0285225 secs]
24.141: [GC remark, 0.0064401 secs]
24.148: [GC cleanup 215M->215M(948M), 0.0009699 secs]
24.276: [GC pause (G1 Humongous Allocation) (young)-- 516M->129M(948M), 0.0031819 secs]
24.443: [GC pause (G1 Humongous Allocation) (mixed)-- 502M->130M(948M), 0.0031818 secs]
24.492: [GC pause (G1 Humongous Allocation) (young) (initial-mark) 263M->131M(948M), 0.0026999 secs]
24.494: [GC concurrent-root-region-scan-start]
24.494: [GC concurrent-root-region-scan-end, 0.0000429 secs]
24.494: [GC concurrent-mark-start]
24.530: [GC concurrent-mark-end, 0.0357260 secs]
24.531: [GC remark, 0.0059399 secs]
24.537: [GC cleanup 243M->243M(948M), 0.0008888 secs]
24.655: [GC pause (G1 Humongous Allocation) (young)-- 518M->132M(948M), 0.0034634 secs]
24.816: [GC pause (G1 Humongous Allocation) (mixed)-- 503M->134M(948M), 0.0036617 secs]
24.867: [GC pause (G1 Humongous Allocation) (young) (initial-mark) 263M->134M(948M), 0.0027889 secs]
24.870: [GC concurrent-root-region-scan-start]
24.870: [GC concurrent-root-region-scan-end, 0.0000265 secs]
24.870: [GC concurrent-mark-start]
24.908: [GC concurrent-mark-end, 0.0381681 secs]
24.908: [GC remark, 0.0061871 secs]
24.915: [GC cleanup 259M->259M(948M), 0.0011233 secs]
25.019: [GC pause (G1 Humongous Allocation) (young)-- 519M->135M(948M), 0.0029386 secs]
25.177: [GC pause (G1 Humongous Allocation) (mixed)-- 504M->135M(948M), 0.0028506 secs]
25.222: [GC pause (G1 Humongous Allocation) (young) (initial-mark) 263M->135M(948M), 0.0023182 secs]
25.225: [GC concurrent-root-region-scan-start]
25.225: [GC concurrent-root-region-scan-end, 0.0001934 secs]
25.225: [GC concurrent-mark-start]
25.253: [GC concurrent-mark-end, 0.0276834 secs]
25.253: [GC remark, 0.0055141 secs]
25.259: [GC cleanup 227M->227M(948M), 0.0008300 secs]
25.375: [GC pause (G1 Humongous Allocation) (young)-- 518M->136M(948M), 0.0035302 secs]
25.536: [GC pause (G1 Humongous Allocation) (mixed)-- 505M->137M(948M), 0.0036977 secs]
25.580: [GC pause (G1 Humongous Allocation) (young) (initial-mark) 263M->137M(948M), 0.0029348 secs]
25.583: [GC concurrent-root-region-scan-start]
25.583: [GC concurrent-root-region-scan-end, 0.0000415 secs]
25.583: [GC concurrent-mark-start]
25.619: [GC concurrent-mark-end, 0.0356288 secs]
25.619: [GC remark, 0.0053422 secs]
25.625: [GC cleanup 252M->252M(948M), 0.0016873 secs]
25.727: [GC pause (G1 Humongous Allocation) (young)-- 520M->138M(948M), 0.0027049 secs]
25.878: [GC pause (G1 Humongous Allocation) (mixed)-- 505M->139M(948M), 0.0161881 secs]
25.927: [GC pause (G1 Humongous Allocation) (young) (initial-mark) 267M->138M(948M), 0.0034928 secs]
25.931: [GC concurrent-root-region-scan-start]
25.931: [GC concurrent-root-region-scan-end, 0.0003702 secs]
25.931: [GC concurrent-mark-start]
25.964: [GC concurrent-mark-end, 0.0331023 secs]
25.965: [GC remark, 0.0061359 secs]
25.971: [GC cleanup 243M->243M(948M), 0.0010506 secs]
26.076: [GC pause (G1 Humongous Allocation) (young)-- 521M->140M(948M), 0.0046317 secs]
26.227: [GC pause (G1 Humongous Allocation) (mixed)-- 506M->140M(948M), 0.0046973 secs]
26.270: [GC pause (G1 Humongous Allocation) (young) (initial-mark) 265M->140M(948M), 0.0037807 secs]
26.274: [GC concurrent-root-region-scan-start]
26.274: [GC concurrent-root-region-scan-end, 0.0000273 secs]
26.274: [GC concurrent-mark-start]
26.311: [GC concurrent-mark-end, 0.0364547 secs]
26.311: [GC remark, 0.0062220 secs]
26.318: [GC cleanup 263M->263M(948M), 0.0010177 secs]
26.410: [GC pause (G1 Humongous Allocation) (young)-- 521M->141M(948M), 0.0049759 secs]
26.562: [GC pause (G1 Humongous Allocation) (mixed)-- 507M->142M(948M), 0.0053923 secs]
26.605: [GC pause (G1 Humongous Allocation) (young) (initial-mark) 270M->142M(948M), 0.0034482 secs]
26.608: [GC concurrent-root-region-scan-start]
26.608: [GC concurrent-root-region-scan-end, 0.0002543 secs]
26.608: [GC concurrent-mark-start]
26.637: [GC concurrent-mark-end, 0.0283766 secs]
26.637: [GC remark, 0.0063017 secs]
26.644: [GC cleanup 240M->240M(948M), 0.0011462 secs]
26.748: [GC pause (G1 Humongous Allocation) (young)-- 523M->143M(948M), 0.0058791 secs]
26.900: [GC pause (G1 Humongous Allocation) (mixed)-- 508M->144M(948M), 0.0072646 secs]
26.940: [GC pause (G1 Humongous Allocation) (young) (initial-mark) 268M->142M(948M), 0.0043253 secs]
26.944: [GC concurrent-root-region-scan-start]
26.944: [GC concurrent-root-region-scan-end, 0.0001361 secs]
26.944: [GC concurrent-mark-start]
26.973: [GC concurrent-mark-end, 0.0287053 secs]
26.973: [GC remark, 0.0063568 secs]
26.980: [GC cleanup 247M->247M(948M), 0.0009232 secs]
27.085: [GC pause (G1 Humongous Allocation) (young)-- 523M->144M(948M), 0.0055619 secs]
27.233: [GC pause (G1 Humongous Allocation) (mixed)-- 508M->145M(948M), 0.0061913 secs]
27.272: [GC pause (G1 Humongous Allocation) (young) (initial-mark) 266M->145M(948M), 0.0035661 secs]
27.275: [GC concurrent-root-region-scan-start]
27.275: [GC concurrent-root-region-scan-end, 0.0000247 secs]
27.275: [GC concurrent-mark-start]
27.304: [GC concurrent-mark-end, 0.0292199 secs]
27.305: [GC remark, 0.0060347 secs]
27.311: [GC cleanup 243M->243M(948M), 0.0012546 secs]
27.416: [GC pause (G1 Humongous Allocation) (young)-- 523M->145M(948M), 0.0058435 secs]
27.559: [GC pause (G1 Humongous Allocation) (mixed)-- 509M->147M(948M), 0.0063064 secs]
27.596: [GC pause (G1 Humongous Allocation) (young) (initial-mark) 269M->147M(948M), 0.0035496 secs]
27.600: [GC concurrent-root-region-scan-start]
27.600: [GC concurrent-root-region-scan-end, 0.0000250 secs]
27.600: [GC concurrent-mark-start]
27.628: [GC concurrent-mark-end, 0.0286038 secs]
27.629: [GC remark, 0.0053828 secs]
27.634: [GC cleanup 249M->249M(948M), 0.0007708 secs]
27.733: [GC pause (G1 Humongous Allocation) (young)-- 525M->148M(948M), 0.0059846 secs]
27.867: [GC pause (G1 Humongous Allocation) (mixed)-- 510M->149M(948M), 0.0077721 secs]
27.906: [GC pause (G1 Humongous Allocation) (young) (initial-mark) 267M->148M(948M), 0.0048362 secs]
27.911: [GC concurrent-root-region-scan-start]
27.912: [GC concurrent-root-region-scan-end, 0.0002751 secs]
27.912: [GC concurrent-mark-start]
27.940: [GC concurrent-mark-end, 0.0284215 secs]
27.940: [GC remark, 0.0053722 secs]
27.946: [GC cleanup 252M->252M(948M), 0.0006896 secs]
28.044: [GC pause (G1 Humongous Allocation) (young)-- 526M->149M(948M), 0.0068361 secs]
28.185: [GC pause (G1 Humongous Allocation) (mixed)-- 511M->151M(948M), 0.0081959 secs]
28.223: [GC pause (G1 Humongous Allocation) (young) (initial-mark) 270M->150M(948M), 0.0034443 secs]
28.227: [GC concurrent-root-region-scan-start]
28.227: [GC concurrent-root-region-scan-end, 0.0001554 secs]
28.227: [GC concurrent-mark-start]
28.256: [GC concurrent-mark-end, 0.0288535 secs]
28.256: [GC remark, 0.0052145 secs]
28.262: [GC cleanup 257M->257M(948M), 0.0006782 secs]
28.353: [GC pause (G1 Humongous Allocation) (young)-- 526M->151M(948M), 0.0097766 secs]
28.492: [GC pause (G1 Humongous Allocation) (mixed)-- 511M->152M(948M), 0.0125331 secs]
28.528: [GC pause (G1 Humongous Allocation) (young) (initial-mark) 272M->152M(948M), 0.0063114 secs]
28.534: [GC concurrent-root-region-scan-start]
28.535: [GC concurrent-root-region-scan-end, 0.0004160 secs]
28.535: [GC concurrent-mark-start]
28.568: [GC concurrent-mark-end, 0.0328496 secs]
28.568: [GC remark, 0.0092638 secs]
28.578: [GC cleanup 286M->286M(948M), 0.0010858 secs]
28.662: [GC pause (G1 Humongous Allocation) (young)-- 526M->152M(948M), 0.0122372 secs]
28.797: [GC pause (G1 Humongous Allocation) (mixed)-- 512M->153M(948M), 0.0165260 secs]
28.837: [GC pause (G1 Humongous Allocation) (young) (initial-mark) 271M->153M(948M), 0.0069994 secs]
28.844: [GC concurrent-root-region-scan-start]
28.844: [GC concurrent-root-region-scan-end, 0.0002109 secs]
28.844: [GC concurrent-mark-start]
28.877: [GC concurrent-mark-end, 0.0327988 secs]
28.878: [GC remark, 0.0083192 secs]
28.887: [GC cleanup 269M->269M(948M), 0.0010326 secs]
28.968: [GC pause (G1 Humongous Allocation) (young)-- 527M->155M(948M), 0.0120715 secs]
29.101: [GC pause (G1 Humongous Allocation) (mixed)-- 512M->156M(948M), 0.0132900 secs]
29.140: [GC pause (G1 Humongous Allocation) (young) (initial-mark) 270M->156M(948M), 0.0058264 secs]
29.146: [GC concurrent-root-region-scan-start]
29.146: [GC concurrent-root-region-scan-end, 0.0000270 secs]
29.146: [GC concurrent-mark-start]
29.182: [GC concurrent-mark-end, 0.0362004 secs]
29.183: [GC remark, 0.0077706 secs]
29.191: [GC cleanup 289M->289M(948M), 0.0009448 secs]
29.273: [GC pause (G1 Humongous Allocation) (young)-- 528M->156M(948M), 0.0123081 secs]
29.405: [GC pause (G1 Humongous Allocation) (mixed)-- 513M->158M(948M), 0.0145919 secs]
29.441: [GC pause (G1 Humongous Allocation) (young) (initial-mark) 269M->158M(948M), 0.0087319 secs]
29.450: [GC concurrent-root-region-scan-start]
29.450: [GC concurrent-root-region-scan-end, 0.0000429 secs]
29.450: [GC concurrent-mark-start]
29.484: [GC concurrent-mark-end, 0.0344145 secs]
29.485: [GC remark, 0.0079914 secs]
29.493: [GC cleanup 301M->301M(948M), 0.0008778 secs]
29.563: [GC pause (G1 Humongous Allocation) (young)-- 529M->159M(948M), 0.0150933 secs]
29.693: [GC pause (G1 Humongous Allocation) (mixed)-- 514M->160M(948M), 0.0148316 secs]
29.728: [GC pause (G1 Humongous Allocation) (young) (initial-mark) 273M->160M(948M), 0.0048219 secs]
29.733: [GC concurrent-root-region-scan-start]
29.733: [GC concurrent-root-region-scan-end, 0.0001599 secs]
29.733: [GC concurrent-mark-start]
29.766: [GC concurrent-mark-end, 0.0326157 secs]
29.766: [GC remark, 0.0055925 secs]
29.772: [GC cleanup 286M->286M(948M), 0.0007562 secs]
29.850: [GC pause (G1 Humongous Allocation) (young)-- 529M->161M(948M), 0.0128101 secs]
29.974: [GC pause (G1 Humongous Allocation) (mixed)-- 514M->161M(948M), 0.0126389 secs]
30.006: [GC pause (G1 Humongous Allocation) (young) (initial-mark) 271M->162M(948M), 0.0050804 secs]
30.012: [GC concurrent-root-region-scan-start]
30.012: [GC concurrent-root-region-scan-end, 0.0001817 secs]
30.012: [GC concurrent-mark-start]
30.044: [GC concurrent-mark-end, 0.0325084 secs]
30.045: [GC remark, 0.0064470 secs]
30.052: [GC cleanup 289M->289M(948M), 0.0010078 secs]
30.132: [GC pause (G1 Humongous Allocation) (young)-- 530M->163M(948M), 0.0133213 secs]
30.258: [GC pause (G1 Humongous Allocation) (mixed)-- 515M->164M(948M), 0.0133620 secs]
30.294: [GC pause (G1 Humongous Allocation) (young) (initial-mark) 272M->164M(948M), 0.0056058 secs]
30.300: [GC concurrent-root-region-scan-start]
30.300: [GC concurrent-root-region-scan-end, 0.0000271 secs]
30.300: [GC concurrent-mark-start]
30.329: [GC concurrent-mark-end, 0.0290008 secs]
30.330: [GC remark, 0.0054508 secs]
30.336: [GC cleanup 287M->287M(948M), 0.0007491 secs]
30.407: [GC pause (G1 Humongous Allocation) (young)-- 531M->165M(948M), 0.0131677 secs]
30.533: [GC pause (G1 Humongous Allocation) (mixed)-- 516M->166M(948M), 0.0143531 secs]
30.568: [GC pause (G1 Humongous Allocation) (young) (initial-mark) 275M->166M(948M), 0.0055247 secs]
30.574: [GC concurrent-root-region-scan-start]
30.574: [GC concurrent-root-region-scan-end, 0.0000267 secs]
30.574: [GC concurrent-mark-start]
30.603: [GC concurrent-mark-end, 0.0285307 secs]
30.603: [GC remark, 0.0054570 secs]
30.609: [GC cleanup 294M->294M(948M), 0.0015195 secs]
30.685: [GC pause (G1 Humongous Allocation) (young)-- 533M->166M(948M), 0.0120455 secs]
30.808: [GC pause (G1 Humongous Allocation) (mixed)-- 517M->168M(948M), 0.0135353 secs]
30.839: [GC pause (G1 Humongous Allocation) (young) (initial-mark) 273M->169M(948M), 0.0055130 secs]
30.845: [GC concurrent-root-region-scan-start]
30.845: [GC concurrent-root-region-scan-end, 0.0000256 secs]
30.845: [GC concurrent-mark-start]
30.874: [GC concurrent-mark-end, 0.0286819 secs]
30.874: [GC remark, 0.0051666 secs]
30.879: [GC cleanup 286M->286M(948M), 0.0007023 secs]
30.951: [GC pause (G1 Humongous Allocation) (young)-- 533M->170M(948M), 0.0135553 secs]
31.075: [GC pause (G1 Humongous Allocation) (mixed)-- 518M->170M(948M), 0.0139538 secs]
31.196: [GC pause (G1 Humongous Allocation) (mixed)-- 519M->172M(948M), 0.0140134 secs]
31.228: [GC pause (G1 Humongous Allocation) (young) (initial-mark) 274M->172M(948M), 0.0043017 secs]
31.232: [GC concurrent-root-region-scan-start]
31.233: [GC concurrent-root-region-scan-end, 0.0001874 secs]
31.233: [GC concurrent-mark-start]
31.261: [GC concurrent-mark-end, 0.0281769 secs]
31.261: [GC remark, 0.0051225 secs]
31.267: [GC cleanup 288M->288M(948M), 0.0006963 secs]
31.344: [GC pause (G1 Humongous Allocation) (young)-- 535M->173M(948M), 0.0160958 secs]
31.463: [GC pause (G1 Humongous Allocation) (mixed)-- 519M->173M(948M), 0.0185481 secs]
31.584: [GC pause (G1 Humongous Allocation) (mixed)-- 519M->175M(948M), 0.0172007 secs]
31.614: [GC pause (G1 Humongous Allocation) (young) (initial-mark) 277M->175M(948M), 0.0062112 secs]
31.620: [GC concurrent-root-region-scan-start]
31.621: [GC concurrent-root-region-scan-end, 0.0003616 secs]
31.621: [GC concurrent-mark-start]
31.649: [GC concurrent-mark-end, 0.0284757 secs]
31.650: [GC remark, 0.0070232 secs]
31.658: [GC cleanup 310M->310M(948M), 0.0010765 secs]
31.726: [GC pause (G1 Humongous Allocation) (young)-- 535M->175M(948M), 0.0186614 secs]
31.845: [GC pause (G1 Humongous Allocation) (mixed)-- 520M->176M(948M), 0.0189365 secs]
31.966: [GC pause (G1 Humongous Allocation) (mixed)-- 521M->176M(948M), 0.0234316 secs]
31.999: [GC pause (G1 Humongous Allocation) (young) (initial-mark) 277M->176M(948M), 0.0050162 secs]
32.004: [GC concurrent-root-region-scan-start]
32.004: [GC concurrent-root-region-scan-end, 0.0000290 secs]
32.004: [GC concurrent-mark-start]
32.037: [GC concurrent-mark-end, 0.0328124 secs]
32.038: [GC remark, 0.0068137 secs]
32.045: [GC cleanup 314M->314M(948M), 0.0008807 secs]
32.107: [GC pause (G1 Humongous Allocation) (young)-- 537M->178M(948M), 0.0166681 secs]
32.224: [GC pause (G1 Humongous Allocation) (mixed)-- 522M->178M(948M), 0.0175308 secs]
32.338: [GC pause (G1 Humongous Allocation) (mixed)-- 521M->178M(948M), 0.0167914 secs]
32.368: [GC pause (G1 Humongous Allocation) (young) (initial-mark) 276M->179M(948M), 0.0057278 secs]
32.374: [GC concurrent-root-region-scan-start]
32.374: [GC concurrent-root-region-scan-end, 0.0000336 secs]
32.374: [GC concurrent-mark-start]
32.402: [GC concurrent-mark-end, 0.0286979 secs]
32.403: [GC remark, 0.0054658 secs]
32.409: [GC cleanup 302M->302M(948M), 0.0008195 secs]
32.478: [GC pause (G1 Humongous Allocation) (young)-- 539M->180M(948M), 0.0153615 secs]
32.588: [GC pause (G1 Humongous Allocation) (mixed)-- 522M->181M(948M), 0.0188176 secs]
32.703: [GC pause (G1 Humongous Allocation) (mixed)-- 523M->182M(948M), 0.0165269 secs]
32.732: [GC pause (G1 Humongous Allocation) (young) (initial-mark) 279M->182M(948M), 0.0054718 secs]
32.738: [GC concurrent-root-region-scan-start]
32.738: [GC concurrent-root-region-scan-end, 0.0000241 secs]
32.738: [GC concurrent-mark-start]
32.766: [GC concurrent-mark-end, 0.0288537 secs]
32.767: [GC remark, 0.0054334 secs]
32.773: [GC cleanup 311M->311M(948M), 0.0008210 secs]
32.842: [GC pause (G1 Humongous Allocation) (young)-- 540M->183M(948M), 0.0149662 secs]
32.955: [GC pause (G1 Humongous Allocation) (mixed)-- 524M->184M(948M), 0.0183751 secs]
33.070: [GC pause (G1 Humongous Allocation) (mixed)-- 524M->186M(948M), 0.0146833 secs]
33.096: [GC pause (G1 Humongous Allocation) (young) (initial-mark) 278M->185M(948M), 0.0076898 secs]
33.103: [GC concurrent-root-region-scan-start]
33.103: [GC concurrent-root-region-scan-end, 0.0000248 secs]
33.103: [GC concurrent-mark-start]
33.132: [GC concurrent-mark-end, 0.0289363 secs]
33.133: [GC remark, 0.0065948 secs]
33.140: [GC cleanup 314M->314M(948M), 0.0009408 secs]
33.201: [GC pause (G1 Humongous Allocation) (young)-- 541M->186M(948M), 0.0167134 secs]
33.317: [GC pause (G1 Humongous Allocation) (mixed)-- 525M->187M(948M), 0.0188652 secs]
33.431: [GC pause (G1 Humongous Allocation) (mixed)-- 526M->188M(948M), 0.0179659 secs]
33.458: [GC pause (G1 Humongous Allocation) (young) (initial-mark) 280M->188M(948M), 0.0051679 secs]
33.463: [GC concurrent-root-region-scan-start]
33.463: [GC concurrent-root-region-scan-end, 0.0000236 secs]
33.463: [GC concurrent-mark-start]
33.491: [GC concurrent-mark-end, 0.0284946 secs]
33.492: [GC remark, 0.0052375 secs]
33.498: [GC cleanup 313M->313M(948M), 0.0007693 secs]
33.561: [GC pause (G1 Humongous Allocation) (young)-- 542M->189M(948M), 0.0164543 secs]
33.673: [GC pause (G1 Humongous Allocation) (mixed)-- 527M->190M(948M), 0.0169838 secs]
33.781: [GC pause (G1 Humongous Allocation) (mixed)-- 527M->191M(948M), 0.0200680 secs]
33.808: [GC pause (G1 Humongous Allocation) (young) (initial-mark) 281M->191M(948M), 0.0059423 secs]
33.814: [GC concurrent-root-region-scan-start]
33.814: [GC concurrent-root-region-scan-end, 0.0001788 secs]
33.814: [GC concurrent-mark-start]
33.843: [GC concurrent-mark-end, 0.0290767 secs]
33.844: [GC remark, 0.0069981 secs]
33.851: [GC cleanup 329M->329M(948M), 0.0006756 secs]
33.908: [GC pause (G1 Humongous Allocation) (young)-- 543M->191M(948M), 0.0170772 secs]
34.019: [GC pause (G1 Humongous Allocation) (mixed)-- 528M->192M(948M), 0.0174365 secs]
34.126: [GC pause (G1 Humongous Allocation) (mixed)-- 528M->193M(948M), 0.0180531 secs]
34.150: [GC pause (G1 Humongous Allocation) (young) (initial-mark) 282M->193M(948M), 0.0048930 secs]
34.155: [GC concurrent-root-region-scan-start]
34.155: [GC concurrent-root-region-scan-end, 0.0000249 secs]
34.155: [GC concurrent-mark-start]
34.185: [GC concurrent-mark-end, 0.0299028 secs]
34.186: [GC remark, 0.0064391 secs]
34.192: [GC cleanup 321M->321M(948M), 0.0007421 secs]
34.254: [GC pause (G1 Humongous Allocation) (young)-- 545M->194M(948M), 0.0164747 secs]
34.362: [GC pause (G1 Humongous Allocation) (mixed)-- 529M->195M(948M), 0.0191975 secs]
34.468: [GC pause (G1 Humongous Allocation) (mixed)-- 529M->196M(948M), 0.0221863 secs]
34.497: [GC pause (G1 Humongous Allocation) (young) (initial-mark) 283M->196M(948M), 0.0054714 secs]
34.502: [GC concurrent-root-region-scan-start]
34.502: [GC concurrent-root-region-scan-end, 0.0000245 secs]
34.502: [GC concurrent-mark-start]
34.531: [GC concurrent-mark-end, 0.0287653 secs]
34.532: [GC remark, 0.0068167 secs]
34.539: [GC cleanup 331M->331M(948M), 0.0010416 secs]
34.599: [GC pause (G1 Humongous Allocation) (young)-- 546M->196M(948M), 0.0228389 secs]
34.708: [GC pause (G1 Humongous Allocation) (mixed)-- 531M->197M(948M), 0.0226843 secs]
34.817: [GC pause (G1 Humongous Allocation) (mixed)-- 531M->197M(948M), 0.0205232 secs]
34.844: [GC pause (G1 Humongous Allocation) (young) (initial-mark) 284M->197M(948M), 0.0067158 secs]
34.851: [GC concurrent-root-region-scan-start]
34.851: [GC concurrent-root-region-scan-end, 0.0000300 secs]
34.851: [GC concurrent-mark-start]
34.885: [GC concurrent-mark-end, 0.0338681 secs]
34.885: [GC remark, 0.0090555 secs]
34.895: [GC cleanup 363M->363M(948M), 0.0007047 secs]
34.939: [GC pause (G1 Humongous Allocation) (young)-- 547M->198M(948M), 0.0175172 secs]
35.045: [GC pause (G1 Humongous Allocation) (mixed)-- 531M->198M(948M), 0.0229025 secs]
35.154: [GC pause (G1 Humongous Allocation) (mixed)-- 531M->199M(948M), 0.0209193 secs]
35.181: [GC pause (G1 Humongous Allocation) (young) (initial-mark) 284M->200M(948M), 0.0063278 secs]
35.188: [GC concurrent-root-region-scan-start]
35.188: [GC concurrent-root-region-scan-end, 0.0000268 secs]
35.188: [GC concurrent-mark-start]
35.218: [GC concurrent-mark-end, 0.0304620 secs]
35.219: [GC remark, 0.0073218 secs]
35.227: [GC cleanup 352M->352M(948M), 0.0006891 secs]
35.279: [GC pause (G1 Humongous Allocation) (young)-- 549M->201M(948M), 0.0189291 secs]
35.382: [GC pause (G1 Humongous Allocation) (mixed)-- 533M->201M(948M), 0.0191092 secs]
35.487: [GC pause (G1 Humongous Allocation) (mixed)-- 533M->202M(948M), 0.0201989 secs]
35.514: [GC pause (G1 Humongous Allocation) (young) (initial-mark) 286M->202M(948M), 0.0057906 secs]
35.520: [GC concurrent-root-region-scan-start]
35.520: [GC concurrent-root-region-scan-end, 0.0001286 secs]
35.520: [GC concurrent-mark-start]
35.548: [GC concurrent-mark-end, 0.0286766 secs]
35.549: [GC remark, 0.0081854 secs]
35.558: [GC cleanup 352M->352M(948M), 0.0010981 secs]
35.608: [GC pause (G1 Humongous Allocation) (young)-- 551M->203M(948M), 0.0183145 secs]
35.711: [GC pause (G1 Humongous Allocation) (mixed)-- 534M->204M(948M), 0.0204616 secs]
35.819: [GC pause (G1 Humongous Allocation) (mixed)-- 534M->204M(948M), 0.0216490 secs]
35.847: [GC pause (G1 Humongous Allocation) (young) (initial-mark) 286M->204M(948M), 0.0064552 secs]
35.853: [GC concurrent-root-region-scan-start]
35.853: [GC concurrent-root-region-scan-end, 0.0000273 secs]
35.853: [GC concurrent-mark-start]
35.882: [GC concurrent-mark-end, 0.0290540 secs]
35.883: [GC remark, 0.0064839 secs]
35.890: [GC cleanup 357M->357M(948M), 0.0007345 secs]
35.943: [GC pause (G1 Humongous Allocation) (young)-- 550M->205M(948M), 0.0196801 secs]
36.044: [GC pause (G1 Humongous Allocation) (mixed)-- 534M->206M(948M), 0.0225655 secs]
36.144: [GC pause (G1 Humongous Allocation) (mixed)-- 535M->207M(948M), 0.0221356 secs]
36.172: [GC pause (G1 Humongous Allocation) (young) (initial-mark) 286M->206M(948M), 0.0061419 secs]
36.178: [GC concurrent-root-region-scan-start]
36.178: [GC concurrent-root-region-scan-end, 0.0000242 secs]
36.178: [GC concurrent-mark-start]
36.212: [GC concurrent-mark-end, 0.0330986 secs]
36.212: [GC remark, 0.0063779 secs]
36.219: [GC cleanup 376M->376M(948M), 0.0010394 secs]
36.268: [GC pause (G1 Humongous Allocation) (young)-- 552M->208M(948M), 0.0208465 secs]
36.369: [GC pause (G1 Humongous Allocation) (mixed)-- 536M->208M(948M), 0.0226424 secs]
36.474: [GC pause (G1 Humongous Allocation) (mixed)-- 536M->209M(948M), 0.0212443 secs]
36.500: [GC pause (G1 Humongous Allocation) (young) (initial-mark) 289M->210M(948M), 0.0060245 secs]
36.507: [GC concurrent-root-region-scan-start]
36.507: [GC concurrent-root-region-scan-end, 0.0002444 secs]
36.507: [GC concurrent-mark-start]
36.535: [GC concurrent-mark-end, 0.0285988 secs]
36.536: [GC remark, 0.0068667 secs]
36.543: [GC cleanup 363M->363M(948M), 0.0009206 secs]
36.592: [GC pause (G1 Humongous Allocation) (young)-- 553M->208M(948M), 0.0203748 secs]
36.691: [GC pause (G1 Humongous Allocation) (mixed)-- 537M->211M(948M), 0.0216167 secs]
36.795: [GC pause (G1 Humongous Allocation) (mixed)-- 537M->211M(948M), 0.0232098 secs]
36.823: [GC pause (G1 Humongous Allocation) (young) (initial-mark) 286M->211M(948M), 0.0054664 secs]
36.829: [GC concurrent-root-region-scan-start]
36.829: [GC concurrent-root-region-scan-end, 0.0000248 secs]
36.829: [GC concurrent-mark-start]
36.859: [GC concurrent-mark-end, 0.0300855 secs]
36.859: [GC remark, 0.0070388 secs]
36.867: [GC cleanup 372M->372M(948M), 0.0008509 secs]
36.911: [GC pause (G1 Humongous Allocation) (young)-- 554M->213M(948M), 0.0211164 secs]
37.013: [GC pause (G1 Humongous Allocation) (mixed)-- 538M->213M(948M), 0.0247547 secs]
37.112: [GC pause (G1 Humongous Allocation) (mixed)-- 538M->213M(948M), 0.0223907 secs]
37.140: [GC pause (G1 Humongous Allocation) (young) (initial-mark) 286M->215M(948M), 0.0050632 secs]
37.145: [GC concurrent-root-region-scan-start]
37.145: [GC concurrent-root-region-scan-end, 0.0000262 secs]
37.145: [GC concurrent-mark-start]
37.173: [GC concurrent-mark-end, 0.0283769 secs]
37.174: [GC remark, 0.0074739 secs]
37.182: [GC cleanup 365M->365M(948M), 0.0006861 secs]
37.224: [GC pause (G1 Humongous Allocation) (young)-- 555M->215M(948M), 0.0210164 secs]
37.324: [GC pause (G1 Humongous Allocation) (mixed)-- 539M->216M(948M), 0.0213311 secs]
37.418: [GC pause (G1 Humongous Allocation) (mixed)-- 539M->217M(948M), 0.0227857 secs]
37.447: [GC pause (G1 Humongous Allocation) (young) (initial-mark) 287M->215M(948M), 0.0051423 secs]
37.452: [GC concurrent-root-region-scan-start]
37.452: [GC concurrent-root-region-scan-end, 0.0000260 secs]
37.452: [GC concurrent-mark-start]
37.481: [GC concurrent-mark-end, 0.0293342 secs]
37.482: [GC remark, 0.0054400 secs]
37.487: [GC cleanup 378M->378M(948M), 0.0008626 secs]
37.532: [GC pause (G1 Humongous Allocation) (young)-- 556M->218M(948M), 0.0214424 secs]
37.627: [GC pause (G1 Humongous Allocation) (mixed)-- 540M->219M(948M), 0.0221885 secs]
37.724: [GC pause (G1 Humongous Allocation) (mixed)-- 541M->219M(948M), 0.0210729 secs]
37.751: [GC pause (G1 Humongous Allocation) (young) (initial-mark) 288M->218M(948M), 0.0052889 secs]
37.756: [GC concurrent-root-region-scan-start]
37.756: [GC concurrent-root-region-scan-end, 0.0000248 secs]
37.756: [GC concurrent-mark-start]
37.787: [GC concurrent-mark-end, 0.0308694 secs]
37.787: [GC remark, 0.0056155 secs]
37.794: [GC cleanup 394M->394M(948M), 0.0006741 secs]
37.834: [GC pause (G1 Humongous Allocation) (young)-- 557M->221M(948M), 0.0208508 secs]
37.926: [GC pause (G1 Humongous Allocation) (mixed)-- 542M->221M(948M), 0.0214520 secs]
38.021: [GC pause (G1 Humongous Allocation) (mixed)-- 542M->222M(948M), 0.0216279 secs]
38.048: [GC pause (G1 Humongous Allocation) (young) (initial-mark) 290M->221M(948M), 0.0051315 secs]
38.053: [GC concurrent-root-region-scan-start]
38.053: [GC concurrent-root-region-scan-end, 0.0000263 secs]
38.053: [GC concurrent-mark-start]
38.083: [GC concurrent-mark-end, 0.0296761 secs]
38.083: [GC remark, 0.0069309 secs]
38.091: [GC cleanup 387M->387M(948M), 0.0007793 secs]
38.133: [GC pause (G1 Humongous Allocation) (young)-- 558M->223M(948M), 0.0198673 secs]
38.223: [GC pause (G1 Humongous Allocation) (mixed)-- 543M->224M(948M), 0.0234690 secs]
38.314: [GC pause (G1 Humongous Allocation) (mixed)-- 544M->224M(948M), 0.0237190 secs]
38.343: [GC pause (G1 Humongous Allocation) (young) (initial-mark) 293M->225M(948M), 0.0054686 secs]
38.349: [GC concurrent-root-region-scan-start]
38.349: [GC concurrent-root-region-scan-end, 0.0000294 secs]
38.349: [GC concurrent-mark-start]
38.382: [GC concurrent-mark-end, 0.0333313 secs]
38.383: [GC remark, 0.0077405 secs]
38.391: [GC cleanup 412M->412M(948M), 0.0010848 secs]
38.424: [GC pause (G1 Humongous Allocation) (young)-- 559M->225M(948M), 0.0220972 secs]
38.515: [GC pause (G1 Humongous Allocation) (mixed)-- 544M->226M(948M), 0.0221336 secs]
38.608: [GC pause (G1 Humongous Allocation) (mixed)-- 545M->226M(948M), 0.0226438 secs]
38.635: [GC pause (G1 Humongous Allocation) (young) (initial-mark) 293M->227M(948M), 0.0058054 secs]
38.641: [GC concurrent-root-region-scan-start]
38.641: [GC concurrent-root-region-scan-end, 0.0000253 secs]
38.641: [GC concurrent-mark-start]
38.670: [GC concurrent-mark-end, 0.0290084 secs]
38.671: [GC remark, 0.0066728 secs]
38.678: [GC cleanup 403M->403M(948M), 0.0006885 secs]
38.713: [GC pause (G1 Humongous Allocation) (young)-- 560M->228M(948M), 0.0221764 secs]
38.806: [GC pause (G1 Humongous Allocation) (mixed)-- 545M->229M(948M), 0.0249857 secs]
38.900: [GC pause (G1 Humongous Allocation) (mixed)-- 545M->229M(948M), 0.0228678 secs]
38.928: [GC pause (G1 Humongous Allocation) (young) (initial-mark) 292M->229M(948M), 0.0066044 secs]
38.935: [GC concurrent-root-region-scan-start]
38.935: [GC concurrent-root-region-scan-end, 0.0000267 secs]
38.935: [GC concurrent-mark-start]
38.965: [GC concurrent-mark-end, 0.0303419 secs]
38.966: [GC remark, 0.0065554 secs]
38.973: [GC cleanup 418M->418M(948M), 0.0010407 secs]
39.005: [GC pause (G1 Humongous Allocation) (young)-- 560M->229M(948M), 0.0224592 secs]
39.097: [GC pause (G1 Humongous Allocation) (mixed)-- 545M->229M(948M), 0.0229700 secs]
39.191: [GC pause (G1 Humongous Allocation) (mixed)-- 546M->230M(948M), 0.0239053 secs]
39.220: [GC pause (G1 Humongous Allocation) (young) (initial-mark) 294M->230M(948M), 0.0058012 secs]
39.226: [GC concurrent-root-region-scan-start]
39.226: [GC concurrent-root-region-scan-end, 0.0000228 secs]
39.226: [GC concurrent-mark-start]
39.256: [GC concurrent-mark-end, 0.0295579 secs]
39.256: [GC remark, 0.0091936 secs]
39.266: [GC cleanup 413M->413M(948M), 0.0010499 secs]
39.301: [GC pause (G1 Humongous Allocation) (young)-- 562M->231M(948M), 0.0250474 secs]
39.394: [GC pause (G1 Humongous Allocation) (mixed)-- 546M->230M(948M), 0.0272746 secs]
39.486: [GC pause (G1 Humongous Allocation) (mixed)-- 547M->231M(948M), 0.0230395 secs]
39.514: [GC pause (G1 Humongous Allocation) (young) (initial-mark) 293M->232M(948M), 0.0057421 secs]
39.519: [GC concurrent-root-region-scan-start]
39.520: [GC concurrent-root-region-scan-end, 0.0001403 secs]
39.520: [GC concurrent-mark-start]
39.549: [GC concurrent-mark-end, 0.0294924 secs]
39.550: [GC remark, 0.0066889 secs]
39.557: [GC cleanup 425M->425M(948M), 0.0008939 secs]
39.590: [GC pause (G1 Humongous Allocation) (young)-- 562M->231M(948M), 0.0283427 secs]
39.681: [GC pause (G1 Humongous Allocation) (mixed)-- 547M->232M(948M), 0.0267288 secs]
39.774: [GC pause (G1 Humongous Allocation) (mixed)-- 547M->233M(948M), 0.0275218 secs]
39.806: [GC pause (G1 Humongous Allocation) (young) (initial-mark) 296M->234M(948M), 0.0059299 secs]
39.812: [GC concurrent-root-region-scan-start]
39.812: [GC concurrent-root-region-scan-end, 0.0001964 secs]
39.812: [GC concurrent-mark-start]
39.842: [GC concurrent-mark-end, 0.0302889 secs]
39.843: [GC remark, 0.0057427 secs]
39.849: [GC cleanup 440M->440M(948M), 0.0007306 secs]
39.882: [GC pause (G1 Humongous Allocation) (young)-- 562M->233M(948M), 0.0222231 secs]
39.969: [GC pause (G1 Humongous Allocation) (mixed)-- 547M->233M(948M), 0.0240899 secs]
40.053: [GC pause (G1 Humongous Allocation) (mixed)-- 547M->235M(948M), 0.0277604 secs]
40.085: [GC pause (G1 Humongous Allocation) (young) (initial-mark) 294M->234M(948M), 0.0076674 secs]
40.093: [GC concurrent-root-region-scan-start]
40.093: [GC concurrent-root-region-scan-end, 0.0000253 secs]
40.093: [GC concurrent-mark-start]
40.125: [GC concurrent-mark-end, 0.0325277 secs]
40.126: [GC remark, 0.0066648 secs]
40.133: [GC cleanup 450M->450M(948M), 0.0006875 secs]
40.163: [GC pause (G1 Humongous Allocation) (young)-- 564M->236M(948M), 0.0229964 secs]
40.251: [GC pause (G1 Humongous Allocation) (mixed)-- 548M->236M(948M), 0.0236840 secs]
40.339: [GC pause (G1 Humongous Allocation) (mixed)-- 549M->237M(948M), 0.0306196 secs]
40.374: [GC pause (G1 Humongous Allocation) (young) (initial-mark) 297M->237M(948M), 0.0060112 secs]
40.380: [GC concurrent-root-region-scan-start]
40.380: [GC concurrent-root-region-scan-end, 0.0000261 secs]
40.380: [GC concurrent-mark-start]
40.410: [GC concurrent-mark-end, 0.0296993 secs]
40.410: [GC remark, 0.0074787 secs]
40.419: [GC cleanup 450M->450M(948M), 0.0006873 secs]
40.447: [GC pause (G1 Humongous Allocation) (young)-- 564M->239M(948M), 0.0228484 secs]
40.534: [GC pause (G1 Humongous Allocation) (mixed)-- 550M->240M(948M), 0.0253214 secs]
40.622: [GC pause (G1 Humongous Allocation) (mixed)-- 551M->240M(948M), 0.0238456 secs]
40.651: [GC pause (G1 Humongous Allocation) (young) (initial-mark) 296M->241M(948M), 0.0072521 secs]
40.658: [GC concurrent-root-region-scan-start]
40.658: [GC concurrent-root-region-scan-end, 0.0000269 secs]
40.658: [GC concurrent-mark-start]
40.688: [GC concurrent-mark-end, 0.0296746 secs]
40.689: [GC remark, 0.0076460 secs]
40.697: [GC cleanup 441M->441M(948M), 0.0008274 secs]
40.723: [GC pause (G1 Humongous Allocation) (young)-- 567M->241M(948M), 0.0218437 secs]
40.809: [GC pause (G1 Humongous Allocation) (mixed)-- 551M->242M(948M), 0.0280111 secs]
40.896: [GC pause (G1 Humongous Allocation) (mixed)-- 551M->242M(948M), 0.0258496 secs]
40.926: [GC pause (G1 Humongous Allocation) (young) (initial-mark) 296M->243M(948M), 0.0049486 secs]
40.931: [GC concurrent-root-region-scan-start]
40.931: [GC concurrent-root-region-scan-end, 0.0000256 secs]
40.931: [GC concurrent-mark-start]
40.961: [GC concurrent-mark-end, 0.0301993 secs]
40.962: [GC remark, 0.0055530 secs]
40.968: [GC cleanup 453M->453M(948M), 0.0006683 secs]
40.995: [GC pause (G1 Humongous Allocation) (young)-- 566M->243M(948M), 0.0228594 secs]
41.080: [GC pause (G1 Humongous Allocation) (mixed)-- 552M->243M(948M), 0.0262288 secs]
41.164: [GC pause (G1 Humongous Allocation) (mixed)-- 552M->245M(948M), 0.0248074 secs]
41.250: [GC pause (G1 Humongous Allocation) (mixed)-- 552M->246M(948M), 0.0254334 secs]
41.279: [GC pause (G1 Humongous Allocation) (young) (initial-mark) 297M->245M(948M), 0.0045944 secs]
41.283: [GC concurrent-root-region-scan-start]
41.284: [GC concurrent-root-region-scan-end, 0.0000242 secs]
41.284: [GC concurrent-mark-start]
41.314: [GC concurrent-mark-end, 0.0307309 secs]
41.315: [GC remark, 0.0055927 secs]
41.321: [GC cleanup 451M->451M(948M), 0.0007476 secs]
41.349: [GC pause (G1 Humongous Allocation) (young)-- 568M->246M(948M), 0.0239937 secs]
41.430: [GC pause (G1 Humongous Allocation) (mixed)-- 554M->247M(948M), 0.0271450 secs]
41.518: [GC pause (G1 Humongous Allocation) (mixed)-- 554M->248M(948M), 0.0301731 secs]
41.605: [GC pause (G1 Humongous Allocation) (mixed)-- 554M->248M(948M), 0.0252779 secs]
41.634: [GC pause (G1 Humongous Allocation) (young) (initial-mark) 298M->248M(948M), 0.0048783 secs]
41.639: [GC concurrent-root-region-scan-start]
41.639: [GC concurrent-root-region-scan-end, 0.0000248 secs]
41.639: [GC concurrent-mark-start]
41.669: [GC concurrent-mark-end, 0.0306638 secs]
41.670: [GC remark, 0.0056318 secs]
41.676: [GC cleanup 461M->461M(948M), 0.0007529 secs]
41.697: [GC pause (G1 Humongous Allocation) (young) 570M->248M(948M), 0.0232050 secs]
41.780: [GC pause (G1 Humongous Allocation) (mixed)-- 554M->249M(948M), 0.0239001 secs]
41.863: [GC pause (G1 Humongous Allocation) (mixed)-- 555M->250M(948M), 0.0250409 secs]
41.944: [GC pause (G1 Humongous Allocation) (mixed)-- 555M->251M(948M), 0.0229415 secs]
41.970: [GC pause (G1 Humongous Allocation) (young) (initial-mark) 299M->251M(948M), 0.0058913 secs]
41.976: [GC concurrent-root-region-scan-start]
41.976: [GC concurrent-root-region-scan-end, 0.0000257 secs]
41.976: [GC concurrent-mark-start]
42.006: [GC concurrent-mark-end, 0.0302083 secs]
42.007: [GC remark, 0.0054025 secs]
42.013: [GC cleanup 464M->464M(948M), 0.0012315 secs]
42.037: [GC pause (G1 Humongous Allocation) (young)-- 571M->252M(948M), 0.0274121 secs]
42.119: [GC pause (G1 Humongous Allocation) (mixed)-- 556M->253M(948M), 0.0284779 secs]
42.201: [GC pause (G1 Humongous Allocation) (mixed)-- 557M->254M(948M), 0.0187213 secs]
42.281: [GC pause (G1 Humongous Allocation) (mixed)-- 557M->254M(948M), 0.0264826 secs]
42.311: [GC pause (G1 Humongous Allocation) (young) (initial-mark) 301M->254M(948M), 0.0063986 secs]
42.318: [GC concurrent-root-region-scan-start]
42.318: [GC concurrent-root-region-scan-end, 0.0001696 secs]
42.318: [GC concurrent-mark-start]
42.349: [GC concurrent-mark-end, 0.0309891 secs]
42.350: [GC remark, 0.0071852 secs]
42.358: [GC cleanup 490M->490M(948M), 0.0010163 secs]
42.375: [GC pause (G1 Humongous Allocation) (young)-- 571M->254M(948M), 0.0274402 secs]
42.458: [GC pause (G1 Humongous Allocation) (mixed)-- 556M->255M(948M), 0.0260782 secs]
42.538: [GC pause (G1 Humongous Allocation) (mixed)-- 557M->256M(948M), 0.0240147 secs]
42.620: [GC pause (G1 Humongous Allocation) (mixed)-- 558M->257M(948M), 0.0304916 secs]
42.654: [GC pause (G1 Humongous Allocation) (young) (initial-mark) 301M->257M(948M), 0.0052297 secs]
42.659: [GC concurrent-root-region-scan-start]
42.659: [GC concurrent-root-region-scan-end, 0.0000266 secs]
42.659: [GC concurrent-mark-start]
42.689: [GC concurrent-mark-end, 0.0294639 secs]
42.689: [GC remark, 0.0075829 secs]
42.697: [GC cleanup 479M->479M(948M), 0.0015169 secs]
42.720: [GC pause (G1 Humongous Allocation) (young)-- 573M->257M(948M), 0.0223770 secs]
42.801: [GC pause (G1 Humongous Allocation) (mixed)-- 558M->259M(948M), 0.0249267 secs]
42.880: [GC pause (G1 Humongous Allocation) (mixed)-- 559M->258M(948M), 0.0288853 secs]
42.961: [GC pause (G1 Humongous Allocation) (mixed)-- 559M->259M(948M), 0.0217721 secs]
42.986: [GC pause (G1 Humongous Allocation) (young) (initial-mark) 302M->259M(948M), 0.0062523 secs]
42.993: [GC concurrent-root-region-scan-start]
42.993: [GC concurrent-root-region-scan-end, 0.0000334 secs]
42.993: [GC concurrent-mark-start]
43.024: [GC concurrent-mark-end, 0.0317506 secs]
43.025: [GC remark, 0.0073263 secs]
43.033: [GC cleanup 481M->481M(948M), 0.0011702 secs]
43.049: [GC pause (G1 Humongous Allocation) (young)-- 574M->259M(948M), 0.0208943 secs]
43.129: [GC pause (G1 Humongous Allocation) (mixed)-- 560M->261M(948M), 0.0269674 secs]
43.211: [GC pause (G1 Humongous Allocation) (mixed)-- 560M->262M(948M), 0.0254503 secs]
43.288: [GC pause (G1 Humongous Allocation) (mixed)-- 561M->262M(948M), 0.0249952 secs]
43.316: [GC pause (G1 Humongous Allocation) (young) (initial-mark) 302M->262M(948M), 0.0046313 secs]
43.321: [GC concurrent-root-region-scan-start]
43.321: [GC concurrent-root-region-scan-end, 0.0000262 secs]
43.321: [GC concurrent-mark-start]
43.352: [GC concurrent-mark-end, 0.0311563 secs]
43.353: [GC remark, 0.0057227 secs]
43.359: [GC cleanup 488M->488M(948M), 0.0010233 secs]
43.379: [GC pause (G1 Humongous Allocation) (young)-- 575M->263M(948M), 0.0195591 secs]
43.455: [GC pause (G1 Humongous Allocation) (mixed)-- 561M->264M(948M), 0.0295481 secs]
43.536: [GC pause (G1 Humongous Allocation) (mixed)-- 562M->265M(948M), 0.0239061 secs]
43.615: [GC pause (G1 Humongous Allocation) (mixed)-- 562M->266M(948M), 0.0288668 secs]
43.646: [GC pause (G1 Humongous Allocation) (young) (initial-mark) 305M->266M(948M), 0.0053784 secs]
43.652: [GC concurrent-root-region-scan-start]
43.652: [GC concurrent-root-region-scan-end, 0.0000288 secs]
43.652: [GC concurrent-mark-start]
43.685: [GC concurrent-mark-end, 0.0330744 secs]
43.685: [GC remark, 0.0068646 secs]
43.696: [GC cleanup 510M->510M(948M), 0.0015130 secs]
43.707: [GC pause (G1 Humongous Allocation) (young)-- 578M->267M(948M), 0.0214625 secs]
43.783: [GC pause (G1 Humongous Allocation) (mixed)-- 563M->267M(948M), 0.0278369 secs]
43.860: [GC pause (G1 Humongous Allocation) (mixed)-- 563M->268M(948M), 0.0217973 secs]
43.940: [GC pause (G1 Humongous Allocation) (mixed)-- 564M->269M(948M), 0.0263642 secs]
43.970: [GC pause (G1 Humongous Allocation) (young) (initial-mark) 307M->269M(948M), 0.0060654 secs]
43.976: [GC concurrent-root-region-scan-start]
43.976: [GC concurrent-root-region-scan-end, 0.0000265 secs]
43.976: [GC concurrent-mark-start]
44.007: [GC concurrent-mark-end, 0.0313963 secs]
44.008: [GC remark, 0.0072087 secs]
44.016: [GC cleanup 519M->519M(948M), 0.0008952 secs]
44.027: [GC pause (G1 Humongous Allocation) (young)-- 578M->270M(948M), 0.0218357 secs]
44.097: [GC pause (G1 Humongous Allocation) (mixed)-- 565M->270M(948M), 0.0242197 secs]
44.174: [GC pause (G1 Humongous Allocation) (mixed)-- 565M->271M(948M), 0.0207573 secs]
44.248: [GC pause (G1 Humongous Allocation) (mixed)-- 565M->272M(948M), 0.0249650 secs]
44.276: [GC pause (G1 Humongous Allocation) (young) (initial-mark) 308M->272M(948M), 0.0057290 secs]
44.282: [GC concurrent-root-region-scan-start]
44.282: [GC concurrent-root-region-scan-end, 0.0000229 secs]
44.282: [GC concurrent-mark-start]
44.313: [GC concurrent-mark-end, 0.0309677 secs]
44.313: [GC remark, 0.0073905 secs]
44.321: [GC cleanup 495M->495M(948M), 0.0009054 secs]
44.338: [GC pause (G1 Humongous Allocation) (young)-- 580M->273M(948M), 0.0173743 secs]
44.411: [GC pause (G1 Humongous Allocation) (mixed)-- 566M->274M(948M), 0.0234131 secs]
44.488: [GC pause (G1 Humongous Allocation) (mixed)-- 567M->274M(948M), 0.0252967 secs]
44.558: [GC pause (G1 Humongous Allocation) (mixed)-- 567M->274M(948M), 0.0228363 secs]
44.584: [GC pause (G1 Humongous Allocation) (young) (initial-mark) 309M->275M(948M), 0.0038950 secs]
44.588: [GC concurrent-root-region-scan-start]
44.588: [GC concurrent-root-region-scan-end, 0.0000249 secs]
44.588: [GC concurrent-mark-start]
44.617: [GC concurrent-mark-end, 0.0296034 secs]
44.618: [GC remark, 0.0056394 secs]
44.624: [GC cleanup 481M->481M(948M), 0.0009196 secs]
44.641: [GC pause (G1 Humongous Allocation) (young)-- 581M->275M(948M), 0.0261559 secs]
44.716: [GC pause (G1 Humongous Allocation) (mixed)-- 568M->276M(948M), 0.0288962 secs]
44.792: [GC pause (G1 Humongous Allocation) (mixed)-- 568M->276M(948M), 0.0305609 secs]
44.870: [GC pause (G1 Humongous Allocation) (mixed)-- 568M->276M(948M), 0.0225788 secs]
44.895: [GC pause (G1 Humongous Allocation) (young) (initial-mark) 311M->277M(948M), 0.0040806 secs]
44.899: [GC concurrent-root-region-scan-start]
44.899: [GC concurrent-root-region-scan-end, 0.0000251 secs]
44.899: [GC concurrent-mark-start]
44.930: [GC concurrent-mark-end, 0.0306665 secs]
44.931: [GC remark, 0.0071757 secs]
44.938: [GC cleanup 506M->506M(948M), 0.0008098 secs]
44.955: [GC pause (G1 Humongous Allocation) (young)-- 583M->275M(948M), 0.0185363 secs]
45.026: [GC pause (G1 Humongous Allocation) (mixed)-- 569M->279M(948M), 0.0267495 secs]
45.102: [GC pause (G1 Humongous Allocation) (mixed)-- 570M->279M(948M), 0.0258289 secs]
45.173: [GC pause (G1 Humongous Allocation) (mixed)-- 569M->279M(948M), 0.0243145 secs]
45.200: [GC pause (G1 Humongous Allocation) (young) (initial-mark) 311M->278M(948M), 0.0049441 secs]
45.205: [GC concurrent-root-region-scan-start]
45.205: [GC concurrent-root-region-scan-end, 0.0000251 secs]
45.205: [GC concurrent-mark-start]
45.239: [GC concurrent-mark-end, 0.0334843 secs]
45.239: [GC remark, 0.0075984 secs]
45.247: [GC cleanup 520M->520M(948M), 0.0008998 secs]
45.264: [GC pause (G1 Humongous Allocation) (young)-- 584M->280M(948M), 0.0173098 secs]
45.327: [GC pause (G1 Humongous Allocation) (mixed)-- 570M->281M(948M), 0.0226748 secs]
45.398: [GC pause (G1 Humongous Allocation) (mixed)-- 570M->282M(948M), 0.0242026 secs]
45.471: [GC pause (G1 Humongous Allocation) (mixed)-- 570M->283M(948M), 0.0198709 secs]
45.493: [GC pause (G1 Humongous Allocation) (young) (initial-mark) 311M->282M(948M), 0.0041226 secs]
45.497: [GC concurrent-root-region-scan-start]
45.497: [GC concurrent-root-region-scan-end, 0.0002220 secs]
45.497: [GC concurrent-mark-start]
45.528: [GC concurrent-mark-end, 0.0312048 secs]
45.529: [GC remark, 0.0056140 secs]
45.535: [GC cleanup 518M->518M(948M), 0.0009002 secs]
45.549: [GC pause (G1 Humongous Allocation) (young)-- 585M->284M(948M), 0.0185262 secs]
45.618: [GC pause (G1 Humongous Allocation) (mixed)-- 571M->285M(948M), 0.0260342 secs]
45.692: [GC pause (G1 Humongous Allocation) (mixed)-- 572M->284M(948M), 0.0207995 secs]
45.760: [GC pause (G1 Humongous Allocation) (mixed)-- 572M->286M(948M), 0.0260387 secs]
45.789: [GC pause (G1 Humongous Allocation) (young) (initial-mark) 314M->286M(948M), 0.0029775 secs]
45.792: [GC concurrent-root-region-scan-start]
45.792: [GC concurrent-root-region-scan-end, 0.0000269 secs]
45.792: [GC concurrent-mark-start]
45.825: [GC concurrent-mark-end, 0.0335987 secs]
45.826: [GC remark, 0.0058320 secs]
45.842: [GC cleanup 582M->582M(948M), 0.0007504 secs]
45.843: [GC pause (G1 Humongous Allocation) (young)-- 586M->288M(948M), 0.0250430 secs]
45.915: [GC pause (G1 Humongous Allocation) (mixed)-- 573M->288M(948M), 0.0288110 secs]
45.989: [GC pause (G1 Humongous Allocation) (mixed)-- 574M->288M(948M), 0.0226173 secs]
46.061: [GC pause (G1 Humongous Allocation) (mixed)-- 574M->289M(948M), 0.0280194 secs]
46.091: [GC pause (G1 Humongous Allocation) (young) (initial-mark) 315M->290M(948M), 0.0043395 secs]
46.095: [GC concurrent-root-region-scan-start]
46.095: [GC concurrent-root-region-scan-end, 0.0000269 secs]
46.095: [GC concurrent-mark-start]
46.128: [GC concurrent-mark-end, 0.0328908 secs]
46.129: [GC remark, 0.0098358 secs]
46.145: [GC cleanup 576M->576M(948M), 0.0011074 secs]
46.149: [GC pause (G1 Humongous Allocation) (young)-- 588M->290M(948M), 0.0217156 secs]
46.213: [GC pause (G1 Humongous Allocation) (mixed)-- 575M->291M(948M), 0.0251326 secs]
46.285: [GC pause (G1 Humongous Allocation) (mixed)-- 575M->291M(948M), 0.0248298 secs]
46.361: [GC pause (G1 Humongous Allocation) (mixed)-- 575M->292M(948M), 0.0272802 secs]
46.390: [GC pause (G1 Humongous Allocation) (young) (initial-mark) 316M->292M(948M), 0.0045409 secs]
46.395: [GC concurrent-root-region-scan-start]
46.395: [GC concurrent-root-region-scan-end, 0.0000272 secs]
46.395: [GC concurrent-mark-start]
46.427: [GC concurrent-mark-end, 0.0320070 secs]
46.427: [GC remark, 0.0064703 secs]
46.434: [GC cleanup 544M->544M(948M), 0.0007437 secs]
46.447: [GC pause (G1 Humongous Allocation) (young)-- 589M->293M(948M), 0.0187237 secs]
46.513: [GC pause (G1 Humongous Allocation) (mixed)-- 576M->294M(948M), 0.0283185 secs]
46.586: [GC pause (G1 Humongous Allocation) (mixed)-- 577M->294M(948M), 0.0242733 secs]
46.654: [GC pause (G1 Humongous Allocation) (mixed)-- 577M->295M(948M), 0.0277217 secs]
46.684: [GC pause (G1 Humongous Allocation) (young) (initial-mark) 316M->294M(948M), 0.0046684 secs]
46.688: [GC concurrent-root-region-scan-start]
46.688: [GC concurrent-root-region-scan-end, 0.0000411 secs]
46.688: [GC concurrent-mark-start]
46.721: [GC concurrent-mark-end, 0.0328008 secs]
46.722: [GC remark, 0.0070545 secs]
46.737: [GC cleanup 559M->559M(948M), 0.0007113 secs]
46.744: [GC pause (G1 Humongous Allocation) (young)-- 592M->287M(948M), 0.0216845 secs]
46.806: [GC pause (G1 Humongous Allocation) (mixed)-- 578M->296M(948M), 0.0306750 secs]
46.876: [GC pause (G1 Humongous Allocation) (mixed)-- 578M->296M(948M), 0.0270760 secs]
46.946: [GC pause (G1 Humongous Allocation) (mixed)-- 578M->297M(948M), 0.0233554 secs]
46.970: [GC pause (G1 Humongous Allocation) (young) (initial-mark) 319M->298M(948M), 0.0036904 secs]
46.974: [GC concurrent-root-region-scan-start]
46.974: [GC concurrent-root-region-scan-end, 0.0000272 secs]
46.974: [GC concurrent-mark-start]
47.005: [GC concurrent-mark-end, 0.0309054 secs]
47.006: [GC remark, 0.0084968 secs]
47.015: [GC cleanup 538M->538M(948M), 0.0009267 secs]
47.026: [GC pause (G1 Humongous Allocation) (young)-- 592M->298M(948M), 0.0233779 secs]
47.092: [GC pause (G1 Humongous Allocation) (mixed)-- 579M->298M(948M), 0.0265540 secs]
47.161: [GC pause (G1 Humongous Allocation) (mixed)-- 579M->299M(948M), 0.0283388 secs]
47.229: [GC pause (G1 Humongous Allocation) (mixed)-- 579M->300M(948M), 0.0260373 secs]
47.257: [GC pause (G1 Humongous Allocation) (young) (initial-mark) 318M->301M(948M), 0.0036802 secs]
47.261: [GC concurrent-root-region-scan-start]
47.261: [GC concurrent-root-region-scan-end, 0.0000241 secs]
47.261: [GC concurrent-mark-start]
47.291: [GC concurrent-mark-end, 0.0302481 secs]
47.292: [GC remark, 0.0068567 secs]
47.299: [GC cleanup 513M->513M(948M), 0.0008799 secs]
47.311: [GC pause (G1 Humongous Allocation) (young)-- 594M->301M(948M), 0.0253732 secs]
47.378: [GC pause (G1 Humongous Allocation) (mixed)-- 580M->301M(948M), 0.0321879 secs]
47.451: [GC pause (G1 Humongous Allocation) (mixed)-- 580M->301M(948M), 0.0265733 secs]
47.521: [GC pause (G1 Humongous Allocation) (mixed)-- 581M->304M(948M), 0.0284342 secs]
47.551: [GC pause (G1 Humongous Allocation) (young) (initial-mark) 321M->303M(948M), 0.0024394 secs]
47.553: [GC concurrent-root-region-scan-start]
47.553: [GC concurrent-root-region-scan-end, 0.0000247 secs]
47.553: [GC concurrent-mark-start]
47.584: [GC concurrent-mark-end, 0.0308572 secs]
47.585: [GC remark, 0.0059708 secs]
47.591: [GC cleanup 556M->556M(948M), 0.0007037 secs]
47.596: [GC pause (G1 Humongous Allocation) (young) 594M->304M(948M), 0.0241361 secs]
47.664: [GC pause (G1 Humongous Allocation) (mixed)-- 581M->304M(948M), 0.0217067 secs]
47.732: [GC pause (G1 Humongous Allocation) (mixed)-- 582M->305M(948M), 0.0284016 secs]
47.801: [GC pause (G1 Humongous Allocation) (mixed)-- 583M->307M(948M), 0.0269861 secs]
47.829: [GC pause (G1 Humongous Allocation) (young) (initial-mark) 321M->308M(948M), 0.0025278 secs]
47.831: [GC concurrent-root-region-scan-start]
47.831: [GC concurrent-root-region-scan-end, 0.0000240 secs]
47.831: [GC concurrent-mark-start]
47.861: [GC concurrent-mark-end, 0.0294758 secs]
47.862: [GC remark, 0.0096855 secs]
47.872: [GC cleanup 508M->508M(948M), 0.0008838 secs]
47.884: [GC pause (G1 Humongous Allocation) (young) 596M->309M(948M), 0.0232988 secs]
47.949: [GC pause (G1 Humongous Allocation) (mixed)-- 583M->308M(948M), 0.0274247 secs]
48.018: [GC pause (G1 Humongous Allocation) (mixed)-- 583M->309M(948M), 0.0237070 secs]
48.083: [GC pause (G1 Humongous Allocation) (mixed)-- 584M->309M(948M), 0.0215390 secs]
48.106: [GC pause (G1 Humongous Allocation) (young) (initial-mark) 323M->308M(948M), 0.0026561 secs]
48.109: [GC concurrent-root-region-scan-start]
48.109: [GC concurrent-root-region-scan-end, 0.0000269 secs]
48.109: [GC concurrent-mark-start]
48.142: [GC concurrent-mark-end, 0.0325552 secs]
48.142: [GC remark, 0.0061951 secs]
48.154: [GC cleanup 550M->550M(948M), 0.0010220 secs]
48.160: [GC pause (G1 Humongous Allocation) (young)-- 597M->305M(948M), 0.0224523 secs]
48.225: [GC pause (G1 Humongous Allocation) (mixed)-- 584M->311M(948M), 0.0272610 secs]
48.293: [GC pause (G1 Evacuation Pause) (mixed)-- 585M->311M(948M), 0.0242284 secs]
48.362: [GC pause (G1 Humongous Allocation) (mixed)-- 585M->312M(948M), 0.0218917 secs]
48.385: [GC pause (G1 Humongous Allocation) (young) (initial-mark) 324M->312M(948M), 0.0028751 secs]
48.388: [GC concurrent-root-region-scan-start]
48.388: [GC concurrent-root-region-scan-end, 0.0000266 secs]
48.388: [GC concurrent-mark-start]
48.419: [GC concurrent-mark-end, 0.0305420 secs]
48.419: [GC remark, 0.0080586 secs]
48.428: [GC cleanup 510M->510M(948M), 0.0007924 secs]
48.442: [GC pause (G1 Humongous Allocation) (young)-- 597M->314M(948M), 0.0220592 secs]
48.505: [GC pause (G1 Humongous Allocation) (mixed)-- 586M->312M(948M), 0.0302074 secs]
48.573: [GC pause (G1 Humongous Allocation) (mixed)-- 586M->313M(948M), 0.0197893 secs]
48.638: [GC pause (G1 Humongous Allocation) (mixed)-- 586M->314M(948M), 0.0261094 secs]
48.665: [GC pause (G1 Humongous Allocation) (young) (initial-mark) 325M->315M(948M), 0.0022851 secs]
48.668: [GC concurrent-root-region-scan-start]
48.668: [GC concurrent-root-region-scan-end, 0.0000262 secs]
48.668: [GC concurrent-mark-start]
48.698: [GC concurrent-mark-end, 0.0302661 secs]
48.698: [GC remark, 0.0060536 secs]
48.714: [GC pause (G1 Humongous Allocation) (young)-- 601M->307M(948M), 0.0244938 secs]
48.739: [GC cleanup 312M->312M(948M), 0.0008547 secs]
48.776: [GC pause (G1 Humongous Allocation) (young) 601M->314M(948M), 0.0267974 secs]
48.841: [GC pause (G1 Humongous Allocation) (mixed)-- 587M->316M(948M), 0.0250594 secs]
48.907: [GC pause (G1 Humongous Allocation) (mixed)-- 588M->316M(948M), 0.0314173 secs]
48.974: [GC pause (G1 Humongous Allocation) (mixed)-- 588M->317M(948M), 0.0227945 secs]
48.998: [GC pause (G1 Humongous Allocation) (young) (initial-mark) 326M->317M(948M), 0.0020466 secs]
49.000: [GC concurrent-root-region-scan-start]
49.000: [GC concurrent-root-region-scan-end, 0.0000263 secs]
49.000: [GC concurrent-mark-start]
49.030: [GC concurrent-mark-end, 0.0301154 secs]
49.031: [GC remark, 0.0060903 secs]
49.043: [GC cleanup 555M->555M(948M), 0.0012535 secs]
49.048: [GC pause (G1 Humongous Allocation) (young)-- 600M->314M(948M), 0.0265250 secs]
49.112: [GC pause (G1 Humongous Allocation) (mixed)-- 588M->319M(948M), 0.0234717 secs]
49.178: [GC pause (G1 Humongous Allocation) (mixed)-- 589M->320M(948M), 0.0290863 secs]
49.243: [GC pause (G1 Humongous Allocation) (mixed)-- 590M->321M(948M), 0.0252134 secs]
49.270: [GC pause (G1 Humongous Allocation) (young) (initial-mark) 328M->321M(948M), 0.0025330 secs]
49.272: [GC concurrent-root-region-scan-start]
49.272: [GC concurrent-root-region-scan-end, 0.0000239 secs]
49.272: [GC concurrent-mark-start]
49.303: [GC concurrent-mark-end, 0.0306483 secs]
49.303: [GC remark, 0.0096093 secs]
49.314: [GC cleanup 504M->503M(948M), 0.0010623 secs]
49.315: [GC concurrent-cleanup-start]
49.315: [GC concurrent-cleanup-end, 0.0000104 secs]
49.325: [GC pause (G1 Humongous Allocation) (young)-- 602M->322M(948M), 0.0249209 secs]
49.390: [GC pause (G1 Humongous Allocation) (mixed)-- 590M->320M(948M), 0.0255445 secs]
49.451: [GC pause (G1 Humongous Allocation) (mixed)-- 590M->321M(948M), 0.0246387 secs]
49.517: [GC pause (G1 Humongous Allocation) (mixed)-- 591M->322M(948M), 0.0333397 secs]
49.552: [GC pause (G1 Humongous Allocation) (young) (initial-mark) 330M->322M(948M), 0.0027580 secs]
49.554: [GC concurrent-root-region-scan-start]
49.554: [GC concurrent-root-region-scan-end, 0.0000233 secs]
49.554: [GC concurrent-mark-start]
49.585: [GC concurrent-mark-end, 0.0306029 secs]
49.586: [GC remark, 0.0066168 secs]
49.593: [GC cleanup 575M->575M(948M), 0.0007177 secs]
49.597: [GC pause (G1 Humongous Allocation) (young) (initial-mark) 601M->320M(948M), 0.0230264 secs]
49.620: [GC concurrent-root-region-scan-start]
49.620: [GC concurrent-root-region-scan-end, 0.0000262 secs]
49.620: [GC concurrent-mark-start]
49.650: [GC concurrent-mark-end, 0.0302903 secs]
49.651: [GC remark, 0.0083081 secs]
49.660: [GC cleanup 488M->488M(948M), 0.0010694 secs]
49.677: [GC pause (G1 Humongous Allocation) (young)-- 605M->324M(948M), 0.0259746 secs]
49.742: [GC pause (G1 Humongous Allocation) (mixed)-- 592M->324M(948M), 0.0279754 secs]
49.805: [GC pause (G1 Humongous Allocation) (mixed)-- 592M->325M(948M), 0.0307999 secs]
49.872: [GC pause (G1 Humongous Allocation) (mixed)-- 592M->325M(948M), 0.0280882 secs]
49.901: [GC pause (G1 Humongous Allocation) (young) (initial-mark) 330M->326M(948M), 0.0021908 secs]
49.903: [GC concurrent-root-region-scan-start]
49.903: [GC concurrent-root-region-scan-end, 0.0001424 secs]
49.903: [GC concurrent-mark-start]
49.933: [GC concurrent-mark-end, 0.0297110 secs]
49.933: [GC remark, 0.0080777 secs]
49.942: [GC cleanup 577M->577M(948M), 0.0015832 secs]
49.948: [GC pause (G1 Humongous Allocation) (young)-- 604M->325M(948M), 0.0262236 secs]
50.010: [GC pause (G1 Humongous Allocation) (mixed)-- 592M->325M(948M), 0.0322590 secs]
50.077: [GC pause (G1 Humongous Allocation) (mixed)-- 592M->326M(948M), 0.0272593 secs]
50.139: [GC pause (G1 Humongous Allocation) (mixed)-- 593M->327M(948M), 0.0301546 secs]
50.170: [GC pause (G1 Humongous Allocation) (young) (initial-mark) 331M->328M(948M), 0.0021604 secs]
50.172: [GC concurrent-root-region-scan-start]
50.172: [GC concurrent-root-region-scan-end, 0.0000247 secs]
50.172: [GC concurrent-mark-start]
50.203: [GC concurrent-mark-end, 0.0307748 secs]
50.203: [GC remark, 0.0087239 secs]
50.213: [GC cleanup 583M->583M(948M), 0.0009461 secs]
50.218: [GC pause (G1 Humongous Allocation) (young)-- 607M->329M(948M), 0.0230135 secs]
50.280: [GC pause (G1 Humongous Allocation) (mixed)-- 594M->328M(948M), 0.0293818 secs]
50.344: [GC pause (G1 Humongous Allocation) (mixed)-- 594M->328M(948M), 0.0249766 secs]
50.409: [GC pause (G1 Humongous Allocation) (mixed)-- 594M->328M(948M), 0.0320813 secs]
50.441: [GC pause (G1 Humongous Allocation) (young) (initial-mark) 331M->328M(948M), 0.0017308 secs]
50.443: [GC concurrent-root-region-scan-start]
50.443: [GC concurrent-root-region-scan-end, 0.0000236 secs]
50.443: [GC concurrent-mark-start]
50.474: [GC concurrent-mark-end, 0.0310807 secs]
50.475: [GC remark, 0.0076113 secs]
50.493: [GC pause (G1 Humongous Allocation) (young) 608M->320M(948M), 0.0211747 secs]
50.515: [GC cleanup 333M->333M(948M), 0.0015280 secs]
50.551: [GC pause (G1 Humongous Allocation) (young)-- 607M->329M(948M), 0.0276882 secs]
50.616: [GC pause (G1 Humongous Allocation) (mixed)-- 594M->331M(948M), 0.0282678 secs]
50.681: [GC pause (G1 Humongous Allocation) (mixed)-- 595M->330M(948M), 0.0218989 secs]
50.743: [GC pause (G1 Humongous Allocation) (mixed)-- 595M->331M(948M), 0.0284315 secs]
50.805: [GC pause (G1 Humongous Allocation) (mixed)-- 596M->332M(948M), 0.0228511 secs]
50.829: [GC pause (G1 Humongous Allocation) (young) (initial-mark) 333M->331M(948M), 0.0017212 secs]
50.830: [GC concurrent-root-region-scan-start]
50.830: [GC concurrent-root-region-scan-end, 0.0000266 secs]
50.830: [GC concurrent-mark-start]
50.868: [GC concurrent-mark-end, 0.0376703 secs]
50.869: [GC remark, 0.0079143 secs]
50.877: [GC cleanup 591M->591M(948M), 0.0007429 secs]
50.888: [GC pause (G1 Humongous Allocation) (young) 608M->321M(948M), 0.0240001 secs]
50.946: [GC pause (G1 Humongous Allocation) (mixed)-- 596M->333M(948M), 0.0347125 secs]
51.012: [GC pause (G1 Humongous Allocation) (mixed)-- 597M->334M(948M), 0.0336863 secs]
51.079: [GC pause (G1 Humongous Allocation) (mixed)-- 597M->334M(948M), 0.0244997 secs]
51.138: [GC pause (G1 Humongous Allocation) (mixed)-- 597M->335M(948M), 0.0263243 secs]
51.165: [GC pause (G1 Humongous Allocation) (young) (initial-mark) 336M->335M(948M), 0.0012727 secs]
51.166: [GC concurrent-root-region-scan-start]
51.166: [GC concurrent-root-region-scan-end, 0.0000259 secs]
51.166: [GC concurrent-mark-start]
51.198: [GC concurrent-mark-end, 0.0323921 secs]
51.199: [GC remark, 0.0066883 secs]
51.206: [GC cleanup 596M->596M(948M), 0.0009749 secs]
51.209: [GC pause (G1 Humongous Allocation) (young) 609M->336M(948M), 0.0266721 secs]
51.268: [GC pause (G1 Humongous Allocation) (mixed)-- 598M->336M(948M), 0.0193870 secs]
51.331: [GC pause (G1 Humongous Allocation) (mixed)-- 598M->336M(948M), 0.0241637 secs]
51.391: [GC pause (G1 Humongous Allocation) (mixed)-- 598M->337M(948M), 0.0238368 secs]
51.451: [GC pause (G1 Humongous Allocation) (mixed)-- 598M->337M(948M), 0.0250667 secs]
51.477: [GC pause (G1 Humongous Allocation) (young) (initial-mark) 337M->337M(948M), 0.0016068 secs]
51.478: [GC concurrent-root-region-scan-start]
51.478: [GC concurrent-root-region-scan-end, 0.0000265 secs]
51.478: [GC concurrent-mark-start]
51.512: [GC concurrent-mark-end, 0.0331998 secs]
51.512: [GC remark, 0.0072259 secs]
51.520: [GC pause (G1 Humongous Allocation) (young)-- 612M->339M(948M), 0.0265148 secs]
51.547: [GC cleanup 352M->352M(948M), 0.0006980 secs]
51.577: [GC pause (G1 Humongous Allocation) (young) 611M->339M(948M), 0.0217616 secs]
51.639: [GC pause (G1 Humongous Allocation) (mixed)-- 599M->340M(948M), 0.0295534 secs]
51.701: [GC pause (G1 Humongous Allocation) (mixed)-- 600M->341M(948M), 0.0246718 secs]
51.763: [GC pause (G1 Humongous Allocation) (mixed)-- 601M->340M(948M), 0.0292636 secs]
51.825: [GC pause (G1 Humongous Allocation) (mixed)-- 600M->341M(948M), 0.0239852 secs]
51.850: [GC pause (G1 Humongous Allocation) (young) (initial-mark) 343M->342M(948M), 0.0017617 secs]
51.851: [GC concurrent-root-region-scan-start]
51.851: [GC concurrent-root-region-scan-end, 0.0000267 secs]
51.851: [GC concurrent-mark-start]
51.884: [GC concurrent-mark-end, 0.0326380 secs]
51.885: [GC remark, 0.0060173 secs]
51.891: [GC cleanup 554M->554M(948M), 0.0007498 secs]
51.902: [GC pause (G1 Evacuation Pause) (young)-- 613M->345M(948M), 0.0212407 secs]
51.956: [GC pause (G1 Humongous Allocation) (mixed)-- 601M->342M(948M), 0.0256735 secs]
52.019: [GC pause (G1 Humongous Allocation) (mixed)-- 602M->344M(948M), 0.0222603 secs]
52.074: [GC pause (G1 Humongous Allocation) (mixed)-- 602M->344M(948M), 0.0292742 secs]
52.137: [GC pause (G1 Humongous Allocation) (mixed)-- 602M->345M(948M), 0.0262724 secs]
52.163: [GC pause (G1 Humongous Allocation) (young) (initial-mark) 345M->345M(948M), 0.0016851 secs]
52.165: [GC concurrent-root-region-scan-start]
52.165: [GC concurrent-root-region-scan-end, 0.0000241 secs]
52.165: [GC concurrent-mark-start]
52.196: [GC concurrent-mark-end, 0.0305910 secs]
52.196: [GC remark, 0.0095980 secs]
52.206: [GC cleanup 569M->569M(948M), 0.0009794 secs]
52.216: [GC pause (G1 Humongous Allocation) (young) 615M->343M(948M), 0.0242054 secs]
52.272: [GC pause (G1 Humongous Allocation) (mixed)-- 602M->346M(948M), 0.0316437 secs]
52.333: [GC pause (G1 Humongous Allocation) (mixed)-- 603M->347M(948M), 0.0309744 secs]
52.396: [GC pause (G1 Humongous Allocation) (mixed)-- 603M->346M(948M), 0.0285540 secs]
52.457: [GC pause (G1 Humongous Allocation) (mixed)-- 603M->347M(948M), 0.0277438 secs]
52.485: [GC pause (G1 Humongous Allocation) (young) (initial-mark) 348M->348M(948M), 0.0015525 secs]
52.487: [GC concurrent-root-region-scan-start]
52.487: [GC concurrent-root-region-scan-end, 0.0000256 secs]
52.487: [GC concurrent-mark-start]
52.519: [GC concurrent-mark-end, 0.0319463 secs]
52.524: [GC pause (G1 Humongous Allocation) (young)-- 616M->346M(948M), 0.0251558 secs]
52.551: [GC remark, 0.0082569 secs]
52.560: [GC cleanup 379M->379M(948M), 0.0011008 secs]
52.587: [GC pause (G1 Evacuation Pause) (young) 617M->349M(948M), 0.0357114 secs]
52.654: [GC pause (G1 Humongous Allocation) (mixed)-- 604M->350M(948M), 0.0263291 secs]
52.716: [GC pause (G1 Evacuation Pause) (mixed)-- 605M->351M(948M), 0.0278562 secs]
52.774: [GC pause (G1 Humongous Allocation) (mixed)-- 605M->350M(948M), 0.0274362 secs]
52.835: [GC pause (G1 Humongous Allocation) (mixed)-- 605M->352M(948M), 0.0283197 secs]
52.864: [GC pause (G1 Humongous Allocation) (young) (initial-mark) 352M->352M(948M), 0.0018813 secs]
52.866: [GC concurrent-root-region-scan-start]
52.866: [GC concurrent-root-region-scan-end, 0.0000246 secs]
52.866: [GC concurrent-mark-start]
52.896: [GC concurrent-mark-end, 0.0300320 secs]
52.896: [GC remark, 0.0095812 secs]
52.906: [GC cleanup 547M->547M(948M), 0.0010278 secs]
52.920: [GC pause (G1 Evacuation Pause) (young) 617M->354M(948M), 0.0214095 secs]
52.969: [GC pause (G1 Humongous Allocation) (mixed)-- 606M->353M(948M), 0.0286407 secs]
53.032: [GC pause (G1 Humongous Allocation) (mixed)-- 606M->354M(948M), 0.0221555 secs]
53.089: [GC pause (G1 Humongous Allocation) (mixed)-- 606M->354M(948M), 0.0266867 secs]
53.150: [GC pause (G1 Humongous Allocation) (mixed)-- 606M->355M(948M), 0.0242570 secs]
53.174: [GC pause (G1 Humongous Allocation) (young) (initial-mark) 356M->356M(948M), 0.0016503 secs]
53.176: [GC concurrent-root-region-scan-start]
53.176: [GC concurrent-root-region-scan-end, 0.0000241 secs]
53.176: [GC concurrent-mark-start]
53.207: [GC concurrent-mark-end, 0.0308915 secs]
53.207: [GC remark, 0.0068504 secs]
53.215: [GC cleanup 513M->513M(948M), 0.0006824 secs]
53.227: [GC pause (G1 Humongous Allocation) (young)-- 618M->358M(948M), 0.0215823 secs]
53.281: [GC pause (G1 Humongous Allocation) (mixed)-- 608M->356M(948M), 0.0257532 secs]
53.337: [GC pause (G1 Humongous Allocation) (mixed)-- 608M->357M(948M), 0.0219173 secs]
53.394: [GC pause (G1 Humongous Allocation) (mixed)-- 608M->357M(948M), 0.0262356 secs]
53.451: [GC pause (G1 Humongous Allocation) (mixed)-- 608M->358M(948M), 0.0241811 secs]
53.476: [GC pause (G1 Humongous Allocation) (young) (initial-mark) 359M->358M(948M), 0.0016867 secs]
53.478: [GC concurrent-root-region-scan-start]
53.478: [GC concurrent-root-region-scan-end, 0.0000243 secs]
53.478: [GC concurrent-mark-start]
53.510: [GC pause (G1 Humongous Allocation) (young)-- 620M->360M(948M), 0.0243978 secs]
53.539: [GC concurrent-mark-end, 0.0612317 secs]
53.539: [GC remark, 0.0065362 secs]
53.546: [GC cleanup 417M->417M(948M), 0.0006801 secs]
53.569: [GC pause (G1 Humongous Allocation) (young) 621M->359M(948M), 0.0209115 secs]
53.623: [GC pause (G1 Humongous Allocation) (mixed)-- 609M->360M(948M), 0.0253371 secs]
53.681: [GC pause (G1 Humongous Allocation) (mixed)-- 610M->360M(948M), 0.0210850 secs]
53.736: [GC pause (G1 Humongous Allocation) (mixed)-- 609M->361M(948M), 0.0325225 secs]
53.793: [GC pause (G1 Humongous Allocation) (mixed)-- 611M->361M(948M), 0.0296200 secs]
53.823: [GC pause (G1 Humongous Allocation) (young) (initial-mark) 361M->361M(948M), 0.0013006 secs]
53.825: [GC concurrent-root-region-scan-start]
53.825: [GC concurrent-root-region-scan-end, 0.0000229 secs]
53.825: [GC concurrent-mark-start]
53.859: [GC concurrent-mark-end, 0.0340989 secs]
53.874: [GC remark, 0.0062710 secs]
53.888: [GC cleanup 621M->621M(948M), 0.0011009 secs]
53.890: [GC pause (G1 Humongous Allocation) (young)-- 621M->353M(948M), 0.0214740 secs]
53.931: [GC pause (G1 Humongous Allocation) (mixed)-- 611M->363M(948M), 0.0252342 secs]
53.993: [GC pause (G1 Humongous Allocation) (mixed)-- 611M->363M(948M), 0.0342239 secs]
54.049: [GC pause (G1 Humongous Allocation) (mixed)-- 611M->363M(948M), 0.0254781 secs]
54.112: [GC pause (G1 Humongous Allocation) (mixed)-- 611M->365M(948M), 0.0269427 secs]
54.139: [GC pause (G1 Humongous Allocation) (young) (initial-mark) 366M->366M(948M), 0.0016384 secs]
54.141: [GC concurrent-root-region-scan-start]
54.141: [GC concurrent-root-region-scan-end, 0.0000241 secs]
54.141: [GC concurrent-mark-start]
54.172: [GC concurrent-mark-end, 0.0311255 secs]
54.172: [GC remark, 0.0079758 secs]
54.181: [GC cleanup 558M->558M(948M), 0.0009281 secs]
54.198: [GC pause (G1 Humongous Allocation) (young) 624M->352M(948M), 0.0205818 secs]
54.246: [GC pause (G1 Humongous Allocation) (mixed)-- 612M->366M(948M), 0.0308682 secs]
54.306: [GC pause (G1 Humongous Allocation) (mixed)-- 613M->367M(948M), 0.0252504 secs]
54.359: [GC pause (G1 Humongous Allocation) (mixed)-- 613M->367M(948M), 0.0214306 secs]
54.414: [GC pause (G1 Humongous Allocation) (mixed)-- 613M->368M(948M), 0.0306563 secs]
54.445: [GC pause (G1 Humongous Allocation) (young) (initial-mark) 368M->367M(948M), 0.0014341 secs]
54.447: [GC concurrent-root-region-scan-start]
54.447: [GC concurrent-root-region-scan-end, 0.0000312 secs]
54.447: [GC concurrent-mark-start]
54.483: [GC concurrent-mark-end, 0.0365437 secs]
54.484: [GC remark, 0.0061925 secs]
54.501: [GC cleanup 624M->624M(948M), 0.0007451 secs]
54.503: [GC pause (G1 Humongous Allocation) (young)-- 624M->356M(948M), 0.0179018 secs]
54.549: [GC pause (G1 Humongous Allocation) (mixed)-- 615M->369M(948M), 0.0240908 secs]
54.604: [GC pause (G1 Humongous Allocation) (mixed)-- 614M->370M(948M), 0.0247138 secs]
54.659: [GC pause (G1 Humongous Allocation) (mixed)-- 615M->370M(948M), 0.0292956 secs]
54.717: [GC pause (G1 Humongous Allocation) (mixed)-- 615M->371M(948M), 0.0266302 secs]
54.744: [GC pause (G1 Humongous Allocation) (young) (initial-mark) 371M->371M(948M), 0.0019212 secs]
54.746: [GC concurrent-root-region-scan-start]
54.746: [GC concurrent-root-region-scan-end, 0.0000239 secs]
54.746: [GC concurrent-mark-start]
54.777: [GC pause (G1 Humongous Allocation) (young) 626M->370M(948M), 0.0239735 secs]
54.804: [GC concurrent-mark-end, 0.0586424 secs]
54.805: [GC remark, 0.0062758 secs]
54.811: [GC cleanup 391M->391M(948M), 0.0008920 secs]
54.836: [GC pause (G1 Humongous Allocation) (young)-- 626M->371M(948M), 0.0253376 secs]
54.893: [GC pause (G1 Humongous Allocation) (mixed)-- 616M->372M(948M), 0.0282981 secs]
54.953: [GC pause (G1 Humongous Allocation) (mixed)-- 616M->370M(948M), 0.0234389 secs]
55.009: [GC pause (G1 Humongous Allocation) (mixed)-- 616M->371M(948M), 0.0214465 secs]
55.060: [GC pause (G1 Humongous Allocation) (mixed)-- 616M->374M(948M), 0.0280203 secs]
55.089: [GC pause (G1 Humongous Allocation) (young) (initial-mark) 374M->374M(948M), 0.0013465 secs]
55.090: [GC concurrent-root-region-scan-start]
55.090: [GC concurrent-root-region-scan-end, 0.0000235 secs]
55.090: [GC concurrent-mark-start]
55.122: [GC concurrent-mark-end, 0.0313695 secs]
55.122: [GC remark, 0.0057499 secs]
55.136: [GC cleanup 624M->624M(948M), 0.0007147 secs]
55.137: [GC pause (G1 Humongous Allocation) (young)-- 627M->366M(948M), 0.0189110 secs]
55.186: [GC pause (G1 Humongous Allocation) (mixed)-- 617M->375M(948M), 0.0291020 secs]
55.242: [GC pause (G1 Humongous Allocation) (mixed)-- 617M->375M(948M), 0.0234005 secs]
55.298: [GC pause (G1 Humongous Allocation) (mixed)-- 618M->376M(948M), 0.0292885 secs]
55.352: [GC pause (G1 Humongous Allocation) (mixed)-- 618M->376M(948M), 0.0246208 secs]
55.377: [GC pause (G1 Humongous Allocation) (young) (initial-mark) 377M->377M(948M), 0.0018568 secs]
55.379: [GC concurrent-root-region-scan-start]
55.379: [GC concurrent-root-region-scan-end, 0.0000264 secs]
55.379: [GC concurrent-mark-start]
55.412: [GC concurrent-mark-end, 0.0323217 secs]
55.412: [GC remark, 0.0078000 secs]
55.421: [GC cleanup 610M->610M(948M), 0.0010897 secs]
55.425: [GC pause (G1 Humongous Allocation) (young)-- 629M->375M(948M), 0.0232341 secs]
55.472: [GC pause (G1 Humongous Allocation) (mixed)-- 619M->378M(948M), 0.0211881 secs]
55.527: [GC pause (G1 Humongous Allocation) (mixed)-- 619M->379M(948M), 0.0249624 secs]
55.579: [GC pause (G1 Humongous Allocation) (mixed)-- 619M->379M(948M), 0.0214548 secs]
55.631: [GC pause (G1 Humongous Allocation) (mixed)-- 619M->380M(948M), 0.0262550 secs]
55.658: [GC pause (G1 Humongous Allocation) (young) (initial-mark) 380M->380M(948M), 0.0017267 secs]
55.660: [GC concurrent-root-region-scan-start]
55.660: [GC concurrent-root-region-scan-end, 0.0000235 secs]
55.660: [GC concurrent-mark-start]
55.690: [GC pause (G1 Humongous Allocation) (young) 630M->380M(948M), 0.0193291 secs]
55.713: [GC concurrent-mark-end, 0.0527790 secs]
55.713: [GC remark, 0.0055287 secs]
55.719: [GC cleanup 413M->413M(948M), 0.0007003 secs]
55.742: [GC pause (G1 Humongous Allocation) (young)-- 630M->381M(948M), 0.0207184 secs]
55.794: [GC pause (G1 Humongous Allocation) (mixed)-- 621M->381M(948M), 0.0249630 secs]
55.844: [GC pause (G1 Humongous Allocation) (mixed)-- 620M->382M(948M), 0.0215400 secs]
55.898: [GC pause (G1 Humongous Allocation) (mixed)-- 620M->382M(948M), 0.0352866 secs]
55.957: [GC pause (G1 Humongous Allocation) (mixed)-- 621M->383M(948M), 0.0256120 secs]
55.983: [GC pause (G1 Humongous Allocation) (young) (initial-mark) 384M->384M(948M), 0.0017044 secs]
55.985: [GC concurrent-root-region-scan-start]
55.985: [GC concurrent-root-region-scan-end, 0.0000326 secs]
55.985: [GC concurrent-mark-start]
56.016: [GC pause (G1 Humongous Allocation) (young)-- 631M->384M(948M), 0.0278669 secs]
56.045: [GC concurrent-mark-end, 0.0604476 secs]
56.045: [GC remark, 0.0069254 secs]
56.053: [GC cleanup 401M->401M(948M), 0.0010408 secs]
56.073: [GC pause (G1 Humongous Allocation) (young) 633M->385M(948M), 0.0275921 secs]
56.130: [GC pause (G1 Humongous Allocation) (mixed)-- 621M->385M(948M), 0.0229694 secs]
56.180: [GC pause (G1 Humongous Allocation) (mixed)-- 622M->385M(948M), 0.0268775 secs]
56.235: [GC pause (G1 Humongous Allocation) (mixed)-- 622M->386M(948M), 0.0246700 secs]
56.288: [GC pause (G1 Humongous Allocation) (mixed)-- 622M->385M(948M), 0.0249938 secs]
56.313: [GC pause (G1 Humongous Allocation) (young) (initial-mark) 386M->386M(948M), 0.0021580 secs]
56.315: [GC concurrent-root-region-scan-start]
56.315: [GC concurrent-root-region-scan-end, 0.0000251 secs]
56.315: [GC concurrent-mark-start]
56.346: [GC concurrent-mark-end, 0.0302600 secs]
56.352: [GC pause (G1 Humongous Allocation) (young)-- 632M->384M(948M), 0.0226833 secs]
56.380: [GC remark, 0.0064545 secs]
56.387: [GC cleanup 473M->473M(948M), 0.0009844 secs]
56.402: [GC pause (G1 Humongous Allocation) (young)-- 632M->389M(948M), 0.0275237 secs]
56.457: [GC pause (G1 Humongous Allocation) (mixed)-- 624M->387M(948M), 0.0293389 secs]
56.513: [GC pause (G1 Humongous Allocation) (mixed)-- 623M->389M(948M), 0.0308495 secs]
56.567: [GC pause (G1 Humongous Allocation) (mixed)-- 624M->387M(948M), 0.0272195 secs]
56.618: [GC pause (G1 Humongous Allocation) (mixed)-- 624M->390M(948M), 0.0265651 secs]
56.645: [GC pause (G1 Humongous Allocation) (young) (initial-mark) 390M->390M(948M), 0.0013029 secs]
56.646: [GC concurrent-root-region-scan-start]
56.646: [GC concurrent-root-region-scan-end, 0.0000244 secs]
56.646: [GC concurrent-mark-start]
56.674: [GC pause (G1 Humongous Allocation) (young) 634M->390M(948M), 0.0229188 secs]
56.700: [GC concurrent-mark-end, 0.0541241 secs]
56.701: [GC remark, 0.0055445 secs]
56.707: [GC cleanup 413M->413M(948M), 0.0007011 secs]
56.731: [GC pause (G1 Humongous Allocation) (young)-- 634M->391M(948M), 0.0209245 secs]
56.783: [GC pause (G1 Humongous Allocation) (mixed)-- 625M->391M(948M), 0.0246583 secs]
56.832: [GC pause (G1 Humongous Allocation) (mixed)-- 625M->392M(948M), 0.0219683 secs]
56.883: [GC pause (G1 Humongous Allocation) (mixed)-- 626M->392M(948M), 0.0231805 secs]
56.933: [GC pause (G1 Humongous Allocation) (mixed)-- 625M->393M(948M), 0.0291148 secs]
56.962: [GC pause (G1 Humongous Allocation) (young) (initial-mark) 393M->393M(948M), 0.0013832 secs]
56.964: [GC concurrent-root-region-scan-start]
56.964: [GC concurrent-root-region-scan-end, 0.0000237 secs]
56.964: [GC concurrent-mark-start]
56.995: [GC pause (G1 Humongous Allocation) (young) 635M->395M(948M), 0.0222313 secs]
57.023: [GC concurrent-mark-end, 0.0595193 secs]
57.024: [GC remark, 0.0053865 secs]
57.030: [GC cleanup 437M->437M(948M), 0.0006908 secs]
57.047: [GC pause (G1 Humongous Allocation) (young)-- 636M->395M(948M), 0.0269463 secs]
57.099: [GC pause (G1 Humongous Allocation) (mixed)-- 627M->394M(948M), 0.0242843 secs]
57.149: [GC pause (G1 Humongous Allocation) (mixed)-- 627M->395M(948M), 0.0268868 secs]
57.200: [GC pause (G1 Humongous Allocation) (mixed)-- 627M->395M(948M), 0.0244914 secs]
57.251: [GC pause (G1 Humongous Allocation) (mixed)-- 627M->396M(948M), 0.0256416 secs]
57.277: [GC pause (G1 Humongous Allocation) (young) (initial-mark) 396M->396M(948M), 0.0017649 secs]
57.279: [GC concurrent-root-region-scan-start]
57.279: [GC concurrent-root-region-scan-end, 0.0000226 secs]
57.279: [GC concurrent-mark-start]
57.311: [GC concurrent-mark-end, 0.0323435 secs]
57.312: [GC remark, 0.0117286 secs]
57.324: [GC cleanup 613M->613M(948M), 0.0006861 secs]
57.328: [GC pause (G1 Humongous Allocation) (young)-- 636M->400M(948M), 0.0216511 secs]
57.370: [GC pause (G1 Humongous Allocation) (mixed)-- 628M->400M(948M), 0.0270249 secs]
57.420: [GC pause (G1 Humongous Allocation) (mixed)-- 628M->398M(948M), 0.0246548 secs]
57.470: [GC pause (G1 Humongous Allocation) (mixed)-- 628M->398M(948M), 0.0277036 secs]
57.523: [GC pause (G1 Humongous Allocation) (mixed)-- 629M->398M(948M), 0.0237560 secs]
57.547: [GC pause (G1 Humongous Allocation) (young) (initial-mark) 399M->399M(948M), 0.0017912 secs]
57.549: [GC concurrent-root-region-scan-start]
57.549: [GC concurrent-root-region-scan-end, 0.0000236 secs]
57.549: [GC concurrent-mark-start]
57.577: [GC pause (G1 Humongous Allocation) (young) 639M->399M(948M), 0.0250338 secs]
57.606: [GC concurrent-mark-end, 0.0569692 secs]
57.607: [GC remark, 0.0052615 secs]
57.612: [GC cleanup 431M->431M(948M), 0.0007460 secs]
57.632: [GC pause (G1 Humongous Allocation) (young)-- 639M->400M(948M), 0.0211005 secs]
57.680: [GC pause (G1 Humongous Allocation) (mixed)-- 629M->400M(948M), 0.0233845 secs]
57.727: [GC pause (G1 Humongous Allocation) (mixed)-- 629M->400M(948M), 0.0246803 secs]
57.779: [GC pause (G1 Humongous Allocation) (mixed)-- 630M->400M(948M), 0.0263842 secs]
57.826: [GC pause (G1 Humongous Allocation) (mixed)-- 631M->401M(948M), 0.0281272 secs]
57.855: [GC pause (G1 Humongous Allocation) (young) (initial-mark) 402M->402M(948M), 0.0013008 secs]
57.856: [GC concurrent-root-region-scan-start]
57.856: [GC concurrent-root-region-scan-end, 0.0000246 secs]
57.856: [GC concurrent-mark-start]
57.881: [GC pause (G1 Humongous Allocation) (young) 640M->402M(948M), 0.0235054 secs]
57.914: [GC concurrent-mark-end, 0.0573604 secs]
57.914: [GC remark, 0.0057778 secs]
57.920: [GC cleanup 492M->492M(948M), 0.0007197 secs]
57.934: [GC pause (G1 Humongous Allocation) (young)-- 640M->402M(948M), 0.0227776 secs]
57.980: [GC pause (G1 Evacuation Pause) (mixed)-- 631M->402M(948M), 0.0261049 secs]
58.030: [GC pause (G1 Humongous Allocation) (mixed)-- 631M->403M(948M), 0.0280636 secs]
58.084: [GC pause (G1 Humongous Allocation) (mixed)-- 631M->403M(948M), 0.0281864 secs]
58.134: [GC pause (G1 Humongous Allocation) (mixed)-- 632M->404M(948M), 0.0261455 secs]
58.161: [GC pause (G1 Humongous Allocation) (young) (initial-mark) 405M->404M(948M), 0.0018431 secs]
58.163: [GC concurrent-root-region-scan-start]
58.163: [GC concurrent-root-region-scan-end, 0.0000323 secs]
58.163: [GC concurrent-mark-start]
58.194: [GC pause (G1 Humongous Allocation) (young) 641M->404M(948M), 0.0259502 secs]
58.222: [GC concurrent-mark-end, 0.0590411 secs]
58.222: [GC remark, 0.0062095 secs]
58.229: [GC cleanup 412M->412M(948M), 0.0010677 secs]
58.248: [GC pause (G1 Humongous Allocation) (young)-- 641M->406M(948M), 0.0278280 secs]
58.299: [GC pause (G1 Humongous Allocation) (mixed)-- 633M->405M(948M), 0.0268024 secs]
58.349: [GC pause (G1 Humongous Allocation) (mixed)-- 632M->406M(948M), 0.0276248 secs]
58.396: [GC pause (G1 Humongous Allocation) (mixed)-- 632M->406M(948M), 0.0274067 secs]
58.444: [GC pause (G1 Humongous Allocation) (mixed)-- 633M->407M(948M), 0.0268922 secs]
58.471: [GC pause (G1 Humongous Allocation) (young) (initial-mark) 408M->407M(948M), 0.0020663 secs]
58.473: [GC concurrent-root-region-scan-start]
58.473: [GC concurrent-root-region-scan-end, 0.0000257 secs]
58.473: [GC concurrent-mark-start]
58.509: [GC concurrent-mark-end, 0.0356455 secs]
58.510: [GC pause (G1 Humongous Allocation) (young)-- 642M->411M(948M), 0.0254406 secs]
58.538: [GC remark, 0.0062576 secs]
58.544: [GC cleanup 437M->437M(948M), 0.0007056 secs]
58.564: [GC pause (G1 Humongous Allocation) (young)-- 644M->407M(948M), 0.0213144 secs]
58.611: [GC pause (G1 Humongous Allocation) (mixed)-- 635M->411M(948M), 0.0207032 secs]
58.655: [GC pause (G1 Humongous Allocation) (mixed)-- 635M->410M(948M), 0.0308688 secs]
58.705: [GC pause (G1 Humongous Allocation) (mixed)-- 635M->412M(948M), 0.0279623 secs]
58.754: [GC pause (G1 Humongous Allocation) (mixed)-- 635M->412M(948M), 0.0245972 secs]
58.779: [GC pause (G1 Humongous Allocation) (young) (initial-mark) 412M->411M(948M), 0.0019696 secs]
58.781: [GC concurrent-root-region-scan-start]
58.781: [GC concurrent-root-region-scan-end, 0.0000243 secs]
58.781: [GC concurrent-mark-start]
58.813: [GC pause (G1 Humongous Allocation) (young)-- 645M->413M(948M), 0.0238709 secs]
58.841: [GC concurrent-mark-end, 0.0606722 secs]
58.842: [GC remark, 0.0093569 secs]
58.852: [GC cleanup 473M->472M(948M), 0.0009241 secs]
58.853: [GC concurrent-cleanup-start]
58.853: [GC concurrent-cleanup-end, 0.0000096 secs]
58.866: [GC pause (G1 Humongous Allocation) (young) 645M->412M(948M), 0.0226176 secs]
58.911: [GC pause (G1 Humongous Allocation) (mixed)-- 635M->412M(948M), 0.0285774 secs]
58.963: [GC pause (G1 Humongous Allocation) (mixed)-- 636M->412M(948M), 0.0241642 secs]
59.021: [GC pause (G1 Humongous Allocation) (mixed)-- 636M->413M(948M), 0.0254508 secs]
59.070: [GC pause (G1 Humongous Allocation) (mixed)-- 636M->413M(948M), 0.0310636 secs]
59.101: [GC pause (G1 Humongous Allocation) (young) (initial-mark) 414M->413M(948M), 0.0014745 secs]
59.103: [GC concurrent-root-region-scan-start]
59.103: [GC concurrent-root-region-scan-end, 0.0000241 secs]
59.103: [GC concurrent-mark-start]
59.133: [GC pause (G1 Humongous Allocation) (young)-- 645M->413M(948M), 0.0226525 secs]
59.158: [GC concurrent-mark-end, 0.0554059 secs]
59.159: [GC remark, 0.0063057 secs]
59.166: [GC cleanup 432M->432M(948M), 0.0009393 secs]
59.186: [GC pause (G1 Humongous Allocation) (young) 645M->415M(948M), 0.0238522 secs]
59.231: [GC pause (G1 Humongous Allocation) (mixed)-- 637M->415M(948M), 0.0254133 secs]
59.277: [GC pause (G1 Humongous Allocation) (mixed)-- 637M->415M(948M), 0.0265339 secs]
59.325: [GC pause (G1 Humongous Allocation) (mixed)-- 637M->416M(948M), 0.0310680 secs]
59.381: [GC pause (G1 Humongous Allocation) (mixed)-- 638M->415M(948M), 0.0244367 secs]
59.406: [GC pause (G1 Humongous Allocation) (young) (initial-mark) 416M->416M(948M), 0.0019253 secs]
59.408: [GC concurrent-root-region-scan-start]
59.408: [GC concurrent-root-region-scan-end, 0.0000268 secs]
59.408: [GC concurrent-mark-start]
59.437: [GC pause (G1 Humongous Allocation) (young)-- 647M->418M(948M), 0.0265735 secs]
59.466: [GC concurrent-mark-end, 0.0587061 secs]
59.467: [GC remark, 0.0089764 secs]
59.477: [GC cleanup 449M->449M(948M), 0.0010483 secs]
59.494: [GC pause (G1 Humongous Allocation) (young) 647M->417M(948M), 0.0246576 secs]
59.539: [GC pause (G1 Humongous Allocation) (mixed)-- 639M->418M(948M), 0.0272226 secs]
59.591: [GC pause (G1 Humongous Allocation) (mixed)-- 639M->418M(948M), 0.0257962 secs]
59.638: [GC pause (G1 Humongous Allocation) (mixed)-- 639M->419M(948M), 0.0267355 secs]
59.686: [GC pause (G1 Humongous Allocation) (mixed)-- 639M->419M(948M), 0.0317718 secs]
59.718: [GC pause (G1 Humongous Allocation) (young) (initial-mark) 419M->419M(948M), 0.0017804 secs]
59.720: [GC concurrent-root-region-scan-start]
59.720: [GC concurrent-root-region-scan-end, 0.0000259 secs]
59.720: [GC concurrent-mark-start]
59.750: [GC pause (G1 Humongous Allocation) (young)-- 647M->420M(948M), 0.0280184 secs]
59.780: [GC concurrent-mark-end, 0.0596334 secs]
59.780: [GC remark, 0.0073239 secs]
59.788: [GC cleanup 428M->428M(948M), 0.0007359 secs]
59.807: [GC pause (G1 Humongous Allocation) (young)-- 649M->420M(948M), 0.0232278 secs]
59.854: [GC pause (G1 Humongous Allocation) (mixed)-- 640M->421M(948M), 0.0211561 secs]
59.898: [GC pause (G1 Humongous Allocation) (mixed)-- 640M->421M(948M), 0.0302471 secs]
59.948: [GC pause (G1 Humongous Allocation) (mixed)-- 641M->422M(948M), 0.0225199 secs]
59.993: [GC pause (G1 Humongous Allocation) (mixed)-- 641M->422M(948M), 0.0261544 secs]
60.019: [GC pause (G1 Humongous Allocation) (young) (initial-mark) 423M->422M(948M), 0.0018811 secs]
60.021: [GC concurrent-root-region-scan-start]
60.021: [GC concurrent-root-region-scan-end, 0.0000242 secs]
60.021: [GC concurrent-mark-start]
60.043: [GC pause (G1 Humongous Allocation) (young)-- 650M->423M(948M), 0.0262183 secs]
60.082: [GC concurrent-mark-end, 0.0611896 secs]
60.083: [GC remark, 0.0079872 secs]
60.092: [GC cleanup 494M->494M(948M), 0.0008853 secs]
60.106: [GC pause (G1 Humongous Allocation) (young)-- 650M->423M(948M), 0.0258501 secs]
60.150: [GC pause (G1 Humongous Allocation) (mixed)-- 642M->425M(948M), 0.0290626 secs]
60.198: [GC pause (G1 Humongous Allocation) (mixed)-- 641M->424M(948M), 0.0255428 secs]
60.243: [GC pause (G1 Humongous Allocation) (mixed)-- 642M->425M(948M), 0.0245023 secs]
60.288: [GC pause (G1 Humongous Allocation) (mixed)-- 642M->425M(948M), 0.0276128 secs]
60.334: [GC pause (G1 Humongous Allocation) (mixed)-- 642M->426M(948M), 0.0235566 secs]
60.358: [GC pause (G1 Humongous Allocation) (young) (initial-mark) 426M->426M(948M), 0.0013673 secs]
60.360: [GC concurrent-root-region-scan-start]
60.360: [GC concurrent-root-region-scan-end, 0.0000255 secs]
60.360: [GC concurrent-mark-start]
60.391: [GC concurrent-mark-end, 0.0314246 secs]
60.392: [GC pause (G1 Humongous Allocation) (young) 651M->424M(948M), 0.0231675 secs]
60.416: [GC remark, 0.0082597 secs]
60.425: [GC cleanup 445M->445M(948M), 0.0006927 secs]
60.447: [GC pause (G1 Humongous Allocation) (young) 652M->427M(948M), 0.0207703 secs]
60.488: [GC pause (G1 Humongous Allocation) (mixed)-- 643M->427M(948M), 0.0256018 secs]
60.532: [GC pause (G1 Humongous Allocation) (mixed)-- 643M->428M(948M), 0.0273892 secs]
60.578: [GC pause (G1 Humongous Allocation) (mixed)-- 643M->428M(948M), 0.0273098 secs]
60.626: [GC pause (G1 Humongous Allocation) (mixed)-- 644M->429M(948M), 0.0267582 secs]
60.673: [GC pause (G1 Humongous Allocation) (mixed)-- 644M->429M(948M), 0.0290578 secs]
60.702: [GC pause (G1 Humongous Allocation) (young) (initial-mark) 430M->430M(948M), 0.0016769 secs]
60.704: [GC concurrent-root-region-scan-start]
60.704: [GC concurrent-root-region-scan-end, 0.0000241 secs]
60.704: [GC concurrent-mark-start]
60.730: [GC pause (G1 Humongous Allocation) (young)-- 652M->430M(948M), 0.0267684 secs]
60.763: [GC concurrent-mark-end, 0.0586487 secs]
60.764: [GC remark, 0.0056671 secs]
60.770: [GC cleanup 513M->513M(948M), 0.0007397 secs]
60.785: [GC pause (G1 Humongous Allocation) (young) 652M->429M(948M), 0.0219087 secs]
60.824: [GC pause (G1 Humongous Allocation) (mixed)-- 645M->430M(948M), 0.0240243 secs]
60.870: [GC pause (G1 Humongous Allocation) (mixed)-- 645M->431M(948M), 0.0220674 secs]
60.913: [GC pause (G1 Humongous Allocation) (mixed)-- 645M->432M(948M), 0.0262685 secs]
60.959: [GC pause (G1 Humongous Allocation) (mixed)-- 645M->432M(948M), 0.0254380 secs]
61.001: [GC pause (G1 Humongous Allocation) (mixed)-- 646M->432M(948M), 0.0260273 secs]
61.027: [GC pause (G1 Humongous Allocation) (young) (initial-mark) 433M->432M(948M), 0.0018970 secs]
61.029: [GC concurrent-root-region-scan-start]
61.029: [GC concurrent-root-region-scan-end, 0.0000246 secs]
61.029: [GC concurrent-mark-start]
61.060: [GC concurrent-mark-end, 0.0306224 secs]
61.061: [GC remark, 0.0060060 secs]
61.067: [GC cleanup 607M->607M(948M), 0.0007277 secs]
61.074: [GC pause (G1 Humongous Allocation) (young) 655M->433M(948M), 0.0206610 secs]
61.114: [GC pause (G1 Humongous Allocation) (mixed)-- 646M->434M(948M), 0.0271270 secs]
61.157: [GC pause (G1 Humongous Allocation) (mixed)-- 647M->434M(948M), 0.0240082 secs]
61.201: [GC pause (G1 Humongous Allocation) (mixed)-- 646M->434M(948M), 0.0240116 secs]
61.246: [GC pause (G1 Humongous Allocation) (mixed)-- 647M->434M(948M), 0.0281095 secs]
61.291: [GC pause (G1 Humongous Allocation) (mixed)-- 647M->434M(948M), 0.0282531 secs]
61.320: [GC pause (G1 Humongous Allocation) (young) (initial-mark) 435M->434M(948M), 0.0020375 secs]
61.322: [GC concurrent-root-region-scan-start]
61.322: [GC concurrent-root-region-scan-end, 0.0000244 secs]
61.322: [GC concurrent-mark-start]
61.353: [GC concurrent-mark-end, 0.0315986 secs]
61.354: [GC remark, 0.0070603 secs]
61.361: [GC cleanup 654M->654M(948M), 0.0009211 secs]
61.363: [GC pause (G1 Humongous Allocation) (young) 655M->436M(948M), 0.0202553 secs]
61.403: [GC pause (G1 Humongous Allocation) (mixed)-- 647M->437M(948M), 0.0225590 secs]
61.445: [GC pause (G1 Humongous Allocation) (mixed)-- 647M->436M(948M), 0.0254335 secs]
61.488: [GC pause (G1 Humongous Allocation) (mixed)-- 648M->436M(948M), 0.0241827 secs]
61.531: [GC pause (G1 Humongous Allocation) (mixed)-- 647M->437M(948M), 0.0250053 secs]
61.574: [GC pause (G1 Humongous Allocation) (mixed)-- 648M->437M(948M), 0.0252106 secs]
61.599: [GC pause (G1 Humongous Allocation) (young) (initial-mark) 437M->436M(948M), 0.0018584 secs]
61.601: [GC concurrent-root-region-scan-start]
61.601: [GC concurrent-root-region-scan-end, 0.0000260 secs]
61.601: [GC concurrent-mark-start]
61.636: [GC concurrent-mark-end, 0.0344392 secs]
61.636: [GC remark, 0.0081613 secs]
61.645: [GC cleanup 583M->583M(948M), 0.0016366 secs]
61.670: [GC pause (G1 Humongous Allocation) (young)-- 655M->413M(948M), 0.0142583 secs]
61.707: [GC pause (G1 Humongous Allocation) (mixed)-- 648M->429M(948M), 0.0219534 secs]
61.748: [GC pause (G1 Humongous Allocation) (mixed)-- 649M->439M(948M), 0.0226487 secs]
61.789: [GC pause (G1 Humongous Allocation) (mixed)-- 649M->438M(948M), 0.0225073 secs]
61.831: [GC pause (G1 Humongous Allocation) (mixed)-- 649M->439M(948M), 0.0272370 secs]
61.875: [GC pause (G1 Humongous Allocation) (mixed)-- 649M->440M(948M), 0.0228831 secs]
61.899: [GC pause (G1 Humongous Allocation) (young) (initial-mark) 440M->440M(948M), 0.0012748 secs]
61.900: [GC concurrent-root-region-scan-start]
61.900: [GC concurrent-root-region-scan-end, 0.0000258 secs]
61.900: [GC concurrent-mark-start]
61.933: [GC pause (G1 Humongous Allocation) (young)-- 657M->443M(948M), 0.0192489 secs]
61.954: [GC concurrent-mark-end, 0.0542320 secs]
61.955: [GC remark, 0.0064458 secs]
61.962: [GC cleanup 467M->467M(948M), 0.0008843 secs]
61.979: [GC pause (G1 Humongous Allocation) (young) 657M->443M(948M), 0.0241393 secs]
62.022: [GC pause (G1 Humongous Allocation) (mixed)-- 650M->439M(948M), 0.0267494 secs]
62.065: [GC pause (G1 Humongous Allocation) (mixed)-- 650M->442M(948M), 0.0261584 secs]
62.108: [GC pause (G1 Humongous Allocation) (mixed)-- 651M->443M(948M), 0.0259640 secs]
62.155: [GC pause (G1 Humongous Allocation) (mixed)-- 651M->442M(948M), 0.0246281 secs]
62.197: [GC pause (G1 Humongous Allocation) (mixed)-- 651M->444M(948M), 0.0261126 secs]
62.223: [GC pause (G1 Humongous Allocation) (young) (initial-mark) 444M->444M(948M), 0.0017149 secs]
62.225: [GC concurrent-root-region-scan-start]
62.225: [GC concurrent-root-region-scan-end, 0.0000263 secs]
62.225: [GC concurrent-mark-start]
62.251: [GC pause (G1 Humongous Allocation) (young) 658M->443M(948M), 0.0276808 secs]
62.286: [GC concurrent-mark-end, 0.0608455 secs]
62.286: [GC remark, 0.0071237 secs]
62.294: [GC cleanup 484M->484M(948M), 0.0010602 secs]
62.310: [GC pause (G1 Humongous Allocation) (young)-- 658M->445M(948M), 0.0258093 secs]
62.354: [GC pause (G1 Humongous Allocation) (mixed)-- 652M->445M(948M), 0.0304481 secs]
62.402: [GC pause (G1 Humongous Allocation) (mixed)-- 652M->446M(948M), 0.0295145 secs]
62.448: [GC pause (G1 Humongous Allocation) (mixed)-- 652M->446M(948M), 0.0271711 secs]
62.492: [GC pause (G1 Humongous Allocation) (mixed)-- 652M->446M(948M), 0.0293094 secs]
62.539: [GC pause (G1 Humongous Allocation) (mixed)-- 653M->447M(948M), 0.0305961 secs]
62.570: [GC pause (G1 Humongous Allocation) (young) (initial-mark) 447M->447M(948M), 0.0020359 secs]
62.572: [GC concurrent-root-region-scan-start]
62.572: [GC concurrent-root-region-scan-end, 0.0000261 secs]
62.572: [GC concurrent-mark-start]
62.598: [GC pause (G1 Humongous Allocation) (young) 660M->447M(948M), 0.0266402 secs]
62.633: [GC concurrent-mark-end, 0.0605305 secs]
62.633: [GC remark, 0.0072893 secs]
62.641: [GC cleanup 547M->547M(948M), 0.0010605 secs]
62.654: [GC pause (G1 Humongous Allocation) (young) 660M->447M(948M), 0.0269059 secs]
62.704: [GC pause (G1 Humongous Allocation) (mixed)-- 653M->448M(948M), 0.0236070 secs]
62.745: [GC pause (G1 Humongous Allocation) (mixed)-- 653M->447M(948M), 0.0308824 secs]
62.794: [GC pause (G1 Humongous Allocation) (mixed)-- 653M->447M(948M), 0.0279246 secs]
62.839: [GC pause (G1 Humongous Allocation) (mixed)-- 653M->448M(948M), 0.0286116 secs]
62.885: [GC pause (G1 Humongous Allocation) (mixed)-- 653M->448M(948M), 0.0261902 secs]
62.912: [GC pause (G1 Humongous Allocation) (young) (initial-mark) 448M->448M(948M), 0.0017227 secs]
62.913: [GC concurrent-root-region-scan-start]
62.913: [GC concurrent-root-region-scan-end, 0.0000272 secs]
62.914: [GC concurrent-mark-start]
62.935: [GC pause (G1 Humongous Allocation) (young)-- 662M->446M(948M), 0.0240930 secs]
62.972: [GC concurrent-mark-end, 0.0587136 secs]
62.973: [GC remark, 0.0074959 secs]
62.981: [GC cleanup 560M->560M(948M), 0.0009282 secs]
62.994: [GC pause (G1 Humongous Allocation) (young) 661M->449M(948M), 0.0228523 secs]
63.036: [GC pause (G1 Humongous Allocation) (mixed)-- 654M->449M(948M), 0.0247027 secs]
63.080: [GC pause (G1 Humongous Allocation) (mixed)-- 654M->450M(948M), 0.0241183 secs]
63.122: [GC pause (G1 Humongous Allocation) (mixed)-- 655M->451M(948M), 0.0256749 secs]
63.165: [GC pause (G1 Humongous Allocation) (mixed)-- 655M->451M(948M), 0.0262809 secs]
63.210: [GC pause (G1 Humongous Allocation) (mixed)-- 655M->450M(948M), 0.0222632 secs]
63.232: [GC pause (G1 Humongous Allocation) (young) (initial-mark) 451M->450M(948M), 0.0021153 secs]
63.234: [GC concurrent-root-region-scan-start]
63.234: [GC concurrent-root-region-scan-end, 0.0000256 secs]
63.234: [GC concurrent-mark-start]
63.256: [GC pause (G1 Humongous Allocation) (young) 664M->451M(948M), 0.0282434 secs]
63.299: [GC concurrent-mark-end, 0.0641957 secs]
63.324: [GC remark, 0.0066805 secs]
63.331: [GC cleanup 662M->662M(948M), 0.0009449 secs]
63.335: [GC pause (G1 Humongous Allocation) (young)-- 662M->438M(948M), 0.0177117 secs]
63.368: [GC pause (G1 Humongous Allocation) (mixed)-- 656M->449M(948M), 0.0302922 secs]
63.416: [GC pause (G1 Humongous Allocation) (mixed)-- 656M->453M(948M), 0.0288052 secs]
63.465: [GC pause (G1 Humongous Allocation) (mixed)-- 656M->452M(948M), 0.0243913 secs]
63.506: [GC pause (G1 Humongous Allocation) (mixed)-- 657M->454M(948M), 0.0265666 secs]
63.551: [GC pause (G1 Humongous Allocation) (mixed)-- 657M->454M(948M), 0.0269147 secs]
63.578: [GC pause (G1 Humongous Allocation) (young) (initial-mark) 455M->455M(948M), 0.0017197 secs]
63.580: [GC concurrent-root-region-scan-start]
63.580: [GC concurrent-root-region-scan-end, 0.0000256 secs]
63.580: [GC concurrent-mark-start]
63.601: [GC pause (G1 Humongous Allocation) (young)-- 664M->454M(948M), 0.0242386 secs]
63.639: [GC concurrent-mark-end, 0.0596501 secs]
63.640: [GC remark, 0.0068704 secs]
63.648: [GC cleanup 612M->612M(948M), 0.0011946 secs]
63.656: [GC pause (G1 Humongous Allocation) (young) 663M->456M(948M), 0.0266182 secs]
63.700: [GC pause (G1 Humongous Allocation) (mixed)-- 657M->456M(948M), 0.0272464 secs]
63.745: [GC pause (G1 Humongous Allocation) (mixed)-- 656M->452M(948M), 0.0276382 secs]
63.790: [GC pause (G1 Humongous Allocation) (mixed)-- 657M->452M(948M), 0.0251503 secs]
63.832: [GC pause (G1 Humongous Allocation) (mixed)-- 657M->456M(948M), 0.0241852 secs]
63.876: [GC pause (G1 Humongous Allocation) (mixed)-- 657M->456M(948M), 0.0259964 secs]
63.903: [GC pause (G1 Humongous Allocation) (young) (initial-mark) 457M->455M(948M), 0.0014092 secs]
63.904: [GC concurrent-root-region-scan-start]
63.904: [GC concurrent-root-region-scan-end, 0.0000258 secs]
63.904: [GC concurrent-mark-start]
63.937: [GC pause (G1 Humongous Allocation) (young)-- 665M->452M(948M), 0.0177987 secs]
63.958: [GC concurrent-mark-end, 0.0535127 secs]
63.959: [GC remark, 0.0086318 secs]
63.968: [GC cleanup 494M->494M(948M), 0.0006728 secs]
63.982: [GC pause (G1 Humongous Allocation) (young) 665M->458M(948M), 0.0229392 secs]
64.021: [GC pause (G1 Humongous Allocation) (mixed)-- 658M->457M(948M), 0.0232099 secs]
64.062: [GC pause (G1 Humongous Allocation) (mixed)-- 658M->457M(948M), 0.0273857 secs]
64.106: [GC pause (G1 Humongous Allocation) (mixed)-- 659M->458M(948M), 0.0261965 secs]
64.148: [GC pause (G1 Humongous Allocation) (mixed)-- 659M->459M(948M), 0.0271378 secs]
64.193: [GC pause (G1 Humongous Allocation) (mixed)-- 658M->457M(948M), 0.0220309 secs]
64.215: [GC pause (G1 Humongous Allocation) (young) (initial-mark) 457M->457M(948M), 0.0013291 secs]
64.216: [GC concurrent-root-region-scan-start]
64.216: [GC concurrent-root-region-scan-end, 0.0000258 secs]
64.216: [GC concurrent-mark-start]
64.244: [GC pause (G1 Humongous Allocation) (young)-- 666M->455M(948M), 0.0217015 secs]
64.272: [GC concurrent-mark-end, 0.0552992 secs]
64.273: [GC remark, 0.0053843 secs]
64.278: [GC cleanup 504M->504M(948M), 0.0006680 secs]
64.287: [GC pause (G1 Humongous Allocation) (young) (initial-mark) 615M->460M(948M), 0.0185519 secs]
64.306: [GC concurrent-root-region-scan-start]
64.306: [GC concurrent-root-region-scan-end, 0.0000305 secs]
64.306: [GC concurrent-mark-start]
64.338: [GC concurrent-mark-end, 0.0319152 secs]
64.339: [GC remark, 0.0079155 secs]
64.347: [GC cleanup 662M->662M(948M), 0.0007784 secs]
64.349: [GC pause (G1 Humongous Allocation) (young) 664M->463M(948M), 0.0217113 secs]
64.388: [GC pause (G1 Humongous Allocation) (mixed)-- 659M->461M(948M), 0.0278484 secs]
64.433: [GC pause (G1 Humongous Allocation) (mixed)-- 660M->461M(948M), 0.0253512 secs]
64.475: [GC pause (G1 Humongous Allocation) (mixed)-- 660M->461M(948M), 0.0272522 secs]
64.518: [GC pause (G1 Humongous Allocation) (mixed)-- 659M->460M(948M), 0.0237550 secs]
64.558: [GC pause (G1 Humongous Allocation) (mixed)-- 660M->461M(948M), 0.0260146 secs]
64.584: [GC pause (G1 Humongous Allocation) (young) (initial-mark) 462M->461M(948M), 0.0013716 secs]
64.586: [GC concurrent-root-region-scan-start]
64.586: [GC concurrent-root-region-scan-end, 0.0000264 secs]
64.586: [GC concurrent-mark-start]
64.613: [GC pause (G1 Humongous Allocation) (young) 667M->461M(948M), 0.0207047 secs]
64.647: [GC concurrent-mark-end, 0.0610584 secs]
64.648: [GC remark, 0.0056836 secs]
64.654: [GC cleanup 601M->601M(948M), 0.0007212 secs]
64.661: [GC pause (G1 Humongous Allocation) (young) 667M->467M(948M), 0.0241343 secs]
64.701: [GC pause (G1 Humongous Allocation) (mixed)-- 660M->464M(948M), 0.0251607 secs]
64.741: [GC pause (G1 Humongous Allocation) (mixed)-- 661M->462M(948M), 0.0236261 secs]
64.783: [GC pause (G1 Humongous Allocation) (mixed)-- 661M->464M(948M), 0.0269035 secs]
64.825: [GC pause (G1 Humongous Allocation) (mixed)-- 661M->465M(948M), 0.0234514 secs]
64.865: [GC pause (G1 Humongous Allocation) (mixed)-- 662M->464M(948M), 0.0255004 secs]
64.891: [GC pause (G1 Humongous Allocation) (young) (initial-mark) 464M->464M(948M), 0.0019854 secs]
64.893: [GC concurrent-root-region-scan-start]
64.893: [GC concurrent-root-region-scan-end, 0.0000246 secs]
64.893: [GC concurrent-mark-start]
64.927: [GC pause (G1 Humongous Allocation) (young)-- 668M->466M(948M), 0.0220564 secs]
64.951: [GC concurrent-mark-end, 0.0582725 secs]
64.952: [GC remark, 0.0069546 secs]
64.959: [GC cleanup 482M->482M(948M), 0.0010540 secs]
64.977: [GC pause (G1 Humongous Allocation) (young) 669M->466M(948M), 0.0235618 secs]
65.023: [GC pause (G1 Humongous Allocation) (mixed)-- 662M->460M(948M), 0.0281182 secs]
65.065: [GC pause (G1 Humongous Allocation) (mixed)-- 662M->463M(948M), 0.0269315 secs]
65.107: [GC pause (G1 Humongous Allocation) (mixed)-- 663M->466M(948M), 0.0272968 secs]
65.151: [GC pause (G1 Humongous Allocation) (mixed)-- 663M->466M(948M), 0.0254414 secs]
65.193: [GC pause (G1 Humongous Allocation) (mixed)-- 663M->466M(948M), 0.0228599 secs]
65.217: [GC pause (G1 Humongous Allocation) (young) (initial-mark) 466M->466M(948M), 0.0016564 secs]
65.218: [GC concurrent-root-region-scan-start]
65.218: [GC concurrent-root-region-scan-end, 0.0000257 secs]
65.218: [GC concurrent-mark-start]
65.250: [GC concurrent-mark-end, 0.0320391 secs]
65.251: [GC pause (G1 Humongous Allocation) (young)-- 670M->457M(948M), 0.0189859 secs]
65.296: [GC pause (G1 Humongous Allocation) (young) 670M->459M(948M), 0.0208973 secs]
65.329: [GC pause (G1 Humongous Allocation) (young)-- 670M->467M(948M), 0.0279434 secs]
65.358: [GC remark, 0.0062574 secs]
65.364: [GC cleanup 483M->483M(948M), 0.0011049 secs]
65.380: [GC pause (G1 Humongous Allocation) (young) 671M->469M(948M), 0.0216454 secs]
65.419: [GC pause (G1 Humongous Allocation) (mixed)-- 664M->470M(948M), 0.0231587 secs]
65.459: [GC pause (G1 Humongous Allocation) (mixed)-- 664M->469M(948M), 0.0313310 secs]
65.510: [GC pause (G1 Humongous Allocation) (mixed)-- 664M->470M(948M), 0.0210850 secs]
65.548: [GC pause (G1 Humongous Allocation) (mixed)-- 664M->469M(948M), 0.0265325 secs]
65.590: [GC pause (G1 Humongous Allocation) (mixed)-- 665M->470M(948M), 0.0261706 secs]
65.617: [GC pause (G1 Humongous Allocation) (young) (initial-mark) 470M->469M(948M), 0.0017584 secs]
65.619: [GC concurrent-root-region-scan-start]
65.619: [GC concurrent-root-region-scan-end, 0.0000255 secs]
65.619: [GC concurrent-mark-start]
65.644: [GC pause (G1 Humongous Allocation) (young) 670M->470M(948M), 0.0258323 secs]
65.678: [GC concurrent-mark-end, 0.0592501 secs]
65.679: [GC remark, 0.0072072 secs]
65.687: [GC cleanup 509M->509M(948M), 0.0011057 secs]
65.703: [GC pause (G1 Humongous Allocation) (young)-- 670M->467M(948M), 0.0257546 secs]
65.748: [GC pause (G1 Humongous Allocation) (mixed)-- 665M->471M(948M), 0.0233323 secs]
65.788: [GC pause (G1 Humongous Allocation) (mixed)-- 665M->471M(948M), 0.0299852 secs]
65.834: [GC pause (G1 Humongous Allocation) (mixed)-- 665M->472M(948M), 0.0276134 secs]
65.882: [GC pause (G1 Humongous Allocation) (mixed)-- 665M->471M(948M), 0.0244473 secs]
65.923: [GC pause (G1 Humongous Allocation) (mixed)-- 665M->472M(948M), 0.0257744 secs]
65.949: [GC pause (G1 Humongous Allocation) (young) (initial-mark) 473M->472M(948M), 0.0020187 secs]
65.951: [GC concurrent-root-region-scan-start]
65.951: [GC concurrent-root-region-scan-end, 0.0000245 secs]
65.951: [GC concurrent-mark-start]
65.982: [GC pause (G1 Humongous Allocation) (young) 672M->473M(948M), 0.0227469 secs]
66.008: [GC concurrent-mark-end, 0.0564418 secs]
66.008: [GC remark, 0.0091755 secs]
66.018: [GC cleanup 508M->508M(948M), 0.0010997 secs]
66.034: [GC pause (G1 Humongous Allocation) (young) 672M->473M(948M), 0.0259032 secs]
66.076: [GC pause (G1 Humongous Allocation) (mixed)-- 665M->474M(948M), 0.0229119 secs]
66.116: [GC pause (G1 Humongous Allocation) (mixed)-- 666M->475M(948M), 0.0277367 secs]
66.160: [GC pause (G1 Humongous Allocation) (mixed)-- 666M->474M(948M), 0.0311273 secs]
66.206: [GC pause (G1 Humongous Allocation) (mixed)-- 667M->477M(948M), 0.0286431 secs]
66.252: [GC pause (G1 Humongous Allocation) (mixed)-- 667M->477M(948M), 0.0253085 secs]
66.278: [GC pause (G1 Humongous Allocation) (young) (initial-mark) 477M->477M(948M), 0.0018236 secs]
66.279: [GC concurrent-root-region-scan-start]
66.279: [GC concurrent-root-region-scan-end, 0.0000243 secs]
66.279: [GC concurrent-mark-start]
66.306: [GC pause (G1 Humongous Allocation) (young)-- 674M->475M(948M), 0.0251358 secs]
66.340: [GC concurrent-mark-end, 0.0601932 secs]
66.341: [GC remark, 0.0055959 secs]
66.347: [GC cleanup 573M->572M(948M), 0.0006878 secs]
66.348: [GC concurrent-cleanup-start]
66.348: [GC concurrent-cleanup-end, 0.0000088 secs]
66.357: [GC pause (G1 Humongous Allocation) (young) 673M->473M(948M), 0.0236099 secs]
66.396: [GC pause (G1 Humongous Allocation) (mixed)-- 667M->476M(948M), 0.0237103 secs]
66.437: [GC pause (G1 Humongous Allocation) (mixed)-- 667M->476M(948M), 0.0232065 secs]
66.480: [GC pause (G1 Humongous Allocation) (mixed)-- 668M->477M(948M), 0.0264231 secs]
66.522: [GC pause (G1 Humongous Allocation) (mixed)-- 668M->477M(948M), 0.0252915 secs]
66.563: [GC pause (G1 Humongous Allocation) (mixed)-- 668M->478M(948M), 0.0278155 secs]
66.591: [GC pause (G1 Humongous Allocation) (young) (initial-mark) 479M->478M(948M), 0.0021136 secs]
66.593: [GC concurrent-root-region-scan-start]
66.593: [GC concurrent-root-region-scan-end, 0.0000274 secs]
66.593: [GC concurrent-mark-start]
66.627: [GC pause (G1 Humongous Allocation) (young)-- 675M->476M(948M), 0.0243841 secs]
66.656: [GC concurrent-mark-end, 0.0624889 secs]
66.656: [GC remark, 0.0055579 secs]
66.662: [GC cleanup 533M->533M(948M), 0.0007235 secs]
66.674: [GC pause (G1 Evacuation Pause) (young) 675M->487M(948M), 0.0227636 secs]
66.712: [GC pause (G1 Humongous Allocation) (mixed)-- 669M->483M(948M), 0.0223264 secs]
66.749: [GC pause (G1 Humongous Allocation) (mixed)-- 669M->479M(948M), 0.0319072 secs]
66.796: [GC pause (G1 Humongous Allocation) (mixed)-- 669M->477M(948M), 0.0268623 secs]
66.839: [GC pause (G1 Humongous Allocation) (mixed)-- 669M->479M(948M), 0.0268153 secs]
66.880: [GC pause (G1 Humongous Allocation) (mixed)-- 670M->480M(948M), 0.0234069 secs]
66.904: [GC pause (G1 Humongous Allocation) (young) (initial-mark) 481M->481M(948M), 0.0014254 secs]
66.906: [GC concurrent-root-region-scan-start]
66.906: [GC concurrent-root-region-scan-end, 0.0000264 secs]
66.906: [GC concurrent-mark-start]
66.939: [GC concurrent-mark-end, 0.0332579 secs]
66.940: [GC remark, 0.0059536 secs]
66.952: [GC cleanup 666M->666M(948M), 0.0009055 secs]
66.954: [GC pause (G1 Humongous Allocation) (young)-- 675M->477M(948M), 0.0222350 secs]
66.991: [GC pause (G1 Humongous Allocation) (mixed)-- 670M->483M(948M), 0.0241560 secs]
67.032: [GC pause (G1 Humongous Allocation) (mixed)-- 670M->482M(948M), 0.0227093 secs]
67.070: [GC pause (G1 Humongous Allocation) (mixed)-- 670M->482M(948M), 0.0239635 secs]
67.109: [GC pause (G1 Humongous Allocation) (mixed)-- 671M->483M(948M), 0.0235876 secs]
67.150: [GC pause (G1 Humongous Allocation) (mixed)-- 672M->484M(948M), 0.0250851 secs]
67.175: [GC pause (G1 Humongous Allocation) (young) (initial-mark) 484M->484M(948M), 0.0021288 secs]
67.177: [GC concurrent-root-region-scan-start]
67.177: [GC concurrent-root-region-scan-end, 0.0000250 secs]
67.177: [GC concurrent-mark-start]
67.208: [GC pause (G1 Humongous Allocation) (young)-- 677M->484M(948M), 0.0247385 secs]
67.237: [GC concurrent-mark-end, 0.0598429 secs]
67.238: [GC remark, 0.0082610 secs]
67.247: [GC cleanup 520M->520M(948M), 0.0008912 secs]
67.261: [GC pause (G1 Humongous Allocation) (young) 678M->486M(948M), 0.0224951 secs]
67.300: [GC pause (G1 Humongous Allocation) (mixed)-- 672M->485M(948M), 0.0263778 secs]
67.342: [GC pause (G1 Humongous Allocation) (mixed)-- 672M->484M(948M), 0.0265854 secs]
67.385: [GC pause (G1 Humongous Allocation) (mixed)-- 672M->485M(948M), 0.0263055 secs]
67.427: [GC pause (G1 Humongous Allocation) (mixed)-- 673M->484M(948M), 0.0303782 secs]
67.472: [GC pause (G1 Humongous Allocation) (mixed)-- 673M->487M(948M), 0.0288041 secs]
67.501: [GC pause (G1 Humongous Allocation) (young) (initial-mark) 487M->487M(948M), 0.0013720 secs]
67.503: [GC concurrent-root-region-scan-start]
67.503: [GC concurrent-root-region-scan-end, 0.0000232 secs]
67.503: [GC concurrent-mark-start]
67.526: [GC pause (G1 Humongous Allocation) (young)-- 679M->487M(948M), 0.0217918 secs]
67.558: [GC concurrent-mark-end, 0.0550330 secs]
67.558: [GC remark, 0.0065867 secs]
67.565: [GC cleanup 544M->544M(948M), 0.0009001 secs]
67.579: [GC pause (G1 Humongous Allocation) (young) 678M->488M(948M), 0.0234289 secs]
67.617: [GC pause (G1 Humongous Allocation) (mixed)-- 674M->489M(948M), 0.0232238 secs]
67.657: [GC pause (G1 Humongous Allocation) (mixed)-- 673M->489M(948M), 0.0243611 secs]
67.698: [GC pause (G1 Humongous Allocation) (mixed)-- 674M->489M(948M), 0.0231507 secs]
67.735: [GC pause (G1 Humongous Allocation) (mixed)-- 673M->489M(948M), 0.0268688 secs]
67.776: [GC pause (G1 Humongous Allocation) (mixed)-- 674M->489M(948M), 0.0279732 secs]
67.805: [GC pause (G1 Humongous Allocation) (young) (initial-mark) 490M->489M(948M), 0.0018593 secs]
67.807: [GC concurrent-root-region-scan-start]
67.807: [GC concurrent-root-region-scan-end, 0.0000238 secs]
67.807: [GC concurrent-mark-start]
67.842: [GC concurrent-mark-end, 0.0351731 secs]
67.845: [GC pause (G1 Humongous Allocation) (young)-- 680M->477M(948M), 0.0246150 secs]
67.877: [GC remark, 0.0056610 secs]
67.884: [GC cleanup 603M->603M(948M), 0.0007132 secs]
67.893: [GC pause (G1 Humongous Allocation) (young) 681M->486M(948M), 0.0235987 secs]
67.921: [GC pause (G1 Humongous Allocation) (young) (initial-mark) 544M->490M(948M), 0.0081520 secs]
67.929: [GC concurrent-root-region-scan-start]
67.929: [GC concurrent-root-region-scan-end, 0.0000235 secs]
67.929: [GC concurrent-mark-start]
67.956: [GC pause (G1 Humongous Allocation) (young)-- 681M->494M(948M), 0.0246140 secs]
67.985: [GC concurrent-mark-end, 0.0560451 secs]
67.986: [GC remark, 0.0055053 secs]
67.992: [GC cleanup 524M->524M(948M), 0.0007213 secs]
68.006: [GC pause (G1 Humongous Allocation) (young)-- 681M->493M(948M), 0.0224201 secs]
68.044: [GC pause (G1 Humongous Allocation) (mixed)-- 676M->493M(948M), 0.0251001 secs]
68.085: [GC pause (G1 Humongous Allocation) (mixed)-- 675M->493M(948M), 0.0250383 secs]
68.125: [GC pause (G1 Humongous Allocation) (mixed)-- 676M->492M(948M), 0.0264383 secs]
68.167: [GC pause (G1 Humongous Allocation) (mixed)-- 676M->492M(948M), 0.0262594 secs]
68.207: [GC pause (G1 Humongous Allocation) (mixed)-- 676M->495M(948M), 0.0273281 secs]
68.235: [GC pause (G1 Humongous Allocation) (young) (initial-mark) 496M->495M(948M), 0.0022637 secs]
68.238: [GC concurrent-root-region-scan-start]
68.238: [GC concurrent-root-region-scan-end, 0.0000248 secs]
68.238: [GC concurrent-mark-start]
68.268: [GC pause (G1 Humongous Allocation) (young) 682M->483M(948M), 0.0248542 secs]
68.294: [GC concurrent-mark-end, 0.0565675 secs]
68.295: [GC remark, 0.0093884 secs]
68.305: [GC cleanup 502M->502M(948M), 0.0007236 secs]
68.309: [GC pause (G1 Humongous Allocation) (young) (initial-mark) 516M->486M(948M), 0.0050236 secs]
68.315: [GC concurrent-root-region-scan-start]
68.315: [GC concurrent-root-region-scan-end, 0.0000254 secs]
68.315: [GC concurrent-mark-start]
68.339: [GC pause (G1 Humongous Allocation) (young)-- 683M->484M(948M), 0.0228796 secs]
68.370: [GC concurrent-mark-end, 0.0558106 secs]
68.371: [GC remark, 0.0056017 secs]
68.378: [GC cleanup 558M->558M(948M), 0.0007675 secs]
68.389: [GC pause (G1 Evacuation Pause) (young) 684M->496M(948M), 0.0226052 secs]
68.425: [GC pause (G1 Humongous Allocation) (mixed)-- 677M->499M(948M), 0.0296778 secs]
68.470: [GC pause (G1 Humongous Allocation) (mixed)-- 677M->497M(948M), 0.0255924 secs]
68.510: [GC pause (G1 Humongous Allocation) (mixed)-- 678M->498M(948M), 0.0253178 secs]
68.550: [GC pause (G1 Humongous Allocation) (mixed)-- 678M->496M(948M), 0.0262102 secs]
68.591: [GC pause (G1 Humongous Allocation) (mixed)-- 678M->497M(948M), 0.0261876 secs]
68.618: [GC pause (G1 Humongous Allocation) (young) (initial-mark) 498M->498M(948M), 0.0019351 secs]
68.620: [GC concurrent-root-region-scan-start]
68.620: [GC concurrent-root-region-scan-end, 0.0000242 secs]
68.620: [GC concurrent-mark-start]
68.650: [GC pause (G1 Humongous Allocation) (young) 683M->498M(948M), 0.0246920 secs]
68.677: [GC concurrent-mark-end, 0.0573632 secs]
68.678: [GC remark, 0.0053282 secs]
68.683: [GC cleanup 510M->510M(948M), 0.0007280 secs]
68.699: [GC pause (G1 Humongous Allocation) (young)-- 684M->500M(948M), 0.0220262 secs]
68.737: [GC pause (G1 Humongous Allocation) (mixed)-- 678M->498M(948M), 0.0261699 secs]
68.777: [GC pause (G1 Humongous Allocation) (mixed)-- 679M->500M(948M), 0.0256943 secs]
68.818: [GC pause (G1 Humongous Allocation) (mixed)-- 679M->501M(948M), 0.0237218 secs]
68.857: [GC pause (G1 Humongous Allocation) (mixed)-- 680M->501M(948M), 0.0233116 secs]
68.895: [GC pause (G1 Humongous Allocation) (mixed)-- 679M->501M(948M), 0.0251154 secs]
68.921: [GC pause (G1 Humongous Allocation) (young) (initial-mark) 502M->501M(948M), 0.0021467 secs]
68.923: [GC concurrent-root-region-scan-start]
68.923: [GC concurrent-root-region-scan-end, 0.0000233 secs]
68.923: [GC concurrent-mark-start]
68.944: [GC pause (G1 Humongous Allocation) (young) 685M->501M(948M), 0.0240185 secs]
68.980: [GC concurrent-mark-end, 0.0573216 secs]
68.981: [GC remark, 0.0055681 secs]
68.987: [GC cleanup 534M->534M(948M), 0.0010778 secs]
69.004: [GC pause (G1 Humongous Allocation) (young)-- 685M->489M(948M), 0.0245503 secs]
69.042: [GC pause (G1 Humongous Allocation) (mixed)-- 680M->498M(948M), 0.0257794 secs]
69.081: [GC pause (G1 Humongous Allocation) (mixed)-- 680M->501M(948M), 0.0313951 secs]
69.126: [GC pause (G1 Humongous Allocation) (mixed)-- 680M->503M(948M), 0.0278759 secs]
69.168: [GC pause (G1 Humongous Allocation) (mixed)-- 680M->502M(948M), 0.0291175 secs]
69.211: [GC pause (G1 Humongous Allocation) (mixed)-- 680M->504M(948M), 0.0253911 secs]
69.237: [GC pause (G1 Humongous Allocation) (young) (initial-mark) 505M->504M(948M), 0.0019617 secs]
69.239: [GC concurrent-root-region-scan-start]
69.239: [GC concurrent-root-region-scan-end, 0.0000238 secs]
69.239: [GC concurrent-mark-start]
69.256: [GC pause (G1 Humongous Allocation) (young) 687M->499M(948M), 0.0237047 secs]
69.297: [GC concurrent-mark-end, 0.0585050 secs]
69.298: [GC remark, 0.0060956 secs]
69.305: [GC cleanup 646M->646M(948M), 0.0009303 secs]
69.309: [GC pause (G1 Humongous Allocation) (young) 686M->504M(948M), 0.0243074 secs]
69.348: [GC pause (G1 Humongous Allocation) (mixed)-- 680M->505M(948M), 0.0242960 secs]
69.388: [GC pause (G1 Humongous Allocation) (mixed)-- 681M->501M(948M), 0.0233823 secs]
69.424: [GC pause (G1 Humongous Allocation) (mixed)-- 681M->504M(948M), 0.0270627 secs]
69.466: [GC pause (G1 Humongous Allocation) (mixed)-- 681M->501M(948M), 0.0274757 secs]
69.507: [GC pause (G1 Humongous Allocation) (mixed)-- 681M->501M(948M), 0.0232246 secs]
69.531: [GC pause (G1 Humongous Allocation) (young) (initial-mark) 502M->501M(948M), 0.0014725 secs]
69.532: [GC concurrent-root-region-scan-start]
69.532: [GC concurrent-root-region-scan-end, 0.0000235 secs]
69.532: [GC concurrent-mark-start]
69.549: [GC pause (G1 Humongous Allocation) (young) 687M->504M(948M), 0.0220326 secs]
69.589: [GC concurrent-mark-end, 0.0569544 secs]
69.590: [GC pause (G1 Humongous Allocation) (young) 687M->505M(948M), 0.0244528 secs]
69.618: [GC remark, 0.0067733 secs]
69.625: [GC cleanup 548M->548M(948M), 0.0009317 secs]
69.639: [GC pause (G1 Humongous Allocation) (young) 688M->506M(948M), 0.0295575 secs]
69.685: [GC pause (G1 Humongous Allocation) (mixed)-- 682M->507M(948M), 0.0257466 secs]
69.726: [GC pause (G1 Humongous Allocation) (mixed)-- 682M->501M(948M), 0.0217533 secs]
69.761: [GC pause (G1 Humongous Allocation) (mixed)-- 682M->507M(948M), 0.0236369 secs]
69.799: [GC pause (G1 Humongous Allocation) (mixed)-- 682M->507M(948M), 0.0224233 secs]
69.836: [GC pause (G1 Humongous Allocation) (mixed)-- 682M->506M(948M), 0.0248422 secs]
69.862: [GC pause (G1 Humongous Allocation) (young) (initial-mark) 507M->507M(948M), 0.0015014 secs]
69.863: [GC concurrent-root-region-scan-start]
69.863: [GC concurrent-root-region-scan-end, 0.0000249 secs]
69.863: [GC concurrent-mark-start]
69.887: [GC pause (G1 Humongous Allocation) (young)-- 687M->508M(948M), 0.0219279 secs]
69.920: [GC concurrent-mark-end, 0.0569786 secs]
69.921: [GC remark, 0.0056007 secs]
69.927: [GC cleanup 619M->619M(948M), 0.0007999 secs]
69.935: [GC pause (G1 Humongous Allocation) (young) 688M->510M(948M), 0.0204973 secs]
69.970: [GC pause (G1 Humongous Allocation) (mixed)-- 683M->509M(948M), 0.0222553 secs]
70.008: [GC pause (G1 Humongous Allocation) (mixed)-- 683M->510M(948M), 0.0252303 secs]
70.048: [GC pause (G1 Humongous Allocation) (mixed)-- 684M->509M(948M), 0.0274100 secs]
70.090: [GC pause (G1 Humongous Allocation) (mixed)-- 683M->510M(948M), 0.0277015 secs]
70.132: [GC pause (G1 Humongous Allocation) (mixed)-- 683M->509M(948M), 0.0259755 secs]
70.172: [GC pause (G1 Humongous Allocation) (mixed)-- 683M->509M(948M), 0.0262170 secs]
70.199: [GC pause (G1 Humongous Allocation) (young) (initial-mark) 509M->509M(948M), 0.0017749 secs]
70.201: [GC concurrent-root-region-scan-start]
70.201: [GC concurrent-root-region-scan-end, 0.0000232 secs]
70.201: [GC concurrent-mark-start]
70.229: [GC pause (G1 Humongous Allocation) (young)-- 689M->501M(948M), 0.0246928 secs]
70.259: [GC concurrent-mark-end, 0.0587969 secs]
70.260: [GC remark, 0.0093736 secs]
70.270: [GC cleanup 575M->575M(948M), 0.0009030 secs]
70.281: [GC pause (G1 Humongous Allocation) (young)-- 689M->507M(948M), 0.0265969 secs]
70.320: [GC pause (G1 Humongous Allocation) (mixed)-- 685M->513M(948M), 0.0264299 secs]
70.361: [GC pause (G1 Humongous Allocation) (mixed)-- 685M->513M(948M), 0.0290715 secs]
70.405: [GC pause (G1 Humongous Allocation) (mixed)-- 685M->514M(948M), 0.0277958 secs]
70.446: [GC pause (G1 Humongous Allocation) (mixed)-- 686M->514M(948M), 0.0265337 secs]
70.488: [GC pause (G1 Humongous Allocation) (mixed)-- 686M->511M(948M), 0.0282702 secs]
70.530: [GC pause (G1 Humongous Allocation) (mixed)-- 686M->515M(948M), 0.0244459 secs]
70.555: [GC pause (G1 Humongous Allocation) (young) (initial-mark) 515M->515M(948M), 0.0017282 secs]
70.557: [GC concurrent-root-region-scan-start]
70.557: [GC concurrent-root-region-scan-end, 0.0000247 secs]
70.557: [GC concurrent-mark-start]
70.577: [GC pause (G1 Humongous Allocation) (young)-- 691M->516M(948M), 0.0244985 secs]
70.614: [GC concurrent-mark-end, 0.0570216 secs]
70.615: [GC remark, 0.0056196 secs]
70.621: [GC cleanup 595M->594M(948M), 0.0007490 secs]
70.622: [GC concurrent-cleanup-start]
70.622: [GC concurrent-cleanup-end, 0.0000095 secs]
70.632: [GC pause (G1 Humongous Allocation) (young) 691M->509M(948M), 0.0207039 secs]
70.667: [GC pause (G1 Humongous Allocation) (mixed)-- 685M->514M(948M), 0.0228770 secs]
70.704: [GC pause (G1 Humongous Allocation) (mixed)-- 686M->516M(948M), 0.0229358 secs]
70.742: [GC pause (G1 Humongous Allocation) (mixed)-- 686M->516M(948M), 0.0294791 secs]
70.786: [GC pause (G1 Humongous Allocation) (mixed)-- 686M->517M(948M), 0.0257348 secs]
70.828: [GC pause (G1 Humongous Allocation) (mixed)-- 687M->516M(948M), 0.0265924 secs]
70.868: [GC pause (G1 Humongous Allocation) (mixed)-- 687M->518M(948M), 0.0246484 secs]
70.894: [GC pause (G1 Humongous Allocation) (young) (initial-mark) 519M->519M(948M), 0.0013683 secs]
70.895: [GC concurrent-root-region-scan-start]
70.895: [GC concurrent-root-region-scan-end, 0.0000243 secs]
70.895: [GC concurrent-mark-start]
70.920: [GC pause (G1 Humongous Allocation) (young)-- 692M->520M(948M), 0.0217349 secs]
70.950: [GC concurrent-mark-end, 0.0549371 secs]
70.951: [GC remark, 0.0094042 secs]
70.961: [GC cleanup 584M->583M(948M), 0.0010621 secs]
70.962: [GC concurrent-cleanup-start]
70.962: [GC concurrent-cleanup-end, 0.0000092 secs]
70.973: [GC pause (G1 Evacuation Pause) (young)-- 693M->520M(948M), 0.0282835 secs]
71.015: [GC pause (G1 Humongous Allocation) (mixed)-- 688M->519M(948M), 0.0256948 secs]
71.054: [GC pause (G1 Humongous Allocation) (mixed)-- 689M->519M(948M), 0.0276622 secs]
71.095: [GC pause (G1 Humongous Allocation) (mixed)-- 688M->520M(948M), 0.0242551 secs]
71.134: [GC pause (G1 Humongous Allocation) (mixed)-- 688M->520M(948M), 0.0252176 secs]
71.173: [GC pause (G1 Humongous Allocation) (mixed)-- 688M->520M(948M), 0.0256817 secs]
71.213: [GC pause (G1 Humongous Allocation) (mixed)-- 689M->522M(948M), 0.0208172 secs]
71.234: [GC pause (G1 Humongous Allocation) (young) (initial-mark) 523M->523M(948M), 0.0013529 secs]
71.236: [GC concurrent-root-region-scan-start]
71.236: [GC concurrent-root-region-scan-end, 0.0000251 secs]
71.236: [GC concurrent-mark-start]
71.266: [GC concurrent-mark-end, 0.0304029 secs]
71.267: [GC remark, 0.0059584 secs]
71.274: [GC pause (G1 Humongous Allocation) (young) 694M->510M(948M), 0.0197754 secs]
71.309: [GC pause (G1 Humongous Allocation) (young)-- 695M->513M(948M), 0.0250289 secs]
71.335: [GC cleanup 518M->517M(948M), 0.0009728 secs]
71.336: [GC concurrent-cleanup-start]
71.336: [GC concurrent-cleanup-end, 0.0000079 secs]
71.350: [GC pause (G1 Humongous Allocation) (young) 695M->517M(948M), 0.0238319 secs]
71.386: [GC pause (G1 Humongous Allocation) (mixed)-- 689M->519M(948M), 0.0295940 secs]
71.429: [GC pause (G1 Humongous Allocation) (mixed)-- 689M->521M(948M), 0.0265831 secs]
71.469: [GC pause (G1 Humongous Allocation) (mixed)-- 690M->523M(948M), 0.0221260 secs]
71.505: [GC pause (G1 Humongous Allocation) (mixed)-- 690M->524M(948M), 0.0246533 secs]
71.544: [GC pause (G1 Humongous Allocation) (mixed)-- 690M->523M(948M), 0.0214472 secs]
71.578: [GC pause (G1 Humongous Allocation) (mixed)-- 690M->523M(948M), 0.0221953 secs]
71.600: [GC pause (G1 Humongous Allocation) (young) (initial-mark) 523M->523M(948M), 0.0014190 secs]
71.602: [GC concurrent-root-region-scan-start]
71.602: [GC concurrent-root-region-scan-end, 0.0000249 secs]
71.602: [GC concurrent-mark-start]
71.629: [GC pause (G1 Humongous Allocation) (young) 695M->525M(948M), 0.0218003 secs]
71.658: [GC concurrent-mark-end, 0.0566508 secs]
71.659: [GC remark, 0.0090135 secs]
71.669: [GC cleanup 573M->573M(948M), 0.0006940 secs]
71.683: [GC pause (G1 Humongous Allocation) (young) 695M->525M(948M), 0.0202751 secs]
71.718: [GC pause (G1 Humongous Allocation) (mixed)-- 691M->524M(948M), 0.0226515 secs]
71.754: [GC pause (G1 Humongous Allocation) (mixed)-- 691M->524M(948M), 0.0264995 secs]
71.794: [GC pause (G1 Humongous Allocation) (mixed)-- 691M->525M(948M), 0.0248853 secs]
71.833: [GC pause (G1 Humongous Allocation) (mixed)-- 691M->522M(948M), 0.0255591 secs]
71.871: [GC pause (G1 Humongous Allocation) (mixed)-- 691M->525M(948M), 0.0283401 secs]
71.914: [GC pause (G1 Humongous Allocation) (mixed)-- 692M->527M(948M), 0.0213076 secs]
71.936: [GC pause (G1 Humongous Allocation) (young) (initial-mark) 527M->527M(948M), 0.0014979 secs]
71.937: [GC concurrent-root-region-scan-start]
71.937: [GC concurrent-root-region-scan-end, 0.0000228 secs]
71.937: [GC concurrent-mark-start]
71.953: [GC pause (G1 Humongous Allocation) (young) 697M->526M(948M), 0.0208919 secs]
71.992: [GC concurrent-mark-end, 0.0547140 secs]
71.993: [GC remark, 0.0057249 secs]
71.999: [GC cleanup 618M->618M(948M), 0.0007363 secs]
72.008: [GC pause (G1 Humongous Allocation) (young)-- 696M->528M(948M), 0.0194469 secs]
72.040: [GC pause (G1 Humongous Allocation) (mixed)-- 693M->528M(948M), 0.0217420 secs]
72.076: [GC pause (G1 Humongous Allocation) (mixed)-- 692M->525M(948M), 0.0217950 secs]
72.109: [GC pause (G1 Humongous Allocation) (mixed)-- 693M->529M(948M), 0.0224538 secs]
72.145: [GC pause (G1 Humongous Allocation) (mixed)-- 692M->528M(948M), 0.0260090 secs]
72.186: [GC pause (G1 Humongous Allocation) (mixed)-- 693M->528M(948M), 0.0220942 secs]
72.221: [GC pause (G1 Humongous Allocation) (mixed)-- 693M->529M(948M), 0.0251199 secs]
72.247: [GC pause (G1 Humongous Allocation) (young) (initial-mark) 529M->528M(948M), 0.0018266 secs]
72.249: [GC concurrent-root-region-scan-start]
72.249: [GC concurrent-root-region-scan-end, 0.0000228 secs]
72.249: [GC concurrent-mark-start]
72.276: [GC pause (G1 Humongous Allocation) (young)-- 698M->526M(948M), 0.0198284 secs]
72.305: [GC concurrent-mark-end, 0.0558513 secs]
72.306: [GC remark, 0.0061304 secs]
72.313: [GC cleanup 591M->591M(948M), 0.0010758 secs]
72.323: [GC pause (G1 Humongous Allocation) (young)-- 698M->532M(948M), 0.0220432 secs]
72.360: [GC pause (G1 Humongous Allocation) (mixed)-- 694M->531M(948M), 0.0269678 secs]
72.400: [GC pause (G1 Humongous Allocation) (mixed)-- 695M->532M(948M), 0.0217470 secs]
72.435: [GC pause (G1 Humongous Allocation) (mixed)-- 695M->532M(948M), 0.0265631 secs]
72.475: [GC pause (G1 Humongous Allocation) (mixed)-- 695M->531M(948M), 0.0246198 secs]
72.513: [GC pause (G1 Humongous Allocation) (mixed)-- 696M->533M(948M), 0.0236589 secs]
72.551: [GC pause (G1 Humongous Allocation) (mixed)-- 695M->533M(948M), 0.0245726 secs]
72.576: [GC pause (G1 Humongous Allocation) (young) (initial-mark) 534M->534M(948M), 0.0021278 secs]
72.578: [GC concurrent-root-region-scan-start]
72.578: [GC concurrent-root-region-scan-end, 0.0000245 secs]
72.578: [GC concurrent-mark-start]
72.610: [GC pause (G1 Humongous Allocation) (young)-- 701M->520M(948M), 0.0228864 secs]
72.635: [GC concurrent-mark-end, 0.0567328 secs]
72.636: [GC remark, 0.0054330 secs]
72.642: [GC cleanup 552M->550M(948M), 0.0007429 secs]
72.642: [GC concurrent-cleanup-start]
72.642: [GC concurrent-cleanup-end, 0.0000104 secs]
72.654: [GC pause (G1 Humongous Allocation) (young)-- 700M->524M(948M), 0.0215449 secs]
72.688: [GC pause (G1 Humongous Allocation) (mixed)-- 696M->529M(948M), 0.0241437 secs]
72.719: [GC pause (G1 Humongous Allocation) (young) (initial-mark) 636M->532M(948M), 0.0152645 secs]
72.735: [GC concurrent-root-region-scan-start]
72.735: [GC concurrent-root-region-scan-end, 0.0000237 secs]
72.735: [GC concurrent-mark-start]
72.753: [GC pause (G1 Humongous Allocation) (young)-- 701M->536M(948M), 0.0200229 secs]
72.787: [GC concurrent-mark-end, 0.0520874 secs]
72.788: [GC remark, 0.0061130 secs]
72.794: [GC cleanup 580M->580M(948M), 0.0007149 secs]
72.811: [GC pause (G1 Humongous Allocation) (young)-- 700M->522M(948M), 0.0205008 secs]
72.843: [GC pause (G1 Humongous Allocation) (mixed)-- 696M->527M(948M), 0.0230371 secs]
72.878: [GC pause (G1 Humongous Allocation) (mixed)-- 696M->528M(948M), 0.0222374 secs]
72.912: [GC pause (G1 Humongous Allocation) (mixed)-- 696M->537M(948M), 0.0238999 secs]
72.950: [GC pause (G1 Humongous Allocation) (mixed)-- 696M->536M(948M), 0.0251899 secs]
72.989: [GC pause (G1 Humongous Allocation) (mixed)-- 696M->535M(948M), 0.0296195 secs]
73.032: [GC pause (G1 Humongous Allocation) (mixed)-- 697M->536M(948M), 0.0248224 secs]
73.057: [GC pause (G1 Humongous Allocation) (young) (initial-mark) 536M->536M(948M), 0.0020149 secs]
73.059: [GC concurrent-root-region-scan-start]
73.059: [GC concurrent-root-region-scan-end, 0.0000241 secs]
73.059: [GC concurrent-mark-start]
73.073: [GC pause (G1 Humongous Allocation) (young)-- 701M->537M(948M), 0.0212986 secs]
73.114: [GC pause (G1 Humongous Allocation) (young)-- 702M->539M(948M), 0.0224956 secs]
73.140: [GC concurrent-mark-end, 0.0804130 secs]
73.140: [GC remark, 0.0054529 secs]
73.146: [GC cleanup 551M->551M(948M), 0.0009119 secs]
73.160: [GC pause (G1 Humongous Allocation) (young) 701M->538M(948M), 0.0207226 secs]
73.195: [GC pause (G1 Humongous Allocation) (mixed)-- 697M->538M(948M), 0.0281022 secs]
73.238: [GC pause (G1 Humongous Allocation) (mixed)-- 697M->527M(948M), 0.0258895 secs]
73.279: [GC pause (G1 Humongous Allocation) (mixed)-- 698M->527M(948M), 0.0224121 secs]
73.313: [GC pause (G1 Humongous Allocation) (mixed)-- 698M->535M(948M), 0.0326593 secs]
73.357: [GC pause (G1 Humongous Allocation) (mixed)-- 698M->539M(948M), 0.0281092 secs]
73.397: [GC pause (G1 Evacuation Pause) (mixed)-- 698M->540M(948M), 0.0234835 secs]
73.421: [GC pause (G1 Humongous Allocation) (young) (initial-mark) 540M->540M(948M), 0.0017748 secs]
73.423: [GC concurrent-root-region-scan-start]
73.423: [GC concurrent-root-region-scan-end, 0.0000236 secs]
73.423: [GC concurrent-mark-start]
73.448: [GC pause (G1 Humongous Allocation) (young) 702M->534M(948M), 0.0227535 secs]
73.480: [GC concurrent-mark-end, 0.0573738 secs]
73.481: [GC remark, 0.0093391 secs]
73.491: [GC cleanup 578M->578M(948M), 0.0007902 secs]
73.500: [GC pause (G1 Humongous Allocation) (young) (initial-mark) 689M->536M(948M), 0.0191322 secs]
73.519: [GC concurrent-root-region-scan-start]
73.519: [GC concurrent-root-region-scan-end, 0.0002042 secs]
73.519: [GC concurrent-mark-start]
73.538: [GC pause (G1 Humongous Allocation) (young)-- 702M->535M(948M), 0.0207409 secs]
73.574: [GC concurrent-mark-end, 0.0544905 secs]
73.574: [GC remark, 0.0057724 secs]
73.581: [GC cleanup 669M->669M(948M), 0.0012578 secs]
73.587: [GC pause (G1 Humongous Allocation) (young) 701M->540M(948M), 0.0241876 secs]
73.624: [GC pause (G1 Humongous Allocation) (mixed)-- 698M->543M(948M), 0.0252762 secs]
73.662: [GC pause (G1 Humongous Allocation) (mixed)-- 698M->538M(948M), 0.0258127 secs]
73.699: [GC pause (G1 Humongous Allocation) (mixed)-- 699M->539M(948M), 0.0254316 secs]
73.737: [GC pause (G1 Humongous Allocation) (mixed)-- 698M->541M(948M), 0.0212017 secs]
73.771: [GC pause (G1 Humongous Allocation) (mixed)-- 698M->540M(948M), 0.0247322 secs]
73.809: [GC pause (G1 Humongous Allocation) (mixed)-- 699M->537M(948M), 0.0235458 secs]
73.833: [GC pause (G1 Humongous Allocation) (young) (initial-mark) 538M->537M(948M), 0.0014921 secs]
73.834: [GC concurrent-root-region-scan-start]
73.834: [GC concurrent-root-region-scan-end, 0.0000245 secs]
73.834: [GC concurrent-mark-start]
73.868: [GC pause (G1 Humongous Allocation) (young) 703M->528M(948M), 0.0207123 secs]
73.889: [GC concurrent-mark-end, 0.0546009 secs]
73.889: [GC remark, 0.0053462 secs]
73.896: [GC cleanup 543M->543M(948M), 0.0010978 secs]
73.908: [GC pause (G1 Humongous Allocation) (young)-- 704M->534M(948M), 0.0284013 secs]
73.949: [GC pause (G1 Humongous Allocation) (mixed)-- 699M->539M(948M), 0.0214932 secs]
73.979: [GC pause (G1 Humongous Allocation) (young) (initial-mark) 679M->544M(948M), 0.0227430 secs]
74.002: [GC concurrent-root-region-scan-start]
74.002: [GC concurrent-root-region-scan-end, 0.0000235 secs]
74.002: [GC concurrent-mark-start]
74.023: [GC pause (G1 Humongous Allocation) (young)-- 702M->545M(948M), 0.0213253 secs]
74.056: [GC concurrent-mark-end, 0.0532571 secs]
74.056: [GC remark, 0.0088161 secs]
74.066: [GC cleanup 619M->619M(948M), 0.0007352 secs]
74.076: [GC pause (G1 Humongous Allocation) (young) 703M->543M(948M), 0.0186494 secs]
74.108: [GC pause (G1 Humongous Allocation) (mixed)-- 700M->544M(948M), 0.0209598 secs]
74.142: [GC pause (G1 Humongous Allocation) (mixed)-- 700M->546M(948M), 0.0215549 secs]
74.177: [GC pause (G1 Humongous Allocation) (mixed)-- 700M->545M(948M), 0.0237633 secs]
74.214: [GC pause (G1 Humongous Allocation) (mixed)-- 701M->546M(948M), 0.0215654 secs]
74.249: [GC pause (G1 Humongous Allocation) (mixed)-- 701M->545M(948M), 0.0246937 secs]
74.287: [GC pause (G1 Humongous Allocation) (mixed)-- 702M->547M(948M), 0.0235875 secs]
74.311: [GC pause (G1 Humongous Allocation) (young) (initial-mark) 547M->547M(948M), 0.0019680 secs]
74.313: [GC concurrent-root-region-scan-start]
74.313: [GC concurrent-root-region-scan-end, 0.0000259 secs]
74.313: [GC concurrent-mark-start]
74.342: [GC pause (G1 Humongous Allocation) (young) 705M->548M(948M), 0.0224676 secs]
74.370: [GC concurrent-mark-end, 0.0570303 secs]
74.371: [GC remark, 0.0077777 secs]
74.379: [GC cleanup 579M->579M(948M), 0.0009167 secs]
74.393: [GC pause (G1 Humongous Allocation) (young) 705M->544M(948M), 0.0215884 secs]
74.426: [GC pause (G1 Humongous Allocation) (mixed)-- 701M->547M(948M), 0.0235890 secs]
74.462: [GC pause (G1 Humongous Allocation) (mixed)-- 702M->548M(948M), 0.0199947 secs]
74.495: [GC pause (G1 Humongous Allocation) (mixed)-- 702M->544M(948M), 0.0283981 secs]
74.536: [GC pause (G1 Humongous Allocation) (mixed)-- 702M->548M(948M), 0.0242196 secs]
74.572: [GC pause (G1 Humongous Allocation) (mixed)-- 702M->547M(948M), 0.0216051 secs]
74.607: [GC pause (G1 Humongous Allocation) (mixed)-- 702M->550M(948M), 0.0213185 secs]
74.629: [GC pause (G1 Humongous Allocation) (young) (initial-mark) 551M->549M(948M), 0.0016754 secs]
74.631: [GC concurrent-root-region-scan-start]
74.631: [GC concurrent-root-region-scan-end, 0.0000253 secs]
74.631: [GC concurrent-mark-start]
74.649: [GC pause (G1 Evacuation Pause) (young) 707M->551M(948M), 0.0186672 secs]
74.684: [GC concurrent-mark-end, 0.0529324 secs]
74.685: [GC remark, 0.0058877 secs]
74.691: [GC cleanup 706M->706M(948M), 0.0007587 secs]
74.693: [GC pause (G1 Humongous Allocation) (young) 706M->553M(948M), 0.0181404 secs]
74.715: [GC pause (G1 Humongous Allocation) (young) (initial-mark) 585M->552M(948M), 0.0054624 secs]
74.720: [GC concurrent-root-region-scan-start]
74.720: [GC concurrent-root-region-scan-end, 0.0000263 secs]
74.720: [GC concurrent-mark-start]
74.742: [GC pause (G1 Humongous Allocation) (young) 707M->551M(948M), 0.0218632 secs]
74.773: [GC concurrent-mark-end, 0.0529539 secs]
74.774: [GC remark, 0.0077265 secs]
74.782: [GC cleanup 604M->604M(948M), 0.0007412 secs]
74.793: [GC pause (G1 Evacuation Pause) (young) 706M->553M(948M), 0.0180084 secs]
74.825: [GC pause (G1 Humongous Allocation) (mixed)-- 702M->550M(948M), 0.0206343 secs]
74.858: [GC pause (G1 Humongous Allocation) (mixed)-- 703M->552M(948M), 0.0215850 secs]
74.893: [GC pause (G1 Humongous Allocation) (mixed)-- 703M->549M(948M), 0.0230520 secs]
74.929: [GC pause (G1 Humongous Allocation) (mixed)-- 703M->549M(948M), 0.0231030 secs]
74.965: [GC pause (G1 Humongous Allocation) (mixed)-- 703M->552M(948M), 0.0251562 secs]
75.005: [GC pause (G1 Humongous Allocation) (mixed)-- 704M->550M(948M), 0.0221268 secs]
75.027: [GC pause (G1 Humongous Allocation) (young) (initial-mark) 550M->550M(948M), 0.0017638 secs]
75.029: [GC concurrent-root-region-scan-start]
75.029: [GC concurrent-root-region-scan-end, 0.0000317 secs]
75.029: [GC concurrent-mark-start]
75.049: [GC pause (G1 Humongous Allocation) (young) 708M->552M(948M), 0.0217500 secs]
75.085: [GC concurrent-mark-end, 0.0559227 secs]
75.086: [GC remark, 0.0070143 secs]
75.093: [GC cleanup 682M->682M(948M), 0.0009494 secs]
75.098: [GC pause (G1 Humongous Allocation) (young) 707M->555M(948M), 0.0192414 secs]
75.131: [GC pause (G1 Humongous Allocation) (mixed)-- 704M->554M(948M), 0.0194806 secs]
75.163: [GC pause (G1 Humongous Allocation) (mixed)-- 704M->554M(948M), 0.0206197 secs]
75.197: [GC pause (G1 Humongous Allocation) (mixed)-- 704M->555M(948M), 0.0242171 secs]
75.234: [GC pause (G1 Humongous Allocation) (mixed)-- 705M->555M(948M), 0.0225340 secs]
75.270: [GC pause (G1 Humongous Allocation) (mixed)-- 705M->555M(948M), 0.0220953 secs]
75.306: [GC pause (G1 Humongous Allocation) (mixed)-- 705M->557M(948M), 0.0203675 secs]
75.327: [GC pause (G1 Humongous Allocation) (young) (initial-mark) 557M->557M(948M), 0.0015050 secs]
75.329: [GC concurrent-root-region-scan-start]
75.329: [GC concurrent-root-region-scan-end, 0.0000241 secs]
75.329: [GC concurrent-mark-start]
75.349: [GC pause (G1 Humongous Allocation) (young) 708M->557M(948M), 0.0189132 secs]
75.380: [GC concurrent-mark-end, 0.0515398 secs]
75.381: [GC remark, 0.0067863 secs]
75.389: [GC cleanup 633M->633M(948M), 0.0009630 secs]
75.397: [GC pause (G1 Humongous Allocation) (young) 710M->556M(948M), 0.0228913 secs]
75.433: [GC pause (G1 Humongous Allocation) (mixed)-- 706M->552M(948M), 0.0196888 secs]
75.463: [GC pause (G1 Humongous Allocation) (mixed)-- 706M->556M(948M), 0.0199494 secs]
75.497: [GC pause (G1 Humongous Allocation) (mixed)-- 706M->555M(948M), 0.0197975 secs]
75.530: [GC pause (G1 Humongous Allocation) (mixed)-- 705M->553M(948M), 0.0256220 secs]
75.567: [GC pause (G1 Humongous Allocation) (mixed)-- 706M->558M(948M), 0.0199754 secs]
75.598: [GC pause (G1 Humongous Allocation) (mixed)-- 706M->556M(948M), 0.0198840 secs]
75.619: [GC pause (G1 Humongous Allocation) (young) (initial-mark) 556M->556M(948M), 0.0020836 secs]
75.621: [GC concurrent-root-region-scan-start]
75.621: [GC concurrent-root-region-scan-end, 0.0000240 secs]
75.621: [GC concurrent-mark-start]
75.646: [GC pause (G1 Humongous Allocation) (young) 710M->556M(948M), 0.0212627 secs]
75.686: [GC concurrent-mark-end, 0.0650518 secs]
75.687: [GC remark, 0.0058140 secs]
75.694: [GC cleanup 669M->669M(948M), 0.0007150 secs]
75.702: [GC pause (G1 Humongous Allocation) (young)-- 710M->555M(948M), 0.0179524 secs]
75.732: [GC pause (G1 Humongous Allocation) (mixed)-- 707M->559M(948M), 0.0187641 secs]
75.763: [GC pause (G1 Humongous Allocation) (mixed)-- 707M->558M(948M), 0.0257172 secs]
75.800: [GC pause (G1 Humongous Allocation) (mixed)-- 707M->559M(948M), 0.0199905 secs]
75.832: [GC pause (G1 Humongous Allocation) (mixed)-- 707M->559M(948M), 0.0204859 secs]
75.864: [GC pause (G1 Humongous Allocation) (mixed)-- 707M->559M(948M), 0.0214918 secs]
75.899: [GC pause (G1 Humongous Allocation) (mixed)-- 707M->560M(948M), 0.0210889 secs]
75.920: [GC pause (G1 Humongous Allocation) (young) (initial-mark) 560M->560M(948M), 0.0018136 secs]
75.922: [GC concurrent-root-region-scan-start]
75.922: [GC concurrent-root-region-scan-end, 0.0000236 secs]
75.922: [GC concurrent-mark-start]
75.954: [GC concurrent-mark-end, 0.0311813 secs]
75.959: [GC pause (G1 Humongous Allocation) (young)-- 711M->541M(948M), 0.0212721 secs]
75.992: [GC pause (G1 Humongous Allocation) (young) 713M->547M(948M), 0.0214894 secs]
76.023: [GC remark, 0.0074259 secs]
76.032: [GC cleanup 695M->695M(948M), 0.0011024 secs]
76.037: [GC pause (G1 Humongous Allocation) (young)-- 712M->552M(948M), 0.0231274 secs]
76.071: [GC pause (G1 Humongous Allocation) (mixed)-- 708M->558M(948M), 0.0186686 secs]
76.100: [GC pause (G1 Humongous Allocation) (mixed)-- 708M->561M(948M), 0.0195521 secs]
76.132: [GC pause (G1 Evacuation Pause) (mixed)-- 709M->561M(948M), 0.0207884 secs]
76.165: [GC pause (G1 Humongous Allocation) (mixed)-- 708M->562M(948M), 0.0190437 secs]
76.197: [GC pause (G1 Humongous Allocation) (mixed)-- 709M->562M(948M), 0.0183916 secs]
76.228: [GC pause (G1 Humongous Allocation) (mixed)-- 708M->562M(948M), 0.0239528 secs]
76.253: [GC pause (G1 Humongous Allocation) (young) (initial-mark) 563M->562M(948M), 0.0023267 secs]
76.255: [GC concurrent-root-region-scan-start]
76.255: [GC concurrent-root-region-scan-end, 0.0000225 secs]
76.255: [GC concurrent-mark-start]
76.277: [GC pause (G1 Humongous Allocation) (young) 712M->561M(948M), 0.0242226 secs]
76.313: [GC concurrent-mark-end, 0.0578596 secs]
76.314: [GC remark, 0.0095221 secs]
76.324: [GC cleanup 643M->643M(948M), 0.0010983 secs]
76.332: [GC pause (G1 Humongous Allocation) (young)-- 712M->565M(948M), 0.0201151 secs]
76.365: [GC pause (G1 Humongous Allocation) (mixed)-- 710M->563M(948M), 0.0201679 secs]
76.397: [GC pause (G1 Humongous Allocation) (mixed)-- 709M->565M(948M), 0.0214111 secs]
76.431: [GC pause (G1 Humongous Allocation) (mixed)-- 709M->565M(948M), 0.0243832 secs]
76.468: [GC pause (G1 Humongous Allocation) (mixed)-- 710M->562M(948M), 0.0209680 secs]
76.501: [GC pause (G1 Humongous Allocation) (mixed)-- 709M->564M(948M), 0.0225994 secs]
76.537: [GC pause (G1 Humongous Allocation) (mixed)-- 709M->564M(948M), 0.0227870 secs]
76.560: [GC pause (G1 Humongous Allocation) (young) (initial-mark) 565M->565M(948M), 0.0018073 secs]
76.562: [GC concurrent-root-region-scan-start]
76.562: [GC concurrent-root-region-scan-end, 0.0000241 secs]
76.562: [GC concurrent-mark-start]
76.584: [GC pause (G1 Humongous Allocation) (young) 712M->566M(948M), 0.0211472 secs]
76.616: [GC concurrent-mark-end, 0.0540645 secs]
76.617: [GC remark, 0.0076144 secs]
76.625: [GC cleanup 667M->667M(948M), 0.0010659 secs]
76.631: [GC pause (G1 Humongous Allocation) (young)-- 712M->570M(948M), 0.0214172 secs]
76.665: [GC pause (G1 Humongous Allocation) (mixed)-- 711M->569M(948M), 0.0207019 secs]
76.699: [GC pause (G1 Humongous Allocation) (mixed)-- 711M->565M(948M), 0.0175369 secs]
76.729: [GC pause (G1 Humongous Allocation) (mixed)-- 710M->569M(948M), 0.0180392 secs]
76.759: [GC pause (G1 Humongous Allocation) (mixed)-- 710M->567M(948M), 0.0187922 secs]
76.790: [GC pause (G1 Humongous Allocation) (mixed)-- 711M->568M(948M), 0.0187264 secs]
76.822: [GC pause (G1 Humongous Allocation) (mixed)-- 711M->568M(948M), 0.0197952 secs]
76.842: [GC pause (G1 Humongous Allocation) (young) (initial-mark) 569M->569M(948M), 0.0021060 secs]
76.844: [GC concurrent-root-region-scan-start]
76.844: [GC concurrent-root-region-scan-end, 0.0000235 secs]
76.844: [GC concurrent-mark-start]
76.874: [GC pause (G1 Humongous Allocation) (young) 714M->563M(948M), 0.0201094 secs]
76.898: [GC concurrent-mark-end, 0.0539975 secs]
76.899: [GC remark, 0.0093392 secs]
76.909: [GC cleanup 616M->615M(948M), 0.0009699 secs]
76.910: [GC concurrent-cleanup-start]
76.910: [GC concurrent-cleanup-end, 0.0000094 secs]
76.919: [GC pause (G1 Humongous Allocation) (young) 714M->565M(948M), 0.0208659 secs]
76.946: [GC pause (G1 Humongous Allocation) (young) (initial-mark) 661M->568M(948M), 0.0156635 secs]
76.962: [GC concurrent-root-region-scan-start]
76.962: [GC concurrent-root-region-scan-end, 0.0000242 secs]
76.962: [GC concurrent-mark-start]
76.987: [GC pause (G1 Humongous Allocation) (young)-- 714M->569M(948M), 0.0202762 secs]
77.014: [GC concurrent-mark-end, 0.0517433 secs]
77.015: [GC remark, 0.0068837 secs]
77.022: [GC cleanup 607M->607M(948M), 0.0009935 secs]
77.032: [GC pause (G1 Humongous Allocation) (young)-- 715M->569M(948M), 0.0211698 secs]
77.067: [GC pause (G1 Humongous Allocation) (mixed)-- 712M->569M(948M), 0.0222959 secs]
77.102: [GC pause (G1 Humongous Allocation) (mixed)-- 712M->568M(948M), 0.0211284 secs]
77.135: [GC pause (G1 Humongous Allocation) (mixed)-- 712M->568M(948M), 0.0220908 secs]
77.169: [GC pause (G1 Humongous Allocation) (mixed)-- 712M->569M(948M), 0.0227135 secs]
77.203: [GC pause (G1 Humongous Allocation) (mixed)-- 712M->571M(948M), 0.0240634 secs]
77.241: [GC pause (G1 Humongous Allocation) (mixed)-- 712M->571M(948M), 0.0242490 secs]
77.265: [GC pause (G1 Humongous Allocation) (young) (initial-mark) 571M->571M(948M), 0.0018104 secs]
77.267: [GC concurrent-root-region-scan-start]
77.267: [GC concurrent-root-region-scan-end, 0.0000250 secs]
77.267: [GC concurrent-mark-start]
77.294: [GC pause (G1 Humongous Allocation) (young) 715M->571M(948M), 0.0200472 secs]
77.320: [GC concurrent-mark-end, 0.0526325 secs]
77.321: [GC remark, 0.0055763 secs]
77.327: [GC cleanup 603M->603M(948M), 0.0008222 secs]
77.339: [GC pause (G1 Humongous Allocation) (young) 715M->571M(948M), 0.0177623 secs]
77.368: [GC pause (G1 Humongous Allocation) (mixed)-- 712M->571M(948M), 0.0235623 secs]
77.405: [GC pause (G1 Humongous Allocation) (mixed)-- 713M->573M(948M), 0.0228478 secs]
77.439: [GC pause (G1 Humongous Allocation) (mixed)-- 714M->573M(948M), 0.0203916 secs]
77.473: [GC pause (G1 Humongous Allocation) (mixed)-- 713M->572M(948M), 0.0232402 secs]
77.508: [GC pause (G1 Humongous Allocation) (mixed)-- 713M->574M(948M), 0.0301654 secs]
77.551: [GC pause (G1 Humongous Allocation) (mixed)-- 714M->572M(948M), 0.0222995 secs]
77.573: [GC pause (G1 Humongous Allocation) (young) (initial-mark) 573M->573M(948M), 0.0014542 secs]
77.575: [GC concurrent-root-region-scan-start]
77.575: [GC concurrent-root-region-scan-end, 0.0000233 secs]
77.575: [GC concurrent-mark-start]
77.593: [GC pause (G1 Humongous Allocation) (young) 717M->574M(948M), 0.0165812 secs]
77.622: [GC pause (G1 Humongous Allocation) (young) 716M->575M(948M), 0.0170527 secs]
77.643: [GC concurrent-mark-end, 0.0679419 secs]
77.644: [GC remark, 0.0060250 secs]
77.652: [GC cleanup 613M->613M(948M), 0.0009908 secs]
77.662: [GC pause (G1 Humongous Allocation) (young)-- 717M->569M(948M), 0.0201396 secs]
77.697: [GC pause (G1 Humongous Allocation) (mixed)-- 714M->563M(948M), 0.0220305 secs]
77.730: [GC pause (G1 Humongous Allocation) (mixed)-- 715M->570M(948M), 0.0214803 secs]
77.762: [GC pause (G1 Humongous Allocation) (mixed)-- 715M->572M(948M), 0.0214907 secs]
77.794: [GC pause (G1 Humongous Allocation) (mixed)-- 715M->575M(948M), 0.0247405 secs]
77.830: [GC pause (G1 Humongous Allocation) (mixed)-- 715M->575M(948M), 0.0226307 secs]
77.865: [GC pause (G1 Humongous Allocation) (mixed)-- 715M->576M(948M), 0.0223373 secs]
77.888: [GC pause (G1 Humongous Allocation) (young) (initial-mark) 576M->576M(948M), 0.0015036 secs]
77.890: [GC concurrent-root-region-scan-start]
77.890: [GC concurrent-root-region-scan-end, 0.0000243 secs]
77.890: [GC concurrent-mark-start]
77.905: [GC pause (G1 Humongous Allocation) (young)-- 718M->576M(948M), 0.0169885 secs]
77.941: [GC concurrent-mark-end, 0.0514815 secs]
77.942: [GC remark, 0.0084756 secs]
77.951: [GC cleanup 706M->706M(948M), 0.0010096 secs]
77.954: [GC pause (G1 Humongous Allocation) (young) 719M->573M(948M), 0.0181460 secs]
77.987: [GC pause (G1 Humongous Allocation) (mixed)-- 715M->562M(948M), 0.0189471 secs]
78.020: [GC pause (G1 Humongous Allocation) (mixed)-- 716M->568M(948M), 0.0265253 secs]
78.057: [GC pause (G1 Humongous Allocation) (mixed)-- 716M->572M(948M), 0.0270492 secs]
78.095: [GC pause (G1 Humongous Allocation) (mixed)-- 716M->578M(948M), 0.0208002 secs]
78.128: [GC pause (G1 Humongous Allocation) (mixed)-- 717M->581M(948M), 0.0207798 secs]
78.161: [GC pause (G1 Humongous Allocation) (mixed)-- 717M->581M(948M), 0.0234663 secs]
78.185: [GC pause (G1 Humongous Allocation) (young) (initial-mark) 581M->581M(948M), 0.0022380 secs]
78.187: [GC concurrent-root-region-scan-start]
78.187: [GC concurrent-root-region-scan-end, 0.0000234 secs]
78.187: [GC concurrent-mark-start]
78.201: [GC pause (G1 Humongous Allocation) (young) 719M->580M(948M), 0.0221382 secs]
78.238: [GC pause (G1 Humongous Allocation) (young) 719M->580M(948M), 0.0205581 secs]
78.264: [GC concurrent-mark-end, 0.0770477 secs]
78.265: [GC remark, 0.0055878 secs]
78.273: [GC cleanup 630M->629M(948M), 0.0012627 secs]
78.274: [GC concurrent-cleanup-start]
78.274: [GC concurrent-cleanup-end, 0.0000073 secs]
78.283: [GC pause (G1 Humongous Allocation) (young) 719M->581M(948M), 0.0220449 secs]
78.317: [GC pause (G1 Humongous Allocation) (mixed)-- 717M->580M(948M), 0.0202043 secs]
78.350: [GC pause (G1 Humongous Allocation) (mixed)-- 717M->579M(948M), 0.0185658 secs]
78.380: [GC pause (G1 Humongous Allocation) (mixed)-- 717M->581M(948M), 0.0185056 secs]
78.411: [GC pause (G1 Humongous Allocation) (mixed)-- 717M->582M(948M), 0.0181732 secs]
78.441: [GC pause (G1 Humongous Allocation) (mixed)-- 718M->577M(948M), 0.0237145 secs]
78.475: [GC pause (G1 Humongous Allocation) (mixed)-- 718M->582M(948M), 0.0213188 secs]
78.497: [GC pause (G1 Humongous Allocation) (young) (initial-mark) 582M->582M(948M), 0.0021728 secs]
78.499: [GC concurrent-root-region-scan-start]
78.499: [GC concurrent-root-region-scan-end, 0.0000240 secs]
78.499: [GC concurrent-mark-start]
78.519: [GC pause (G1 Humongous Allocation) (young) 720M->581M(948M), 0.0201072 secs]
78.554: [GC pause (G1 Humongous Allocation) (young) 720M->582M(948M), 0.0202070 secs]
78.575: [GC concurrent-mark-end, 0.0757978 secs]
78.576: [GC remark, 0.0063705 secs]
78.583: [GC cleanup 597M->597M(948M), 0.0009627 secs]
78.596: [GC pause (G1 Humongous Allocation) (young)-- 720M->584M(948M), 0.0193101 secs]
78.628: [GC pause (G1 Humongous Allocation) (mixed)-- 718M->585M(948M), 0.0223969 secs]
78.663: [GC pause (G1 Humongous Allocation) (mixed)-- 718M->582M(948M), 0.0179167 secs]
78.692: [GC pause (G1 Humongous Allocation) (mixed)-- 719M->584M(948M), 0.0187194 secs]
78.723: [GC pause (G1 Humongous Allocation) (mixed)-- 719M->583M(948M), 0.0209365 secs]
78.756: [GC pause (G1 Humongous Allocation) (mixed)-- 719M->581M(948M), 0.0195232 secs]
78.786: [GC pause (G1 Humongous Allocation) (mixed)-- 718M->584M(948M), 0.0177304 secs]
78.804: [GC pause (G1 Humongous Allocation) (young) (initial-mark) 584M->583M(948M), 0.0015627 secs]
78.806: [GC concurrent-root-region-scan-start]
78.806: [GC concurrent-root-region-scan-end, 0.0000250 secs]
78.806: [GC concurrent-mark-start]
78.832: [GC pause (G1 Humongous Allocation) (young) 721M->588M(948M), 0.0165203 secs]
78.860: [GC concurrent-mark-end, 0.0543062 secs]
78.861: [GC remark, 0.0056056 secs]
78.867: [GC cleanup 645M->645M(948M), 0.0007495 secs]
78.875: [GC pause (G1 Humongous Allocation) (young)-- 721M->592M(948M), 0.0156861 secs]
78.902: [GC pause (G1 Humongous Allocation) (mixed)-- 720M->593M(948M), 0.0162884 secs]
78.931: [GC pause (G1 Humongous Allocation) (mixed)-- 720M->593M(948M), 0.0165532 secs]
78.958: [GC pause (G1 Humongous Allocation) (mixed)-- 719M->590M(948M), 0.0172169 secs]
78.987: [GC pause (G1 Humongous Allocation) (mixed)-- 720M->584M(948M), 0.0181769 secs]
79.016: [GC pause (G1 Humongous Allocation) (mixed)-- 719M->585M(948M), 0.0262001 secs]
79.052: [GC pause (G1 Humongous Allocation) (mixed)-- 720M->586M(948M), 0.0237830 secs]
79.076: [GC pause (G1 Humongous Allocation) (young) (initial-mark) 586M->586M(948M), 0.0015652 secs]
79.078: [GC concurrent-root-region-scan-start]
79.078: [GC concurrent-root-region-scan-end, 0.0000249 secs]
79.078: [GC concurrent-mark-start]
79.098: [GC pause (G1 Humongous Allocation) (young)-- 723M->581M(948M), 0.0168477 secs]
79.129: [GC concurrent-mark-end, 0.0518184 secs]
79.131: [GC remark, 0.0075111 secs]
79.139: [GC cleanup 673M->673M(948M), 0.0010899 secs]
79.145: [GC pause (G1 Humongous Allocation) (young)-- 723M->584M(948M), 0.0202505 secs]
79.176: [GC pause (G1 Humongous Allocation) (mixed)-- 720M->587M(948M), 0.0205657 secs]
79.207: [GC pause (G1 Humongous Allocation) (mixed)-- 720M->588M(948M), 0.0189104 secs]
79.237: [GC pause (G1 Humongous Allocation) (mixed)-- 720M->587M(948M), 0.0221879 secs]
79.270: [GC pause (G1 Humongous Allocation) (mixed)-- 720M->587M(948M), 0.0210035 secs]
79.303: [GC pause (G1 Humongous Allocation) (mixed)-- 720M->589M(948M), 0.0211184 secs]
79.336: [GC pause (G1 Humongous Allocation) (mixed)-- 721M->589M(948M), 0.0228264 secs]
79.359: [GC pause (G1 Humongous Allocation) (young) (initial-mark) 589M->589M(948M), 0.0018783 secs]
79.361: [GC concurrent-root-region-scan-start]
79.361: [GC concurrent-root-region-scan-end, 0.0000243 secs]
79.361: [GC concurrent-mark-start]
79.377: [GC pause (G1 Humongous Allocation) (young) 723M->589M(948M), 0.0191634 secs]
79.413: [GC concurrent-mark-end, 0.0522893 secs]
79.414: [GC remark, 0.0067434 secs]
79.422: [GC cleanup 718M->718M(948M), 0.0007499 secs]
79.423: [GC concurrent-cleanup-start]
79.423: [GC concurrent-cleanup-end, 0.0000077 secs]
79.425: [GC pause (G1 Humongous Allocation) (young)-- 724M->590M(948M), 0.0167922 secs]
79.454: [GC pause (G1 Humongous Allocation) (mixed)-- 722M->591M(948M), 0.0195070 secs]
79.486: [GC pause (G1 Humongous Allocation) (mixed)-- 722M->584M(948M), 0.0180508 secs]
79.516: [GC pause (G1 Humongous Allocation) (mixed)-- 722M->587M(948M), 0.0172026 secs]
79.543: [GC pause (G1 Humongous Allocation) (mixed)-- 722M->588M(948M), 0.0177855 secs]
79.571: [GC pause (G1 Humongous Allocation) (mixed)-- 722M->590M(948M), 0.0180275 secs]
79.601: [GC pause (G1 Humongous Allocation) (mixed)-- 722M->590M(948M), 0.0174029 secs]
79.619: [GC pause (G1 Humongous Allocation) (young) (initial-mark) 591M->591M(948M), 0.0019395 secs]
79.621: [GC concurrent-root-region-scan-start]
79.621: [GC concurrent-root-region-scan-end, 0.0000238 secs]
79.621: [GC concurrent-mark-start]
79.638: [GC pause (G1 Humongous Allocation) (young) 724M->592M(948M), 0.0165248 secs]
79.672: [GC concurrent-mark-end, 0.0513556 secs]
79.673: [GC remark, 0.0058402 secs]
79.680: [GC cleanup 699M->699M(948M), 0.0007344 secs]
79.684: [GC pause (G1 Humongous Allocation) (young) 723M->593M(948M), 0.0159482 secs]
79.711: [GC pause (G1 Humongous Allocation) (mixed)-- 722M->594M(948M), 0.0171566 secs]
79.740: [GC pause (G1 Humongous Allocation) (mixed)-- 722M->592M(948M), 0.0178282 secs]
79.770: [GC pause (G1 Humongous Allocation) (mixed)-- 723M->592M(948M), 0.0171674 secs]
79.798: [GC pause (G1 Humongous Allocation) (mixed)-- 722M->592M(948M), 0.0221143 secs]
79.830: [GC pause (G1 Humongous Allocation) (mixed)-- 722M->591M(948M), 0.0205553 secs]
79.862: [GC pause (G1 Humongous Allocation) (mixed)-- 723M->589M(948M), 0.0203916 secs]
79.883: [GC pause (G1 Humongous Allocation) (young) (initial-mark) 589M->589M(948M), 0.0022506 secs]
79.885: [GC concurrent-root-region-scan-start]
79.885: [GC concurrent-root-region-scan-end, 0.0000211 secs]
79.885: [GC concurrent-mark-start]
79.901: [GC pause (G1 Humongous Allocation) (young) 725M->592M(948M), 0.0195522 secs]
79.937: [GC pause (G1 Humongous Allocation) (young) 725M->592M(948M), 0.0185645 secs]
79.957: [GC concurrent-mark-end, 0.0723367 secs]
79.958: [GC remark, 0.0065073 secs]
79.965: [GC cleanup 602M->602M(948M), 0.0009498 secs]
79.978: [GC pause (G1 Humongous Allocation) (young) 725M->592M(948M), 0.0210441 secs]
80.011: [GC pause (G1 Humongous Allocation) (mixed)-- 723M->593M(948M), 0.0231620 secs]
80.046: [GC pause (G1 Humongous Allocation) (mixed)-- 722M->592M(948M), 0.0194764 secs]
80.077: [GC pause (G1 Humongous Allocation) (mixed)-- 723M->594M(948M), 0.0198411 secs]
80.108: [GC pause (G1 Humongous Allocation) (mixed)-- 724M->595M(948M), 0.0185154 secs]
80.138: [GC pause (G1 Humongous Allocation) (mixed)-- 724M->592M(948M), 0.0193713 secs]
80.168: [GC pause (G1 Evacuation Pause) (mixed)-- 724M->593M(948M), 0.0195358 secs]
80.188: [GC pause (G1 Humongous Allocation) (young) (initial-mark) 593M->593M(948M), 0.0019016 secs]
80.190: [GC concurrent-root-region-scan-start]
80.190: [GC concurrent-root-region-scan-end, 0.0000318 secs]
80.190: [GC concurrent-mark-start]
80.210: [GC pause (G1 Humongous Allocation) (young)-- 727M->595M(948M), 0.0189530 secs]
80.243: [GC concurrent-mark-end, 0.0533970 secs]
80.244: [GC remark, 0.0088894 secs]
80.254: [GC cleanup 661M->661M(948M), 0.0009215 secs]
80.263: [GC pause (G1 Humongous Allocation) (young) 727M->598M(948M), 0.0178214 secs]
80.293: [GC pause (G1 Humongous Allocation) (mixed)-- 725M->597M(948M), 0.0176770 secs]
80.322: [GC pause (G1 Humongous Allocation) (mixed)-- 725M->597M(948M), 0.0202007 secs]
80.352: [GC pause (G1 Humongous Allocation) (mixed)-- 725M->595M(948M), 0.0215401 secs]
80.384: [GC pause (G1 Humongous Allocation) (mixed)-- 724M->596M(948M), 0.0210406 secs]
80.416: [GC pause (G1 Humongous Allocation) (mixed)-- 725M->595M(948M), 0.0189767 secs]
80.445: [GC pause (G1 Humongous Allocation) (mixed)-- 724M->596M(948M), 0.0171758 secs]
80.463: [GC pause (G1 Humongous Allocation) (young) (initial-mark) 597M->597M(948M), 0.0024622 secs]
80.466: [GC concurrent-root-region-scan-start]
80.466: [GC concurrent-root-region-scan-end, 0.0000243 secs]
80.466: [GC concurrent-mark-start]
80.486: [GC pause (G1 Humongous Allocation) (young)-- 728M->599M(948M), 0.0170955 secs]
80.517: [GC concurrent-mark-end, 0.0509307 secs]
80.517: [GC remark, 0.0057396 secs]
80.524: [GC cleanup 689M->689M(948M), 0.0016175 secs]
80.530: [GC pause (G1 Humongous Allocation) (young) 727M->598M(948M), 0.0175734 secs]
80.559: [GC pause (G1 Humongous Allocation) (mixed)-- 725M->598M(948M), 0.0179079 secs]
80.588: [GC pause (G1 Humongous Allocation) (mixed)-- 726M->598M(948M), 0.0190620 secs]
80.621: [GC pause (G1 Humongous Allocation) (mixed)-- 726M->589M(948M), 0.0195507 secs]
80.649: [GC pause (G1 Humongous Allocation) (mixed)-- 726M->593M(948M), 0.0181564 secs]
80.681: [GC pause (G1 Humongous Allocation) (mixed)-- 727M->591M(948M), 0.0210004 secs]
80.712: [GC pause (G1 Humongous Allocation) (mixed)-- 726M->591M(948M), 0.0207487 secs]
80.741: [GC pause (G1 Humongous Allocation) (mixed)-- 727M->596M(948M), 0.0201595 secs]
80.762: [GC pause (G1 Humongous Allocation) (young) (initial-mark) 597M->595M(948M), 0.0019236 secs]
80.764: [GC concurrent-root-region-scan-start]
80.764: [GC concurrent-root-region-scan-end, 0.0000229 secs]
80.764: [GC concurrent-mark-start]
80.783: [GC pause (G1 Humongous Allocation) (young) 729M->596M(948M), 0.0167544 secs]
80.820: [GC concurrent-mark-end, 0.0554030 secs]
80.820: [GC remark, 0.0059742 secs]
80.827: [GC cleanup 705M->705M(948M), 0.0012641 secs]
80.839: [GC pause (G1 Humongous Allocation) (young)-- 730M->582M(948M), 0.0160987 secs]
80.865: [GC pause (G1 Humongous Allocation) (mixed)-- 728M->587M(948M), 0.0214125 secs]
80.896: [GC pause (G1 Humongous Allocation) (mixed)-- 727M->594M(948M), 0.0202610 secs]
80.926: [GC pause (G1 Humongous Allocation) (mixed)-- 727M->596M(948M), 0.0202049 secs]
80.955: [GC pause (G1 Humongous Allocation) (mixed)-- 728M->602M(948M), 0.0187381 secs]
80.984: [GC pause (G1 Humongous Allocation) (mixed)-- 727M->600M(948M), 0.0217411 secs]
81.016: [GC pause (G1 Humongous Allocation) (mixed)-- 727M->602M(948M), 0.0190202 secs]
81.046: [GC pause (G1 Humongous Allocation) (mixed)-- 728M->602M(948M), 0.0187452 secs]
81.065: [GC pause (G1 Humongous Allocation) (young) (initial-mark) 603M->603M(948M), 0.0014601 secs]
81.067: [GC concurrent-root-region-scan-start]
81.067: [GC concurrent-root-region-scan-end, 0.0000236 secs]
81.067: [GC concurrent-mark-start]
81.083: [GC pause (G1 Humongous Allocation) (young)-- 730M->605M(948M), 0.0156897 secs]
81.116: [GC pause (G1 Humongous Allocation) (young)-- 730M->607M(948M), 0.0151884 secs]
81.134: [GC concurrent-mark-end, 0.0674599 secs]
81.135: [GC remark, 0.0055973 secs]
81.141: [GC cleanup 642M->642M(948M), 0.0010542 secs]
81.150: [GC pause (G1 Humongous Allocation) (young) 730M->607M(948M), 0.0156315 secs]
81.176: [GC pause (G1 Humongous Allocation) (mixed)-- 729M->608M(948M), 0.0168483 secs]
81.204: [GC pause (G1 Humongous Allocation) (mixed)-- 729M->607M(948M), 0.0189086 secs]
81.233: [GC pause (G1 Humongous Allocation) (mixed)-- 729M->607M(948M), 0.0190453 secs]
81.264: [GC pause (G1 Humongous Allocation) (mixed)-- 729M->607M(948M), 0.0212389 secs]
81.296: [GC pause (G1 Humongous Allocation) (mixed)-- 730M->608M(948M), 0.0175945 secs]
81.328: [GC pause (G1 Humongous Allocation) (mixed)-- 730M->606M(948M), 0.0193919 secs]
81.356: [GC pause (G1 Humongous Allocation) (mixed)-- 730M->610M(948M), 0.0167601 secs]
81.373: [GC pause (G1 Humongous Allocation) (young) (initial-mark) 611M->611M(948M), 0.0023334 secs]
81.376: [GC concurrent-root-region-scan-start]
81.376: [GC concurrent-root-region-scan-end, 0.0000244 secs]
81.376: [GC concurrent-mark-start]
81.397: [GC pause (G1 Humongous Allocation) (young)-- 732M->611M(948M), 0.0164344 secs]
81.427: [GC concurrent-mark-end, 0.0515176 secs]
81.428: [GC remark, 0.0058825 secs]
81.435: [GC pause (G1 Humongous Allocation) (young) 733M->611M(948M), 0.0152598 secs]
81.488: [GC cleanup 733M->733M(948M), 0.0010199 secs]
81.489: [GC concurrent-cleanup-start]
81.489: [GC concurrent-cleanup-end, 0.0000121 secs]
81.500: [GC pause (G1 Humongous Allocation) (young)-- 733M->592M(948M), 0.0168275 secs]
81.526: [GC pause (G1 Humongous Allocation) (mixed)-- 732M->597M(948M), 0.0204606 secs]
81.560: [GC pause (G1 Humongous Allocation) (mixed)-- 732M->601M(948M), 0.0208118 secs]
81.593: [GC pause (G1 Humongous Allocation) (mixed)-- 733M->611M(948M), 0.0207155 secs]
81.622: [GC pause (G1 Humongous Allocation) (mixed)-- 733M->613M(948M), 0.0175443 secs]
81.648: [GC pause (G1 Humongous Allocation) (mixed)-- 734M->616M(948M), 0.0205246 secs]
81.678: [GC pause (G1 Humongous Allocation) (mixed)-- 735M->619M(948M), 0.0200720 secs]
81.709: [GC pause (G1 Humongous Allocation) (mixed)-- 735M->619M(948M), 0.0182098 secs]
81.728: [GC pause (G1 Humongous Allocation) (young) (initial-mark) 620M->620M(948M), 0.0014755 secs]
81.729: [GC concurrent-root-region-scan-start]
81.729: [GC concurrent-root-region-scan-end, 0.0000241 secs]
81.729: [GC concurrent-mark-start]
81.751: [GC pause (G1 Humongous Allocation) (young) 737M->617M(948M), 0.0146303 secs]
81.778: [GC concurrent-mark-end, 0.0482975 secs]
81.779: [GC remark, 0.0125138 secs]
81.792: [GC cleanup 710M->709M(948M), 0.0010148 secs]
81.793: [GC concurrent-cleanup-start]
81.793: [GC concurrent-cleanup-end, 0.0000085 secs]
81.799: [GC pause (G1 Evacuation Pause) (young)-- 737M->624M(948M), 0.0149328 secs]
81.825: [GC pause (G1 Humongous Allocation) (mixed)-- 736M->624M(948M), 0.0149191 secs]
81.849: [GC pause (G1 Humongous Allocation) (mixed)-- 735M->619M(948M), 0.0181108 secs]
81.878: [GC pause (G1 Humongous Allocation) (mixed)-- 735M->618M(948M), 0.0184312 secs]
81.908: [GC pause (G1 Humongous Allocation) (mixed)-- 735M->620M(948M), 0.0192128 secs]
81.937: [GC pause (G1 Humongous Allocation) (mixed)-- 735M->620M(948M), 0.0150669 secs]
81.963: [GC pause (G1 Humongous Allocation) (mixed)-- 735M->620M(948M), 0.0181137 secs]

~~~
